============================= test session starts =============================
platform win32 -- Python 3.14.0, pytest-9.0.2, pluggy-1.6.0 -- C:\Users\sagar\AppData\Local\Programs\Python\Python314\python.exe
cachedir: .pytest_cache
rootdir: C:\Users\sagar\Downloads\mock-interview\backend
plugins: anyio-4.12.0, cov-7.0.0, mock-3.15.1
collecting ... collected 6541 items

test_massive_scenarios.py::test_massive_skills_extraction[I know Python-expected0] PASSED [  0%]
test_massive_scenarios.py::test_massive_skills_extraction[Expert in Python-expected1] PASSED [  0%]
test_massive_scenarios.py::test_massive_skills_extraction[Used Python at my last job-expected2] PASSED [  0%]
test_massive_scenarios.py::test_massive_skills_extraction[Python is my main skill-expected3] PASSED [  0%]
test_massive_scenarios.py::test_massive_skills_extraction[Proficient with Python-expected4] PASSED [  0%]
test_massive_scenarios.py::test_massive_skills_extraction[I know Java-expected5] PASSED [  0%]
test_massive_scenarios.py::test_massive_skills_extraction[Expert in Java-expected6] PASSED [  0%]
test_massive_scenarios.py::test_massive_skills_extraction[Used Java at my last job-expected7] PASSED [  0%]
test_massive_scenarios.py::test_massive_skills_extraction[Java is my main skill-expected8] PASSED [  0%]
test_massive_scenarios.py::test_massive_skills_extraction[Proficient with Java-expected9] PASSED [  0%]
test_massive_scenarios.py::test_massive_skills_extraction[I know C++-expected10] PASSED [  0%]
test_massive_scenarios.py::test_massive_skills_extraction[Expert in C++-expected11] PASSED [  0%]
test_massive_scenarios.py::test_massive_skills_extraction[Used C++ at my last job-expected12] PASSED [  0%]
test_massive_scenarios.py::test_massive_skills_extraction[C++ is my main skill-expected13] PASSED [  0%]
test_massive_scenarios.py::test_massive_skills_extraction[Proficient with C++-expected14] PASSED [  0%]
test_massive_scenarios.py::test_massive_skills_extraction[I know C#-expected15] PASSED [  0%]
test_massive_scenarios.py::test_massive_skills_extraction[Expert in C#-expected16] PASSED [  0%]
test_massive_scenarios.py::test_massive_skills_extraction[Used C# at my last job-expected17] PASSED [  0%]
test_massive_scenarios.py::test_massive_skills_extraction[C# is my main skill-expected18] PASSED [  0%]
test_massive_scenarios.py::test_massive_skills_extraction[Proficient with C#-expected19] PASSED [  0%]
test_massive_scenarios.py::test_massive_skills_extraction[I know Go-expected20] PASSED [  0%]
test_massive_scenarios.py::test_massive_skills_extraction[Expert in Go-expected21] PASSED [  0%]
test_massive_scenarios.py::test_massive_skills_extraction[Used Go at my last job-expected22] PASSED [  0%]
test_massive_scenarios.py::test_massive_skills_extraction[Go is my main skill-expected23] PASSED [  0%]
test_massive_scenarios.py::test_massive_skills_extraction[Proficient with Go-expected24] PASSED [  0%]
test_massive_scenarios.py::test_massive_skills_extraction[I know Rust-expected25] PASSED [  0%]
test_massive_scenarios.py::test_massive_skills_extraction[Expert in Rust-expected26] PASSED [  0%]
test_massive_scenarios.py::test_massive_skills_extraction[Used Rust at my last job-expected27] PASSED [  0%]
test_massive_scenarios.py::test_massive_skills_extraction[Rust is my main skill-expected28] PASSED [  0%]
test_massive_scenarios.py::test_massive_skills_extraction[Proficient with Rust-expected29] PASSED [  0%]
test_massive_scenarios.py::test_massive_skills_extraction[I know Swift-expected30] PASSED [  0%]
test_massive_scenarios.py::test_massive_skills_extraction[Expert in Swift-expected31] PASSED [  0%]
test_massive_scenarios.py::test_massive_skills_extraction[Used Swift at my last job-expected32] PASSED [  0%]
test_massive_scenarios.py::test_massive_skills_extraction[Swift is my main skill-expected33] PASSED [  0%]
test_massive_scenarios.py::test_massive_skills_extraction[Proficient with Swift-expected34] PASSED [  0%]
test_massive_scenarios.py::test_massive_skills_extraction[I know Kotlin-expected35] PASSED [  0%]
test_massive_scenarios.py::test_massive_skills_extraction[Expert in Kotlin-expected36] PASSED [  0%]
test_massive_scenarios.py::test_massive_skills_extraction[Used Kotlin at my last job-expected37] PASSED [  0%]
test_massive_scenarios.py::test_massive_skills_extraction[Kotlin is my main skill-expected38] PASSED [  0%]
test_massive_scenarios.py::test_massive_skills_extraction[Proficient with Kotlin-expected39] PASSED [  0%]
test_massive_scenarios.py::test_massive_skills_extraction[I know TypeScript-expected40] PASSED [  0%]
test_massive_scenarios.py::test_massive_skills_extraction[Expert in TypeScript-expected41] PASSED [  0%]
test_massive_scenarios.py::test_massive_skills_extraction[Used TypeScript at my last job-expected42] PASSED [  0%]
test_massive_scenarios.py::test_massive_skills_extraction[TypeScript is my main skill-expected43] PASSED [  0%]
test_massive_scenarios.py::test_massive_skills_extraction[Proficient with TypeScript-expected44] PASSED [  0%]
test_massive_scenarios.py::test_massive_skills_extraction[I know JavaScript-expected45] PASSED [  0%]
test_massive_scenarios.py::test_massive_skills_extraction[Expert in JavaScript-expected46] PASSED [  0%]
test_massive_scenarios.py::test_massive_skills_extraction[Used JavaScript at my last job-expected47] PASSED [  0%]
test_massive_scenarios.py::test_massive_skills_extraction[JavaScript is my main skill-expected48] PASSED [  0%]
test_massive_scenarios.py::test_massive_skills_extraction[Proficient with JavaScript-expected49] PASSED [  0%]
test_massive_scenarios.py::test_massive_skills_extraction[I know React-expected50] PASSED [  0%]
test_massive_scenarios.py::test_massive_skills_extraction[Expert in React-expected51] PASSED [  0%]
test_massive_scenarios.py::test_massive_skills_extraction[Used React at my last job-expected52] PASSED [  0%]
test_massive_scenarios.py::test_massive_skills_extraction[React is my main skill-expected53] PASSED [  0%]
test_massive_scenarios.py::test_massive_skills_extraction[Proficient with React-expected54] PASSED [  0%]
test_massive_scenarios.py::test_massive_skills_extraction[I know Angular-expected55] PASSED [  0%]
test_massive_scenarios.py::test_massive_skills_extraction[Expert in Angular-expected56] PASSED [  0%]
test_massive_scenarios.py::test_massive_skills_extraction[Used Angular at my last job-expected57] PASSED [  0%]
test_massive_scenarios.py::test_massive_skills_extraction[Angular is my main skill-expected58] PASSED [  0%]
test_massive_scenarios.py::test_massive_skills_extraction[Proficient with Angular-expected59] PASSED [  0%]
test_massive_scenarios.py::test_massive_skills_extraction[I know Vue-expected60] FAILED [  0%]
test_massive_scenarios.py::test_massive_skills_extraction[Expert in Vue-expected61] FAILED [  0%]
test_massive_scenarios.py::test_massive_skills_extraction[Used Vue at my last job-expected62] FAILED [  0%]
test_massive_scenarios.py::test_massive_skills_extraction[Vue is my main skill-expected63] FAILED [  0%]
test_massive_scenarios.py::test_massive_skills_extraction[Proficient with Vue-expected64] FAILED [  0%]
test_massive_scenarios.py::test_massive_skills_extraction[I know Node.js-expected65] PASSED [  1%]
test_massive_scenarios.py::test_massive_skills_extraction[Expert in Node.js-expected66] PASSED [  1%]
test_massive_scenarios.py::test_massive_skills_extraction[Used Node.js at my last job-expected67] PASSED [  1%]
test_massive_scenarios.py::test_massive_skills_extraction[Node.js is my main skill-expected68] PASSED [  1%]
test_massive_scenarios.py::test_massive_skills_extraction[Proficient with Node.js-expected69] PASSED [  1%]
test_massive_scenarios.py::test_massive_skills_extraction[I know Django-expected70] PASSED [  1%]
test_massive_scenarios.py::test_massive_skills_extraction[Expert in Django-expected71] PASSED [  1%]
test_massive_scenarios.py::test_massive_skills_extraction[Used Django at my last job-expected72] PASSED [  1%]
test_massive_scenarios.py::test_massive_skills_extraction[Django is my main skill-expected73] PASSED [  1%]
test_massive_scenarios.py::test_massive_skills_extraction[Proficient with Django-expected74] PASSED [  1%]
test_massive_scenarios.py::test_massive_skills_extraction[I know Flask-expected75] PASSED [  1%]
test_massive_scenarios.py::test_massive_skills_extraction[Expert in Flask-expected76] PASSED [  1%]
test_massive_scenarios.py::test_massive_skills_extraction[Used Flask at my last job-expected77] PASSED [  1%]
test_massive_scenarios.py::test_massive_skills_extraction[Flask is my main skill-expected78] PASSED [  1%]
test_massive_scenarios.py::test_massive_skills_extraction[Proficient with Flask-expected79] PASSED [  1%]
test_massive_scenarios.py::test_massive_skills_extraction[I know Spring-expected80] PASSED [  1%]
test_massive_scenarios.py::test_massive_skills_extraction[Expert in Spring-expected81] PASSED [  1%]
test_massive_scenarios.py::test_massive_skills_extraction[Used Spring at my last job-expected82] PASSED [  1%]
test_massive_scenarios.py::test_massive_skills_extraction[Spring is my main skill-expected83] PASSED [  1%]
test_massive_scenarios.py::test_massive_skills_extraction[Proficient with Spring-expected84] PASSED [  1%]
test_massive_scenarios.py::test_massive_skills_extraction[I know ASP.NET-expected85] PASSED [  1%]
test_massive_scenarios.py::test_massive_skills_extraction[Expert in ASP.NET-expected86] PASSED [  1%]
test_massive_scenarios.py::test_massive_skills_extraction[Used ASP.NET at my last job-expected87] PASSED [  1%]
test_massive_scenarios.py::test_massive_skills_extraction[ASP.NET is my main skill-expected88] PASSED [  1%]
test_massive_scenarios.py::test_massive_skills_extraction[Proficient with ASP.NET-expected89] PASSED [  1%]
test_massive_scenarios.py::test_massive_skills_extraction[I know GraphQL-expected90] PASSED [  1%]
test_massive_scenarios.py::test_massive_skills_extraction[Expert in GraphQL-expected91] PASSED [  1%]
test_massive_scenarios.py::test_massive_skills_extraction[Used GraphQL at my last job-expected92] PASSED [  1%]
test_massive_scenarios.py::test_massive_skills_extraction[GraphQL is my main skill-expected93] PASSED [  1%]
test_massive_scenarios.py::test_massive_skills_extraction[Proficient with GraphQL-expected94] PASSED [  1%]
test_massive_scenarios.py::test_massive_skills_extraction[I know PostgreSQL-expected95] PASSED [  1%]
test_massive_scenarios.py::test_massive_skills_extraction[Expert in PostgreSQL-expected96] PASSED [  1%]
test_massive_scenarios.py::test_massive_skills_extraction[Used PostgreSQL at my last job-expected97] PASSED [  1%]
test_massive_scenarios.py::test_massive_skills_extraction[PostgreSQL is my main skill-expected98] PASSED [  1%]
test_massive_scenarios.py::test_massive_skills_extraction[Proficient with PostgreSQL-expected99] PASSED [  1%]
test_massive_scenarios.py::test_massive_skills_extraction[I know MongoDB-expected100] PASSED [  1%]
test_massive_scenarios.py::test_massive_skills_extraction[Expert in MongoDB-expected101] PASSED [  1%]
test_massive_scenarios.py::test_massive_skills_extraction[Used MongoDB at my last job-expected102] PASSED [  1%]
test_massive_scenarios.py::test_massive_skills_extraction[MongoDB is my main skill-expected103] PASSED [  1%]
test_massive_scenarios.py::test_massive_skills_extraction[Proficient with MongoDB-expected104] PASSED [  1%]
test_massive_scenarios.py::test_massive_skills_extraction[I know Redis-expected105] PASSED [  1%]
test_massive_scenarios.py::test_massive_skills_extraction[Expert in Redis-expected106] PASSED [  1%]
test_massive_scenarios.py::test_massive_skills_extraction[Used Redis at my last job-expected107] PASSED [  1%]
test_massive_scenarios.py::test_massive_skills_extraction[Redis is my main skill-expected108] PASSED [  1%]
test_massive_scenarios.py::test_massive_skills_extraction[Proficient with Redis-expected109] PASSED [  1%]
test_massive_scenarios.py::test_massive_skills_extraction[I know Elasticsearch-expected110] FAILED [  1%]
test_massive_scenarios.py::test_massive_skills_extraction[Expert in Elasticsearch-expected111] FAILED [  1%]
test_massive_scenarios.py::test_massive_skills_extraction[Used Elasticsearch at my last job-expected112] FAILED [  1%]
test_massive_scenarios.py::test_massive_skills_extraction[Elasticsearch is my main skill-expected113] FAILED [  1%]
test_massive_scenarios.py::test_massive_skills_extraction[Proficient with Elasticsearch-expected114] FAILED [  1%]
test_massive_scenarios.py::test_massive_skills_extraction[I know Cassandra-expected115] PASSED [  1%]
test_massive_scenarios.py::test_massive_skills_extraction[Expert in Cassandra-expected116] PASSED [  1%]
test_massive_scenarios.py::test_massive_skills_extraction[Used Cassandra at my last job-expected117] PASSED [  1%]
test_massive_scenarios.py::test_massive_skills_extraction[Cassandra is my main skill-expected118] PASSED [  1%]
test_massive_scenarios.py::test_massive_skills_extraction[Proficient with Cassandra-expected119] PASSED [  1%]
test_massive_scenarios.py::test_massive_skills_extraction[I know Docker-expected120] PASSED [  1%]
test_massive_scenarios.py::test_massive_skills_extraction[Expert in Docker-expected121] PASSED [  1%]
test_massive_scenarios.py::test_massive_skills_extraction[Used Docker at my last job-expected122] PASSED [  1%]
test_massive_scenarios.py::test_massive_skills_extraction[Docker is my main skill-expected123] PASSED [  1%]
test_massive_scenarios.py::test_massive_skills_extraction[Proficient with Docker-expected124] PASSED [  1%]
test_massive_scenarios.py::test_massive_skills_extraction[I know Kubernetes-expected125] PASSED [  1%]
test_massive_scenarios.py::test_massive_skills_extraction[Expert in Kubernetes-expected126] PASSED [  1%]
test_massive_scenarios.py::test_massive_skills_extraction[Used Kubernetes at my last job-expected127] PASSED [  1%]
test_massive_scenarios.py::test_massive_skills_extraction[Kubernetes is my main skill-expected128] PASSED [  1%]
test_massive_scenarios.py::test_massive_skills_extraction[Proficient with Kubernetes-expected129] PASSED [  1%]
test_massive_scenarios.py::test_massive_skills_extraction[I know AWS-expected130] PASSED [  2%]
test_massive_scenarios.py::test_massive_skills_extraction[Expert in AWS-expected131] PASSED [  2%]
test_massive_scenarios.py::test_massive_skills_extraction[Used AWS at my last job-expected132] PASSED [  2%]
test_massive_scenarios.py::test_massive_skills_extraction[AWS is my main skill-expected133] PASSED [  2%]
test_massive_scenarios.py::test_massive_skills_extraction[Proficient with AWS-expected134] PASSED [  2%]
test_massive_scenarios.py::test_massive_skills_extraction[I know Azure-expected135] PASSED [  2%]
test_massive_scenarios.py::test_massive_skills_extraction[Expert in Azure-expected136] PASSED [  2%]
test_massive_scenarios.py::test_massive_skills_extraction[Used Azure at my last job-expected137] PASSED [  2%]
test_massive_scenarios.py::test_massive_skills_extraction[Azure is my main skill-expected138] PASSED [  2%]
test_massive_scenarios.py::test_massive_skills_extraction[Proficient with Azure-expected139] PASSED [  2%]
test_massive_scenarios.py::test_massive_skills_extraction[I know GCP-expected140] FAILED [  2%]
test_massive_scenarios.py::test_massive_skills_extraction[Expert in GCP-expected141] FAILED [  2%]
test_massive_scenarios.py::test_massive_skills_extraction[Used GCP at my last job-expected142] FAILED [  2%]
test_massive_scenarios.py::test_massive_skills_extraction[GCP is my main skill-expected143] FAILED [  2%]
test_massive_scenarios.py::test_massive_skills_extraction[Proficient with GCP-expected144] FAILED [  2%]
test_massive_scenarios.py::test_massive_skills_extraction[I know Terraform-expected145] PASSED [  2%]
test_massive_scenarios.py::test_massive_skills_extraction[Expert in Terraform-expected146] PASSED [  2%]
test_massive_scenarios.py::test_massive_skills_extraction[Used Terraform at my last job-expected147] PASSED [  2%]
test_massive_scenarios.py::test_massive_skills_extraction[Terraform is my main skill-expected148] PASSED [  2%]
test_massive_scenarios.py::test_massive_skills_extraction[Proficient with Terraform-expected149] PASSED [  2%]
test_massive_scenarios.py::test_massive_skills_extraction[I know Ansible-expected150] PASSED [  2%]
test_massive_scenarios.py::test_massive_skills_extraction[Expert in Ansible-expected151] PASSED [  2%]
test_massive_scenarios.py::test_massive_skills_extraction[Used Ansible at my last job-expected152] PASSED [  2%]
test_massive_scenarios.py::test_massive_skills_extraction[Ansible is my main skill-expected153] PASSED [  2%]
test_massive_scenarios.py::test_massive_skills_extraction[Proficient with Ansible-expected154] PASSED [  2%]
test_massive_scenarios.py::test_massive_skills_extraction[I know Jenkins-expected155] PASSED [  2%]
test_massive_scenarios.py::test_massive_skills_extraction[Expert in Jenkins-expected156] PASSED [  2%]
test_massive_scenarios.py::test_massive_skills_extraction[Used Jenkins at my last job-expected157] PASSED [  2%]
test_massive_scenarios.py::test_massive_skills_extraction[Jenkins is my main skill-expected158] PASSED [  2%]
test_massive_scenarios.py::test_massive_skills_extraction[Proficient with Jenkins-expected159] PASSED [  2%]
test_massive_scenarios.py::test_massive_skills_extraction[I know Git-expected160] PASSED [  2%]
test_massive_scenarios.py::test_massive_skills_extraction[Expert in Git-expected161] PASSED [  2%]
test_massive_scenarios.py::test_massive_skills_extraction[Used Git at my last job-expected162] PASSED [  2%]
test_massive_scenarios.py::test_massive_skills_extraction[Git is my main skill-expected163] PASSED [  2%]
test_massive_scenarios.py::test_massive_skills_extraction[Proficient with Git-expected164] PASSED [  2%]
test_massive_scenarios.py::test_massive_skills_extraction[I know Machine Learning-expected165] PASSED [  2%]
test_massive_scenarios.py::test_massive_skills_extraction[Expert in Machine Learning-expected166] PASSED [  2%]
test_massive_scenarios.py::test_massive_skills_extraction[Used Machine Learning at my last job-expected167] PASSED [  2%]
test_massive_scenarios.py::test_massive_skills_extraction[Machine Learning is my main skill-expected168] PASSED [  2%]
test_massive_scenarios.py::test_massive_skills_extraction[Proficient with Machine Learning-expected169] PASSED [  2%]
test_massive_scenarios.py::test_massive_skills_extraction[I know Deep Learning-expected170] PASSED [  2%]
test_massive_scenarios.py::test_massive_skills_extraction[Expert in Deep Learning-expected171] PASSED [  2%]
test_massive_scenarios.py::test_massive_skills_extraction[Used Deep Learning at my last job-expected172] PASSED [  2%]
test_massive_scenarios.py::test_massive_skills_extraction[Deep Learning is my main skill-expected173] PASSED [  2%]
test_massive_scenarios.py::test_massive_skills_extraction[Proficient with Deep Learning-expected174] PASSED [  2%]
test_massive_scenarios.py::test_massive_skills_extraction[I know TensorFlow-expected175] PASSED [  2%]
test_massive_scenarios.py::test_massive_skills_extraction[Expert in TensorFlow-expected176] PASSED [  2%]
test_massive_scenarios.py::test_massive_skills_extraction[Used TensorFlow at my last job-expected177] PASSED [  2%]
test_massive_scenarios.py::test_massive_skills_extraction[TensorFlow is my main skill-expected178] PASSED [  2%]
test_massive_scenarios.py::test_massive_skills_extraction[Proficient with TensorFlow-expected179] PASSED [  2%]
test_massive_scenarios.py::test_massive_skills_extraction[I know PyTorch-expected180] PASSED [  2%]
test_massive_scenarios.py::test_massive_skills_extraction[Expert in PyTorch-expected181] PASSED [  2%]
test_massive_scenarios.py::test_massive_skills_extraction[Used PyTorch at my last job-expected182] PASSED [  2%]
test_massive_scenarios.py::test_massive_skills_extraction[PyTorch is my main skill-expected183] PASSED [  2%]
test_massive_scenarios.py::test_massive_skills_extraction[Proficient with PyTorch-expected184] PASSED [  2%]
test_massive_scenarios.py::test_massive_skills_extraction[I know Pandas-expected185] PASSED [  2%]
test_massive_scenarios.py::test_massive_skills_extraction[Expert in Pandas-expected186] PASSED [  2%]
test_massive_scenarios.py::test_massive_skills_extraction[Used Pandas at my last job-expected187] PASSED [  2%]
test_massive_scenarios.py::test_massive_skills_extraction[Pandas is my main skill-expected188] PASSED [  2%]
test_massive_scenarios.py::test_massive_skills_extraction[Proficient with Pandas-expected189] PASSED [  2%]
test_massive_scenarios.py::test_massive_skills_extraction[I know NumPy-expected190] PASSED [  2%]
test_massive_scenarios.py::test_massive_skills_extraction[Expert in NumPy-expected191] PASSED [  2%]
test_massive_scenarios.py::test_massive_skills_extraction[Used NumPy at my last job-expected192] PASSED [  2%]
test_massive_scenarios.py::test_massive_skills_extraction[NumPy is my main skill-expected193] PASSED [  2%]
test_massive_scenarios.py::test_massive_skills_extraction[Proficient with NumPy-expected194] PASSED [  2%]
test_massive_scenarios.py::test_massive_skills_extraction[I know Scikit-Learn-expected195] FAILED [  2%]
test_massive_scenarios.py::test_massive_skills_extraction[Expert in Scikit-Learn-expected196] FAILED [  3%]
test_massive_scenarios.py::test_massive_skills_extraction[Used Scikit-Learn at my last job-expected197] FAILED [  3%]
test_massive_scenarios.py::test_massive_skills_extraction[Scikit-Learn is my main skill-expected198] FAILED [  3%]
test_massive_scenarios.py::test_massive_skills_extraction[Proficient with Scikit-Learn-expected199] FAILED [  3%]
test_massive_scenarios.py::test_massive_skills_extraction[I know Tableau-expected200] FAILED [  3%]
test_massive_scenarios.py::test_massive_skills_extraction[Expert in Tableau-expected201] FAILED [  3%]
test_massive_scenarios.py::test_massive_skills_extraction[Used Tableau at my last job-expected202] FAILED [  3%]
test_massive_scenarios.py::test_massive_skills_extraction[Tableau is my main skill-expected203] FAILED [  3%]
test_massive_scenarios.py::test_massive_skills_extraction[Proficient with Tableau-expected204] FAILED [  3%]
test_massive_scenarios.py::test_massive_skills_extraction[I know PowerBI-expected205] FAILED [  3%]
test_massive_scenarios.py::test_massive_skills_extraction[Expert in PowerBI-expected206] FAILED [  3%]
test_massive_scenarios.py::test_massive_skills_extraction[Used PowerBI at my last job-expected207] FAILED [  3%]
test_massive_scenarios.py::test_massive_skills_extraction[PowerBI is my main skill-expected208] FAILED [  3%]
test_massive_scenarios.py::test_massive_skills_extraction[Proficient with PowerBI-expected209] FAILED [  3%]
test_massive_scenarios.py::test_massive_skills_extraction[I know SQL-expected210] PASSED [  3%]
test_massive_scenarios.py::test_massive_skills_extraction[Expert in SQL-expected211] PASSED [  3%]
test_massive_scenarios.py::test_massive_skills_extraction[Used SQL at my last job-expected212] PASSED [  3%]
test_massive_scenarios.py::test_massive_skills_extraction[SQL is my main skill-expected213] PASSED [  3%]
test_massive_scenarios.py::test_massive_skills_extraction[Proficient with SQL-expected214] PASSED [  3%]
test_massive_scenarios.py::test_massive_skills_extraction[I know NoSQL-expected215] FAILED [  3%]
test_massive_scenarios.py::test_massive_skills_extraction[Expert in NoSQL-expected216] FAILED [  3%]
test_massive_scenarios.py::test_massive_skills_extraction[Used NoSQL at my last job-expected217] FAILED [  3%]
test_massive_scenarios.py::test_massive_skills_extraction[NoSQL is my main skill-expected218] FAILED [  3%]
test_massive_scenarios.py::test_massive_skills_extraction[Proficient with NoSQL-expected219] FAILED [  3%]
test_massive_scenarios.py::test_massive_skills_extraction[I know Snowflake-expected220] FAILED [  3%]
test_massive_scenarios.py::test_massive_skills_extraction[Expert in Snowflake-expected221] FAILED [  3%]
test_massive_scenarios.py::test_massive_skills_extraction[Used Snowflake at my last job-expected222] FAILED [  3%]
test_massive_scenarios.py::test_massive_skills_extraction[Snowflake is my main skill-expected223] FAILED [  3%]
test_massive_scenarios.py::test_massive_skills_extraction[Proficient with Snowflake-expected224] FAILED [  3%]
test_massive_scenarios.py::test_massive_skills_extraction[I know BigQuery-expected225] FAILED [  3%]
test_massive_scenarios.py::test_massive_skills_extraction[Expert in BigQuery-expected226] FAILED [  3%]
test_massive_scenarios.py::test_massive_skills_extraction[Used BigQuery at my last job-expected227] FAILED [  3%]
test_massive_scenarios.py::test_massive_skills_extraction[BigQuery is my main skill-expected228] FAILED [  3%]
test_massive_scenarios.py::test_massive_skills_extraction[Proficient with BigQuery-expected229] FAILED [  3%]
test_massive_scenarios.py::test_massive_skills_extraction[I know Spark-expected230] FAILED [  3%]
test_massive_scenarios.py::test_massive_skills_extraction[Expert in Spark-expected231] FAILED [  3%]
test_massive_scenarios.py::test_massive_skills_extraction[Used Spark at my last job-expected232] FAILED [  3%]
test_massive_scenarios.py::test_massive_skills_extraction[Spark is my main skill-expected233] FAILED [  3%]
test_massive_scenarios.py::test_massive_skills_extraction[Proficient with Spark-expected234] FAILED [  3%]
test_massive_scenarios.py::test_massive_skills_extraction[I know Hadoop-expected235] FAILED [  3%]
test_massive_scenarios.py::test_massive_skills_extraction[Expert in Hadoop-expected236] FAILED [  3%]
test_massive_scenarios.py::test_massive_skills_extraction[Used Hadoop at my last job-expected237] FAILED [  3%]
test_massive_scenarios.py::test_massive_skills_extraction[Hadoop is my main skill-expected238] FAILED [  3%]
test_massive_scenarios.py::test_massive_skills_extraction[Proficient with Hadoop-expected239] FAILED [  3%]
test_massive_scenarios.py::test_massive_skills_extraction[I know Flink-expected240] FAILED [  3%]
test_massive_scenarios.py::test_massive_skills_extraction[Expert in Flink-expected241] FAILED [  3%]
test_massive_scenarios.py::test_massive_skills_extraction[Used Flink at my last job-expected242] FAILED [  3%]
test_massive_scenarios.py::test_massive_skills_extraction[Flink is my main skill-expected243] FAILED [  3%]
test_massive_scenarios.py::test_massive_skills_extraction[Proficient with Flink-expected244] FAILED [  3%]
test_massive_scenarios.py::test_massive_skills_extraction[I know Kafka-expected245] FAILED [  3%]
test_massive_scenarios.py::test_massive_skills_extraction[Expert in Kafka-expected246] FAILED [  3%]
test_massive_scenarios.py::test_massive_skills_extraction[Used Kafka at my last job-expected247] FAILED [  3%]
test_massive_scenarios.py::test_massive_skills_extraction[Kafka is my main skill-expected248] FAILED [  3%]
test_massive_scenarios.py::test_massive_skills_extraction[Proficient with Kafka-expected249] FAILED [  3%]
test_massive_scenarios.py::test_massive_skills_extraction[I know Python-expected250] PASSED [  3%]
test_massive_scenarios.py::test_massive_skills_extraction[Expert in Python-expected251] PASSED [  3%]
test_massive_scenarios.py::test_massive_skills_extraction[Used Python at my last job-expected252] PASSED [  3%]
test_massive_scenarios.py::test_massive_skills_extraction[Python is my main skill-expected253] PASSED [  3%]
test_massive_scenarios.py::test_massive_skills_extraction[Proficient with Python-expected254] PASSED [  3%]
test_massive_scenarios.py::test_massive_skills_extraction[I know Java-expected255] PASSED [  3%]
test_massive_scenarios.py::test_massive_skills_extraction[Expert in Java-expected256] PASSED [  3%]
test_massive_scenarios.py::test_massive_skills_extraction[Used Java at my last job-expected257] PASSED [  3%]
test_massive_scenarios.py::test_massive_skills_extraction[Java is my main skill-expected258] PASSED [  3%]
test_massive_scenarios.py::test_massive_skills_extraction[Proficient with Java-expected259] PASSED [  3%]
test_massive_scenarios.py::test_massive_skills_extraction[I know C++-expected260] PASSED [  3%]
test_massive_scenarios.py::test_massive_skills_extraction[Expert in C++-expected261] PASSED [  4%]
test_massive_scenarios.py::test_massive_skills_extraction[Used C++ at my last job-expected262] PASSED [  4%]
test_massive_scenarios.py::test_massive_skills_extraction[C++ is my main skill-expected263] PASSED [  4%]
test_massive_scenarios.py::test_massive_skills_extraction[Proficient with C++-expected264] PASSED [  4%]
test_massive_scenarios.py::test_massive_skills_extraction[I know C#-expected265] PASSED [  4%]
test_massive_scenarios.py::test_massive_skills_extraction[Expert in C#-expected266] PASSED [  4%]
test_massive_scenarios.py::test_massive_skills_extraction[Used C# at my last job-expected267] PASSED [  4%]
test_massive_scenarios.py::test_massive_skills_extraction[C# is my main skill-expected268] PASSED [  4%]
test_massive_scenarios.py::test_massive_skills_extraction[Proficient with C#-expected269] PASSED [  4%]
test_massive_scenarios.py::test_massive_skills_extraction[I know Go-expected270] PASSED [  4%]
test_massive_scenarios.py::test_massive_skills_extraction[Expert in Go-expected271] PASSED [  4%]
test_massive_scenarios.py::test_massive_skills_extraction[Used Go at my last job-expected272] PASSED [  4%]
test_massive_scenarios.py::test_massive_skills_extraction[Go is my main skill-expected273] PASSED [  4%]
test_massive_scenarios.py::test_massive_skills_extraction[Proficient with Go-expected274] PASSED [  4%]
test_massive_scenarios.py::test_massive_skills_extraction[I know Rust-expected275] PASSED [  4%]
test_massive_scenarios.py::test_massive_skills_extraction[Expert in Rust-expected276] PASSED [  4%]
test_massive_scenarios.py::test_massive_skills_extraction[Used Rust at my last job-expected277] PASSED [  4%]
test_massive_scenarios.py::test_massive_skills_extraction[Rust is my main skill-expected278] PASSED [  4%]
test_massive_scenarios.py::test_massive_skills_extraction[Proficient with Rust-expected279] PASSED [  4%]
test_massive_scenarios.py::test_massive_skills_extraction[I know Swift-expected280] PASSED [  4%]
test_massive_scenarios.py::test_massive_skills_extraction[Expert in Swift-expected281] PASSED [  4%]
test_massive_scenarios.py::test_massive_skills_extraction[Used Swift at my last job-expected282] PASSED [  4%]
test_massive_scenarios.py::test_massive_skills_extraction[Swift is my main skill-expected283] PASSED [  4%]
test_massive_scenarios.py::test_massive_skills_extraction[Proficient with Swift-expected284] PASSED [  4%]
test_massive_scenarios.py::test_massive_skills_extraction[I know Kotlin-expected285] PASSED [  4%]
test_massive_scenarios.py::test_massive_skills_extraction[Expert in Kotlin-expected286] PASSED [  4%]
test_massive_scenarios.py::test_massive_skills_extraction[Used Kotlin at my last job-expected287] PASSED [  4%]
test_massive_scenarios.py::test_massive_skills_extraction[Kotlin is my main skill-expected288] PASSED [  4%]
test_massive_scenarios.py::test_massive_skills_extraction[Proficient with Kotlin-expected289] PASSED [  4%]
test_massive_scenarios.py::test_massive_skills_extraction[I know TypeScript-expected290] PASSED [  4%]
test_massive_scenarios.py::test_massive_skills_extraction[Expert in TypeScript-expected291] PASSED [  4%]
test_massive_scenarios.py::test_massive_skills_extraction[Used TypeScript at my last job-expected292] PASSED [  4%]
test_massive_scenarios.py::test_massive_skills_extraction[TypeScript is my main skill-expected293] PASSED [  4%]
test_massive_scenarios.py::test_massive_skills_extraction[Proficient with TypeScript-expected294] PASSED [  4%]
test_massive_scenarios.py::test_massive_skills_extraction[I know JavaScript-expected295] PASSED [  4%]
test_massive_scenarios.py::test_massive_skills_extraction[Expert in JavaScript-expected296] PASSED [  4%]
test_massive_scenarios.py::test_massive_skills_extraction[Used JavaScript at my last job-expected297] PASSED [  4%]
test_massive_scenarios.py::test_massive_skills_extraction[JavaScript is my main skill-expected298] PASSED [  4%]
test_massive_scenarios.py::test_massive_skills_extraction[Proficient with JavaScript-expected299] PASSED [  4%]
test_massive_scenarios.py::test_massive_skills_extraction[I know React-expected300] PASSED [  4%]
test_massive_scenarios.py::test_massive_skills_extraction[Expert in React-expected301] PASSED [  4%]
test_massive_scenarios.py::test_massive_skills_extraction[Used React at my last job-expected302] PASSED [  4%]
test_massive_scenarios.py::test_massive_skills_extraction[React is my main skill-expected303] PASSED [  4%]
test_massive_scenarios.py::test_massive_skills_extraction[Proficient with React-expected304] PASSED [  4%]
test_massive_scenarios.py::test_massive_skills_extraction[I know Angular-expected305] PASSED [  4%]
test_massive_scenarios.py::test_massive_skills_extraction[Expert in Angular-expected306] PASSED [  4%]
test_massive_scenarios.py::test_massive_skills_extraction[Used Angular at my last job-expected307] PASSED [  4%]
test_massive_scenarios.py::test_massive_skills_extraction[Angular is my main skill-expected308] PASSED [  4%]
test_massive_scenarios.py::test_massive_skills_extraction[Proficient with Angular-expected309] PASSED [  4%]
test_massive_scenarios.py::test_massive_skills_extraction[I know Vue-expected310] FAILED [  4%]
test_massive_scenarios.py::test_massive_skills_extraction[Expert in Vue-expected311] FAILED [  4%]
test_massive_scenarios.py::test_massive_skills_extraction[Used Vue at my last job-expected312] FAILED [  4%]
test_massive_scenarios.py::test_massive_skills_extraction[Vue is my main skill-expected313] FAILED [  4%]
test_massive_scenarios.py::test_massive_skills_extraction[Proficient with Vue-expected314] FAILED [  4%]
test_massive_scenarios.py::test_massive_skills_extraction[I know Node.js-expected315] PASSED [  4%]
test_massive_scenarios.py::test_massive_skills_extraction[Expert in Node.js-expected316] PASSED [  4%]
test_massive_scenarios.py::test_massive_skills_extraction[Used Node.js at my last job-expected317] PASSED [  4%]
test_massive_scenarios.py::test_massive_skills_extraction[Node.js is my main skill-expected318] PASSED [  4%]
test_massive_scenarios.py::test_massive_skills_extraction[Proficient with Node.js-expected319] PASSED [  4%]
test_massive_scenarios.py::test_massive_skills_extraction[I know Django-expected320] PASSED [  4%]
test_massive_scenarios.py::test_massive_skills_extraction[Expert in Django-expected321] PASSED [  4%]
test_massive_scenarios.py::test_massive_skills_extraction[Used Django at my last job-expected322] PASSED [  4%]
test_massive_scenarios.py::test_massive_skills_extraction[Django is my main skill-expected323] PASSED [  4%]
test_massive_scenarios.py::test_massive_skills_extraction[Proficient with Django-expected324] PASSED [  4%]
test_massive_scenarios.py::test_massive_skills_extraction[I know Flask-expected325] PASSED [  4%]
test_massive_scenarios.py::test_massive_skills_extraction[Expert in Flask-expected326] PASSED [  4%]
test_massive_scenarios.py::test_massive_skills_extraction[Used Flask at my last job-expected327] PASSED [  5%]
test_massive_scenarios.py::test_massive_skills_extraction[Flask is my main skill-expected328] PASSED [  5%]
test_massive_scenarios.py::test_massive_skills_extraction[Proficient with Flask-expected329] PASSED [  5%]
test_massive_scenarios.py::test_massive_skills_extraction[I know Spring-expected330] PASSED [  5%]
test_massive_scenarios.py::test_massive_skills_extraction[Expert in Spring-expected331] PASSED [  5%]
test_massive_scenarios.py::test_massive_skills_extraction[Used Spring at my last job-expected332] PASSED [  5%]
test_massive_scenarios.py::test_massive_skills_extraction[Spring is my main skill-expected333] PASSED [  5%]
test_massive_scenarios.py::test_massive_skills_extraction[Proficient with Spring-expected334] PASSED [  5%]
test_massive_scenarios.py::test_massive_skills_extraction[I know ASP.NET-expected335] PASSED [  5%]
test_massive_scenarios.py::test_massive_skills_extraction[Expert in ASP.NET-expected336] PASSED [  5%]
test_massive_scenarios.py::test_massive_skills_extraction[Used ASP.NET at my last job-expected337] PASSED [  5%]
test_massive_scenarios.py::test_massive_skills_extraction[ASP.NET is my main skill-expected338] PASSED [  5%]
test_massive_scenarios.py::test_massive_skills_extraction[Proficient with ASP.NET-expected339] PASSED [  5%]
test_massive_scenarios.py::test_massive_skills_extraction[I know GraphQL-expected340] PASSED [  5%]
test_massive_scenarios.py::test_massive_skills_extraction[Expert in GraphQL-expected341] PASSED [  5%]
test_massive_scenarios.py::test_massive_skills_extraction[Used GraphQL at my last job-expected342] PASSED [  5%]
test_massive_scenarios.py::test_massive_skills_extraction[GraphQL is my main skill-expected343] PASSED [  5%]
test_massive_scenarios.py::test_massive_skills_extraction[Proficient with GraphQL-expected344] PASSED [  5%]
test_massive_scenarios.py::test_massive_skills_extraction[I know PostgreSQL-expected345] PASSED [  5%]
test_massive_scenarios.py::test_massive_skills_extraction[Expert in PostgreSQL-expected346] PASSED [  5%]
test_massive_scenarios.py::test_massive_skills_extraction[Used PostgreSQL at my last job-expected347] PASSED [  5%]
test_massive_scenarios.py::test_massive_skills_extraction[PostgreSQL is my main skill-expected348] PASSED [  5%]
test_massive_scenarios.py::test_massive_skills_extraction[Proficient with PostgreSQL-expected349] PASSED [  5%]
test_massive_scenarios.py::test_massive_skills_extraction[I know MongoDB-expected350] PASSED [  5%]
test_massive_scenarios.py::test_massive_skills_extraction[Expert in MongoDB-expected351] PASSED [  5%]
test_massive_scenarios.py::test_massive_skills_extraction[Used MongoDB at my last job-expected352] PASSED [  5%]
test_massive_scenarios.py::test_massive_skills_extraction[MongoDB is my main skill-expected353] PASSED [  5%]
test_massive_scenarios.py::test_massive_skills_extraction[Proficient with MongoDB-expected354] PASSED [  5%]
test_massive_scenarios.py::test_massive_skills_extraction[I know Redis-expected355] PASSED [  5%]
test_massive_scenarios.py::test_massive_skills_extraction[Expert in Redis-expected356] PASSED [  5%]
test_massive_scenarios.py::test_massive_skills_extraction[Used Redis at my last job-expected357] PASSED [  5%]
test_massive_scenarios.py::test_massive_skills_extraction[Redis is my main skill-expected358] PASSED [  5%]
test_massive_scenarios.py::test_massive_skills_extraction[Proficient with Redis-expected359] PASSED [  5%]
test_massive_scenarios.py::test_massive_skills_extraction[I know Elasticsearch-expected360] FAILED [  5%]
test_massive_scenarios.py::test_massive_skills_extraction[Expert in Elasticsearch-expected361] FAILED [  5%]
test_massive_scenarios.py::test_massive_skills_extraction[Used Elasticsearch at my last job-expected362] FAILED [  5%]
test_massive_scenarios.py::test_massive_skills_extraction[Elasticsearch is my main skill-expected363] FAILED [  5%]
test_massive_scenarios.py::test_massive_skills_extraction[Proficient with Elasticsearch-expected364] FAILED [  5%]
test_massive_scenarios.py::test_massive_skills_extraction[I know Cassandra-expected365] PASSED [  5%]
test_massive_scenarios.py::test_massive_skills_extraction[Expert in Cassandra-expected366] PASSED [  5%]
test_massive_scenarios.py::test_massive_skills_extraction[Used Cassandra at my last job-expected367] PASSED [  5%]
test_massive_scenarios.py::test_massive_skills_extraction[Cassandra is my main skill-expected368] PASSED [  5%]
test_massive_scenarios.py::test_massive_skills_extraction[Proficient with Cassandra-expected369] PASSED [  5%]
test_massive_scenarios.py::test_massive_skills_extraction[I know Docker-expected370] PASSED [  5%]
test_massive_scenarios.py::test_massive_skills_extraction[Expert in Docker-expected371] PASSED [  5%]
test_massive_scenarios.py::test_massive_skills_extraction[Used Docker at my last job-expected372] PASSED [  5%]
test_massive_scenarios.py::test_massive_skills_extraction[Docker is my main skill-expected373] PASSED [  5%]
test_massive_scenarios.py::test_massive_skills_extraction[Proficient with Docker-expected374] PASSED [  5%]
test_massive_scenarios.py::test_massive_skills_extraction[I know Kubernetes-expected375] PASSED [  5%]
test_massive_scenarios.py::test_massive_skills_extraction[Expert in Kubernetes-expected376] PASSED [  5%]
test_massive_scenarios.py::test_massive_skills_extraction[Used Kubernetes at my last job-expected377] PASSED [  5%]
test_massive_scenarios.py::test_massive_skills_extraction[Kubernetes is my main skill-expected378] PASSED [  5%]
test_massive_scenarios.py::test_massive_skills_extraction[Proficient with Kubernetes-expected379] PASSED [  5%]
test_massive_scenarios.py::test_massive_skills_extraction[I know AWS-expected380] PASSED [  5%]
test_massive_scenarios.py::test_massive_skills_extraction[Expert in AWS-expected381] PASSED [  5%]
test_massive_scenarios.py::test_massive_skills_extraction[Used AWS at my last job-expected382] PASSED [  5%]
test_massive_scenarios.py::test_massive_skills_extraction[AWS is my main skill-expected383] PASSED [  5%]
test_massive_scenarios.py::test_massive_skills_extraction[Proficient with AWS-expected384] PASSED [  5%]
test_massive_scenarios.py::test_massive_skills_extraction[I know Azure-expected385] PASSED [  5%]
test_massive_scenarios.py::test_massive_skills_extraction[Expert in Azure-expected386] PASSED [  5%]
test_massive_scenarios.py::test_massive_skills_extraction[Used Azure at my last job-expected387] PASSED [  5%]
test_massive_scenarios.py::test_massive_skills_extraction[Azure is my main skill-expected388] PASSED [  5%]
test_massive_scenarios.py::test_massive_skills_extraction[Proficient with Azure-expected389] PASSED [  5%]
test_massive_scenarios.py::test_massive_skills_extraction[I know GCP-expected390] FAILED [  5%]
test_massive_scenarios.py::test_massive_skills_extraction[Expert in GCP-expected391] FAILED [  5%]
test_massive_scenarios.py::test_massive_skills_extraction[Used GCP at my last job-expected392] FAILED [  6%]
test_massive_scenarios.py::test_massive_skills_extraction[GCP is my main skill-expected393] FAILED [  6%]
test_massive_scenarios.py::test_massive_skills_extraction[Proficient with GCP-expected394] FAILED [  6%]
test_massive_scenarios.py::test_massive_skills_extraction[I know Terraform-expected395] PASSED [  6%]
test_massive_scenarios.py::test_massive_skills_extraction[Expert in Terraform-expected396] PASSED [  6%]
test_massive_scenarios.py::test_massive_skills_extraction[Used Terraform at my last job-expected397] PASSED [  6%]
test_massive_scenarios.py::test_massive_skills_extraction[Terraform is my main skill-expected398] PASSED [  6%]
test_massive_scenarios.py::test_massive_skills_extraction[Proficient with Terraform-expected399] PASSED [  6%]
test_massive_scenarios.py::test_massive_skills_extraction[I know Ansible-expected400] PASSED [  6%]
test_massive_scenarios.py::test_massive_skills_extraction[Expert in Ansible-expected401] PASSED [  6%]
test_massive_scenarios.py::test_massive_skills_extraction[Used Ansible at my last job-expected402] PASSED [  6%]
test_massive_scenarios.py::test_massive_skills_extraction[Ansible is my main skill-expected403] PASSED [  6%]
test_massive_scenarios.py::test_massive_skills_extraction[Proficient with Ansible-expected404] PASSED [  6%]
test_massive_scenarios.py::test_massive_skills_extraction[I know Jenkins-expected405] PASSED [  6%]
test_massive_scenarios.py::test_massive_skills_extraction[Expert in Jenkins-expected406] PASSED [  6%]
test_massive_scenarios.py::test_massive_skills_extraction[Used Jenkins at my last job-expected407] PASSED [  6%]
test_massive_scenarios.py::test_massive_skills_extraction[Jenkins is my main skill-expected408] PASSED [  6%]
test_massive_scenarios.py::test_massive_skills_extraction[Proficient with Jenkins-expected409] PASSED [  6%]
test_massive_scenarios.py::test_massive_skills_extraction[I know Git-expected410] PASSED [  6%]
test_massive_scenarios.py::test_massive_skills_extraction[Expert in Git-expected411] PASSED [  6%]
test_massive_scenarios.py::test_massive_skills_extraction[Used Git at my last job-expected412] PASSED [  6%]
test_massive_scenarios.py::test_massive_skills_extraction[Git is my main skill-expected413] PASSED [  6%]
test_massive_scenarios.py::test_massive_skills_extraction[Proficient with Git-expected414] PASSED [  6%]
test_massive_scenarios.py::test_massive_skills_extraction[I know Machine Learning-expected415] PASSED [  6%]
test_massive_scenarios.py::test_massive_skills_extraction[Expert in Machine Learning-expected416] PASSED [  6%]
test_massive_scenarios.py::test_massive_skills_extraction[Used Machine Learning at my last job-expected417] PASSED [  6%]
test_massive_scenarios.py::test_massive_skills_extraction[Machine Learning is my main skill-expected418] PASSED [  6%]
test_massive_scenarios.py::test_massive_skills_extraction[Proficient with Machine Learning-expected419] PASSED [  6%]
test_massive_scenarios.py::test_massive_skills_extraction[I know Deep Learning-expected420] PASSED [  6%]
test_massive_scenarios.py::test_massive_skills_extraction[Expert in Deep Learning-expected421] PASSED [  6%]
test_massive_scenarios.py::test_massive_skills_extraction[Used Deep Learning at my last job-expected422] PASSED [  6%]
test_massive_scenarios.py::test_massive_skills_extraction[Deep Learning is my main skill-expected423] PASSED [  6%]
test_massive_scenarios.py::test_massive_skills_extraction[Proficient with Deep Learning-expected424] PASSED [  6%]
test_massive_scenarios.py::test_massive_skills_extraction[I know TensorFlow-expected425] PASSED [  6%]
test_massive_scenarios.py::test_massive_skills_extraction[Expert in TensorFlow-expected426] PASSED [  6%]
test_massive_scenarios.py::test_massive_skills_extraction[Used TensorFlow at my last job-expected427] PASSED [  6%]
test_massive_scenarios.py::test_massive_skills_extraction[TensorFlow is my main skill-expected428] PASSED [  6%]
test_massive_scenarios.py::test_massive_skills_extraction[Proficient with TensorFlow-expected429] PASSED [  6%]
test_massive_scenarios.py::test_massive_skills_extraction[I know PyTorch-expected430] PASSED [  6%]
test_massive_scenarios.py::test_massive_skills_extraction[Expert in PyTorch-expected431] PASSED [  6%]
test_massive_scenarios.py::test_massive_skills_extraction[Used PyTorch at my last job-expected432] PASSED [  6%]
test_massive_scenarios.py::test_massive_skills_extraction[PyTorch is my main skill-expected433] PASSED [  6%]
test_massive_scenarios.py::test_massive_skills_extraction[Proficient with PyTorch-expected434] PASSED [  6%]
test_massive_scenarios.py::test_massive_skills_extraction[I know Pandas-expected435] PASSED [  6%]
test_massive_scenarios.py::test_massive_skills_extraction[Expert in Pandas-expected436] PASSED [  6%]
test_massive_scenarios.py::test_massive_skills_extraction[Used Pandas at my last job-expected437] PASSED [  6%]
test_massive_scenarios.py::test_massive_skills_extraction[Pandas is my main skill-expected438] PASSED [  6%]
test_massive_scenarios.py::test_massive_skills_extraction[Proficient with Pandas-expected439] PASSED [  6%]
test_massive_scenarios.py::test_massive_skills_extraction[I know NumPy-expected440] PASSED [  6%]
test_massive_scenarios.py::test_massive_skills_extraction[Expert in NumPy-expected441] PASSED [  6%]
test_massive_scenarios.py::test_massive_skills_extraction[Used NumPy at my last job-expected442] PASSED [  6%]
test_massive_scenarios.py::test_massive_skills_extraction[NumPy is my main skill-expected443] PASSED [  6%]
test_massive_scenarios.py::test_massive_skills_extraction[Proficient with NumPy-expected444] PASSED [  6%]
test_massive_scenarios.py::test_massive_skills_extraction[I know Scikit-Learn-expected445] FAILED [  6%]
test_massive_scenarios.py::test_massive_skills_extraction[Expert in Scikit-Learn-expected446] FAILED [  6%]
test_massive_scenarios.py::test_massive_skills_extraction[Used Scikit-Learn at my last job-expected447] FAILED [  6%]
test_massive_scenarios.py::test_massive_skills_extraction[Scikit-Learn is my main skill-expected448] FAILED [  6%]
test_massive_scenarios.py::test_massive_skills_extraction[Proficient with Scikit-Learn-expected449] FAILED [  6%]
test_massive_scenarios.py::test_massive_skills_extraction[I know Tableau-expected450] FAILED [  6%]
test_massive_scenarios.py::test_massive_skills_extraction[Expert in Tableau-expected451] FAILED [  6%]
test_massive_scenarios.py::test_massive_skills_extraction[Used Tableau at my last job-expected452] FAILED [  6%]
test_massive_scenarios.py::test_massive_skills_extraction[Tableau is my main skill-expected453] FAILED [  6%]
test_massive_scenarios.py::test_massive_skills_extraction[Proficient with Tableau-expected454] FAILED [  6%]
test_massive_scenarios.py::test_massive_skills_extraction[I know PowerBI-expected455] FAILED [  6%]
test_massive_scenarios.py::test_massive_skills_extraction[Expert in PowerBI-expected456] FAILED [  6%]
test_massive_scenarios.py::test_massive_skills_extraction[Used PowerBI at my last job-expected457] FAILED [  7%]
test_massive_scenarios.py::test_massive_skills_extraction[PowerBI is my main skill-expected458] FAILED [  7%]
test_massive_scenarios.py::test_massive_skills_extraction[Proficient with PowerBI-expected459] FAILED [  7%]
test_massive_scenarios.py::test_massive_skills_extraction[I know SQL-expected460] PASSED [  7%]
test_massive_scenarios.py::test_massive_skills_extraction[Expert in SQL-expected461] PASSED [  7%]
test_massive_scenarios.py::test_massive_skills_extraction[Used SQL at my last job-expected462] PASSED [  7%]
test_massive_scenarios.py::test_massive_skills_extraction[SQL is my main skill-expected463] PASSED [  7%]
test_massive_scenarios.py::test_massive_skills_extraction[Proficient with SQL-expected464] PASSED [  7%]
test_massive_scenarios.py::test_massive_skills_extraction[I know NoSQL-expected465] FAILED [  7%]
test_massive_scenarios.py::test_massive_skills_extraction[Expert in NoSQL-expected466] FAILED [  7%]
test_massive_scenarios.py::test_massive_skills_extraction[Used NoSQL at my last job-expected467] FAILED [  7%]
test_massive_scenarios.py::test_massive_skills_extraction[NoSQL is my main skill-expected468] FAILED [  7%]
test_massive_scenarios.py::test_massive_skills_extraction[Proficient with NoSQL-expected469] FAILED [  7%]
test_massive_scenarios.py::test_massive_skills_extraction[I know Snowflake-expected470] FAILED [  7%]
test_massive_scenarios.py::test_massive_skills_extraction[Expert in Snowflake-expected471] FAILED [  7%]
test_massive_scenarios.py::test_massive_skills_extraction[Used Snowflake at my last job-expected472] FAILED [  7%]
test_massive_scenarios.py::test_massive_skills_extraction[Snowflake is my main skill-expected473] FAILED [  7%]
test_massive_scenarios.py::test_massive_skills_extraction[Proficient with Snowflake-expected474] FAILED [  7%]
test_massive_scenarios.py::test_massive_skills_extraction[I know BigQuery-expected475] FAILED [  7%]
test_massive_scenarios.py::test_massive_skills_extraction[Expert in BigQuery-expected476] FAILED [  7%]
test_massive_scenarios.py::test_massive_skills_extraction[Used BigQuery at my last job-expected477] FAILED [  7%]
test_massive_scenarios.py::test_massive_skills_extraction[BigQuery is my main skill-expected478] FAILED [  7%]
test_massive_scenarios.py::test_massive_skills_extraction[Proficient with BigQuery-expected479] FAILED [  7%]
test_massive_scenarios.py::test_massive_skills_extraction[I know Spark-expected480] FAILED [  7%]
test_massive_scenarios.py::test_massive_skills_extraction[Expert in Spark-expected481] FAILED [  7%]
test_massive_scenarios.py::test_massive_skills_extraction[Used Spark at my last job-expected482] FAILED [  7%]
test_massive_scenarios.py::test_massive_skills_extraction[Spark is my main skill-expected483] FAILED [  7%]
test_massive_scenarios.py::test_massive_skills_extraction[Proficient with Spark-expected484] FAILED [  7%]
test_massive_scenarios.py::test_massive_skills_extraction[I know Hadoop-expected485] FAILED [  7%]
test_massive_scenarios.py::test_massive_skills_extraction[Expert in Hadoop-expected486] FAILED [  7%]
test_massive_scenarios.py::test_massive_skills_extraction[Used Hadoop at my last job-expected487] FAILED [  7%]
test_massive_scenarios.py::test_massive_skills_extraction[Hadoop is my main skill-expected488] FAILED [  7%]
test_massive_scenarios.py::test_massive_skills_extraction[Proficient with Hadoop-expected489] FAILED [  7%]
test_massive_scenarios.py::test_massive_skills_extraction[I know Flink-expected490] FAILED [  7%]
test_massive_scenarios.py::test_massive_skills_extraction[Expert in Flink-expected491] FAILED [  7%]
test_massive_scenarios.py::test_massive_skills_extraction[Used Flink at my last job-expected492] FAILED [  7%]
test_massive_scenarios.py::test_massive_skills_extraction[Flink is my main skill-expected493] FAILED [  7%]
test_massive_scenarios.py::test_massive_skills_extraction[Proficient with Flink-expected494] FAILED [  7%]
test_massive_scenarios.py::test_massive_skills_extraction[I know Kafka-expected495] FAILED [  7%]
test_massive_scenarios.py::test_massive_skills_extraction[Expert in Kafka-expected496] FAILED [  7%]
test_massive_scenarios.py::test_massive_skills_extraction[Used Kafka at my last job-expected497] FAILED [  7%]
test_massive_scenarios.py::test_massive_skills_extraction[Kafka is my main skill-expected498] FAILED [  7%]
test_massive_scenarios.py::test_massive_skills_extraction[Proficient with Kafka-expected499] FAILED [  7%]
test_massive_scenarios.py::test_massive_skills_extraction[I know Python-expected500] PASSED [  7%]
test_massive_scenarios.py::test_massive_skills_extraction[Expert in Python-expected501] PASSED [  7%]
test_massive_scenarios.py::test_massive_skills_extraction[Used Python at my last job-expected502] PASSED [  7%]
test_massive_scenarios.py::test_massive_skills_extraction[Python is my main skill-expected503] PASSED [  7%]
test_massive_scenarios.py::test_massive_skills_extraction[Proficient with Python-expected504] PASSED [  7%]
test_massive_scenarios.py::test_massive_skills_extraction[I know Java-expected505] PASSED [  7%]
test_massive_scenarios.py::test_massive_skills_extraction[Expert in Java-expected506] PASSED [  7%]
test_massive_scenarios.py::test_massive_skills_extraction[Used Java at my last job-expected507] PASSED [  7%]
test_massive_scenarios.py::test_massive_skills_extraction[Java is my main skill-expected508] PASSED [  7%]
test_massive_scenarios.py::test_massive_skills_extraction[Proficient with Java-expected509] PASSED [  7%]
test_massive_scenarios.py::test_massive_skills_extraction[I know C++-expected510] PASSED [  7%]
test_massive_scenarios.py::test_massive_skills_extraction[Expert in C++-expected511] PASSED [  7%]
test_massive_scenarios.py::test_massive_skills_extraction[Used C++ at my last job-expected512] PASSED [  7%]
test_massive_scenarios.py::test_massive_skills_extraction[C++ is my main skill-expected513] PASSED [  7%]
test_massive_scenarios.py::test_massive_skills_extraction[Proficient with C++-expected514] PASSED [  7%]
test_massive_scenarios.py::test_massive_skills_extraction[I know C#-expected515] PASSED [  7%]
test_massive_scenarios.py::test_massive_skills_extraction[Expert in C#-expected516] PASSED [  7%]
test_massive_scenarios.py::test_massive_skills_extraction[Used C# at my last job-expected517] PASSED [  7%]
test_massive_scenarios.py::test_massive_skills_extraction[C# is my main skill-expected518] PASSED [  7%]
test_massive_scenarios.py::test_massive_skills_extraction[Proficient with C#-expected519] PASSED [  7%]
test_massive_scenarios.py::test_massive_skills_extraction[I know Go-expected520] PASSED [  7%]
test_massive_scenarios.py::test_massive_skills_extraction[Expert in Go-expected521] PASSED [  7%]
test_massive_scenarios.py::test_massive_skills_extraction[Used Go at my last job-expected522] PASSED [  7%]
test_massive_scenarios.py::test_massive_skills_extraction[Go is my main skill-expected523] PASSED [  8%]
test_massive_scenarios.py::test_massive_skills_extraction[Proficient with Go-expected524] PASSED [  8%]
test_massive_scenarios.py::test_massive_skills_extraction[I know Rust-expected525] PASSED [  8%]
test_massive_scenarios.py::test_massive_skills_extraction[Expert in Rust-expected526] PASSED [  8%]
test_massive_scenarios.py::test_massive_skills_extraction[Used Rust at my last job-expected527] PASSED [  8%]
test_massive_scenarios.py::test_massive_skills_extraction[Rust is my main skill-expected528] PASSED [  8%]
test_massive_scenarios.py::test_massive_skills_extraction[Proficient with Rust-expected529] PASSED [  8%]
test_massive_scenarios.py::test_massive_skills_extraction[I know Swift-expected530] PASSED [  8%]
test_massive_scenarios.py::test_massive_skills_extraction[Expert in Swift-expected531] PASSED [  8%]
test_massive_scenarios.py::test_massive_skills_extraction[Used Swift at my last job-expected532] PASSED [  8%]
test_massive_scenarios.py::test_massive_skills_extraction[Swift is my main skill-expected533] PASSED [  8%]
test_massive_scenarios.py::test_massive_skills_extraction[Proficient with Swift-expected534] PASSED [  8%]
test_massive_scenarios.py::test_massive_skills_extraction[I know Kotlin-expected535] PASSED [  8%]
test_massive_scenarios.py::test_massive_skills_extraction[Expert in Kotlin-expected536] PASSED [  8%]
test_massive_scenarios.py::test_massive_skills_extraction[Used Kotlin at my last job-expected537] PASSED [  8%]
test_massive_scenarios.py::test_massive_skills_extraction[Kotlin is my main skill-expected538] PASSED [  8%]
test_massive_scenarios.py::test_massive_skills_extraction[Proficient with Kotlin-expected539] PASSED [  8%]
test_massive_scenarios.py::test_massive_skills_extraction[I know TypeScript-expected540] PASSED [  8%]
test_massive_scenarios.py::test_massive_skills_extraction[Expert in TypeScript-expected541] PASSED [  8%]
test_massive_scenarios.py::test_massive_skills_extraction[Used TypeScript at my last job-expected542] PASSED [  8%]
test_massive_scenarios.py::test_massive_skills_extraction[TypeScript is my main skill-expected543] PASSED [  8%]
test_massive_scenarios.py::test_massive_skills_extraction[Proficient with TypeScript-expected544] PASSED [  8%]
test_massive_scenarios.py::test_massive_skills_extraction[I know JavaScript-expected545] PASSED [  8%]
test_massive_scenarios.py::test_massive_skills_extraction[Expert in JavaScript-expected546] PASSED [  8%]
test_massive_scenarios.py::test_massive_skills_extraction[Used JavaScript at my last job-expected547] PASSED [  8%]
test_massive_scenarios.py::test_massive_skills_extraction[JavaScript is my main skill-expected548] PASSED [  8%]
test_massive_scenarios.py::test_massive_skills_extraction[Proficient with JavaScript-expected549] PASSED [  8%]
test_massive_scenarios.py::test_massive_skills_extraction[I know React-expected550] PASSED [  8%]
test_massive_scenarios.py::test_massive_skills_extraction[Expert in React-expected551] PASSED [  8%]
test_massive_scenarios.py::test_massive_skills_extraction[Used React at my last job-expected552] PASSED [  8%]
test_massive_scenarios.py::test_massive_skills_extraction[React is my main skill-expected553] PASSED [  8%]
test_massive_scenarios.py::test_massive_skills_extraction[Proficient with React-expected554] PASSED [  8%]
test_massive_scenarios.py::test_massive_skills_extraction[I know Angular-expected555] PASSED [  8%]
test_massive_scenarios.py::test_massive_skills_extraction[Expert in Angular-expected556] PASSED [  8%]
test_massive_scenarios.py::test_massive_skills_extraction[Used Angular at my last job-expected557] PASSED [  8%]
test_massive_scenarios.py::test_massive_skills_extraction[Angular is my main skill-expected558] PASSED [  8%]
test_massive_scenarios.py::test_massive_skills_extraction[Proficient with Angular-expected559] PASSED [  8%]
test_massive_scenarios.py::test_massive_skills_extraction[I know Vue-expected560] FAILED [  8%]
test_massive_scenarios.py::test_massive_skills_extraction[Expert in Vue-expected561] FAILED [  8%]
test_massive_scenarios.py::test_massive_skills_extraction[Used Vue at my last job-expected562] FAILED [  8%]
test_massive_scenarios.py::test_massive_skills_extraction[Vue is my main skill-expected563] FAILED [  8%]
test_massive_scenarios.py::test_massive_skills_extraction[Proficient with Vue-expected564] FAILED [  8%]
test_massive_scenarios.py::test_massive_skills_extraction[I know Node.js-expected565] PASSED [  8%]
test_massive_scenarios.py::test_massive_skills_extraction[Expert in Node.js-expected566] PASSED [  8%]
test_massive_scenarios.py::test_massive_skills_extraction[Used Node.js at my last job-expected567] PASSED [  8%]
test_massive_scenarios.py::test_massive_skills_extraction[Node.js is my main skill-expected568] PASSED [  8%]
test_massive_scenarios.py::test_massive_skills_extraction[Proficient with Node.js-expected569] PASSED [  8%]
test_massive_scenarios.py::test_massive_skills_extraction[I know Django-expected570] PASSED [  8%]
test_massive_scenarios.py::test_massive_skills_extraction[Expert in Django-expected571] PASSED [  8%]
test_massive_scenarios.py::test_massive_skills_extraction[Used Django at my last job-expected572] PASSED [  8%]
test_massive_scenarios.py::test_massive_skills_extraction[Django is my main skill-expected573] PASSED [  8%]
test_massive_scenarios.py::test_massive_skills_extraction[Proficient with Django-expected574] PASSED [  8%]
test_massive_scenarios.py::test_massive_skills_extraction[I know Flask-expected575] PASSED [  8%]
test_massive_scenarios.py::test_massive_skills_extraction[Expert in Flask-expected576] PASSED [  8%]
test_massive_scenarios.py::test_massive_skills_extraction[Used Flask at my last job-expected577] PASSED [  8%]
test_massive_scenarios.py::test_massive_skills_extraction[Flask is my main skill-expected578] PASSED [  8%]
test_massive_scenarios.py::test_massive_skills_extraction[Proficient with Flask-expected579] PASSED [  8%]
test_massive_scenarios.py::test_massive_skills_extraction[I know Spring-expected580] PASSED [  8%]
test_massive_scenarios.py::test_massive_skills_extraction[Expert in Spring-expected581] PASSED [  8%]
test_massive_scenarios.py::test_massive_skills_extraction[Used Spring at my last job-expected582] PASSED [  8%]
test_massive_scenarios.py::test_massive_skills_extraction[Spring is my main skill-expected583] PASSED [  8%]
test_massive_scenarios.py::test_massive_skills_extraction[Proficient with Spring-expected584] PASSED [  8%]
test_massive_scenarios.py::test_massive_skills_extraction[I know ASP.NET-expected585] PASSED [  8%]
test_massive_scenarios.py::test_massive_skills_extraction[Expert in ASP.NET-expected586] PASSED [  8%]
test_massive_scenarios.py::test_massive_skills_extraction[Used ASP.NET at my last job-expected587] PASSED [  8%]
test_massive_scenarios.py::test_massive_skills_extraction[ASP.NET is my main skill-expected588] PASSED [  9%]
test_massive_scenarios.py::test_massive_skills_extraction[Proficient with ASP.NET-expected589] PASSED [  9%]
test_massive_scenarios.py::test_massive_skills_extraction[I know GraphQL-expected590] PASSED [  9%]
test_massive_scenarios.py::test_massive_skills_extraction[Expert in GraphQL-expected591] PASSED [  9%]
test_massive_scenarios.py::test_massive_skills_extraction[Used GraphQL at my last job-expected592] PASSED [  9%]
test_massive_scenarios.py::test_massive_skills_extraction[GraphQL is my main skill-expected593] PASSED [  9%]
test_massive_scenarios.py::test_massive_skills_extraction[Proficient with GraphQL-expected594] PASSED [  9%]
test_massive_scenarios.py::test_massive_skills_extraction[I know PostgreSQL-expected595] PASSED [  9%]
test_massive_scenarios.py::test_massive_skills_extraction[Expert in PostgreSQL-expected596] PASSED [  9%]
test_massive_scenarios.py::test_massive_skills_extraction[Used PostgreSQL at my last job-expected597] PASSED [  9%]
test_massive_scenarios.py::test_massive_skills_extraction[PostgreSQL is my main skill-expected598] PASSED [  9%]
test_massive_scenarios.py::test_massive_skills_extraction[Proficient with PostgreSQL-expected599] PASSED [  9%]
test_massive_scenarios.py::test_massive_skills_extraction[I know MongoDB-expected600] PASSED [  9%]
test_massive_scenarios.py::test_massive_skills_extraction[Expert in MongoDB-expected601] PASSED [  9%]
test_massive_scenarios.py::test_massive_skills_extraction[Used MongoDB at my last job-expected602] PASSED [  9%]
test_massive_scenarios.py::test_massive_skills_extraction[MongoDB is my main skill-expected603] PASSED [  9%]
test_massive_scenarios.py::test_massive_skills_extraction[Proficient with MongoDB-expected604] PASSED [  9%]
test_massive_scenarios.py::test_massive_skills_extraction[I know Redis-expected605] PASSED [  9%]
test_massive_scenarios.py::test_massive_skills_extraction[Expert in Redis-expected606] PASSED [  9%]
test_massive_scenarios.py::test_massive_skills_extraction[Used Redis at my last job-expected607] PASSED [  9%]
test_massive_scenarios.py::test_massive_skills_extraction[Redis is my main skill-expected608] PASSED [  9%]
test_massive_scenarios.py::test_massive_skills_extraction[Proficient with Redis-expected609] PASSED [  9%]
test_massive_scenarios.py::test_massive_skills_extraction[I know Elasticsearch-expected610] FAILED [  9%]
test_massive_scenarios.py::test_massive_skills_extraction[Expert in Elasticsearch-expected611] FAILED [  9%]
test_massive_scenarios.py::test_massive_skills_extraction[Used Elasticsearch at my last job-expected612] FAILED [  9%]
test_massive_scenarios.py::test_massive_skills_extraction[Elasticsearch is my main skill-expected613] FAILED [  9%]
test_massive_scenarios.py::test_massive_skills_extraction[Proficient with Elasticsearch-expected614] FAILED [  9%]
test_massive_scenarios.py::test_massive_skills_extraction[I know Cassandra-expected615] PASSED [  9%]
test_massive_scenarios.py::test_massive_skills_extraction[Expert in Cassandra-expected616] PASSED [  9%]
test_massive_scenarios.py::test_massive_skills_extraction[Used Cassandra at my last job-expected617] PASSED [  9%]
test_massive_scenarios.py::test_massive_skills_extraction[Cassandra is my main skill-expected618] PASSED [  9%]
test_massive_scenarios.py::test_massive_skills_extraction[Proficient with Cassandra-expected619] PASSED [  9%]
test_massive_scenarios.py::test_massive_skills_extraction[I know Docker-expected620] PASSED [  9%]
test_massive_scenarios.py::test_massive_skills_extraction[Expert in Docker-expected621] PASSED [  9%]
test_massive_scenarios.py::test_massive_skills_extraction[Used Docker at my last job-expected622] PASSED [  9%]
test_massive_scenarios.py::test_massive_skills_extraction[Docker is my main skill-expected623] PASSED [  9%]
test_massive_scenarios.py::test_massive_skills_extraction[Proficient with Docker-expected624] PASSED [  9%]
test_massive_scenarios.py::test_massive_skills_extraction[I know Kubernetes-expected625] PASSED [  9%]
test_massive_scenarios.py::test_massive_skills_extraction[Expert in Kubernetes-expected626] PASSED [  9%]
test_massive_scenarios.py::test_massive_skills_extraction[Used Kubernetes at my last job-expected627] PASSED [  9%]
test_massive_scenarios.py::test_massive_skills_extraction[Kubernetes is my main skill-expected628] PASSED [  9%]
test_massive_scenarios.py::test_massive_skills_extraction[Proficient with Kubernetes-expected629] PASSED [  9%]
test_massive_scenarios.py::test_massive_skills_extraction[I know AWS-expected630] PASSED [  9%]
test_massive_scenarios.py::test_massive_skills_extraction[Expert in AWS-expected631] PASSED [  9%]
test_massive_scenarios.py::test_massive_skills_extraction[Used AWS at my last job-expected632] PASSED [  9%]
test_massive_scenarios.py::test_massive_skills_extraction[AWS is my main skill-expected633] PASSED [  9%]
test_massive_scenarios.py::test_massive_skills_extraction[Proficient with AWS-expected634] PASSED [  9%]
test_massive_scenarios.py::test_massive_skills_extraction[I know Azure-expected635] PASSED [  9%]
test_massive_scenarios.py::test_massive_skills_extraction[Expert in Azure-expected636] PASSED [  9%]
test_massive_scenarios.py::test_massive_skills_extraction[Used Azure at my last job-expected637] PASSED [  9%]
test_massive_scenarios.py::test_massive_skills_extraction[Azure is my main skill-expected638] PASSED [  9%]
test_massive_scenarios.py::test_massive_skills_extraction[Proficient with Azure-expected639] PASSED [  9%]
test_massive_scenarios.py::test_massive_skills_extraction[I know GCP-expected640] FAILED [  9%]
test_massive_scenarios.py::test_massive_skills_extraction[Expert in GCP-expected641] FAILED [  9%]
test_massive_scenarios.py::test_massive_skills_extraction[Used GCP at my last job-expected642] FAILED [  9%]
test_massive_scenarios.py::test_massive_skills_extraction[GCP is my main skill-expected643] FAILED [  9%]
test_massive_scenarios.py::test_massive_skills_extraction[Proficient with GCP-expected644] FAILED [  9%]
test_massive_scenarios.py::test_massive_skills_extraction[I know Terraform-expected645] PASSED [  9%]
test_massive_scenarios.py::test_massive_skills_extraction[Expert in Terraform-expected646] PASSED [  9%]
test_massive_scenarios.py::test_massive_skills_extraction[Used Terraform at my last job-expected647] PASSED [  9%]
test_massive_scenarios.py::test_massive_skills_extraction[Terraform is my main skill-expected648] PASSED [  9%]
test_massive_scenarios.py::test_massive_skills_extraction[Proficient with Terraform-expected649] PASSED [  9%]
test_massive_scenarios.py::test_massive_skills_extraction[I know Ansible-expected650] PASSED [  9%]
test_massive_scenarios.py::test_massive_skills_extraction[Expert in Ansible-expected651] PASSED [  9%]
test_massive_scenarios.py::test_massive_skills_extraction[Used Ansible at my last job-expected652] PASSED [  9%]
test_massive_scenarios.py::test_massive_skills_extraction[Ansible is my main skill-expected653] PASSED [  9%]
test_massive_scenarios.py::test_massive_skills_extraction[Proficient with Ansible-expected654] PASSED [ 10%]
test_massive_scenarios.py::test_massive_skills_extraction[I know Jenkins-expected655] PASSED [ 10%]
test_massive_scenarios.py::test_massive_skills_extraction[Expert in Jenkins-expected656] PASSED [ 10%]
test_massive_scenarios.py::test_massive_skills_extraction[Used Jenkins at my last job-expected657] PASSED [ 10%]
test_massive_scenarios.py::test_massive_skills_extraction[Jenkins is my main skill-expected658] PASSED [ 10%]
test_massive_scenarios.py::test_massive_skills_extraction[Proficient with Jenkins-expected659] PASSED [ 10%]
test_massive_scenarios.py::test_massive_skills_extraction[I know Git-expected660] PASSED [ 10%]
test_massive_scenarios.py::test_massive_skills_extraction[Expert in Git-expected661] PASSED [ 10%]
test_massive_scenarios.py::test_massive_skills_extraction[Used Git at my last job-expected662] PASSED [ 10%]
test_massive_scenarios.py::test_massive_skills_extraction[Git is my main skill-expected663] PASSED [ 10%]
test_massive_scenarios.py::test_massive_skills_extraction[Proficient with Git-expected664] PASSED [ 10%]
test_massive_scenarios.py::test_massive_skills_extraction[I know Machine Learning-expected665] PASSED [ 10%]
test_massive_scenarios.py::test_massive_skills_extraction[Expert in Machine Learning-expected666] PASSED [ 10%]
test_massive_scenarios.py::test_massive_skills_extraction[Used Machine Learning at my last job-expected667] PASSED [ 10%]
test_massive_scenarios.py::test_massive_skills_extraction[Machine Learning is my main skill-expected668] PASSED [ 10%]
test_massive_scenarios.py::test_massive_skills_extraction[Proficient with Machine Learning-expected669] PASSED [ 10%]
test_massive_scenarios.py::test_massive_skills_extraction[I know Deep Learning-expected670] PASSED [ 10%]
test_massive_scenarios.py::test_massive_skills_extraction[Expert in Deep Learning-expected671] PASSED [ 10%]
test_massive_scenarios.py::test_massive_skills_extraction[Used Deep Learning at my last job-expected672] PASSED [ 10%]
test_massive_scenarios.py::test_massive_skills_extraction[Deep Learning is my main skill-expected673] PASSED [ 10%]
test_massive_scenarios.py::test_massive_skills_extraction[Proficient with Deep Learning-expected674] PASSED [ 10%]
test_massive_scenarios.py::test_massive_skills_extraction[I know TensorFlow-expected675] PASSED [ 10%]
test_massive_scenarios.py::test_massive_skills_extraction[Expert in TensorFlow-expected676] PASSED [ 10%]
test_massive_scenarios.py::test_massive_skills_extraction[Used TensorFlow at my last job-expected677] PASSED [ 10%]
test_massive_scenarios.py::test_massive_skills_extraction[TensorFlow is my main skill-expected678] PASSED [ 10%]
test_massive_scenarios.py::test_massive_skills_extraction[Proficient with TensorFlow-expected679] PASSED [ 10%]
test_massive_scenarios.py::test_massive_skills_extraction[I know PyTorch-expected680] PASSED [ 10%]
test_massive_scenarios.py::test_massive_skills_extraction[Expert in PyTorch-expected681] PASSED [ 10%]
test_massive_scenarios.py::test_massive_skills_extraction[Used PyTorch at my last job-expected682] PASSED [ 10%]
test_massive_scenarios.py::test_massive_skills_extraction[PyTorch is my main skill-expected683] PASSED [ 10%]
test_massive_scenarios.py::test_massive_skills_extraction[Proficient with PyTorch-expected684] PASSED [ 10%]
test_massive_scenarios.py::test_massive_skills_extraction[I know Pandas-expected685] PASSED [ 10%]
test_massive_scenarios.py::test_massive_skills_extraction[Expert in Pandas-expected686] PASSED [ 10%]
test_massive_scenarios.py::test_massive_skills_extraction[Used Pandas at my last job-expected687] PASSED [ 10%]
test_massive_scenarios.py::test_massive_skills_extraction[Pandas is my main skill-expected688] PASSED [ 10%]
test_massive_scenarios.py::test_massive_skills_extraction[Proficient with Pandas-expected689] PASSED [ 10%]
test_massive_scenarios.py::test_massive_skills_extraction[I know NumPy-expected690] PASSED [ 10%]
test_massive_scenarios.py::test_massive_skills_extraction[Expert in NumPy-expected691] PASSED [ 10%]
test_massive_scenarios.py::test_massive_skills_extraction[Used NumPy at my last job-expected692] PASSED [ 10%]
test_massive_scenarios.py::test_massive_skills_extraction[NumPy is my main skill-expected693] PASSED [ 10%]
test_massive_scenarios.py::test_massive_skills_extraction[Proficient with NumPy-expected694] PASSED [ 10%]
test_massive_scenarios.py::test_massive_skills_extraction[I know Scikit-Learn-expected695] FAILED [ 10%]
test_massive_scenarios.py::test_massive_skills_extraction[Expert in Scikit-Learn-expected696] FAILED [ 10%]
test_massive_scenarios.py::test_massive_skills_extraction[Used Scikit-Learn at my last job-expected697] FAILED [ 10%]
test_massive_scenarios.py::test_massive_skills_extraction[Scikit-Learn is my main skill-expected698] FAILED [ 10%]
test_massive_scenarios.py::test_massive_skills_extraction[Proficient with Scikit-Learn-expected699] FAILED [ 10%]
test_massive_scenarios.py::test_massive_skills_extraction[I know Tableau-expected700] FAILED [ 10%]
test_massive_scenarios.py::test_massive_skills_extraction[Expert in Tableau-expected701] FAILED [ 10%]
test_massive_scenarios.py::test_massive_skills_extraction[Used Tableau at my last job-expected702] FAILED [ 10%]
test_massive_scenarios.py::test_massive_skills_extraction[Tableau is my main skill-expected703] FAILED [ 10%]
test_massive_scenarios.py::test_massive_skills_extraction[Proficient with Tableau-expected704] FAILED [ 10%]
test_massive_scenarios.py::test_massive_skills_extraction[I know PowerBI-expected705] FAILED [ 10%]
test_massive_scenarios.py::test_massive_skills_extraction[Expert in PowerBI-expected706] FAILED [ 10%]
test_massive_scenarios.py::test_massive_skills_extraction[Used PowerBI at my last job-expected707] FAILED [ 10%]
test_massive_scenarios.py::test_massive_skills_extraction[PowerBI is my main skill-expected708] FAILED [ 10%]
test_massive_scenarios.py::test_massive_skills_extraction[Proficient with PowerBI-expected709] FAILED [ 10%]
test_massive_scenarios.py::test_massive_skills_extraction[I know SQL-expected710] PASSED [ 10%]
test_massive_scenarios.py::test_massive_skills_extraction[Expert in SQL-expected711] PASSED [ 10%]
test_massive_scenarios.py::test_massive_skills_extraction[Used SQL at my last job-expected712] PASSED [ 10%]
test_massive_scenarios.py::test_massive_skills_extraction[SQL is my main skill-expected713] PASSED [ 10%]
test_massive_scenarios.py::test_massive_skills_extraction[Proficient with SQL-expected714] PASSED [ 10%]
test_massive_scenarios.py::test_massive_skills_extraction[I know NoSQL-expected715] FAILED [ 10%]
test_massive_scenarios.py::test_massive_skills_extraction[Expert in NoSQL-expected716] FAILED [ 10%]
test_massive_scenarios.py::test_massive_skills_extraction[Used NoSQL at my last job-expected717] FAILED [ 10%]
test_massive_scenarios.py::test_massive_skills_extraction[NoSQL is my main skill-expected718] FAILED [ 10%]
test_massive_scenarios.py::test_massive_skills_extraction[Proficient with NoSQL-expected719] FAILED [ 11%]
test_massive_scenarios.py::test_massive_skills_extraction[I know Snowflake-expected720] FAILED [ 11%]
test_massive_scenarios.py::test_massive_skills_extraction[Expert in Snowflake-expected721] FAILED [ 11%]
test_massive_scenarios.py::test_massive_skills_extraction[Used Snowflake at my last job-expected722] FAILED [ 11%]
test_massive_scenarios.py::test_massive_skills_extraction[Snowflake is my main skill-expected723] FAILED [ 11%]
test_massive_scenarios.py::test_massive_skills_extraction[Proficient with Snowflake-expected724] FAILED [ 11%]
test_massive_scenarios.py::test_massive_skills_extraction[I know BigQuery-expected725] FAILED [ 11%]
test_massive_scenarios.py::test_massive_skills_extraction[Expert in BigQuery-expected726] FAILED [ 11%]
test_massive_scenarios.py::test_massive_skills_extraction[Used BigQuery at my last job-expected727] FAILED [ 11%]
test_massive_scenarios.py::test_massive_skills_extraction[BigQuery is my main skill-expected728] FAILED [ 11%]
test_massive_scenarios.py::test_massive_skills_extraction[Proficient with BigQuery-expected729] FAILED [ 11%]
test_massive_scenarios.py::test_massive_skills_extraction[I know Spark-expected730] FAILED [ 11%]
test_massive_scenarios.py::test_massive_skills_extraction[Expert in Spark-expected731] FAILED [ 11%]
test_massive_scenarios.py::test_massive_skills_extraction[Used Spark at my last job-expected732] FAILED [ 11%]
test_massive_scenarios.py::test_massive_skills_extraction[Spark is my main skill-expected733] FAILED [ 11%]
test_massive_scenarios.py::test_massive_skills_extraction[Proficient with Spark-expected734] FAILED [ 11%]
test_massive_scenarios.py::test_massive_skills_extraction[I know Hadoop-expected735] FAILED [ 11%]
test_massive_scenarios.py::test_massive_skills_extraction[Expert in Hadoop-expected736] FAILED [ 11%]
test_massive_scenarios.py::test_massive_skills_extraction[Used Hadoop at my last job-expected737] FAILED [ 11%]
test_massive_scenarios.py::test_massive_skills_extraction[Hadoop is my main skill-expected738] FAILED [ 11%]
test_massive_scenarios.py::test_massive_skills_extraction[Proficient with Hadoop-expected739] FAILED [ 11%]
test_massive_scenarios.py::test_massive_skills_extraction[I know Flink-expected740] FAILED [ 11%]
test_massive_scenarios.py::test_massive_skills_extraction[Expert in Flink-expected741] FAILED [ 11%]
test_massive_scenarios.py::test_massive_skills_extraction[Used Flink at my last job-expected742] FAILED [ 11%]
test_massive_scenarios.py::test_massive_skills_extraction[Flink is my main skill-expected743] FAILED [ 11%]
test_massive_scenarios.py::test_massive_skills_extraction[Proficient with Flink-expected744] FAILED [ 11%]
test_massive_scenarios.py::test_massive_skills_extraction[I know Kafka-expected745] FAILED [ 11%]
test_massive_scenarios.py::test_massive_skills_extraction[Expert in Kafka-expected746] FAILED [ 11%]
test_massive_scenarios.py::test_massive_skills_extraction[Used Kafka at my last job-expected747] FAILED [ 11%]
test_massive_scenarios.py::test_massive_skills_extraction[Kafka is my main skill-expected748] FAILED [ 11%]
test_massive_scenarios.py::test_massive_skills_extraction[Proficient with Kafka-expected749] FAILED [ 11%]
test_massive_scenarios.py::test_massive_skills_extraction[I know Python-expected750] PASSED [ 11%]
test_massive_scenarios.py::test_massive_skills_extraction[Expert in Python-expected751] PASSED [ 11%]
test_massive_scenarios.py::test_massive_skills_extraction[Used Python at my last job-expected752] PASSED [ 11%]
test_massive_scenarios.py::test_massive_skills_extraction[Python is my main skill-expected753] PASSED [ 11%]
test_massive_scenarios.py::test_massive_skills_extraction[Proficient with Python-expected754] PASSED [ 11%]
test_massive_scenarios.py::test_massive_skills_extraction[I know Java-expected755] PASSED [ 11%]
test_massive_scenarios.py::test_massive_skills_extraction[Expert in Java-expected756] PASSED [ 11%]
test_massive_scenarios.py::test_massive_skills_extraction[Used Java at my last job-expected757] PASSED [ 11%]
test_massive_scenarios.py::test_massive_skills_extraction[Java is my main skill-expected758] PASSED [ 11%]
test_massive_scenarios.py::test_massive_skills_extraction[Proficient with Java-expected759] PASSED [ 11%]
test_massive_scenarios.py::test_massive_skills_extraction[I know C++-expected760] PASSED [ 11%]
test_massive_scenarios.py::test_massive_skills_extraction[Expert in C++-expected761] PASSED [ 11%]
test_massive_scenarios.py::test_massive_skills_extraction[Used C++ at my last job-expected762] PASSED [ 11%]
test_massive_scenarios.py::test_massive_skills_extraction[C++ is my main skill-expected763] PASSED [ 11%]
test_massive_scenarios.py::test_massive_skills_extraction[Proficient with C++-expected764] PASSED [ 11%]
test_massive_scenarios.py::test_massive_skills_extraction[I know C#-expected765] PASSED [ 11%]
test_massive_scenarios.py::test_massive_skills_extraction[Expert in C#-expected766] PASSED [ 11%]
test_massive_scenarios.py::test_massive_skills_extraction[Used C# at my last job-expected767] PASSED [ 11%]
test_massive_scenarios.py::test_massive_skills_extraction[C# is my main skill-expected768] PASSED [ 11%]
test_massive_scenarios.py::test_massive_skills_extraction[Proficient with C#-expected769] PASSED [ 11%]
test_massive_scenarios.py::test_massive_skills_extraction[I know Go-expected770] PASSED [ 11%]
test_massive_scenarios.py::test_massive_skills_extraction[Expert in Go-expected771] PASSED [ 11%]
test_massive_scenarios.py::test_massive_skills_extraction[Used Go at my last job-expected772] PASSED [ 11%]
test_massive_scenarios.py::test_massive_skills_extraction[Go is my main skill-expected773] PASSED [ 11%]
test_massive_scenarios.py::test_massive_skills_extraction[Proficient with Go-expected774] PASSED [ 11%]
test_massive_scenarios.py::test_massive_skills_extraction[I know Rust-expected775] PASSED [ 11%]
test_massive_scenarios.py::test_massive_skills_extraction[Expert in Rust-expected776] PASSED [ 11%]
test_massive_scenarios.py::test_massive_skills_extraction[Used Rust at my last job-expected777] PASSED [ 11%]
test_massive_scenarios.py::test_massive_skills_extraction[Rust is my main skill-expected778] PASSED [ 11%]
test_massive_scenarios.py::test_massive_skills_extraction[Proficient with Rust-expected779] PASSED [ 11%]
test_massive_scenarios.py::test_massive_skills_extraction[I know Swift-expected780] PASSED [ 11%]
test_massive_scenarios.py::test_massive_skills_extraction[Expert in Swift-expected781] PASSED [ 11%]
test_massive_scenarios.py::test_massive_skills_extraction[Used Swift at my last job-expected782] PASSED [ 11%]
test_massive_scenarios.py::test_massive_skills_extraction[Swift is my main skill-expected783] PASSED [ 11%]
test_massive_scenarios.py::test_massive_skills_extraction[Proficient with Swift-expected784] PASSED [ 12%]
test_massive_scenarios.py::test_massive_skills_extraction[I know Kotlin-expected785] PASSED [ 12%]
test_massive_scenarios.py::test_massive_skills_extraction[Expert in Kotlin-expected786] PASSED [ 12%]
test_massive_scenarios.py::test_massive_skills_extraction[Used Kotlin at my last job-expected787] PASSED [ 12%]
test_massive_scenarios.py::test_massive_skills_extraction[Kotlin is my main skill-expected788] PASSED [ 12%]
test_massive_scenarios.py::test_massive_skills_extraction[Proficient with Kotlin-expected789] PASSED [ 12%]
test_massive_scenarios.py::test_massive_skills_extraction[I know TypeScript-expected790] PASSED [ 12%]
test_massive_scenarios.py::test_massive_skills_extraction[Expert in TypeScript-expected791] PASSED [ 12%]
test_massive_scenarios.py::test_massive_skills_extraction[Used TypeScript at my last job-expected792] PASSED [ 12%]
test_massive_scenarios.py::test_massive_skills_extraction[TypeScript is my main skill-expected793] PASSED [ 12%]
test_massive_scenarios.py::test_massive_skills_extraction[Proficient with TypeScript-expected794] PASSED [ 12%]
test_massive_scenarios.py::test_massive_skills_extraction[I know JavaScript-expected795] PASSED [ 12%]
test_massive_scenarios.py::test_massive_skills_extraction[Expert in JavaScript-expected796] PASSED [ 12%]
test_massive_scenarios.py::test_massive_skills_extraction[Used JavaScript at my last job-expected797] PASSED [ 12%]
test_massive_scenarios.py::test_massive_skills_extraction[JavaScript is my main skill-expected798] PASSED [ 12%]
test_massive_scenarios.py::test_massive_skills_extraction[Proficient with JavaScript-expected799] PASSED [ 12%]
test_massive_scenarios.py::test_massive_skills_extraction[I know React-expected800] PASSED [ 12%]
test_massive_scenarios.py::test_massive_skills_extraction[Expert in React-expected801] PASSED [ 12%]
test_massive_scenarios.py::test_massive_skills_extraction[Used React at my last job-expected802] PASSED [ 12%]
test_massive_scenarios.py::test_massive_skills_extraction[React is my main skill-expected803] PASSED [ 12%]
test_massive_scenarios.py::test_massive_skills_extraction[Proficient with React-expected804] PASSED [ 12%]
test_massive_scenarios.py::test_massive_skills_extraction[I know Angular-expected805] PASSED [ 12%]
test_massive_scenarios.py::test_massive_skills_extraction[Expert in Angular-expected806] PASSED [ 12%]
test_massive_scenarios.py::test_massive_skills_extraction[Used Angular at my last job-expected807] PASSED [ 12%]
test_massive_scenarios.py::test_massive_skills_extraction[Angular is my main skill-expected808] PASSED [ 12%]
test_massive_scenarios.py::test_massive_skills_extraction[Proficient with Angular-expected809] PASSED [ 12%]
test_massive_scenarios.py::test_massive_skills_extraction[I know Vue-expected810] FAILED [ 12%]
test_massive_scenarios.py::test_massive_skills_extraction[Expert in Vue-expected811] FAILED [ 12%]
test_massive_scenarios.py::test_massive_skills_extraction[Used Vue at my last job-expected812] FAILED [ 12%]
test_massive_scenarios.py::test_massive_skills_extraction[Vue is my main skill-expected813] FAILED [ 12%]
test_massive_scenarios.py::test_massive_skills_extraction[Proficient with Vue-expected814] FAILED [ 12%]
test_massive_scenarios.py::test_massive_skills_extraction[I know Node.js-expected815] PASSED [ 12%]
test_massive_scenarios.py::test_massive_skills_extraction[Expert in Node.js-expected816] PASSED [ 12%]
test_massive_scenarios.py::test_massive_skills_extraction[Used Node.js at my last job-expected817] PASSED [ 12%]
test_massive_scenarios.py::test_massive_skills_extraction[Node.js is my main skill-expected818] PASSED [ 12%]
test_massive_scenarios.py::test_massive_skills_extraction[Proficient with Node.js-expected819] PASSED [ 12%]
test_massive_scenarios.py::test_massive_skills_extraction[I know Django-expected820] PASSED [ 12%]
test_massive_scenarios.py::test_massive_skills_extraction[Expert in Django-expected821] PASSED [ 12%]
test_massive_scenarios.py::test_massive_skills_extraction[Used Django at my last job-expected822] PASSED [ 12%]
test_massive_scenarios.py::test_massive_skills_extraction[Django is my main skill-expected823] PASSED [ 12%]
test_massive_scenarios.py::test_massive_skills_extraction[Proficient with Django-expected824] PASSED [ 12%]
test_massive_scenarios.py::test_massive_skills_extraction[I know Flask-expected825] PASSED [ 12%]
test_massive_scenarios.py::test_massive_skills_extraction[Expert in Flask-expected826] PASSED [ 12%]
test_massive_scenarios.py::test_massive_skills_extraction[Used Flask at my last job-expected827] PASSED [ 12%]
test_massive_scenarios.py::test_massive_skills_extraction[Flask is my main skill-expected828] PASSED [ 12%]
test_massive_scenarios.py::test_massive_skills_extraction[Proficient with Flask-expected829] PASSED [ 12%]
test_massive_scenarios.py::test_massive_skills_extraction[I know Spring-expected830] PASSED [ 12%]
test_massive_scenarios.py::test_massive_skills_extraction[Expert in Spring-expected831] PASSED [ 12%]
test_massive_scenarios.py::test_massive_skills_extraction[Used Spring at my last job-expected832] PASSED [ 12%]
test_massive_scenarios.py::test_massive_skills_extraction[Spring is my main skill-expected833] PASSED [ 12%]
test_massive_scenarios.py::test_massive_skills_extraction[Proficient with Spring-expected834] PASSED [ 12%]
test_massive_scenarios.py::test_massive_skills_extraction[I know ASP.NET-expected835] PASSED [ 12%]
test_massive_scenarios.py::test_massive_skills_extraction[Expert in ASP.NET-expected836] PASSED [ 12%]
test_massive_scenarios.py::test_massive_skills_extraction[Used ASP.NET at my last job-expected837] PASSED [ 12%]
test_massive_scenarios.py::test_massive_skills_extraction[ASP.NET is my main skill-expected838] PASSED [ 12%]
test_massive_scenarios.py::test_massive_skills_extraction[Proficient with ASP.NET-expected839] PASSED [ 12%]
test_massive_scenarios.py::test_massive_skills_extraction[I know GraphQL-expected840] PASSED [ 12%]
test_massive_scenarios.py::test_massive_skills_extraction[Expert in GraphQL-expected841] PASSED [ 12%]
test_massive_scenarios.py::test_massive_skills_extraction[Used GraphQL at my last job-expected842] PASSED [ 12%]
test_massive_scenarios.py::test_massive_skills_extraction[GraphQL is my main skill-expected843] PASSED [ 12%]
test_massive_scenarios.py::test_massive_skills_extraction[Proficient with GraphQL-expected844] PASSED [ 12%]
test_massive_scenarios.py::test_massive_skills_extraction[I know PostgreSQL-expected845] PASSED [ 12%]
test_massive_scenarios.py::test_massive_skills_extraction[Expert in PostgreSQL-expected846] PASSED [ 12%]
test_massive_scenarios.py::test_massive_skills_extraction[Used PostgreSQL at my last job-expected847] PASSED [ 12%]
test_massive_scenarios.py::test_massive_skills_extraction[PostgreSQL is my main skill-expected848] PASSED [ 12%]
test_massive_scenarios.py::test_massive_skills_extraction[Proficient with PostgreSQL-expected849] PASSED [ 12%]
test_massive_scenarios.py::test_massive_skills_extraction[I know MongoDB-expected850] PASSED [ 13%]
test_massive_scenarios.py::test_massive_skills_extraction[Expert in MongoDB-expected851] PASSED [ 13%]
test_massive_scenarios.py::test_massive_skills_extraction[Used MongoDB at my last job-expected852] PASSED [ 13%]
test_massive_scenarios.py::test_massive_skills_extraction[MongoDB is my main skill-expected853] PASSED [ 13%]
test_massive_scenarios.py::test_massive_skills_extraction[Proficient with MongoDB-expected854] PASSED [ 13%]
test_massive_scenarios.py::test_massive_skills_extraction[I know Redis-expected855] PASSED [ 13%]
test_massive_scenarios.py::test_massive_skills_extraction[Expert in Redis-expected856] PASSED [ 13%]
test_massive_scenarios.py::test_massive_skills_extraction[Used Redis at my last job-expected857] PASSED [ 13%]
test_massive_scenarios.py::test_massive_skills_extraction[Redis is my main skill-expected858] PASSED [ 13%]
test_massive_scenarios.py::test_massive_skills_extraction[Proficient with Redis-expected859] PASSED [ 13%]
test_massive_scenarios.py::test_massive_skills_extraction[I know Elasticsearch-expected860] FAILED [ 13%]
test_massive_scenarios.py::test_massive_skills_extraction[Expert in Elasticsearch-expected861] FAILED [ 13%]
test_massive_scenarios.py::test_massive_skills_extraction[Used Elasticsearch at my last job-expected862] FAILED [ 13%]
test_massive_scenarios.py::test_massive_skills_extraction[Elasticsearch is my main skill-expected863] FAILED [ 13%]
test_massive_scenarios.py::test_massive_skills_extraction[Proficient with Elasticsearch-expected864] FAILED [ 13%]
test_massive_scenarios.py::test_massive_skills_extraction[I know Cassandra-expected865] PASSED [ 13%]
test_massive_scenarios.py::test_massive_skills_extraction[Expert in Cassandra-expected866] PASSED [ 13%]
test_massive_scenarios.py::test_massive_skills_extraction[Used Cassandra at my last job-expected867] PASSED [ 13%]
test_massive_scenarios.py::test_massive_skills_extraction[Cassandra is my main skill-expected868] PASSED [ 13%]
test_massive_scenarios.py::test_massive_skills_extraction[Proficient with Cassandra-expected869] PASSED [ 13%]
test_massive_scenarios.py::test_massive_skills_extraction[I know Docker-expected870] PASSED [ 13%]
test_massive_scenarios.py::test_massive_skills_extraction[Expert in Docker-expected871] PASSED [ 13%]
test_massive_scenarios.py::test_massive_skills_extraction[Used Docker at my last job-expected872] PASSED [ 13%]
test_massive_scenarios.py::test_massive_skills_extraction[Docker is my main skill-expected873] PASSED [ 13%]
test_massive_scenarios.py::test_massive_skills_extraction[Proficient with Docker-expected874] PASSED [ 13%]
test_massive_scenarios.py::test_massive_skills_extraction[I know Kubernetes-expected875] PASSED [ 13%]
test_massive_scenarios.py::test_massive_skills_extraction[Expert in Kubernetes-expected876] PASSED [ 13%]
test_massive_scenarios.py::test_massive_skills_extraction[Used Kubernetes at my last job-expected877] PASSED [ 13%]
test_massive_scenarios.py::test_massive_skills_extraction[Kubernetes is my main skill-expected878] PASSED [ 13%]
test_massive_scenarios.py::test_massive_skills_extraction[Proficient with Kubernetes-expected879] PASSED [ 13%]
test_massive_scenarios.py::test_massive_skills_extraction[I know AWS-expected880] PASSED [ 13%]
test_massive_scenarios.py::test_massive_skills_extraction[Expert in AWS-expected881] PASSED [ 13%]
test_massive_scenarios.py::test_massive_skills_extraction[Used AWS at my last job-expected882] PASSED [ 13%]
test_massive_scenarios.py::test_massive_skills_extraction[AWS is my main skill-expected883] PASSED [ 13%]
test_massive_scenarios.py::test_massive_skills_extraction[Proficient with AWS-expected884] PASSED [ 13%]
test_massive_scenarios.py::test_massive_skills_extraction[I know Azure-expected885] PASSED [ 13%]
test_massive_scenarios.py::test_massive_skills_extraction[Expert in Azure-expected886] PASSED [ 13%]
test_massive_scenarios.py::test_massive_skills_extraction[Used Azure at my last job-expected887] PASSED [ 13%]
test_massive_scenarios.py::test_massive_skills_extraction[Azure is my main skill-expected888] PASSED [ 13%]
test_massive_scenarios.py::test_massive_skills_extraction[Proficient with Azure-expected889] PASSED [ 13%]
test_massive_scenarios.py::test_massive_skills_extraction[I know GCP-expected890] FAILED [ 13%]
test_massive_scenarios.py::test_massive_skills_extraction[Expert in GCP-expected891] FAILED [ 13%]
test_massive_scenarios.py::test_massive_skills_extraction[Used GCP at my last job-expected892] FAILED [ 13%]
test_massive_scenarios.py::test_massive_skills_extraction[GCP is my main skill-expected893] FAILED [ 13%]
test_massive_scenarios.py::test_massive_skills_extraction[Proficient with GCP-expected894] FAILED [ 13%]
test_massive_scenarios.py::test_massive_skills_extraction[I know Terraform-expected895] PASSED [ 13%]
test_massive_scenarios.py::test_massive_skills_extraction[Expert in Terraform-expected896] PASSED [ 13%]
test_massive_scenarios.py::test_massive_skills_extraction[Used Terraform at my last job-expected897] PASSED [ 13%]
test_massive_scenarios.py::test_massive_skills_extraction[Terraform is my main skill-expected898] PASSED [ 13%]
test_massive_scenarios.py::test_massive_skills_extraction[Proficient with Terraform-expected899] PASSED [ 13%]
test_massive_scenarios.py::test_massive_skills_extraction[I know Ansible-expected900] PASSED [ 13%]
test_massive_scenarios.py::test_massive_skills_extraction[Expert in Ansible-expected901] PASSED [ 13%]
test_massive_scenarios.py::test_massive_skills_extraction[Used Ansible at my last job-expected902] PASSED [ 13%]
test_massive_scenarios.py::test_massive_skills_extraction[Ansible is my main skill-expected903] PASSED [ 13%]
test_massive_scenarios.py::test_massive_skills_extraction[Proficient with Ansible-expected904] PASSED [ 13%]
test_massive_scenarios.py::test_massive_skills_extraction[I know Jenkins-expected905] PASSED [ 13%]
test_massive_scenarios.py::test_massive_skills_extraction[Expert in Jenkins-expected906] PASSED [ 13%]
test_massive_scenarios.py::test_massive_skills_extraction[Used Jenkins at my last job-expected907] PASSED [ 13%]
test_massive_scenarios.py::test_massive_skills_extraction[Jenkins is my main skill-expected908] PASSED [ 13%]
test_massive_scenarios.py::test_massive_skills_extraction[Proficient with Jenkins-expected909] PASSED [ 13%]
test_massive_scenarios.py::test_massive_skills_extraction[I know Git-expected910] PASSED [ 13%]
test_massive_scenarios.py::test_massive_skills_extraction[Expert in Git-expected911] PASSED [ 13%]
test_massive_scenarios.py::test_massive_skills_extraction[Used Git at my last job-expected912] PASSED [ 13%]
test_massive_scenarios.py::test_massive_skills_extraction[Git is my main skill-expected913] PASSED [ 13%]
test_massive_scenarios.py::test_massive_skills_extraction[Proficient with Git-expected914] PASSED [ 13%]
test_massive_scenarios.py::test_massive_skills_extraction[I know Machine Learning-expected915] PASSED [ 14%]
test_massive_scenarios.py::test_massive_skills_extraction[Expert in Machine Learning-expected916] PASSED [ 14%]
test_massive_scenarios.py::test_massive_skills_extraction[Used Machine Learning at my last job-expected917] PASSED [ 14%]
test_massive_scenarios.py::test_massive_skills_extraction[Machine Learning is my main skill-expected918] PASSED [ 14%]
test_massive_scenarios.py::test_massive_skills_extraction[Proficient with Machine Learning-expected919] PASSED [ 14%]
test_massive_scenarios.py::test_massive_skills_extraction[I know Deep Learning-expected920] PASSED [ 14%]
test_massive_scenarios.py::test_massive_skills_extraction[Expert in Deep Learning-expected921] PASSED [ 14%]
test_massive_scenarios.py::test_massive_skills_extraction[Used Deep Learning at my last job-expected922] PASSED [ 14%]
test_massive_scenarios.py::test_massive_skills_extraction[Deep Learning is my main skill-expected923] PASSED [ 14%]
test_massive_scenarios.py::test_massive_skills_extraction[Proficient with Deep Learning-expected924] PASSED [ 14%]
test_massive_scenarios.py::test_massive_skills_extraction[I know TensorFlow-expected925] PASSED [ 14%]
test_massive_scenarios.py::test_massive_skills_extraction[Expert in TensorFlow-expected926] PASSED [ 14%]
test_massive_scenarios.py::test_massive_skills_extraction[Used TensorFlow at my last job-expected927] PASSED [ 14%]
test_massive_scenarios.py::test_massive_skills_extraction[TensorFlow is my main skill-expected928] PASSED [ 14%]
test_massive_scenarios.py::test_massive_skills_extraction[Proficient with TensorFlow-expected929] PASSED [ 14%]
test_massive_scenarios.py::test_massive_skills_extraction[I know PyTorch-expected930] PASSED [ 14%]
test_massive_scenarios.py::test_massive_skills_extraction[Expert in PyTorch-expected931] PASSED [ 14%]
test_massive_scenarios.py::test_massive_skills_extraction[Used PyTorch at my last job-expected932] PASSED [ 14%]
test_massive_scenarios.py::test_massive_skills_extraction[PyTorch is my main skill-expected933] PASSED [ 14%]
test_massive_scenarios.py::test_massive_skills_extraction[Proficient with PyTorch-expected934] PASSED [ 14%]
test_massive_scenarios.py::test_massive_skills_extraction[I know Pandas-expected935] PASSED [ 14%]
test_massive_scenarios.py::test_massive_skills_extraction[Expert in Pandas-expected936] PASSED [ 14%]
test_massive_scenarios.py::test_massive_skills_extraction[Used Pandas at my last job-expected937] PASSED [ 14%]
test_massive_scenarios.py::test_massive_skills_extraction[Pandas is my main skill-expected938] PASSED [ 14%]
test_massive_scenarios.py::test_massive_skills_extraction[Proficient with Pandas-expected939] PASSED [ 14%]
test_massive_scenarios.py::test_massive_skills_extraction[I know NumPy-expected940] PASSED [ 14%]
test_massive_scenarios.py::test_massive_skills_extraction[Expert in NumPy-expected941] PASSED [ 14%]
test_massive_scenarios.py::test_massive_skills_extraction[Used NumPy at my last job-expected942] PASSED [ 14%]
test_massive_scenarios.py::test_massive_skills_extraction[NumPy is my main skill-expected943] PASSED [ 14%]
test_massive_scenarios.py::test_massive_skills_extraction[Proficient with NumPy-expected944] PASSED [ 14%]
test_massive_scenarios.py::test_massive_skills_extraction[I know Scikit-Learn-expected945] FAILED [ 14%]
test_massive_scenarios.py::test_massive_skills_extraction[Expert in Scikit-Learn-expected946] FAILED [ 14%]
test_massive_scenarios.py::test_massive_skills_extraction[Used Scikit-Learn at my last job-expected947] FAILED [ 14%]
test_massive_scenarios.py::test_massive_skills_extraction[Scikit-Learn is my main skill-expected948] FAILED [ 14%]
test_massive_scenarios.py::test_massive_skills_extraction[Proficient with Scikit-Learn-expected949] FAILED [ 14%]
test_massive_scenarios.py::test_massive_skills_extraction[I know Tableau-expected950] FAILED [ 14%]
test_massive_scenarios.py::test_massive_skills_extraction[Expert in Tableau-expected951] FAILED [ 14%]
test_massive_scenarios.py::test_massive_skills_extraction[Used Tableau at my last job-expected952] FAILED [ 14%]
test_massive_scenarios.py::test_massive_skills_extraction[Tableau is my main skill-expected953] FAILED [ 14%]
test_massive_scenarios.py::test_massive_skills_extraction[Proficient with Tableau-expected954] FAILED [ 14%]
test_massive_scenarios.py::test_massive_skills_extraction[I know PowerBI-expected955] FAILED [ 14%]
test_massive_scenarios.py::test_massive_skills_extraction[Expert in PowerBI-expected956] FAILED [ 14%]
test_massive_scenarios.py::test_massive_skills_extraction[Used PowerBI at my last job-expected957] FAILED [ 14%]
test_massive_scenarios.py::test_massive_skills_extraction[PowerBI is my main skill-expected958] FAILED [ 14%]
test_massive_scenarios.py::test_massive_skills_extraction[Proficient with PowerBI-expected959] FAILED [ 14%]
test_massive_scenarios.py::test_massive_skills_extraction[I know SQL-expected960] PASSED [ 14%]
test_massive_scenarios.py::test_massive_skills_extraction[Expert in SQL-expected961] PASSED [ 14%]
test_massive_scenarios.py::test_massive_skills_extraction[Used SQL at my last job-expected962] PASSED [ 14%]
test_massive_scenarios.py::test_massive_skills_extraction[SQL is my main skill-expected963] PASSED [ 14%]
test_massive_scenarios.py::test_massive_skills_extraction[Proficient with SQL-expected964] PASSED [ 14%]
test_massive_scenarios.py::test_massive_skills_extraction[I know NoSQL-expected965] FAILED [ 14%]
test_massive_scenarios.py::test_massive_skills_extraction[Expert in NoSQL-expected966] FAILED [ 14%]
test_massive_scenarios.py::test_massive_skills_extraction[Used NoSQL at my last job-expected967] FAILED [ 14%]
test_massive_scenarios.py::test_massive_skills_extraction[NoSQL is my main skill-expected968] FAILED [ 14%]
test_massive_scenarios.py::test_massive_skills_extraction[Proficient with NoSQL-expected969] FAILED [ 14%]
test_massive_scenarios.py::test_massive_skills_extraction[I know Snowflake-expected970] FAILED [ 14%]
test_massive_scenarios.py::test_massive_skills_extraction[Expert in Snowflake-expected971] FAILED [ 14%]
test_massive_scenarios.py::test_massive_skills_extraction[Used Snowflake at my last job-expected972] FAILED [ 14%]
test_massive_scenarios.py::test_massive_skills_extraction[Snowflake is my main skill-expected973] FAILED [ 14%]
test_massive_scenarios.py::test_massive_skills_extraction[Proficient with Snowflake-expected974] FAILED [ 14%]
test_massive_scenarios.py::test_massive_skills_extraction[I know BigQuery-expected975] FAILED [ 14%]
test_massive_scenarios.py::test_massive_skills_extraction[Expert in BigQuery-expected976] FAILED [ 14%]
test_massive_scenarios.py::test_massive_skills_extraction[Used BigQuery at my last job-expected977] FAILED [ 14%]
test_massive_scenarios.py::test_massive_skills_extraction[BigQuery is my main skill-expected978] FAILED [ 14%]
test_massive_scenarios.py::test_massive_skills_extraction[Proficient with BigQuery-expected979] FAILED [ 14%]
test_massive_scenarios.py::test_massive_skills_extraction[I know Spark-expected980] FAILED [ 14%]
test_massive_scenarios.py::test_massive_skills_extraction[Expert in Spark-expected981] FAILED [ 15%]
test_massive_scenarios.py::test_massive_skills_extraction[Used Spark at my last job-expected982] FAILED [ 15%]
test_massive_scenarios.py::test_massive_skills_extraction[Spark is my main skill-expected983] FAILED [ 15%]
test_massive_scenarios.py::test_massive_skills_extraction[Proficient with Spark-expected984] FAILED [ 15%]
test_massive_scenarios.py::test_massive_skills_extraction[I know Hadoop-expected985] FAILED [ 15%]
test_massive_scenarios.py::test_massive_skills_extraction[Expert in Hadoop-expected986] FAILED [ 15%]
test_massive_scenarios.py::test_massive_skills_extraction[Used Hadoop at my last job-expected987] FAILED [ 15%]
test_massive_scenarios.py::test_massive_skills_extraction[Hadoop is my main skill-expected988] FAILED [ 15%]
test_massive_scenarios.py::test_massive_skills_extraction[Proficient with Hadoop-expected989] FAILED [ 15%]
test_massive_scenarios.py::test_massive_skills_extraction[I know Flink-expected990] FAILED [ 15%]
test_massive_scenarios.py::test_massive_skills_extraction[Expert in Flink-expected991] FAILED [ 15%]
test_massive_scenarios.py::test_massive_skills_extraction[Used Flink at my last job-expected992] FAILED [ 15%]
test_massive_scenarios.py::test_massive_skills_extraction[Flink is my main skill-expected993] FAILED [ 15%]
test_massive_scenarios.py::test_massive_skills_extraction[Proficient with Flink-expected994] FAILED [ 15%]
test_massive_scenarios.py::test_massive_skills_extraction[I know Kafka-expected995] FAILED [ 15%]
test_massive_scenarios.py::test_massive_skills_extraction[Expert in Kafka-expected996] FAILED [ 15%]
test_massive_scenarios.py::test_massive_skills_extraction[Used Kafka at my last job-expected997] FAILED [ 15%]
test_massive_scenarios.py::test_massive_skills_extraction[Kafka is my main skill-expected998] FAILED [ 15%]
test_massive_scenarios.py::test_massive_skills_extraction[Proficient with Kafka-expected999] FAILED [ 15%]
test_massive_scenarios.py::test_massive_skills_extraction[I know Python-expected1000] PASSED [ 15%]
test_massive_scenarios.py::test_massive_skills_extraction[Expert in Python-expected1001] PASSED [ 15%]
test_massive_scenarios.py::test_massive_skills_extraction[Used Python at my last job-expected1002] PASSED [ 15%]
test_massive_scenarios.py::test_massive_skills_extraction[Python is my main skill-expected1003] PASSED [ 15%]
test_massive_scenarios.py::test_massive_skills_extraction[Proficient with Python-expected1004] PASSED [ 15%]
test_massive_scenarios.py::test_massive_skills_extraction[I know Java-expected1005] PASSED [ 15%]
test_massive_scenarios.py::test_massive_skills_extraction[Expert in Java-expected1006] PASSED [ 15%]
test_massive_scenarios.py::test_massive_skills_extraction[Used Java at my last job-expected1007] PASSED [ 15%]
test_massive_scenarios.py::test_massive_skills_extraction[Java is my main skill-expected1008] PASSED [ 15%]
test_massive_scenarios.py::test_massive_skills_extraction[Proficient with Java-expected1009] PASSED [ 15%]
test_massive_scenarios.py::test_massive_skills_extraction[I know C++-expected1010] PASSED [ 15%]
test_massive_scenarios.py::test_massive_skills_extraction[Expert in C++-expected1011] PASSED [ 15%]
test_massive_scenarios.py::test_massive_skills_extraction[Used C++ at my last job-expected1012] PASSED [ 15%]
test_massive_scenarios.py::test_massive_skills_extraction[C++ is my main skill-expected1013] PASSED [ 15%]
test_massive_scenarios.py::test_massive_skills_extraction[Proficient with C++-expected1014] PASSED [ 15%]
test_massive_scenarios.py::test_massive_skills_extraction[I know C#-expected1015] PASSED [ 15%]
test_massive_scenarios.py::test_massive_skills_extraction[Expert in C#-expected1016] PASSED [ 15%]
test_massive_scenarios.py::test_massive_skills_extraction[Used C# at my last job-expected1017] PASSED [ 15%]
test_massive_scenarios.py::test_massive_skills_extraction[C# is my main skill-expected1018] PASSED [ 15%]
test_massive_scenarios.py::test_massive_skills_extraction[Proficient with C#-expected1019] PASSED [ 15%]
test_massive_scenarios.py::test_massive_skills_extraction[I know Go-expected1020] PASSED [ 15%]
test_massive_scenarios.py::test_massive_skills_extraction[Expert in Go-expected1021] PASSED [ 15%]
test_massive_scenarios.py::test_massive_skills_extraction[Used Go at my last job-expected1022] PASSED [ 15%]
test_massive_scenarios.py::test_massive_skills_extraction[Go is my main skill-expected1023] PASSED [ 15%]
test_massive_scenarios.py::test_massive_skills_extraction[Proficient with Go-expected1024] PASSED [ 15%]
test_massive_scenarios.py::test_massive_skills_extraction[I know Rust-expected1025] PASSED [ 15%]
test_massive_scenarios.py::test_massive_skills_extraction[Expert in Rust-expected1026] PASSED [ 15%]
test_massive_scenarios.py::test_massive_skills_extraction[Used Rust at my last job-expected1027] PASSED [ 15%]
test_massive_scenarios.py::test_massive_skills_extraction[Rust is my main skill-expected1028] PASSED [ 15%]
test_massive_scenarios.py::test_massive_skills_extraction[Proficient with Rust-expected1029] PASSED [ 15%]
test_massive_scenarios.py::test_massive_skills_extraction[I know Swift-expected1030] PASSED [ 15%]
test_massive_scenarios.py::test_massive_skills_extraction[Expert in Swift-expected1031] PASSED [ 15%]
test_massive_scenarios.py::test_massive_skills_extraction[Used Swift at my last job-expected1032] PASSED [ 15%]
test_massive_scenarios.py::test_massive_skills_extraction[Swift is my main skill-expected1033] PASSED [ 15%]
test_massive_scenarios.py::test_massive_skills_extraction[Proficient with Swift-expected1034] PASSED [ 15%]
test_massive_scenarios.py::test_massive_skills_extraction[I know Kotlin-expected1035] PASSED [ 15%]
test_massive_scenarios.py::test_massive_skills_extraction[Expert in Kotlin-expected1036] PASSED [ 15%]
test_massive_scenarios.py::test_massive_skills_extraction[Used Kotlin at my last job-expected1037] PASSED [ 15%]
test_massive_scenarios.py::test_massive_skills_extraction[Kotlin is my main skill-expected1038] PASSED [ 15%]
test_massive_scenarios.py::test_massive_skills_extraction[Proficient with Kotlin-expected1039] PASSED [ 15%]
test_massive_scenarios.py::test_massive_skills_extraction[I know TypeScript-expected1040] PASSED [ 15%]
test_massive_scenarios.py::test_massive_skills_extraction[Expert in TypeScript-expected1041] PASSED [ 15%]
test_massive_scenarios.py::test_massive_skills_extraction[Used TypeScript at my last job-expected1042] PASSED [ 15%]
test_massive_scenarios.py::test_massive_skills_extraction[TypeScript is my main skill-expected1043] PASSED [ 15%]
test_massive_scenarios.py::test_massive_skills_extraction[Proficient with TypeScript-expected1044] PASSED [ 15%]
test_massive_scenarios.py::test_massive_skills_extraction[I know JavaScript-expected1045] PASSED [ 15%]
test_massive_scenarios.py::test_massive_skills_extraction[Expert in JavaScript-expected1046] PASSED [ 16%]
test_massive_scenarios.py::test_massive_skills_extraction[Used JavaScript at my last job-expected1047] PASSED [ 16%]
test_massive_scenarios.py::test_massive_skills_extraction[JavaScript is my main skill-expected1048] PASSED [ 16%]
test_massive_scenarios.py::test_massive_skills_extraction[Proficient with JavaScript-expected1049] PASSED [ 16%]
test_massive_scenarios.py::test_massive_skills_extraction[I know React-expected1050] PASSED [ 16%]
test_massive_scenarios.py::test_massive_skills_extraction[Expert in React-expected1051] PASSED [ 16%]
test_massive_scenarios.py::test_massive_skills_extraction[Used React at my last job-expected1052] PASSED [ 16%]
test_massive_scenarios.py::test_massive_skills_extraction[React is my main skill-expected1053] PASSED [ 16%]
test_massive_scenarios.py::test_massive_skills_extraction[Proficient with React-expected1054] PASSED [ 16%]
test_massive_scenarios.py::test_massive_skills_extraction[I know Angular-expected1055] PASSED [ 16%]
test_massive_scenarios.py::test_massive_skills_extraction[Expert in Angular-expected1056] PASSED [ 16%]
test_massive_scenarios.py::test_massive_skills_extraction[Used Angular at my last job-expected1057] PASSED [ 16%]
test_massive_scenarios.py::test_massive_skills_extraction[Angular is my main skill-expected1058] PASSED [ 16%]
test_massive_scenarios.py::test_massive_skills_extraction[Proficient with Angular-expected1059] PASSED [ 16%]
test_massive_scenarios.py::test_massive_skills_extraction[I know Vue-expected1060] FAILED [ 16%]
test_massive_scenarios.py::test_massive_skills_extraction[Expert in Vue-expected1061] FAILED [ 16%]
test_massive_scenarios.py::test_massive_skills_extraction[Used Vue at my last job-expected1062] FAILED [ 16%]
test_massive_scenarios.py::test_massive_skills_extraction[Vue is my main skill-expected1063] FAILED [ 16%]
test_massive_scenarios.py::test_massive_skills_extraction[Proficient with Vue-expected1064] FAILED [ 16%]
test_massive_scenarios.py::test_massive_skills_extraction[I know Node.js-expected1065] PASSED [ 16%]
test_massive_scenarios.py::test_massive_skills_extraction[Expert in Node.js-expected1066] PASSED [ 16%]
test_massive_scenarios.py::test_massive_skills_extraction[Used Node.js at my last job-expected1067] PASSED [ 16%]
test_massive_scenarios.py::test_massive_skills_extraction[Node.js is my main skill-expected1068] PASSED [ 16%]
test_massive_scenarios.py::test_massive_skills_extraction[Proficient with Node.js-expected1069] PASSED [ 16%]
test_massive_scenarios.py::test_massive_skills_extraction[I know Django-expected1070] PASSED [ 16%]
test_massive_scenarios.py::test_massive_skills_extraction[Expert in Django-expected1071] PASSED [ 16%]
test_massive_scenarios.py::test_massive_skills_extraction[Used Django at my last job-expected1072] PASSED [ 16%]
test_massive_scenarios.py::test_massive_skills_extraction[Django is my main skill-expected1073] PASSED [ 16%]
test_massive_scenarios.py::test_massive_skills_extraction[Proficient with Django-expected1074] PASSED [ 16%]
test_massive_scenarios.py::test_massive_skills_extraction[I know Flask-expected1075] PASSED [ 16%]
test_massive_scenarios.py::test_massive_skills_extraction[Expert in Flask-expected1076] PASSED [ 16%]
test_massive_scenarios.py::test_massive_skills_extraction[Used Flask at my last job-expected1077] PASSED [ 16%]
test_massive_scenarios.py::test_massive_skills_extraction[Flask is my main skill-expected1078] PASSED [ 16%]
test_massive_scenarios.py::test_massive_skills_extraction[Proficient with Flask-expected1079] PASSED [ 16%]
test_massive_scenarios.py::test_massive_skills_extraction[I know Spring-expected1080] PASSED [ 16%]
test_massive_scenarios.py::test_massive_skills_extraction[Expert in Spring-expected1081] PASSED [ 16%]
test_massive_scenarios.py::test_massive_skills_extraction[Used Spring at my last job-expected1082] PASSED [ 16%]
test_massive_scenarios.py::test_massive_skills_extraction[Spring is my main skill-expected1083] PASSED [ 16%]
test_massive_scenarios.py::test_massive_skills_extraction[Proficient with Spring-expected1084] PASSED [ 16%]
test_massive_scenarios.py::test_massive_skills_extraction[I know ASP.NET-expected1085] PASSED [ 16%]
test_massive_scenarios.py::test_massive_skills_extraction[Expert in ASP.NET-expected1086] PASSED [ 16%]
test_massive_scenarios.py::test_massive_skills_extraction[Used ASP.NET at my last job-expected1087] PASSED [ 16%]
test_massive_scenarios.py::test_massive_skills_extraction[ASP.NET is my main skill-expected1088] PASSED [ 16%]
test_massive_scenarios.py::test_massive_skills_extraction[Proficient with ASP.NET-expected1089] PASSED [ 16%]
test_massive_scenarios.py::test_massive_skills_extraction[I know GraphQL-expected1090] PASSED [ 16%]
test_massive_scenarios.py::test_massive_skills_extraction[Expert in GraphQL-expected1091] PASSED [ 16%]
test_massive_scenarios.py::test_massive_skills_extraction[Used GraphQL at my last job-expected1092] PASSED [ 16%]
test_massive_scenarios.py::test_massive_skills_extraction[GraphQL is my main skill-expected1093] PASSED [ 16%]
test_massive_scenarios.py::test_massive_skills_extraction[Proficient with GraphQL-expected1094] PASSED [ 16%]
test_massive_scenarios.py::test_massive_skills_extraction[I know PostgreSQL-expected1095] PASSED [ 16%]
test_massive_scenarios.py::test_massive_skills_extraction[Expert in PostgreSQL-expected1096] PASSED [ 16%]
test_massive_scenarios.py::test_massive_skills_extraction[Used PostgreSQL at my last job-expected1097] PASSED [ 16%]
test_massive_scenarios.py::test_massive_skills_extraction[PostgreSQL is my main skill-expected1098] PASSED [ 16%]
test_massive_scenarios.py::test_massive_skills_extraction[Proficient with PostgreSQL-expected1099] PASSED [ 16%]
test_massive_scenarios.py::test_massive_skills_extraction[I know MongoDB-expected1100] PASSED [ 16%]
test_massive_scenarios.py::test_massive_skills_extraction[Expert in MongoDB-expected1101] PASSED [ 16%]
test_massive_scenarios.py::test_massive_skills_extraction[Used MongoDB at my last job-expected1102] PASSED [ 16%]
test_massive_scenarios.py::test_massive_skills_extraction[MongoDB is my main skill-expected1103] PASSED [ 16%]
test_massive_scenarios.py::test_massive_skills_extraction[Proficient with MongoDB-expected1104] PASSED [ 16%]
test_massive_scenarios.py::test_massive_skills_extraction[I know Redis-expected1105] PASSED [ 16%]
test_massive_scenarios.py::test_massive_skills_extraction[Expert in Redis-expected1106] PASSED [ 16%]
test_massive_scenarios.py::test_massive_skills_extraction[Used Redis at my last job-expected1107] PASSED [ 16%]
test_massive_scenarios.py::test_massive_skills_extraction[Redis is my main skill-expected1108] PASSED [ 16%]
test_massive_scenarios.py::test_massive_skills_extraction[Proficient with Redis-expected1109] PASSED [ 16%]
test_massive_scenarios.py::test_massive_skills_extraction[I know Elasticsearch-expected1110] FAILED [ 16%]
test_massive_scenarios.py::test_massive_skills_extraction[Expert in Elasticsearch-expected1111] FAILED [ 17%]
test_massive_scenarios.py::test_massive_skills_extraction[Used Elasticsearch at my last job-expected1112] FAILED [ 17%]
test_massive_scenarios.py::test_massive_skills_extraction[Elasticsearch is my main skill-expected1113] FAILED [ 17%]
test_massive_scenarios.py::test_massive_skills_extraction[Proficient with Elasticsearch-expected1114] FAILED [ 17%]
test_massive_scenarios.py::test_massive_skills_extraction[I know Cassandra-expected1115] PASSED [ 17%]
test_massive_scenarios.py::test_massive_skills_extraction[Expert in Cassandra-expected1116] PASSED [ 17%]
test_massive_scenarios.py::test_massive_skills_extraction[Used Cassandra at my last job-expected1117] PASSED [ 17%]
test_massive_scenarios.py::test_massive_skills_extraction[Cassandra is my main skill-expected1118] PASSED [ 17%]
test_massive_scenarios.py::test_massive_skills_extraction[Proficient with Cassandra-expected1119] PASSED [ 17%]
test_massive_scenarios.py::test_massive_skills_extraction[I know Docker-expected1120] PASSED [ 17%]
test_massive_scenarios.py::test_massive_skills_extraction[Expert in Docker-expected1121] PASSED [ 17%]
test_massive_scenarios.py::test_massive_skills_extraction[Used Docker at my last job-expected1122] PASSED [ 17%]
test_massive_scenarios.py::test_massive_skills_extraction[Docker is my main skill-expected1123] PASSED [ 17%]
test_massive_scenarios.py::test_massive_skills_extraction[Proficient with Docker-expected1124] PASSED [ 17%]
test_massive_scenarios.py::test_massive_skills_extraction[I know Kubernetes-expected1125] PASSED [ 17%]
test_massive_scenarios.py::test_massive_skills_extraction[Expert in Kubernetes-expected1126] PASSED [ 17%]
test_massive_scenarios.py::test_massive_skills_extraction[Used Kubernetes at my last job-expected1127] PASSED [ 17%]
test_massive_scenarios.py::test_massive_skills_extraction[Kubernetes is my main skill-expected1128] PASSED [ 17%]
test_massive_scenarios.py::test_massive_skills_extraction[Proficient with Kubernetes-expected1129] PASSED [ 17%]
test_massive_scenarios.py::test_massive_skills_extraction[I know AWS-expected1130] PASSED [ 17%]
test_massive_scenarios.py::test_massive_skills_extraction[Expert in AWS-expected1131] PASSED [ 17%]
test_massive_scenarios.py::test_massive_skills_extraction[Used AWS at my last job-expected1132] PASSED [ 17%]
test_massive_scenarios.py::test_massive_skills_extraction[AWS is my main skill-expected1133] PASSED [ 17%]
test_massive_scenarios.py::test_massive_skills_extraction[Proficient with AWS-expected1134] PASSED [ 17%]
test_massive_scenarios.py::test_massive_skills_extraction[I know Azure-expected1135] PASSED [ 17%]
test_massive_scenarios.py::test_massive_skills_extraction[Expert in Azure-expected1136] PASSED [ 17%]
test_massive_scenarios.py::test_massive_skills_extraction[Used Azure at my last job-expected1137] PASSED [ 17%]
test_massive_scenarios.py::test_massive_skills_extraction[Azure is my main skill-expected1138] PASSED [ 17%]
test_massive_scenarios.py::test_massive_skills_extraction[Proficient with Azure-expected1139] PASSED [ 17%]
test_massive_scenarios.py::test_massive_skills_extraction[I know GCP-expected1140] FAILED [ 17%]
test_massive_scenarios.py::test_massive_skills_extraction[Expert in GCP-expected1141] FAILED [ 17%]
test_massive_scenarios.py::test_massive_skills_extraction[Used GCP at my last job-expected1142] FAILED [ 17%]
test_massive_scenarios.py::test_massive_skills_extraction[GCP is my main skill-expected1143] FAILED [ 17%]
test_massive_scenarios.py::test_massive_skills_extraction[Proficient with GCP-expected1144] FAILED [ 17%]
test_massive_scenarios.py::test_massive_skills_extraction[I know Terraform-expected1145] PASSED [ 17%]
test_massive_scenarios.py::test_massive_skills_extraction[Expert in Terraform-expected1146] PASSED [ 17%]
test_massive_scenarios.py::test_massive_skills_extraction[Used Terraform at my last job-expected1147] PASSED [ 17%]
test_massive_scenarios.py::test_massive_skills_extraction[Terraform is my main skill-expected1148] PASSED [ 17%]
test_massive_scenarios.py::test_massive_skills_extraction[Proficient with Terraform-expected1149] PASSED [ 17%]
test_massive_scenarios.py::test_massive_skills_extraction[I know Ansible-expected1150] PASSED [ 17%]
test_massive_scenarios.py::test_massive_skills_extraction[Expert in Ansible-expected1151] PASSED [ 17%]
test_massive_scenarios.py::test_massive_skills_extraction[Used Ansible at my last job-expected1152] PASSED [ 17%]
test_massive_scenarios.py::test_massive_skills_extraction[Ansible is my main skill-expected1153] PASSED [ 17%]
test_massive_scenarios.py::test_massive_skills_extraction[Proficient with Ansible-expected1154] PASSED [ 17%]
test_massive_scenarios.py::test_massive_skills_extraction[I know Jenkins-expected1155] PASSED [ 17%]
test_massive_scenarios.py::test_massive_skills_extraction[Expert in Jenkins-expected1156] PASSED [ 17%]
test_massive_scenarios.py::test_massive_skills_extraction[Used Jenkins at my last job-expected1157] PASSED [ 17%]
test_massive_scenarios.py::test_massive_skills_extraction[Jenkins is my main skill-expected1158] PASSED [ 17%]
test_massive_scenarios.py::test_massive_skills_extraction[Proficient with Jenkins-expected1159] PASSED [ 17%]
test_massive_scenarios.py::test_massive_skills_extraction[I know Git-expected1160] PASSED [ 17%]
test_massive_scenarios.py::test_massive_skills_extraction[Expert in Git-expected1161] PASSED [ 17%]
test_massive_scenarios.py::test_massive_skills_extraction[Used Git at my last job-expected1162] PASSED [ 17%]
test_massive_scenarios.py::test_massive_skills_extraction[Git is my main skill-expected1163] PASSED [ 17%]
test_massive_scenarios.py::test_massive_skills_extraction[Proficient with Git-expected1164] PASSED [ 17%]
test_massive_scenarios.py::test_massive_skills_extraction[I know Machine Learning-expected1165] PASSED [ 17%]
test_massive_scenarios.py::test_massive_skills_extraction[Expert in Machine Learning-expected1166] PASSED [ 17%]
test_massive_scenarios.py::test_massive_skills_extraction[Used Machine Learning at my last job-expected1167] PASSED [ 17%]
test_massive_scenarios.py::test_massive_skills_extraction[Machine Learning is my main skill-expected1168] PASSED [ 17%]
test_massive_scenarios.py::test_massive_skills_extraction[Proficient with Machine Learning-expected1169] PASSED [ 17%]
test_massive_scenarios.py::test_massive_skills_extraction[I know Deep Learning-expected1170] PASSED [ 17%]
test_massive_scenarios.py::test_massive_skills_extraction[Expert in Deep Learning-expected1171] PASSED [ 17%]
test_massive_scenarios.py::test_massive_skills_extraction[Used Deep Learning at my last job-expected1172] PASSED [ 17%]
test_massive_scenarios.py::test_massive_skills_extraction[Deep Learning is my main skill-expected1173] PASSED [ 17%]
test_massive_scenarios.py::test_massive_skills_extraction[Proficient with Deep Learning-expected1174] PASSED [ 17%]
test_massive_scenarios.py::test_massive_skills_extraction[I know TensorFlow-expected1175] PASSED [ 17%]
test_massive_scenarios.py::test_massive_skills_extraction[Expert in TensorFlow-expected1176] PASSED [ 17%]
test_massive_scenarios.py::test_massive_skills_extraction[Used TensorFlow at my last job-expected1177] PASSED [ 18%]
test_massive_scenarios.py::test_massive_skills_extraction[TensorFlow is my main skill-expected1178] PASSED [ 18%]
test_massive_scenarios.py::test_massive_skills_extraction[Proficient with TensorFlow-expected1179] PASSED [ 18%]
test_massive_scenarios.py::test_massive_skills_extraction[I know PyTorch-expected1180] PASSED [ 18%]
test_massive_scenarios.py::test_massive_skills_extraction[Expert in PyTorch-expected1181] PASSED [ 18%]
test_massive_scenarios.py::test_massive_skills_extraction[Used PyTorch at my last job-expected1182] PASSED [ 18%]
test_massive_scenarios.py::test_massive_skills_extraction[PyTorch is my main skill-expected1183] PASSED [ 18%]
test_massive_scenarios.py::test_massive_skills_extraction[Proficient with PyTorch-expected1184] PASSED [ 18%]
test_massive_scenarios.py::test_massive_skills_extraction[I know Pandas-expected1185] PASSED [ 18%]
test_massive_scenarios.py::test_massive_skills_extraction[Expert in Pandas-expected1186] PASSED [ 18%]
test_massive_scenarios.py::test_massive_skills_extraction[Used Pandas at my last job-expected1187] PASSED [ 18%]
test_massive_scenarios.py::test_massive_skills_extraction[Pandas is my main skill-expected1188] PASSED [ 18%]
test_massive_scenarios.py::test_massive_skills_extraction[Proficient with Pandas-expected1189] PASSED [ 18%]
test_massive_scenarios.py::test_massive_skills_extraction[I know NumPy-expected1190] PASSED [ 18%]
test_massive_scenarios.py::test_massive_skills_extraction[Expert in NumPy-expected1191] PASSED [ 18%]
test_massive_scenarios.py::test_massive_skills_extraction[Used NumPy at my last job-expected1192] PASSED [ 18%]
test_massive_scenarios.py::test_massive_skills_extraction[NumPy is my main skill-expected1193] PASSED [ 18%]
test_massive_scenarios.py::test_massive_skills_extraction[Proficient with NumPy-expected1194] PASSED [ 18%]
test_massive_scenarios.py::test_massive_skills_extraction[I know Scikit-Learn-expected1195] FAILED [ 18%]
test_massive_scenarios.py::test_massive_skills_extraction[Expert in Scikit-Learn-expected1196] FAILED [ 18%]
test_massive_scenarios.py::test_massive_skills_extraction[Used Scikit-Learn at my last job-expected1197] FAILED [ 18%]
test_massive_scenarios.py::test_massive_skills_extraction[Scikit-Learn is my main skill-expected1198] FAILED [ 18%]
test_massive_scenarios.py::test_massive_skills_extraction[Proficient with Scikit-Learn-expected1199] FAILED [ 18%]
test_massive_scenarios.py::test_massive_skills_extraction[I know Tableau-expected1200] FAILED [ 18%]
test_massive_scenarios.py::test_massive_skills_extraction[Expert in Tableau-expected1201] FAILED [ 18%]
test_massive_scenarios.py::test_massive_skills_extraction[Used Tableau at my last job-expected1202] FAILED [ 18%]
test_massive_scenarios.py::test_massive_skills_extraction[Tableau is my main skill-expected1203] FAILED [ 18%]
test_massive_scenarios.py::test_massive_skills_extraction[Proficient with Tableau-expected1204] FAILED [ 18%]
test_massive_scenarios.py::test_massive_skills_extraction[I know PowerBI-expected1205] FAILED [ 18%]
test_massive_scenarios.py::test_massive_skills_extraction[Expert in PowerBI-expected1206] FAILED [ 18%]
test_massive_scenarios.py::test_massive_skills_extraction[Used PowerBI at my last job-expected1207] FAILED [ 18%]
test_massive_scenarios.py::test_massive_skills_extraction[PowerBI is my main skill-expected1208] FAILED [ 18%]
test_massive_scenarios.py::test_massive_skills_extraction[Proficient with PowerBI-expected1209] FAILED [ 18%]
test_massive_scenarios.py::test_massive_skills_extraction[I know SQL-expected1210] PASSED [ 18%]
test_massive_scenarios.py::test_massive_skills_extraction[Expert in SQL-expected1211] PASSED [ 18%]
test_massive_scenarios.py::test_massive_skills_extraction[Used SQL at my last job-expected1212] PASSED [ 18%]
test_massive_scenarios.py::test_massive_skills_extraction[SQL is my main skill-expected1213] PASSED [ 18%]
test_massive_scenarios.py::test_massive_skills_extraction[Proficient with SQL-expected1214] PASSED [ 18%]
test_massive_scenarios.py::test_massive_skills_extraction[I know NoSQL-expected1215] FAILED [ 18%]
test_massive_scenarios.py::test_massive_skills_extraction[Expert in NoSQL-expected1216] FAILED [ 18%]
test_massive_scenarios.py::test_massive_skills_extraction[Used NoSQL at my last job-expected1217] FAILED [ 18%]
test_massive_scenarios.py::test_massive_skills_extraction[NoSQL is my main skill-expected1218] FAILED [ 18%]
test_massive_scenarios.py::test_massive_skills_extraction[Proficient with NoSQL-expected1219] FAILED [ 18%]
test_massive_scenarios.py::test_massive_skills_extraction[I know Snowflake-expected1220] FAILED [ 18%]
test_massive_scenarios.py::test_massive_skills_extraction[Expert in Snowflake-expected1221] FAILED [ 18%]
test_massive_scenarios.py::test_massive_skills_extraction[Used Snowflake at my last job-expected1222] FAILED [ 18%]
test_massive_scenarios.py::test_massive_skills_extraction[Snowflake is my main skill-expected1223] FAILED [ 18%]
test_massive_scenarios.py::test_massive_skills_extraction[Proficient with Snowflake-expected1224] FAILED [ 18%]
test_massive_scenarios.py::test_massive_skills_extraction[I know BigQuery-expected1225] FAILED [ 18%]
test_massive_scenarios.py::test_massive_skills_extraction[Expert in BigQuery-expected1226] FAILED [ 18%]
test_massive_scenarios.py::test_massive_skills_extraction[Used BigQuery at my last job-expected1227] FAILED [ 18%]
test_massive_scenarios.py::test_massive_skills_extraction[BigQuery is my main skill-expected1228] FAILED [ 18%]
test_massive_scenarios.py::test_massive_skills_extraction[Proficient with BigQuery-expected1229] FAILED [ 18%]
test_massive_scenarios.py::test_massive_skills_extraction[I know Spark-expected1230] FAILED [ 18%]
test_massive_scenarios.py::test_massive_skills_extraction[Expert in Spark-expected1231] FAILED [ 18%]
test_massive_scenarios.py::test_massive_skills_extraction[Used Spark at my last job-expected1232] FAILED [ 18%]
test_massive_scenarios.py::test_massive_skills_extraction[Spark is my main skill-expected1233] FAILED [ 18%]
test_massive_scenarios.py::test_massive_skills_extraction[Proficient with Spark-expected1234] FAILED [ 18%]
test_massive_scenarios.py::test_massive_skills_extraction[I know Hadoop-expected1235] FAILED [ 18%]
test_massive_scenarios.py::test_massive_skills_extraction[Expert in Hadoop-expected1236] FAILED [ 18%]
test_massive_scenarios.py::test_massive_skills_extraction[Used Hadoop at my last job-expected1237] FAILED [ 18%]
test_massive_scenarios.py::test_massive_skills_extraction[Hadoop is my main skill-expected1238] FAILED [ 18%]
test_massive_scenarios.py::test_massive_skills_extraction[Proficient with Hadoop-expected1239] FAILED [ 18%]
test_massive_scenarios.py::test_massive_skills_extraction[I know Flink-expected1240] FAILED [ 18%]
test_massive_scenarios.py::test_massive_skills_extraction[Expert in Flink-expected1241] FAILED [ 18%]
test_massive_scenarios.py::test_massive_skills_extraction[Used Flink at my last job-expected1242] FAILED [ 19%]
test_massive_scenarios.py::test_massive_skills_extraction[Flink is my main skill-expected1243] FAILED [ 19%]
test_massive_scenarios.py::test_massive_skills_extraction[Proficient with Flink-expected1244] FAILED [ 19%]
test_massive_scenarios.py::test_massive_skills_extraction[I know Kafka-expected1245] FAILED [ 19%]
test_massive_scenarios.py::test_massive_skills_extraction[Expert in Kafka-expected1246] FAILED [ 19%]
test_massive_scenarios.py::test_massive_skills_extraction[Used Kafka at my last job-expected1247] FAILED [ 19%]
test_massive_scenarios.py::test_massive_skills_extraction[Kafka is my main skill-expected1248] FAILED [ 19%]
test_massive_scenarios.py::test_massive_skills_extraction[Proficient with Kafka-expected1249] FAILED [ 19%]
test_massive_scenarios.py::test_massive_skills_extraction[I know Python-expected1250] PASSED [ 19%]
test_massive_scenarios.py::test_massive_skills_extraction[Expert in Python-expected1251] PASSED [ 19%]
test_massive_scenarios.py::test_massive_skills_extraction[Used Python at my last job-expected1252] PASSED [ 19%]
test_massive_scenarios.py::test_massive_skills_extraction[Python is my main skill-expected1253] PASSED [ 19%]
test_massive_scenarios.py::test_massive_skills_extraction[Proficient with Python-expected1254] PASSED [ 19%]
test_massive_scenarios.py::test_massive_skills_extraction[I know Java-expected1255] PASSED [ 19%]
test_massive_scenarios.py::test_massive_skills_extraction[Expert in Java-expected1256] PASSED [ 19%]
test_massive_scenarios.py::test_massive_skills_extraction[Used Java at my last job-expected1257] PASSED [ 19%]
test_massive_scenarios.py::test_massive_skills_extraction[Java is my main skill-expected1258] PASSED [ 19%]
test_massive_scenarios.py::test_massive_skills_extraction[Proficient with Java-expected1259] PASSED [ 19%]
test_massive_scenarios.py::test_massive_skills_extraction[I know C++-expected1260] PASSED [ 19%]
test_massive_scenarios.py::test_massive_skills_extraction[Expert in C++-expected1261] PASSED [ 19%]
test_massive_scenarios.py::test_massive_skills_extraction[Used C++ at my last job-expected1262] PASSED [ 19%]
test_massive_scenarios.py::test_massive_skills_extraction[C++ is my main skill-expected1263] PASSED [ 19%]
test_massive_scenarios.py::test_massive_skills_extraction[Proficient with C++-expected1264] PASSED [ 19%]
test_massive_scenarios.py::test_massive_skills_extraction[I know C#-expected1265] PASSED [ 19%]
test_massive_scenarios.py::test_massive_skills_extraction[Expert in C#-expected1266] PASSED [ 19%]
test_massive_scenarios.py::test_massive_skills_extraction[Used C# at my last job-expected1267] PASSED [ 19%]
test_massive_scenarios.py::test_massive_skills_extraction[C# is my main skill-expected1268] PASSED [ 19%]
test_massive_scenarios.py::test_massive_skills_extraction[Proficient with C#-expected1269] PASSED [ 19%]
test_massive_scenarios.py::test_massive_skills_extraction[I know Go-expected1270] PASSED [ 19%]
test_massive_scenarios.py::test_massive_skills_extraction[Expert in Go-expected1271] PASSED [ 19%]
test_massive_scenarios.py::test_massive_skills_extraction[Used Go at my last job-expected1272] PASSED [ 19%]
test_massive_scenarios.py::test_massive_skills_extraction[Go is my main skill-expected1273] PASSED [ 19%]
test_massive_scenarios.py::test_massive_skills_extraction[Proficient with Go-expected1274] PASSED [ 19%]
test_massive_scenarios.py::test_massive_skills_extraction[I know Rust-expected1275] PASSED [ 19%]
test_massive_scenarios.py::test_massive_skills_extraction[Expert in Rust-expected1276] PASSED [ 19%]
test_massive_scenarios.py::test_massive_skills_extraction[Used Rust at my last job-expected1277] PASSED [ 19%]
test_massive_scenarios.py::test_massive_skills_extraction[Rust is my main skill-expected1278] PASSED [ 19%]
test_massive_scenarios.py::test_massive_skills_extraction[Proficient with Rust-expected1279] PASSED [ 19%]
test_massive_scenarios.py::test_massive_skills_extraction[I know Swift-expected1280] PASSED [ 19%]
test_massive_scenarios.py::test_massive_skills_extraction[Expert in Swift-expected1281] PASSED [ 19%]
test_massive_scenarios.py::test_massive_skills_extraction[Used Swift at my last job-expected1282] PASSED [ 19%]
test_massive_scenarios.py::test_massive_skills_extraction[Swift is my main skill-expected1283] PASSED [ 19%]
test_massive_scenarios.py::test_massive_skills_extraction[Proficient with Swift-expected1284] PASSED [ 19%]
test_massive_scenarios.py::test_massive_skills_extraction[I know Kotlin-expected1285] PASSED [ 19%]
test_massive_scenarios.py::test_massive_skills_extraction[Expert in Kotlin-expected1286] PASSED [ 19%]
test_massive_scenarios.py::test_massive_skills_extraction[Used Kotlin at my last job-expected1287] PASSED [ 19%]
test_massive_scenarios.py::test_massive_skills_extraction[Kotlin is my main skill-expected1288] PASSED [ 19%]
test_massive_scenarios.py::test_massive_skills_extraction[Proficient with Kotlin-expected1289] PASSED [ 19%]
test_massive_scenarios.py::test_massive_skills_extraction[I know TypeScript-expected1290] PASSED [ 19%]
test_massive_scenarios.py::test_massive_skills_extraction[Expert in TypeScript-expected1291] PASSED [ 19%]
test_massive_scenarios.py::test_massive_skills_extraction[Used TypeScript at my last job-expected1292] PASSED [ 19%]
test_massive_scenarios.py::test_massive_skills_extraction[TypeScript is my main skill-expected1293] PASSED [ 19%]
test_massive_scenarios.py::test_massive_skills_extraction[Proficient with TypeScript-expected1294] PASSED [ 19%]
test_massive_scenarios.py::test_massive_skills_extraction[I know JavaScript-expected1295] PASSED [ 19%]
test_massive_scenarios.py::test_massive_skills_extraction[Expert in JavaScript-expected1296] PASSED [ 19%]
test_massive_scenarios.py::test_massive_skills_extraction[Used JavaScript at my last job-expected1297] PASSED [ 19%]
test_massive_scenarios.py::test_massive_skills_extraction[JavaScript is my main skill-expected1298] PASSED [ 19%]
test_massive_scenarios.py::test_massive_skills_extraction[Proficient with JavaScript-expected1299] PASSED [ 19%]
test_massive_scenarios.py::test_massive_skills_extraction[I know React-expected1300] PASSED [ 19%]
test_massive_scenarios.py::test_massive_skills_extraction[Expert in React-expected1301] PASSED [ 19%]
test_massive_scenarios.py::test_massive_skills_extraction[Used React at my last job-expected1302] PASSED [ 19%]
test_massive_scenarios.py::test_massive_skills_extraction[React is my main skill-expected1303] PASSED [ 19%]
test_massive_scenarios.py::test_massive_skills_extraction[Proficient with React-expected1304] PASSED [ 19%]
test_massive_scenarios.py::test_massive_skills_extraction[I know Angular-expected1305] PASSED [ 19%]
test_massive_scenarios.py::test_massive_skills_extraction[Expert in Angular-expected1306] PASSED [ 19%]
test_massive_scenarios.py::test_massive_skills_extraction[Used Angular at my last job-expected1307] PASSED [ 19%]
test_massive_scenarios.py::test_massive_skills_extraction[Angular is my main skill-expected1308] PASSED [ 20%]
test_massive_scenarios.py::test_massive_skills_extraction[Proficient with Angular-expected1309] PASSED [ 20%]
test_massive_scenarios.py::test_massive_skills_extraction[I know Vue-expected1310] FAILED [ 20%]
test_massive_scenarios.py::test_massive_skills_extraction[Expert in Vue-expected1311] FAILED [ 20%]
test_massive_scenarios.py::test_massive_skills_extraction[Used Vue at my last job-expected1312] FAILED [ 20%]
test_massive_scenarios.py::test_massive_skills_extraction[Vue is my main skill-expected1313] FAILED [ 20%]
test_massive_scenarios.py::test_massive_skills_extraction[Proficient with Vue-expected1314] FAILED [ 20%]
test_massive_scenarios.py::test_massive_skills_extraction[I know Node.js-expected1315] PASSED [ 20%]
test_massive_scenarios.py::test_massive_skills_extraction[Expert in Node.js-expected1316] PASSED [ 20%]
test_massive_scenarios.py::test_massive_skills_extraction[Used Node.js at my last job-expected1317] PASSED [ 20%]
test_massive_scenarios.py::test_massive_skills_extraction[Node.js is my main skill-expected1318] PASSED [ 20%]
test_massive_scenarios.py::test_massive_skills_extraction[Proficient with Node.js-expected1319] PASSED [ 20%]
test_massive_scenarios.py::test_massive_skills_extraction[I know Django-expected1320] PASSED [ 20%]
test_massive_scenarios.py::test_massive_skills_extraction[Expert in Django-expected1321] PASSED [ 20%]
test_massive_scenarios.py::test_massive_skills_extraction[Used Django at my last job-expected1322] PASSED [ 20%]
test_massive_scenarios.py::test_massive_skills_extraction[Django is my main skill-expected1323] PASSED [ 20%]
test_massive_scenarios.py::test_massive_skills_extraction[Proficient with Django-expected1324] PASSED [ 20%]
test_massive_scenarios.py::test_massive_skills_extraction[I know Flask-expected1325] PASSED [ 20%]
test_massive_scenarios.py::test_massive_skills_extraction[Expert in Flask-expected1326] PASSED [ 20%]
test_massive_scenarios.py::test_massive_skills_extraction[Used Flask at my last job-expected1327] PASSED [ 20%]
test_massive_scenarios.py::test_massive_skills_extraction[Flask is my main skill-expected1328] PASSED [ 20%]
test_massive_scenarios.py::test_massive_skills_extraction[Proficient with Flask-expected1329] PASSED [ 20%]
test_massive_scenarios.py::test_massive_skills_extraction[I know Spring-expected1330] PASSED [ 20%]
test_massive_scenarios.py::test_massive_skills_extraction[Expert in Spring-expected1331] PASSED [ 20%]
test_massive_scenarios.py::test_massive_skills_extraction[Used Spring at my last job-expected1332] PASSED [ 20%]
test_massive_scenarios.py::test_massive_skills_extraction[Spring is my main skill-expected1333] PASSED [ 20%]
test_massive_scenarios.py::test_massive_skills_extraction[Proficient with Spring-expected1334] PASSED [ 20%]
test_massive_scenarios.py::test_massive_skills_extraction[I know ASP.NET-expected1335] PASSED [ 20%]
test_massive_scenarios.py::test_massive_skills_extraction[Expert in ASP.NET-expected1336] PASSED [ 20%]
test_massive_scenarios.py::test_massive_skills_extraction[Used ASP.NET at my last job-expected1337] PASSED [ 20%]
test_massive_scenarios.py::test_massive_skills_extraction[ASP.NET is my main skill-expected1338] PASSED [ 20%]
test_massive_scenarios.py::test_massive_skills_extraction[Proficient with ASP.NET-expected1339] PASSED [ 20%]
test_massive_scenarios.py::test_massive_skills_extraction[I know GraphQL-expected1340] PASSED [ 20%]
test_massive_scenarios.py::test_massive_skills_extraction[Expert in GraphQL-expected1341] PASSED [ 20%]
test_massive_scenarios.py::test_massive_skills_extraction[Used GraphQL at my last job-expected1342] PASSED [ 20%]
test_massive_scenarios.py::test_massive_skills_extraction[GraphQL is my main skill-expected1343] PASSED [ 20%]
test_massive_scenarios.py::test_massive_skills_extraction[Proficient with GraphQL-expected1344] PASSED [ 20%]
test_massive_scenarios.py::test_massive_skills_extraction[I know PostgreSQL-expected1345] PASSED [ 20%]
test_massive_scenarios.py::test_massive_skills_extraction[Expert in PostgreSQL-expected1346] PASSED [ 20%]
test_massive_scenarios.py::test_massive_skills_extraction[Used PostgreSQL at my last job-expected1347] PASSED [ 20%]
test_massive_scenarios.py::test_massive_skills_extraction[PostgreSQL is my main skill-expected1348] PASSED [ 20%]
test_massive_scenarios.py::test_massive_skills_extraction[Proficient with PostgreSQL-expected1349] PASSED [ 20%]
test_massive_scenarios.py::test_massive_skills_extraction[I know MongoDB-expected1350] PASSED [ 20%]
test_massive_scenarios.py::test_massive_skills_extraction[Expert in MongoDB-expected1351] PASSED [ 20%]
test_massive_scenarios.py::test_massive_skills_extraction[Used MongoDB at my last job-expected1352] PASSED [ 20%]
test_massive_scenarios.py::test_massive_skills_extraction[MongoDB is my main skill-expected1353] PASSED [ 20%]
test_massive_scenarios.py::test_massive_skills_extraction[Proficient with MongoDB-expected1354] PASSED [ 20%]
test_massive_scenarios.py::test_massive_skills_extraction[I know Redis-expected1355] PASSED [ 20%]
test_massive_scenarios.py::test_massive_skills_extraction[Expert in Redis-expected1356] PASSED [ 20%]
test_massive_scenarios.py::test_massive_skills_extraction[Used Redis at my last job-expected1357] PASSED [ 20%]
test_massive_scenarios.py::test_massive_skills_extraction[Redis is my main skill-expected1358] PASSED [ 20%]
test_massive_scenarios.py::test_massive_skills_extraction[Proficient with Redis-expected1359] PASSED [ 20%]
test_massive_scenarios.py::test_massive_skills_extraction[I know Elasticsearch-expected1360] FAILED [ 20%]
test_massive_scenarios.py::test_massive_skills_extraction[Expert in Elasticsearch-expected1361] FAILED [ 20%]
test_massive_scenarios.py::test_massive_skills_extraction[Used Elasticsearch at my last job-expected1362] FAILED [ 20%]
test_massive_scenarios.py::test_massive_skills_extraction[Elasticsearch is my main skill-expected1363] FAILED [ 20%]
test_massive_scenarios.py::test_massive_skills_extraction[Proficient with Elasticsearch-expected1364] FAILED [ 20%]
test_massive_scenarios.py::test_massive_skills_extraction[I know Cassandra-expected1365] PASSED [ 20%]
test_massive_scenarios.py::test_massive_skills_extraction[Expert in Cassandra-expected1366] PASSED [ 20%]
test_massive_scenarios.py::test_massive_skills_extraction[Used Cassandra at my last job-expected1367] PASSED [ 20%]
test_massive_scenarios.py::test_massive_skills_extraction[Cassandra is my main skill-expected1368] PASSED [ 20%]
test_massive_scenarios.py::test_massive_skills_extraction[Proficient with Cassandra-expected1369] PASSED [ 20%]
test_massive_scenarios.py::test_massive_skills_extraction[I know Docker-expected1370] PASSED [ 20%]
test_massive_scenarios.py::test_massive_skills_extraction[Expert in Docker-expected1371] PASSED [ 20%]
test_massive_scenarios.py::test_massive_skills_extraction[Used Docker at my last job-expected1372] PASSED [ 20%]
test_massive_scenarios.py::test_massive_skills_extraction[Docker is my main skill-expected1373] PASSED [ 21%]
test_massive_scenarios.py::test_massive_skills_extraction[Proficient with Docker-expected1374] PASSED [ 21%]
test_massive_scenarios.py::test_massive_skills_extraction[I know Kubernetes-expected1375] PASSED [ 21%]
test_massive_scenarios.py::test_massive_skills_extraction[Expert in Kubernetes-expected1376] PASSED [ 21%]
test_massive_scenarios.py::test_massive_skills_extraction[Used Kubernetes at my last job-expected1377] PASSED [ 21%]
test_massive_scenarios.py::test_massive_skills_extraction[Kubernetes is my main skill-expected1378] PASSED [ 21%]
test_massive_scenarios.py::test_massive_skills_extraction[Proficient with Kubernetes-expected1379] PASSED [ 21%]
test_massive_scenarios.py::test_massive_skills_extraction[I know AWS-expected1380] PASSED [ 21%]
test_massive_scenarios.py::test_massive_skills_extraction[Expert in AWS-expected1381] PASSED [ 21%]
test_massive_scenarios.py::test_massive_skills_extraction[Used AWS at my last job-expected1382] PASSED [ 21%]
test_massive_scenarios.py::test_massive_skills_extraction[AWS is my main skill-expected1383] PASSED [ 21%]
test_massive_scenarios.py::test_massive_skills_extraction[Proficient with AWS-expected1384] PASSED [ 21%]
test_massive_scenarios.py::test_massive_skills_extraction[I know Azure-expected1385] PASSED [ 21%]
test_massive_scenarios.py::test_massive_skills_extraction[Expert in Azure-expected1386] PASSED [ 21%]
test_massive_scenarios.py::test_massive_skills_extraction[Used Azure at my last job-expected1387] PASSED [ 21%]
test_massive_scenarios.py::test_massive_skills_extraction[Azure is my main skill-expected1388] PASSED [ 21%]
test_massive_scenarios.py::test_massive_skills_extraction[Proficient with Azure-expected1389] PASSED [ 21%]
test_massive_scenarios.py::test_massive_skills_extraction[I know GCP-expected1390] FAILED [ 21%]
test_massive_scenarios.py::test_massive_skills_extraction[Expert in GCP-expected1391] FAILED [ 21%]
test_massive_scenarios.py::test_massive_skills_extraction[Used GCP at my last job-expected1392] FAILED [ 21%]
test_massive_scenarios.py::test_massive_skills_extraction[GCP is my main skill-expected1393] FAILED [ 21%]
test_massive_scenarios.py::test_massive_skills_extraction[Proficient with GCP-expected1394] FAILED [ 21%]
test_massive_scenarios.py::test_massive_skills_extraction[I know Terraform-expected1395] PASSED [ 21%]
test_massive_scenarios.py::test_massive_skills_extraction[Expert in Terraform-expected1396] PASSED [ 21%]
test_massive_scenarios.py::test_massive_skills_extraction[Used Terraform at my last job-expected1397] PASSED [ 21%]
test_massive_scenarios.py::test_massive_skills_extraction[Terraform is my main skill-expected1398] PASSED [ 21%]
test_massive_scenarios.py::test_massive_skills_extraction[Proficient with Terraform-expected1399] PASSED [ 21%]
test_massive_scenarios.py::test_massive_skills_extraction[I know Ansible-expected1400] PASSED [ 21%]
test_massive_scenarios.py::test_massive_skills_extraction[Expert in Ansible-expected1401] PASSED [ 21%]
test_massive_scenarios.py::test_massive_skills_extraction[Used Ansible at my last job-expected1402] PASSED [ 21%]
test_massive_scenarios.py::test_massive_skills_extraction[Ansible is my main skill-expected1403] PASSED [ 21%]
test_massive_scenarios.py::test_massive_skills_extraction[Proficient with Ansible-expected1404] PASSED [ 21%]
test_massive_scenarios.py::test_massive_skills_extraction[I know Jenkins-expected1405] PASSED [ 21%]
test_massive_scenarios.py::test_massive_skills_extraction[Expert in Jenkins-expected1406] PASSED [ 21%]
test_massive_scenarios.py::test_massive_skills_extraction[Used Jenkins at my last job-expected1407] PASSED [ 21%]
test_massive_scenarios.py::test_massive_skills_extraction[Jenkins is my main skill-expected1408] PASSED [ 21%]
test_massive_scenarios.py::test_massive_skills_extraction[Proficient with Jenkins-expected1409] PASSED [ 21%]
test_massive_scenarios.py::test_massive_skills_extraction[I know Git-expected1410] PASSED [ 21%]
test_massive_scenarios.py::test_massive_skills_extraction[Expert in Git-expected1411] PASSED [ 21%]
test_massive_scenarios.py::test_massive_skills_extraction[Used Git at my last job-expected1412] PASSED [ 21%]
test_massive_scenarios.py::test_massive_skills_extraction[Git is my main skill-expected1413] PASSED [ 21%]
test_massive_scenarios.py::test_massive_skills_extraction[Proficient with Git-expected1414] PASSED [ 21%]
test_massive_scenarios.py::test_massive_skills_extraction[I know Machine Learning-expected1415] PASSED [ 21%]
test_massive_scenarios.py::test_massive_skills_extraction[Expert in Machine Learning-expected1416] PASSED [ 21%]
test_massive_scenarios.py::test_massive_skills_extraction[Used Machine Learning at my last job-expected1417] PASSED [ 21%]
test_massive_scenarios.py::test_massive_skills_extraction[Machine Learning is my main skill-expected1418] PASSED [ 21%]
test_massive_scenarios.py::test_massive_skills_extraction[Proficient with Machine Learning-expected1419] PASSED [ 21%]
test_massive_scenarios.py::test_massive_skills_extraction[I know Deep Learning-expected1420] PASSED [ 21%]
test_massive_scenarios.py::test_massive_skills_extraction[Expert in Deep Learning-expected1421] PASSED [ 21%]
test_massive_scenarios.py::test_massive_skills_extraction[Used Deep Learning at my last job-expected1422] PASSED [ 21%]
test_massive_scenarios.py::test_massive_skills_extraction[Deep Learning is my main skill-expected1423] PASSED [ 21%]
test_massive_scenarios.py::test_massive_skills_extraction[Proficient with Deep Learning-expected1424] PASSED [ 21%]
test_massive_scenarios.py::test_massive_skills_extraction[I know TensorFlow-expected1425] PASSED [ 21%]
test_massive_scenarios.py::test_massive_skills_extraction[Expert in TensorFlow-expected1426] PASSED [ 21%]
test_massive_scenarios.py::test_massive_skills_extraction[Used TensorFlow at my last job-expected1427] PASSED [ 21%]
test_massive_scenarios.py::test_massive_skills_extraction[TensorFlow is my main skill-expected1428] PASSED [ 21%]
test_massive_scenarios.py::test_massive_skills_extraction[Proficient with TensorFlow-expected1429] PASSED [ 21%]
test_massive_scenarios.py::test_massive_skills_extraction[I know PyTorch-expected1430] PASSED [ 21%]
test_massive_scenarios.py::test_massive_skills_extraction[Expert in PyTorch-expected1431] PASSED [ 21%]
test_massive_scenarios.py::test_massive_skills_extraction[Used PyTorch at my last job-expected1432] PASSED [ 21%]
test_massive_scenarios.py::test_massive_skills_extraction[PyTorch is my main skill-expected1433] PASSED [ 21%]
test_massive_scenarios.py::test_massive_skills_extraction[Proficient with PyTorch-expected1434] PASSED [ 21%]
test_massive_scenarios.py::test_massive_skills_extraction[I know Pandas-expected1435] PASSED [ 21%]
test_massive_scenarios.py::test_massive_skills_extraction[Expert in Pandas-expected1436] PASSED [ 21%]
test_massive_scenarios.py::test_massive_skills_extraction[Used Pandas at my last job-expected1437] PASSED [ 21%]
test_massive_scenarios.py::test_massive_skills_extraction[Pandas is my main skill-expected1438] PASSED [ 21%]
test_massive_scenarios.py::test_massive_skills_extraction[Proficient with Pandas-expected1439] PASSED [ 22%]
test_massive_scenarios.py::test_massive_skills_extraction[I know NumPy-expected1440] PASSED [ 22%]
test_massive_scenarios.py::test_massive_skills_extraction[Expert in NumPy-expected1441] PASSED [ 22%]
test_massive_scenarios.py::test_massive_skills_extraction[Used NumPy at my last job-expected1442] PASSED [ 22%]
test_massive_scenarios.py::test_massive_skills_extraction[NumPy is my main skill-expected1443] PASSED [ 22%]
test_massive_scenarios.py::test_massive_skills_extraction[Proficient with NumPy-expected1444] PASSED [ 22%]
test_massive_scenarios.py::test_massive_skills_extraction[I know Scikit-Learn-expected1445] FAILED [ 22%]
test_massive_scenarios.py::test_massive_skills_extraction[Expert in Scikit-Learn-expected1446] FAILED [ 22%]
test_massive_scenarios.py::test_massive_skills_extraction[Used Scikit-Learn at my last job-expected1447] FAILED [ 22%]
test_massive_scenarios.py::test_massive_skills_extraction[Scikit-Learn is my main skill-expected1448] FAILED [ 22%]
test_massive_scenarios.py::test_massive_skills_extraction[Proficient with Scikit-Learn-expected1449] FAILED [ 22%]
test_massive_scenarios.py::test_massive_skills_extraction[I know Tableau-expected1450] FAILED [ 22%]
test_massive_scenarios.py::test_massive_skills_extraction[Expert in Tableau-expected1451] FAILED [ 22%]
test_massive_scenarios.py::test_massive_skills_extraction[Used Tableau at my last job-expected1452] FAILED [ 22%]
test_massive_scenarios.py::test_massive_skills_extraction[Tableau is my main skill-expected1453] FAILED [ 22%]
test_massive_scenarios.py::test_massive_skills_extraction[Proficient with Tableau-expected1454] FAILED [ 22%]
test_massive_scenarios.py::test_massive_skills_extraction[I know PowerBI-expected1455] FAILED [ 22%]
test_massive_scenarios.py::test_massive_skills_extraction[Expert in PowerBI-expected1456] FAILED [ 22%]
test_massive_scenarios.py::test_massive_skills_extraction[Used PowerBI at my last job-expected1457] FAILED [ 22%]
test_massive_scenarios.py::test_massive_skills_extraction[PowerBI is my main skill-expected1458] FAILED [ 22%]
test_massive_scenarios.py::test_massive_skills_extraction[Proficient with PowerBI-expected1459] FAILED [ 22%]
test_massive_scenarios.py::test_massive_skills_extraction[I know SQL-expected1460] PASSED [ 22%]
test_massive_scenarios.py::test_massive_skills_extraction[Expert in SQL-expected1461] PASSED [ 22%]
test_massive_scenarios.py::test_massive_skills_extraction[Used SQL at my last job-expected1462] PASSED [ 22%]
test_massive_scenarios.py::test_massive_skills_extraction[SQL is my main skill-expected1463] PASSED [ 22%]
test_massive_scenarios.py::test_massive_skills_extraction[Proficient with SQL-expected1464] PASSED [ 22%]
test_massive_scenarios.py::test_massive_skills_extraction[I know NoSQL-expected1465] FAILED [ 22%]
test_massive_scenarios.py::test_massive_skills_extraction[Expert in NoSQL-expected1466] FAILED [ 22%]
test_massive_scenarios.py::test_massive_skills_extraction[Used NoSQL at my last job-expected1467] FAILED [ 22%]
test_massive_scenarios.py::test_massive_skills_extraction[NoSQL is my main skill-expected1468] FAILED [ 22%]
test_massive_scenarios.py::test_massive_skills_extraction[Proficient with NoSQL-expected1469] FAILED [ 22%]
test_massive_scenarios.py::test_massive_skills_extraction[I know Snowflake-expected1470] FAILED [ 22%]
test_massive_scenarios.py::test_massive_skills_extraction[Expert in Snowflake-expected1471] FAILED [ 22%]
test_massive_scenarios.py::test_massive_skills_extraction[Used Snowflake at my last job-expected1472] FAILED [ 22%]
test_massive_scenarios.py::test_massive_skills_extraction[Snowflake is my main skill-expected1473] FAILED [ 22%]
test_massive_scenarios.py::test_massive_skills_extraction[Proficient with Snowflake-expected1474] FAILED [ 22%]
test_massive_scenarios.py::test_massive_skills_extraction[I know BigQuery-expected1475] FAILED [ 22%]
test_massive_scenarios.py::test_massive_skills_extraction[Expert in BigQuery-expected1476] FAILED [ 22%]
test_massive_scenarios.py::test_massive_skills_extraction[Used BigQuery at my last job-expected1477] FAILED [ 22%]
test_massive_scenarios.py::test_massive_skills_extraction[BigQuery is my main skill-expected1478] FAILED [ 22%]
test_massive_scenarios.py::test_massive_skills_extraction[Proficient with BigQuery-expected1479] FAILED [ 22%]
test_massive_scenarios.py::test_massive_skills_extraction[I know Spark-expected1480] FAILED [ 22%]
test_massive_scenarios.py::test_massive_skills_extraction[Expert in Spark-expected1481] FAILED [ 22%]
test_massive_scenarios.py::test_massive_skills_extraction[Used Spark at my last job-expected1482] FAILED [ 22%]
test_massive_scenarios.py::test_massive_skills_extraction[Spark is my main skill-expected1483] FAILED [ 22%]
test_massive_scenarios.py::test_massive_skills_extraction[Proficient with Spark-expected1484] FAILED [ 22%]
test_massive_scenarios.py::test_massive_skills_extraction[I know Hadoop-expected1485] FAILED [ 22%]
test_massive_scenarios.py::test_massive_skills_extraction[Expert in Hadoop-expected1486] FAILED [ 22%]
test_massive_scenarios.py::test_massive_skills_extraction[Used Hadoop at my last job-expected1487] FAILED [ 22%]
test_massive_scenarios.py::test_massive_skills_extraction[Hadoop is my main skill-expected1488] FAILED [ 22%]
test_massive_scenarios.py::test_massive_skills_extraction[Proficient with Hadoop-expected1489] FAILED [ 22%]
test_massive_scenarios.py::test_massive_skills_extraction[I know Flink-expected1490] FAILED [ 22%]
test_massive_scenarios.py::test_massive_skills_extraction[Expert in Flink-expected1491] FAILED [ 22%]
test_massive_scenarios.py::test_massive_skills_extraction[Used Flink at my last job-expected1492] FAILED [ 22%]
test_massive_scenarios.py::test_massive_skills_extraction[Flink is my main skill-expected1493] FAILED [ 22%]
test_massive_scenarios.py::test_massive_skills_extraction[Proficient with Flink-expected1494] FAILED [ 22%]
test_massive_scenarios.py::test_massive_skills_extraction[I know Kafka-expected1495] FAILED [ 22%]
test_massive_scenarios.py::test_massive_skills_extraction[Expert in Kafka-expected1496] FAILED [ 22%]
test_massive_scenarios.py::test_massive_skills_extraction[Used Kafka at my last job-expected1497] FAILED [ 22%]
test_massive_scenarios.py::test_massive_skills_extraction[Kafka is my main skill-expected1498] FAILED [ 22%]
test_massive_scenarios.py::test_massive_skills_extraction[Proficient with Kafka-expected1499] FAILED [ 22%]
test_massive_scenarios.py::test_massive_skills_extraction[I know Python-expected1500] PASSED [ 22%]
test_massive_scenarios.py::test_massive_skills_extraction[Expert in Python-expected1501] PASSED [ 22%]
test_massive_scenarios.py::test_massive_skills_extraction[Used Python at my last job-expected1502] PASSED [ 22%]
test_massive_scenarios.py::test_massive_skills_extraction[Python is my main skill-expected1503] PASSED [ 22%]
test_massive_scenarios.py::test_massive_skills_extraction[Proficient with Python-expected1504] PASSED [ 23%]
test_massive_scenarios.py::test_massive_skills_extraction[I know Java-expected1505] PASSED [ 23%]
test_massive_scenarios.py::test_massive_skills_extraction[Expert in Java-expected1506] PASSED [ 23%]
test_massive_scenarios.py::test_massive_skills_extraction[Used Java at my last job-expected1507] PASSED [ 23%]
test_massive_scenarios.py::test_massive_skills_extraction[Java is my main skill-expected1508] PASSED [ 23%]
test_massive_scenarios.py::test_massive_skills_extraction[Proficient with Java-expected1509] PASSED [ 23%]
test_massive_scenarios.py::test_massive_skills_extraction[I know C++-expected1510] PASSED [ 23%]
test_massive_scenarios.py::test_massive_skills_extraction[Expert in C++-expected1511] PASSED [ 23%]
test_massive_scenarios.py::test_massive_skills_extraction[Used C++ at my last job-expected1512] PASSED [ 23%]
test_massive_scenarios.py::test_massive_skills_extraction[C++ is my main skill-expected1513] PASSED [ 23%]
test_massive_scenarios.py::test_massive_skills_extraction[Proficient with C++-expected1514] PASSED [ 23%]
test_massive_scenarios.py::test_massive_skills_extraction[I know C#-expected1515] PASSED [ 23%]
test_massive_scenarios.py::test_massive_skills_extraction[Expert in C#-expected1516] PASSED [ 23%]
test_massive_scenarios.py::test_massive_skills_extraction[Used C# at my last job-expected1517] PASSED [ 23%]
test_massive_scenarios.py::test_massive_skills_extraction[C# is my main skill-expected1518] PASSED [ 23%]
test_massive_scenarios.py::test_massive_skills_extraction[Proficient with C#-expected1519] PASSED [ 23%]
test_massive_scenarios.py::test_massive_skills_extraction[I know Go-expected1520] PASSED [ 23%]
test_massive_scenarios.py::test_massive_skills_extraction[Expert in Go-expected1521] PASSED [ 23%]
test_massive_scenarios.py::test_massive_skills_extraction[Used Go at my last job-expected1522] PASSED [ 23%]
test_massive_scenarios.py::test_massive_skills_extraction[Go is my main skill-expected1523] PASSED [ 23%]
test_massive_scenarios.py::test_massive_skills_extraction[Proficient with Go-expected1524] PASSED [ 23%]
test_massive_scenarios.py::test_massive_skills_extraction[I know Rust-expected1525] PASSED [ 23%]
test_massive_scenarios.py::test_massive_skills_extraction[Expert in Rust-expected1526] PASSED [ 23%]
test_massive_scenarios.py::test_massive_skills_extraction[Used Rust at my last job-expected1527] PASSED [ 23%]
test_massive_scenarios.py::test_massive_skills_extraction[Rust is my main skill-expected1528] PASSED [ 23%]
test_massive_scenarios.py::test_massive_skills_extraction[Proficient with Rust-expected1529] PASSED [ 23%]
test_massive_scenarios.py::test_massive_skills_extraction[I know Swift-expected1530] PASSED [ 23%]
test_massive_scenarios.py::test_massive_skills_extraction[Expert in Swift-expected1531] PASSED [ 23%]
test_massive_scenarios.py::test_massive_skills_extraction[Used Swift at my last job-expected1532] PASSED [ 23%]
test_massive_scenarios.py::test_massive_skills_extraction[Swift is my main skill-expected1533] PASSED [ 23%]
test_massive_scenarios.py::test_massive_skills_extraction[Proficient with Swift-expected1534] PASSED [ 23%]
test_massive_scenarios.py::test_massive_skills_extraction[I know Kotlin-expected1535] PASSED [ 23%]
test_massive_scenarios.py::test_massive_skills_extraction[Expert in Kotlin-expected1536] PASSED [ 23%]
test_massive_scenarios.py::test_massive_skills_extraction[Used Kotlin at my last job-expected1537] PASSED [ 23%]
test_massive_scenarios.py::test_massive_skills_extraction[Kotlin is my main skill-expected1538] PASSED [ 23%]
test_massive_scenarios.py::test_massive_skills_extraction[Proficient with Kotlin-expected1539] PASSED [ 23%]
test_massive_scenarios.py::test_massive_skills_extraction[I know TypeScript-expected1540] PASSED [ 23%]
test_massive_scenarios.py::test_massive_skills_extraction[Expert in TypeScript-expected1541] PASSED [ 23%]
test_massive_scenarios.py::test_massive_skills_extraction[Used TypeScript at my last job-expected1542] PASSED [ 23%]
test_massive_scenarios.py::test_massive_skills_extraction[TypeScript is my main skill-expected1543] PASSED [ 23%]
test_massive_scenarios.py::test_massive_skills_extraction[Proficient with TypeScript-expected1544] PASSED [ 23%]
test_massive_scenarios.py::test_massive_skills_extraction[I know JavaScript-expected1545] PASSED [ 23%]
test_massive_scenarios.py::test_massive_skills_extraction[Expert in JavaScript-expected1546] PASSED [ 23%]
test_massive_scenarios.py::test_massive_skills_extraction[Used JavaScript at my last job-expected1547] PASSED [ 23%]
test_massive_scenarios.py::test_massive_skills_extraction[JavaScript is my main skill-expected1548] PASSED [ 23%]
test_massive_scenarios.py::test_massive_skills_extraction[Proficient with JavaScript-expected1549] PASSED [ 23%]
test_massive_scenarios.py::test_massive_skills_extraction[I know React-expected1550] PASSED [ 23%]
test_massive_scenarios.py::test_massive_skills_extraction[Expert in React-expected1551] PASSED [ 23%]
test_massive_scenarios.py::test_massive_skills_extraction[Used React at my last job-expected1552] PASSED [ 23%]
test_massive_scenarios.py::test_massive_skills_extraction[React is my main skill-expected1553] PASSED [ 23%]
test_massive_scenarios.py::test_massive_skills_extraction[Proficient with React-expected1554] PASSED [ 23%]
test_massive_scenarios.py::test_massive_skills_extraction[I know Angular-expected1555] PASSED [ 23%]
test_massive_scenarios.py::test_massive_skills_extraction[Expert in Angular-expected1556] PASSED [ 23%]
test_massive_scenarios.py::test_massive_skills_extraction[Used Angular at my last job-expected1557] PASSED [ 23%]
test_massive_scenarios.py::test_massive_skills_extraction[Angular is my main skill-expected1558] PASSED [ 23%]
test_massive_scenarios.py::test_massive_skills_extraction[Proficient with Angular-expected1559] PASSED [ 23%]
test_massive_scenarios.py::test_massive_skills_extraction[I know Vue-expected1560] FAILED [ 23%]
test_massive_scenarios.py::test_massive_skills_extraction[Expert in Vue-expected1561] FAILED [ 23%]
test_massive_scenarios.py::test_massive_skills_extraction[Used Vue at my last job-expected1562] FAILED [ 23%]
test_massive_scenarios.py::test_massive_skills_extraction[Vue is my main skill-expected1563] FAILED [ 23%]
test_massive_scenarios.py::test_massive_skills_extraction[Proficient with Vue-expected1564] FAILED [ 23%]
test_massive_scenarios.py::test_massive_skills_extraction[I know Node.js-expected1565] PASSED [ 23%]
test_massive_scenarios.py::test_massive_skills_extraction[Expert in Node.js-expected1566] PASSED [ 23%]
test_massive_scenarios.py::test_massive_skills_extraction[Used Node.js at my last job-expected1567] PASSED [ 23%]
test_massive_scenarios.py::test_massive_skills_extraction[Node.js is my main skill-expected1568] PASSED [ 23%]
test_massive_scenarios.py::test_massive_skills_extraction[Proficient with Node.js-expected1569] PASSED [ 24%]
test_massive_scenarios.py::test_massive_skills_extraction[I know Django-expected1570] PASSED [ 24%]
test_massive_scenarios.py::test_massive_skills_extraction[Expert in Django-expected1571] PASSED [ 24%]
test_massive_scenarios.py::test_massive_skills_extraction[Used Django at my last job-expected1572] PASSED [ 24%]
test_massive_scenarios.py::test_massive_skills_extraction[Django is my main skill-expected1573] PASSED [ 24%]
test_massive_scenarios.py::test_massive_skills_extraction[Proficient with Django-expected1574] PASSED [ 24%]
test_massive_scenarios.py::test_massive_skills_extraction[I know Flask-expected1575] PASSED [ 24%]
test_massive_scenarios.py::test_massive_skills_extraction[Expert in Flask-expected1576] PASSED [ 24%]
test_massive_scenarios.py::test_massive_skills_extraction[Used Flask at my last job-expected1577] PASSED [ 24%]
test_massive_scenarios.py::test_massive_skills_extraction[Flask is my main skill-expected1578] PASSED [ 24%]
test_massive_scenarios.py::test_massive_skills_extraction[Proficient with Flask-expected1579] PASSED [ 24%]
test_massive_scenarios.py::test_massive_skills_extraction[I know Spring-expected1580] PASSED [ 24%]
test_massive_scenarios.py::test_massive_skills_extraction[Expert in Spring-expected1581] PASSED [ 24%]
test_massive_scenarios.py::test_massive_skills_extraction[Used Spring at my last job-expected1582] PASSED [ 24%]
test_massive_scenarios.py::test_massive_skills_extraction[Spring is my main skill-expected1583] PASSED [ 24%]
test_massive_scenarios.py::test_massive_skills_extraction[Proficient with Spring-expected1584] PASSED [ 24%]
test_massive_scenarios.py::test_massive_skills_extraction[I know ASP.NET-expected1585] PASSED [ 24%]
test_massive_scenarios.py::test_massive_skills_extraction[Expert in ASP.NET-expected1586] PASSED [ 24%]
test_massive_scenarios.py::test_massive_skills_extraction[Used ASP.NET at my last job-expected1587] PASSED [ 24%]
test_massive_scenarios.py::test_massive_skills_extraction[ASP.NET is my main skill-expected1588] PASSED [ 24%]
test_massive_scenarios.py::test_massive_skills_extraction[Proficient with ASP.NET-expected1589] PASSED [ 24%]
test_massive_scenarios.py::test_massive_skills_extraction[I know GraphQL-expected1590] PASSED [ 24%]
test_massive_scenarios.py::test_massive_skills_extraction[Expert in GraphQL-expected1591] PASSED [ 24%]
test_massive_scenarios.py::test_massive_skills_extraction[Used GraphQL at my last job-expected1592] PASSED [ 24%]
test_massive_scenarios.py::test_massive_skills_extraction[GraphQL is my main skill-expected1593] PASSED [ 24%]
test_massive_scenarios.py::test_massive_skills_extraction[Proficient with GraphQL-expected1594] PASSED [ 24%]
test_massive_scenarios.py::test_massive_skills_extraction[I know PostgreSQL-expected1595] PASSED [ 24%]
test_massive_scenarios.py::test_massive_skills_extraction[Expert in PostgreSQL-expected1596] PASSED [ 24%]
test_massive_scenarios.py::test_massive_skills_extraction[Used PostgreSQL at my last job-expected1597] PASSED [ 24%]
test_massive_scenarios.py::test_massive_skills_extraction[PostgreSQL is my main skill-expected1598] PASSED [ 24%]
test_massive_scenarios.py::test_massive_skills_extraction[Proficient with PostgreSQL-expected1599] PASSED [ 24%]
test_massive_scenarios.py::test_massive_skills_extraction[I know MongoDB-expected1600] PASSED [ 24%]
test_massive_scenarios.py::test_massive_skills_extraction[Expert in MongoDB-expected1601] PASSED [ 24%]
test_massive_scenarios.py::test_massive_skills_extraction[Used MongoDB at my last job-expected1602] PASSED [ 24%]
test_massive_scenarios.py::test_massive_skills_extraction[MongoDB is my main skill-expected1603] PASSED [ 24%]
test_massive_scenarios.py::test_massive_skills_extraction[Proficient with MongoDB-expected1604] PASSED [ 24%]
test_massive_scenarios.py::test_massive_skills_extraction[I know Redis-expected1605] PASSED [ 24%]
test_massive_scenarios.py::test_massive_skills_extraction[Expert in Redis-expected1606] PASSED [ 24%]
test_massive_scenarios.py::test_massive_skills_extraction[Used Redis at my last job-expected1607] PASSED [ 24%]
test_massive_scenarios.py::test_massive_skills_extraction[Redis is my main skill-expected1608] PASSED [ 24%]
test_massive_scenarios.py::test_massive_skills_extraction[Proficient with Redis-expected1609] PASSED [ 24%]
test_massive_scenarios.py::test_massive_skills_extraction[I know Elasticsearch-expected1610] FAILED [ 24%]
test_massive_scenarios.py::test_massive_skills_extraction[Expert in Elasticsearch-expected1611] FAILED [ 24%]
test_massive_scenarios.py::test_massive_skills_extraction[Used Elasticsearch at my last job-expected1612] FAILED [ 24%]
test_massive_scenarios.py::test_massive_skills_extraction[Elasticsearch is my main skill-expected1613] FAILED [ 24%]
test_massive_scenarios.py::test_massive_skills_extraction[Proficient with Elasticsearch-expected1614] FAILED [ 24%]
test_massive_scenarios.py::test_massive_skills_extraction[I know Cassandra-expected1615] PASSED [ 24%]
test_massive_scenarios.py::test_massive_skills_extraction[Expert in Cassandra-expected1616] PASSED [ 24%]
test_massive_scenarios.py::test_massive_skills_extraction[Used Cassandra at my last job-expected1617] PASSED [ 24%]
test_massive_scenarios.py::test_massive_skills_extraction[Cassandra is my main skill-expected1618] PASSED [ 24%]
test_massive_scenarios.py::test_massive_skills_extraction[Proficient with Cassandra-expected1619] PASSED [ 24%]
test_massive_scenarios.py::test_massive_skills_extraction[I know Docker-expected1620] PASSED [ 24%]
test_massive_scenarios.py::test_massive_skills_extraction[Expert in Docker-expected1621] PASSED [ 24%]
test_massive_scenarios.py::test_massive_skills_extraction[Used Docker at my last job-expected1622] PASSED [ 24%]
test_massive_scenarios.py::test_massive_skills_extraction[Docker is my main skill-expected1623] PASSED [ 24%]
test_massive_scenarios.py::test_massive_skills_extraction[Proficient with Docker-expected1624] PASSED [ 24%]
test_massive_scenarios.py::test_massive_skills_extraction[I know Kubernetes-expected1625] PASSED [ 24%]
test_massive_scenarios.py::test_massive_skills_extraction[Expert in Kubernetes-expected1626] PASSED [ 24%]
test_massive_scenarios.py::test_massive_skills_extraction[Used Kubernetes at my last job-expected1627] PASSED [ 24%]
test_massive_scenarios.py::test_massive_skills_extraction[Kubernetes is my main skill-expected1628] PASSED [ 24%]
test_massive_scenarios.py::test_massive_skills_extraction[Proficient with Kubernetes-expected1629] PASSED [ 24%]
test_massive_scenarios.py::test_massive_skills_extraction[I know AWS-expected1630] PASSED [ 24%]
test_massive_scenarios.py::test_massive_skills_extraction[Expert in AWS-expected1631] PASSED [ 24%]
test_massive_scenarios.py::test_massive_skills_extraction[Used AWS at my last job-expected1632] PASSED [ 24%]
test_massive_scenarios.py::test_massive_skills_extraction[AWS is my main skill-expected1633] PASSED [ 24%]
test_massive_scenarios.py::test_massive_skills_extraction[Proficient with AWS-expected1634] PASSED [ 24%]
test_massive_scenarios.py::test_massive_skills_extraction[I know Azure-expected1635] PASSED [ 25%]
test_massive_scenarios.py::test_massive_skills_extraction[Expert in Azure-expected1636] PASSED [ 25%]
test_massive_scenarios.py::test_massive_skills_extraction[Used Azure at my last job-expected1637] PASSED [ 25%]
test_massive_scenarios.py::test_massive_skills_extraction[Azure is my main skill-expected1638] PASSED [ 25%]
test_massive_scenarios.py::test_massive_skills_extraction[Proficient with Azure-expected1639] PASSED [ 25%]
test_massive_scenarios.py::test_massive_skills_extraction[I know GCP-expected1640] FAILED [ 25%]
test_massive_scenarios.py::test_massive_skills_extraction[Expert in GCP-expected1641] FAILED [ 25%]
test_massive_scenarios.py::test_massive_skills_extraction[Used GCP at my last job-expected1642] FAILED [ 25%]
test_massive_scenarios.py::test_massive_skills_extraction[GCP is my main skill-expected1643] FAILED [ 25%]
test_massive_scenarios.py::test_massive_skills_extraction[Proficient with GCP-expected1644] FAILED [ 25%]
test_massive_scenarios.py::test_massive_skills_extraction[I know Terraform-expected1645] PASSED [ 25%]
test_massive_scenarios.py::test_massive_skills_extraction[Expert in Terraform-expected1646] PASSED [ 25%]
test_massive_scenarios.py::test_massive_skills_extraction[Used Terraform at my last job-expected1647] PASSED [ 25%]
test_massive_scenarios.py::test_massive_skills_extraction[Terraform is my main skill-expected1648] PASSED [ 25%]
test_massive_scenarios.py::test_massive_skills_extraction[Proficient with Terraform-expected1649] PASSED [ 25%]
test_massive_scenarios.py::test_massive_skills_extraction[I know Ansible-expected1650] PASSED [ 25%]
test_massive_scenarios.py::test_massive_skills_extraction[Expert in Ansible-expected1651] PASSED [ 25%]
test_massive_scenarios.py::test_massive_skills_extraction[Used Ansible at my last job-expected1652] PASSED [ 25%]
test_massive_scenarios.py::test_massive_skills_extraction[Ansible is my main skill-expected1653] PASSED [ 25%]
test_massive_scenarios.py::test_massive_skills_extraction[Proficient with Ansible-expected1654] PASSED [ 25%]
test_massive_scenarios.py::test_massive_skills_extraction[I know Jenkins-expected1655] PASSED [ 25%]
test_massive_scenarios.py::test_massive_skills_extraction[Expert in Jenkins-expected1656] PASSED [ 25%]
test_massive_scenarios.py::test_massive_skills_extraction[Used Jenkins at my last job-expected1657] PASSED [ 25%]
test_massive_scenarios.py::test_massive_skills_extraction[Jenkins is my main skill-expected1658] PASSED [ 25%]
test_massive_scenarios.py::test_massive_skills_extraction[Proficient with Jenkins-expected1659] PASSED [ 25%]
test_massive_scenarios.py::test_massive_skills_extraction[I know Git-expected1660] PASSED [ 25%]
test_massive_scenarios.py::test_massive_skills_extraction[Expert in Git-expected1661] PASSED [ 25%]
test_massive_scenarios.py::test_massive_skills_extraction[Used Git at my last job-expected1662] PASSED [ 25%]
test_massive_scenarios.py::test_massive_skills_extraction[Git is my main skill-expected1663] PASSED [ 25%]
test_massive_scenarios.py::test_massive_skills_extraction[Proficient with Git-expected1664] PASSED [ 25%]
test_massive_scenarios.py::test_massive_skills_extraction[I know Machine Learning-expected1665] PASSED [ 25%]
test_massive_scenarios.py::test_massive_skills_extraction[Expert in Machine Learning-expected1666] PASSED [ 25%]
test_massive_scenarios.py::test_massive_skills_extraction[Used Machine Learning at my last job-expected1667] PASSED [ 25%]
test_massive_scenarios.py::test_massive_skills_extraction[Machine Learning is my main skill-expected1668] PASSED [ 25%]
test_massive_scenarios.py::test_massive_skills_extraction[Proficient with Machine Learning-expected1669] PASSED [ 25%]
test_massive_scenarios.py::test_massive_skills_extraction[I know Deep Learning-expected1670] PASSED [ 25%]
test_massive_scenarios.py::test_massive_skills_extraction[Expert in Deep Learning-expected1671] PASSED [ 25%]
test_massive_scenarios.py::test_massive_skills_extraction[Used Deep Learning at my last job-expected1672] PASSED [ 25%]
test_massive_scenarios.py::test_massive_skills_extraction[Deep Learning is my main skill-expected1673] PASSED [ 25%]
test_massive_scenarios.py::test_massive_skills_extraction[Proficient with Deep Learning-expected1674] PASSED [ 25%]
test_massive_scenarios.py::test_massive_skills_extraction[I know TensorFlow-expected1675] PASSED [ 25%]
test_massive_scenarios.py::test_massive_skills_extraction[Expert in TensorFlow-expected1676] PASSED [ 25%]
test_massive_scenarios.py::test_massive_skills_extraction[Used TensorFlow at my last job-expected1677] PASSED [ 25%]
test_massive_scenarios.py::test_massive_skills_extraction[TensorFlow is my main skill-expected1678] PASSED [ 25%]
test_massive_scenarios.py::test_massive_skills_extraction[Proficient with TensorFlow-expected1679] PASSED [ 25%]
test_massive_scenarios.py::test_massive_skills_extraction[I know PyTorch-expected1680] PASSED [ 25%]
test_massive_scenarios.py::test_massive_skills_extraction[Expert in PyTorch-expected1681] PASSED [ 25%]
test_massive_scenarios.py::test_massive_skills_extraction[Used PyTorch at my last job-expected1682] PASSED [ 25%]
test_massive_scenarios.py::test_massive_skills_extraction[PyTorch is my main skill-expected1683] PASSED [ 25%]
test_massive_scenarios.py::test_massive_skills_extraction[Proficient with PyTorch-expected1684] PASSED [ 25%]
test_massive_scenarios.py::test_massive_skills_extraction[I know Pandas-expected1685] PASSED [ 25%]
test_massive_scenarios.py::test_massive_skills_extraction[Expert in Pandas-expected1686] PASSED [ 25%]
test_massive_scenarios.py::test_massive_skills_extraction[Used Pandas at my last job-expected1687] PASSED [ 25%]
test_massive_scenarios.py::test_massive_skills_extraction[Pandas is my main skill-expected1688] PASSED [ 25%]
test_massive_scenarios.py::test_massive_skills_extraction[Proficient with Pandas-expected1689] PASSED [ 25%]
test_massive_scenarios.py::test_massive_skills_extraction[I know NumPy-expected1690] PASSED [ 25%]
test_massive_scenarios.py::test_massive_skills_extraction[Expert in NumPy-expected1691] PASSED [ 25%]
test_massive_scenarios.py::test_massive_skills_extraction[Used NumPy at my last job-expected1692] PASSED [ 25%]
test_massive_scenarios.py::test_massive_skills_extraction[NumPy is my main skill-expected1693] PASSED [ 25%]
test_massive_scenarios.py::test_massive_skills_extraction[Proficient with NumPy-expected1694] PASSED [ 25%]
test_massive_scenarios.py::test_massive_skills_extraction[I know Scikit-Learn-expected1695] FAILED [ 25%]
test_massive_scenarios.py::test_massive_skills_extraction[Expert in Scikit-Learn-expected1696] FAILED [ 25%]
test_massive_scenarios.py::test_massive_skills_extraction[Used Scikit-Learn at my last job-expected1697] FAILED [ 25%]
test_massive_scenarios.py::test_massive_skills_extraction[Scikit-Learn is my main skill-expected1698] FAILED [ 25%]
test_massive_scenarios.py::test_massive_skills_extraction[Proficient with Scikit-Learn-expected1699] FAILED [ 25%]
test_massive_scenarios.py::test_massive_skills_extraction[I know Tableau-expected1700] FAILED [ 26%]
test_massive_scenarios.py::test_massive_skills_extraction[Expert in Tableau-expected1701] FAILED [ 26%]
test_massive_scenarios.py::test_massive_skills_extraction[Used Tableau at my last job-expected1702] FAILED [ 26%]
test_massive_scenarios.py::test_massive_skills_extraction[Tableau is my main skill-expected1703] FAILED [ 26%]
test_massive_scenarios.py::test_massive_skills_extraction[Proficient with Tableau-expected1704] FAILED [ 26%]
test_massive_scenarios.py::test_massive_skills_extraction[I know PowerBI-expected1705] FAILED [ 26%]
test_massive_scenarios.py::test_massive_skills_extraction[Expert in PowerBI-expected1706] FAILED [ 26%]
test_massive_scenarios.py::test_massive_skills_extraction[Used PowerBI at my last job-expected1707] FAILED [ 26%]
test_massive_scenarios.py::test_massive_skills_extraction[PowerBI is my main skill-expected1708] FAILED [ 26%]
test_massive_scenarios.py::test_massive_skills_extraction[Proficient with PowerBI-expected1709] FAILED [ 26%]
test_massive_scenarios.py::test_massive_skills_extraction[I know SQL-expected1710] PASSED [ 26%]
test_massive_scenarios.py::test_massive_skills_extraction[Expert in SQL-expected1711] PASSED [ 26%]
test_massive_scenarios.py::test_massive_skills_extraction[Used SQL at my last job-expected1712] PASSED [ 26%]
test_massive_scenarios.py::test_massive_skills_extraction[SQL is my main skill-expected1713] PASSED [ 26%]
test_massive_scenarios.py::test_massive_skills_extraction[Proficient with SQL-expected1714] PASSED [ 26%]
test_massive_scenarios.py::test_massive_skills_extraction[I know NoSQL-expected1715] FAILED [ 26%]
test_massive_scenarios.py::test_massive_skills_extraction[Expert in NoSQL-expected1716] FAILED [ 26%]
test_massive_scenarios.py::test_massive_skills_extraction[Used NoSQL at my last job-expected1717] FAILED [ 26%]
test_massive_scenarios.py::test_massive_skills_extraction[NoSQL is my main skill-expected1718] FAILED [ 26%]
test_massive_scenarios.py::test_massive_skills_extraction[Proficient with NoSQL-expected1719] FAILED [ 26%]
test_massive_scenarios.py::test_massive_skills_extraction[I know Snowflake-expected1720] FAILED [ 26%]
test_massive_scenarios.py::test_massive_skills_extraction[Expert in Snowflake-expected1721] FAILED [ 26%]
test_massive_scenarios.py::test_massive_skills_extraction[Used Snowflake at my last job-expected1722] FAILED [ 26%]
test_massive_scenarios.py::test_massive_skills_extraction[Snowflake is my main skill-expected1723] FAILED [ 26%]
test_massive_scenarios.py::test_massive_skills_extraction[Proficient with Snowflake-expected1724] FAILED [ 26%]
test_massive_scenarios.py::test_massive_skills_extraction[I know BigQuery-expected1725] FAILED [ 26%]
test_massive_scenarios.py::test_massive_skills_extraction[Expert in BigQuery-expected1726] FAILED [ 26%]
test_massive_scenarios.py::test_massive_skills_extraction[Used BigQuery at my last job-expected1727] FAILED [ 26%]
test_massive_scenarios.py::test_massive_skills_extraction[BigQuery is my main skill-expected1728] FAILED [ 26%]
test_massive_scenarios.py::test_massive_skills_extraction[Proficient with BigQuery-expected1729] FAILED [ 26%]
test_massive_scenarios.py::test_massive_skills_extraction[I know Spark-expected1730] FAILED [ 26%]
test_massive_scenarios.py::test_massive_skills_extraction[Expert in Spark-expected1731] FAILED [ 26%]
test_massive_scenarios.py::test_massive_skills_extraction[Used Spark at my last job-expected1732] FAILED [ 26%]
test_massive_scenarios.py::test_massive_skills_extraction[Spark is my main skill-expected1733] FAILED [ 26%]
test_massive_scenarios.py::test_massive_skills_extraction[Proficient with Spark-expected1734] FAILED [ 26%]
test_massive_scenarios.py::test_massive_skills_extraction[I know Hadoop-expected1735] FAILED [ 26%]
test_massive_scenarios.py::test_massive_skills_extraction[Expert in Hadoop-expected1736] FAILED [ 26%]
test_massive_scenarios.py::test_massive_skills_extraction[Used Hadoop at my last job-expected1737] FAILED [ 26%]
test_massive_scenarios.py::test_massive_skills_extraction[Hadoop is my main skill-expected1738] FAILED [ 26%]
test_massive_scenarios.py::test_massive_skills_extraction[Proficient with Hadoop-expected1739] FAILED [ 26%]
test_massive_scenarios.py::test_massive_skills_extraction[I know Flink-expected1740] FAILED [ 26%]
test_massive_scenarios.py::test_massive_skills_extraction[Expert in Flink-expected1741] FAILED [ 26%]
test_massive_scenarios.py::test_massive_skills_extraction[Used Flink at my last job-expected1742] FAILED [ 26%]
test_massive_scenarios.py::test_massive_skills_extraction[Flink is my main skill-expected1743] FAILED [ 26%]
test_massive_scenarios.py::test_massive_skills_extraction[Proficient with Flink-expected1744] FAILED [ 26%]
test_massive_scenarios.py::test_massive_skills_extraction[I know Kafka-expected1745] FAILED [ 26%]
test_massive_scenarios.py::test_massive_skills_extraction[Expert in Kafka-expected1746] FAILED [ 26%]
test_massive_scenarios.py::test_massive_skills_extraction[Used Kafka at my last job-expected1747] FAILED [ 26%]
test_massive_scenarios.py::test_massive_skills_extraction[Kafka is my main skill-expected1748] FAILED [ 26%]
test_massive_scenarios.py::test_massive_skills_extraction[Proficient with Kafka-expected1749] FAILED [ 26%]
test_massive_scenarios.py::test_massive_skills_extraction[I know Python-expected1750] PASSED [ 26%]
test_massive_scenarios.py::test_massive_skills_extraction[Expert in Python-expected1751] PASSED [ 26%]
test_massive_scenarios.py::test_massive_skills_extraction[Used Python at my last job-expected1752] PASSED [ 26%]
test_massive_scenarios.py::test_massive_skills_extraction[Python is my main skill-expected1753] PASSED [ 26%]
test_massive_scenarios.py::test_massive_skills_extraction[Proficient with Python-expected1754] PASSED [ 26%]
test_massive_scenarios.py::test_massive_skills_extraction[I know Java-expected1755] PASSED [ 26%]
test_massive_scenarios.py::test_massive_skills_extraction[Expert in Java-expected1756] PASSED [ 26%]
test_massive_scenarios.py::test_massive_skills_extraction[Used Java at my last job-expected1757] PASSED [ 26%]
test_massive_scenarios.py::test_massive_skills_extraction[Java is my main skill-expected1758] PASSED [ 26%]
test_massive_scenarios.py::test_massive_skills_extraction[Proficient with Java-expected1759] PASSED [ 26%]
test_massive_scenarios.py::test_massive_skills_extraction[I know C++-expected1760] PASSED [ 26%]
test_massive_scenarios.py::test_massive_skills_extraction[Expert in C++-expected1761] PASSED [ 26%]
test_massive_scenarios.py::test_massive_skills_extraction[Used C++ at my last job-expected1762] PASSED [ 26%]
test_massive_scenarios.py::test_massive_skills_extraction[C++ is my main skill-expected1763] PASSED [ 26%]
test_massive_scenarios.py::test_massive_skills_extraction[Proficient with C++-expected1764] PASSED [ 26%]
test_massive_scenarios.py::test_massive_skills_extraction[I know C#-expected1765] PASSED [ 26%]
test_massive_scenarios.py::test_massive_skills_extraction[Expert in C#-expected1766] PASSED [ 27%]
test_massive_scenarios.py::test_massive_skills_extraction[Used C# at my last job-expected1767] PASSED [ 27%]
test_massive_scenarios.py::test_massive_skills_extraction[C# is my main skill-expected1768] PASSED [ 27%]
test_massive_scenarios.py::test_massive_skills_extraction[Proficient with C#-expected1769] PASSED [ 27%]
test_massive_scenarios.py::test_massive_skills_extraction[I know Go-expected1770] PASSED [ 27%]
test_massive_scenarios.py::test_massive_skills_extraction[Expert in Go-expected1771] PASSED [ 27%]
test_massive_scenarios.py::test_massive_skills_extraction[Used Go at my last job-expected1772] PASSED [ 27%]
test_massive_scenarios.py::test_massive_skills_extraction[Go is my main skill-expected1773] PASSED [ 27%]
test_massive_scenarios.py::test_massive_skills_extraction[Proficient with Go-expected1774] PASSED [ 27%]
test_massive_scenarios.py::test_massive_skills_extraction[I know Rust-expected1775] PASSED [ 27%]
test_massive_scenarios.py::test_massive_skills_extraction[Expert in Rust-expected1776] PASSED [ 27%]
test_massive_scenarios.py::test_massive_skills_extraction[Used Rust at my last job-expected1777] PASSED [ 27%]
test_massive_scenarios.py::test_massive_skills_extraction[Rust is my main skill-expected1778] PASSED [ 27%]
test_massive_scenarios.py::test_massive_skills_extraction[Proficient with Rust-expected1779] PASSED [ 27%]
test_massive_scenarios.py::test_massive_skills_extraction[I know Swift-expected1780] PASSED [ 27%]
test_massive_scenarios.py::test_massive_skills_extraction[Expert in Swift-expected1781] PASSED [ 27%]
test_massive_scenarios.py::test_massive_skills_extraction[Used Swift at my last job-expected1782] PASSED [ 27%]
test_massive_scenarios.py::test_massive_skills_extraction[Swift is my main skill-expected1783] PASSED [ 27%]
test_massive_scenarios.py::test_massive_skills_extraction[Proficient with Swift-expected1784] PASSED [ 27%]
test_massive_scenarios.py::test_massive_skills_extraction[I know Kotlin-expected1785] PASSED [ 27%]
test_massive_scenarios.py::test_massive_skills_extraction[Expert in Kotlin-expected1786] PASSED [ 27%]
test_massive_scenarios.py::test_massive_skills_extraction[Used Kotlin at my last job-expected1787] PASSED [ 27%]
test_massive_scenarios.py::test_massive_skills_extraction[Kotlin is my main skill-expected1788] PASSED [ 27%]
test_massive_scenarios.py::test_massive_skills_extraction[Proficient with Kotlin-expected1789] PASSED [ 27%]
test_massive_scenarios.py::test_massive_skills_extraction[I know TypeScript-expected1790] PASSED [ 27%]
test_massive_scenarios.py::test_massive_skills_extraction[Expert in TypeScript-expected1791] PASSED [ 27%]
test_massive_scenarios.py::test_massive_skills_extraction[Used TypeScript at my last job-expected1792] PASSED [ 27%]
test_massive_scenarios.py::test_massive_skills_extraction[TypeScript is my main skill-expected1793] PASSED [ 27%]
test_massive_scenarios.py::test_massive_skills_extraction[Proficient with TypeScript-expected1794] PASSED [ 27%]
test_massive_scenarios.py::test_massive_skills_extraction[I know JavaScript-expected1795] PASSED [ 27%]
test_massive_scenarios.py::test_massive_skills_extraction[Expert in JavaScript-expected1796] PASSED [ 27%]
test_massive_scenarios.py::test_massive_skills_extraction[Used JavaScript at my last job-expected1797] PASSED [ 27%]
test_massive_scenarios.py::test_massive_skills_extraction[JavaScript is my main skill-expected1798] PASSED [ 27%]
test_massive_scenarios.py::test_massive_skills_extraction[Proficient with JavaScript-expected1799] PASSED [ 27%]
test_massive_scenarios.py::test_massive_skills_extraction[I know React-expected1800] PASSED [ 27%]
test_massive_scenarios.py::test_massive_skills_extraction[Expert in React-expected1801] PASSED [ 27%]
test_massive_scenarios.py::test_massive_skills_extraction[Used React at my last job-expected1802] PASSED [ 27%]
test_massive_scenarios.py::test_massive_skills_extraction[React is my main skill-expected1803] PASSED [ 27%]
test_massive_scenarios.py::test_massive_skills_extraction[Proficient with React-expected1804] PASSED [ 27%]
test_massive_scenarios.py::test_massive_skills_extraction[I know Angular-expected1805] PASSED [ 27%]
test_massive_scenarios.py::test_massive_skills_extraction[Expert in Angular-expected1806] PASSED [ 27%]
test_massive_scenarios.py::test_massive_skills_extraction[Used Angular at my last job-expected1807] PASSED [ 27%]
test_massive_scenarios.py::test_massive_skills_extraction[Angular is my main skill-expected1808] PASSED [ 27%]
test_massive_scenarios.py::test_massive_skills_extraction[Proficient with Angular-expected1809] PASSED [ 27%]
test_massive_scenarios.py::test_massive_skills_extraction[I know Vue-expected1810] FAILED [ 27%]
test_massive_scenarios.py::test_massive_skills_extraction[Expert in Vue-expected1811] FAILED [ 27%]
test_massive_scenarios.py::test_massive_skills_extraction[Used Vue at my last job-expected1812] FAILED [ 27%]
test_massive_scenarios.py::test_massive_skills_extraction[Vue is my main skill-expected1813] FAILED [ 27%]
test_massive_scenarios.py::test_massive_skills_extraction[Proficient with Vue-expected1814] FAILED [ 27%]
test_massive_scenarios.py::test_massive_skills_extraction[I know Node.js-expected1815] PASSED [ 27%]
test_massive_scenarios.py::test_massive_skills_extraction[Expert in Node.js-expected1816] PASSED [ 27%]
test_massive_scenarios.py::test_massive_skills_extraction[Used Node.js at my last job-expected1817] PASSED [ 27%]
test_massive_scenarios.py::test_massive_skills_extraction[Node.js is my main skill-expected1818] PASSED [ 27%]
test_massive_scenarios.py::test_massive_skills_extraction[Proficient with Node.js-expected1819] PASSED [ 27%]
test_massive_scenarios.py::test_massive_skills_extraction[I know Django-expected1820] PASSED [ 27%]
test_massive_scenarios.py::test_massive_skills_extraction[Expert in Django-expected1821] PASSED [ 27%]
test_massive_scenarios.py::test_massive_skills_extraction[Used Django at my last job-expected1822] PASSED [ 27%]
test_massive_scenarios.py::test_massive_skills_extraction[Django is my main skill-expected1823] PASSED [ 27%]
test_massive_scenarios.py::test_massive_skills_extraction[Proficient with Django-expected1824] PASSED [ 27%]
test_massive_scenarios.py::test_massive_skills_extraction[I know Flask-expected1825] PASSED [ 27%]
test_massive_scenarios.py::test_massive_skills_extraction[Expert in Flask-expected1826] PASSED [ 27%]
test_massive_scenarios.py::test_massive_skills_extraction[Used Flask at my last job-expected1827] PASSED [ 27%]
test_massive_scenarios.py::test_massive_skills_extraction[Flask is my main skill-expected1828] PASSED [ 27%]
test_massive_scenarios.py::test_massive_skills_extraction[Proficient with Flask-expected1829] PASSED [ 27%]
test_massive_scenarios.py::test_massive_skills_extraction[I know Spring-expected1830] PASSED [ 27%]
test_massive_scenarios.py::test_massive_skills_extraction[Expert in Spring-expected1831] PASSED [ 28%]
test_massive_scenarios.py::test_massive_skills_extraction[Used Spring at my last job-expected1832] PASSED [ 28%]
test_massive_scenarios.py::test_massive_skills_extraction[Spring is my main skill-expected1833] PASSED [ 28%]
test_massive_scenarios.py::test_massive_skills_extraction[Proficient with Spring-expected1834] PASSED [ 28%]
test_massive_scenarios.py::test_massive_skills_extraction[I know ASP.NET-expected1835] PASSED [ 28%]
test_massive_scenarios.py::test_massive_skills_extraction[Expert in ASP.NET-expected1836] PASSED [ 28%]
test_massive_scenarios.py::test_massive_skills_extraction[Used ASP.NET at my last job-expected1837] PASSED [ 28%]
test_massive_scenarios.py::test_massive_skills_extraction[ASP.NET is my main skill-expected1838] PASSED [ 28%]
test_massive_scenarios.py::test_massive_skills_extraction[Proficient with ASP.NET-expected1839] PASSED [ 28%]
test_massive_scenarios.py::test_massive_skills_extraction[I know GraphQL-expected1840] PASSED [ 28%]
test_massive_scenarios.py::test_massive_skills_extraction[Expert in GraphQL-expected1841] PASSED [ 28%]
test_massive_scenarios.py::test_massive_skills_extraction[Used GraphQL at my last job-expected1842] PASSED [ 28%]
test_massive_scenarios.py::test_massive_skills_extraction[GraphQL is my main skill-expected1843] PASSED [ 28%]
test_massive_scenarios.py::test_massive_skills_extraction[Proficient with GraphQL-expected1844] PASSED [ 28%]
test_massive_scenarios.py::test_massive_skills_extraction[I know PostgreSQL-expected1845] PASSED [ 28%]
test_massive_scenarios.py::test_massive_skills_extraction[Expert in PostgreSQL-expected1846] PASSED [ 28%]
test_massive_scenarios.py::test_massive_skills_extraction[Used PostgreSQL at my last job-expected1847] PASSED [ 28%]
test_massive_scenarios.py::test_massive_skills_extraction[PostgreSQL is my main skill-expected1848] PASSED [ 28%]
test_massive_scenarios.py::test_massive_skills_extraction[Proficient with PostgreSQL-expected1849] PASSED [ 28%]
test_massive_scenarios.py::test_massive_skills_extraction[I know MongoDB-expected1850] PASSED [ 28%]
test_massive_scenarios.py::test_massive_skills_extraction[Expert in MongoDB-expected1851] PASSED [ 28%]
test_massive_scenarios.py::test_massive_skills_extraction[Used MongoDB at my last job-expected1852] PASSED [ 28%]
test_massive_scenarios.py::test_massive_skills_extraction[MongoDB is my main skill-expected1853] PASSED [ 28%]
test_massive_scenarios.py::test_massive_skills_extraction[Proficient with MongoDB-expected1854] PASSED [ 28%]
test_massive_scenarios.py::test_massive_skills_extraction[I know Redis-expected1855] PASSED [ 28%]
test_massive_scenarios.py::test_massive_skills_extraction[Expert in Redis-expected1856] PASSED [ 28%]
test_massive_scenarios.py::test_massive_skills_extraction[Used Redis at my last job-expected1857] PASSED [ 28%]
test_massive_scenarios.py::test_massive_skills_extraction[Redis is my main skill-expected1858] PASSED [ 28%]
test_massive_scenarios.py::test_massive_skills_extraction[Proficient with Redis-expected1859] PASSED [ 28%]
test_massive_scenarios.py::test_massive_skills_extraction[I know Elasticsearch-expected1860] FAILED [ 28%]
test_massive_scenarios.py::test_massive_skills_extraction[Expert in Elasticsearch-expected1861] FAILED [ 28%]
test_massive_scenarios.py::test_massive_skills_extraction[Used Elasticsearch at my last job-expected1862] FAILED [ 28%]
test_massive_scenarios.py::test_massive_skills_extraction[Elasticsearch is my main skill-expected1863] FAILED [ 28%]
test_massive_scenarios.py::test_massive_skills_extraction[Proficient with Elasticsearch-expected1864] FAILED [ 28%]
test_massive_scenarios.py::test_massive_skills_extraction[I know Cassandra-expected1865] PASSED [ 28%]
test_massive_scenarios.py::test_massive_skills_extraction[Expert in Cassandra-expected1866] PASSED [ 28%]
test_massive_scenarios.py::test_massive_skills_extraction[Used Cassandra at my last job-expected1867] PASSED [ 28%]
test_massive_scenarios.py::test_massive_skills_extraction[Cassandra is my main skill-expected1868] PASSED [ 28%]
test_massive_scenarios.py::test_massive_skills_extraction[Proficient with Cassandra-expected1869] PASSED [ 28%]
test_massive_scenarios.py::test_massive_skills_extraction[I know Docker-expected1870] PASSED [ 28%]
test_massive_scenarios.py::test_massive_skills_extraction[Expert in Docker-expected1871] PASSED [ 28%]
test_massive_scenarios.py::test_massive_skills_extraction[Used Docker at my last job-expected1872] PASSED [ 28%]
test_massive_scenarios.py::test_massive_skills_extraction[Docker is my main skill-expected1873] PASSED [ 28%]
test_massive_scenarios.py::test_massive_skills_extraction[Proficient with Docker-expected1874] PASSED [ 28%]
test_massive_scenarios.py::test_massive_skills_extraction[I know Kubernetes-expected1875] PASSED [ 28%]
test_massive_scenarios.py::test_massive_skills_extraction[Expert in Kubernetes-expected1876] PASSED [ 28%]
test_massive_scenarios.py::test_massive_skills_extraction[Used Kubernetes at my last job-expected1877] PASSED [ 28%]
test_massive_scenarios.py::test_massive_skills_extraction[Kubernetes is my main skill-expected1878] PASSED [ 28%]
test_massive_scenarios.py::test_massive_skills_extraction[Proficient with Kubernetes-expected1879] PASSED [ 28%]
test_massive_scenarios.py::test_massive_skills_extraction[I know AWS-expected1880] PASSED [ 28%]
test_massive_scenarios.py::test_massive_skills_extraction[Expert in AWS-expected1881] PASSED [ 28%]
test_massive_scenarios.py::test_massive_skills_extraction[Used AWS at my last job-expected1882] PASSED [ 28%]
test_massive_scenarios.py::test_massive_skills_extraction[AWS is my main skill-expected1883] PASSED [ 28%]
test_massive_scenarios.py::test_massive_skills_extraction[Proficient with AWS-expected1884] PASSED [ 28%]
test_massive_scenarios.py::test_massive_skills_extraction[I know Azure-expected1885] PASSED [ 28%]
test_massive_scenarios.py::test_massive_skills_extraction[Expert in Azure-expected1886] PASSED [ 28%]
test_massive_scenarios.py::test_massive_skills_extraction[Used Azure at my last job-expected1887] PASSED [ 28%]
test_massive_scenarios.py::test_massive_skills_extraction[Azure is my main skill-expected1888] PASSED [ 28%]
test_massive_scenarios.py::test_massive_skills_extraction[Proficient with Azure-expected1889] PASSED [ 28%]
test_massive_scenarios.py::test_massive_skills_extraction[I know GCP-expected1890] FAILED [ 28%]
test_massive_scenarios.py::test_massive_skills_extraction[Expert in GCP-expected1891] FAILED [ 28%]
test_massive_scenarios.py::test_massive_skills_extraction[Used GCP at my last job-expected1892] FAILED [ 28%]
test_massive_scenarios.py::test_massive_skills_extraction[GCP is my main skill-expected1893] FAILED [ 28%]
test_massive_scenarios.py::test_massive_skills_extraction[Proficient with GCP-expected1894] FAILED [ 28%]
test_massive_scenarios.py::test_massive_skills_extraction[I know Terraform-expected1895] PASSED [ 28%]
test_massive_scenarios.py::test_massive_skills_extraction[Expert in Terraform-expected1896] PASSED [ 29%]
test_massive_scenarios.py::test_massive_skills_extraction[Used Terraform at my last job-expected1897] PASSED [ 29%]
test_massive_scenarios.py::test_massive_skills_extraction[Terraform is my main skill-expected1898] PASSED [ 29%]
test_massive_scenarios.py::test_massive_skills_extraction[Proficient with Terraform-expected1899] PASSED [ 29%]
test_massive_scenarios.py::test_massive_skills_extraction[I know Ansible-expected1900] PASSED [ 29%]
test_massive_scenarios.py::test_massive_skills_extraction[Expert in Ansible-expected1901] PASSED [ 29%]
test_massive_scenarios.py::test_massive_skills_extraction[Used Ansible at my last job-expected1902] PASSED [ 29%]
test_massive_scenarios.py::test_massive_skills_extraction[Ansible is my main skill-expected1903] PASSED [ 29%]
test_massive_scenarios.py::test_massive_skills_extraction[Proficient with Ansible-expected1904] PASSED [ 29%]
test_massive_scenarios.py::test_massive_skills_extraction[I know Jenkins-expected1905] PASSED [ 29%]
test_massive_scenarios.py::test_massive_skills_extraction[Expert in Jenkins-expected1906] PASSED [ 29%]
test_massive_scenarios.py::test_massive_skills_extraction[Used Jenkins at my last job-expected1907] PASSED [ 29%]
test_massive_scenarios.py::test_massive_skills_extraction[Jenkins is my main skill-expected1908] PASSED [ 29%]
test_massive_scenarios.py::test_massive_skills_extraction[Proficient with Jenkins-expected1909] PASSED [ 29%]
test_massive_scenarios.py::test_massive_skills_extraction[I know Git-expected1910] PASSED [ 29%]
test_massive_scenarios.py::test_massive_skills_extraction[Expert in Git-expected1911] PASSED [ 29%]
test_massive_scenarios.py::test_massive_skills_extraction[Used Git at my last job-expected1912] PASSED [ 29%]
test_massive_scenarios.py::test_massive_skills_extraction[Git is my main skill-expected1913] PASSED [ 29%]
test_massive_scenarios.py::test_massive_skills_extraction[Proficient with Git-expected1914] PASSED [ 29%]
test_massive_scenarios.py::test_massive_skills_extraction[I know Machine Learning-expected1915] PASSED [ 29%]
test_massive_scenarios.py::test_massive_skills_extraction[Expert in Machine Learning-expected1916] PASSED [ 29%]
test_massive_scenarios.py::test_massive_skills_extraction[Used Machine Learning at my last job-expected1917] PASSED [ 29%]
test_massive_scenarios.py::test_massive_skills_extraction[Machine Learning is my main skill-expected1918] PASSED [ 29%]
test_massive_scenarios.py::test_massive_skills_extraction[Proficient with Machine Learning-expected1919] PASSED [ 29%]
test_massive_scenarios.py::test_massive_skills_extraction[I know Deep Learning-expected1920] PASSED [ 29%]
test_massive_scenarios.py::test_massive_skills_extraction[Expert in Deep Learning-expected1921] PASSED [ 29%]
test_massive_scenarios.py::test_massive_skills_extraction[Used Deep Learning at my last job-expected1922] PASSED [ 29%]
test_massive_scenarios.py::test_massive_skills_extraction[Deep Learning is my main skill-expected1923] PASSED [ 29%]
test_massive_scenarios.py::test_massive_skills_extraction[Proficient with Deep Learning-expected1924] PASSED [ 29%]
test_massive_scenarios.py::test_massive_skills_extraction[I know TensorFlow-expected1925] PASSED [ 29%]
test_massive_scenarios.py::test_massive_skills_extraction[Expert in TensorFlow-expected1926] PASSED [ 29%]
test_massive_scenarios.py::test_massive_skills_extraction[Used TensorFlow at my last job-expected1927] PASSED [ 29%]
test_massive_scenarios.py::test_massive_skills_extraction[TensorFlow is my main skill-expected1928] PASSED [ 29%]
test_massive_scenarios.py::test_massive_skills_extraction[Proficient with TensorFlow-expected1929] PASSED [ 29%]
test_massive_scenarios.py::test_massive_skills_extraction[I know PyTorch-expected1930] PASSED [ 29%]
test_massive_scenarios.py::test_massive_skills_extraction[Expert in PyTorch-expected1931] PASSED [ 29%]
test_massive_scenarios.py::test_massive_skills_extraction[Used PyTorch at my last job-expected1932] PASSED [ 29%]
test_massive_scenarios.py::test_massive_skills_extraction[PyTorch is my main skill-expected1933] PASSED [ 29%]
test_massive_scenarios.py::test_massive_skills_extraction[Proficient with PyTorch-expected1934] PASSED [ 29%]
test_massive_scenarios.py::test_massive_skills_extraction[I know Pandas-expected1935] PASSED [ 29%]
test_massive_scenarios.py::test_massive_skills_extraction[Expert in Pandas-expected1936] PASSED [ 29%]
test_massive_scenarios.py::test_massive_skills_extraction[Used Pandas at my last job-expected1937] PASSED [ 29%]
test_massive_scenarios.py::test_massive_skills_extraction[Pandas is my main skill-expected1938] PASSED [ 29%]
test_massive_scenarios.py::test_massive_skills_extraction[Proficient with Pandas-expected1939] PASSED [ 29%]
test_massive_scenarios.py::test_massive_skills_extraction[I know NumPy-expected1940] PASSED [ 29%]
test_massive_scenarios.py::test_massive_skills_extraction[Expert in NumPy-expected1941] PASSED [ 29%]
test_massive_scenarios.py::test_massive_skills_extraction[Used NumPy at my last job-expected1942] PASSED [ 29%]
test_massive_scenarios.py::test_massive_skills_extraction[NumPy is my main skill-expected1943] PASSED [ 29%]
test_massive_scenarios.py::test_massive_skills_extraction[Proficient with NumPy-expected1944] PASSED [ 29%]
test_massive_scenarios.py::test_massive_skills_extraction[I know Scikit-Learn-expected1945] FAILED [ 29%]
test_massive_scenarios.py::test_massive_skills_extraction[Expert in Scikit-Learn-expected1946] FAILED [ 29%]
test_massive_scenarios.py::test_massive_skills_extraction[Used Scikit-Learn at my last job-expected1947] FAILED [ 29%]
test_massive_scenarios.py::test_massive_skills_extraction[Scikit-Learn is my main skill-expected1948] FAILED [ 29%]
test_massive_scenarios.py::test_massive_skills_extraction[Proficient with Scikit-Learn-expected1949] FAILED [ 29%]
test_massive_scenarios.py::test_massive_skills_extraction[I know Tableau-expected1950] FAILED [ 29%]
test_massive_scenarios.py::test_massive_skills_extraction[Expert in Tableau-expected1951] FAILED [ 29%]
test_massive_scenarios.py::test_massive_skills_extraction[Used Tableau at my last job-expected1952] FAILED [ 29%]
test_massive_scenarios.py::test_massive_skills_extraction[Tableau is my main skill-expected1953] FAILED [ 29%]
test_massive_scenarios.py::test_massive_skills_extraction[Proficient with Tableau-expected1954] FAILED [ 29%]
test_massive_scenarios.py::test_massive_skills_extraction[I know PowerBI-expected1955] FAILED [ 29%]
test_massive_scenarios.py::test_massive_skills_extraction[Expert in PowerBI-expected1956] FAILED [ 29%]
test_massive_scenarios.py::test_massive_skills_extraction[Used PowerBI at my last job-expected1957] FAILED [ 29%]
test_massive_scenarios.py::test_massive_skills_extraction[PowerBI is my main skill-expected1958] FAILED [ 29%]
test_massive_scenarios.py::test_massive_skills_extraction[Proficient with PowerBI-expected1959] FAILED [ 29%]
test_massive_scenarios.py::test_massive_skills_extraction[I know SQL-expected1960] PASSED [ 29%]
test_massive_scenarios.py::test_massive_skills_extraction[Expert in SQL-expected1961] PASSED [ 29%]
test_massive_scenarios.py::test_massive_skills_extraction[Used SQL at my last job-expected1962] PASSED [ 30%]
test_massive_scenarios.py::test_massive_skills_extraction[SQL is my main skill-expected1963] PASSED [ 30%]
test_massive_scenarios.py::test_massive_skills_extraction[Proficient with SQL-expected1964] PASSED [ 30%]
test_massive_scenarios.py::test_massive_skills_extraction[I know NoSQL-expected1965] FAILED [ 30%]
test_massive_scenarios.py::test_massive_skills_extraction[Expert in NoSQL-expected1966] FAILED [ 30%]
test_massive_scenarios.py::test_massive_skills_extraction[Used NoSQL at my last job-expected1967] FAILED [ 30%]
test_massive_scenarios.py::test_massive_skills_extraction[NoSQL is my main skill-expected1968] FAILED [ 30%]
test_massive_scenarios.py::test_massive_skills_extraction[Proficient with NoSQL-expected1969] FAILED [ 30%]
test_massive_scenarios.py::test_massive_skills_extraction[I know Snowflake-expected1970] FAILED [ 30%]
test_massive_scenarios.py::test_massive_skills_extraction[Expert in Snowflake-expected1971] FAILED [ 30%]
test_massive_scenarios.py::test_massive_skills_extraction[Used Snowflake at my last job-expected1972] FAILED [ 30%]
test_massive_scenarios.py::test_massive_skills_extraction[Snowflake is my main skill-expected1973] FAILED [ 30%]
test_massive_scenarios.py::test_massive_skills_extraction[Proficient with Snowflake-expected1974] FAILED [ 30%]
test_massive_scenarios.py::test_massive_skills_extraction[I know BigQuery-expected1975] FAILED [ 30%]
test_massive_scenarios.py::test_massive_skills_extraction[Expert in BigQuery-expected1976] FAILED [ 30%]
test_massive_scenarios.py::test_massive_skills_extraction[Used BigQuery at my last job-expected1977] FAILED [ 30%]
test_massive_scenarios.py::test_massive_skills_extraction[BigQuery is my main skill-expected1978] FAILED [ 30%]
test_massive_scenarios.py::test_massive_skills_extraction[Proficient with BigQuery-expected1979] FAILED [ 30%]
test_massive_scenarios.py::test_massive_skills_extraction[I know Spark-expected1980] FAILED [ 30%]
test_massive_scenarios.py::test_massive_skills_extraction[Expert in Spark-expected1981] FAILED [ 30%]
test_massive_scenarios.py::test_massive_skills_extraction[Used Spark at my last job-expected1982] FAILED [ 30%]
test_massive_scenarios.py::test_massive_skills_extraction[Spark is my main skill-expected1983] FAILED [ 30%]
test_massive_scenarios.py::test_massive_skills_extraction[Proficient with Spark-expected1984] FAILED [ 30%]
test_massive_scenarios.py::test_massive_skills_extraction[I know Hadoop-expected1985] FAILED [ 30%]
test_massive_scenarios.py::test_massive_skills_extraction[Expert in Hadoop-expected1986] FAILED [ 30%]
test_massive_scenarios.py::test_massive_skills_extraction[Used Hadoop at my last job-expected1987] FAILED [ 30%]
test_massive_scenarios.py::test_massive_skills_extraction[Hadoop is my main skill-expected1988] FAILED [ 30%]
test_massive_scenarios.py::test_massive_skills_extraction[Proficient with Hadoop-expected1989] FAILED [ 30%]
test_massive_scenarios.py::test_massive_skills_extraction[I know Flink-expected1990] FAILED [ 30%]
test_massive_scenarios.py::test_massive_skills_extraction[Expert in Flink-expected1991] FAILED [ 30%]
test_massive_scenarios.py::test_massive_skills_extraction[Used Flink at my last job-expected1992] FAILED [ 30%]
test_massive_scenarios.py::test_massive_skills_extraction[Flink is my main skill-expected1993] FAILED [ 30%]
test_massive_scenarios.py::test_massive_skills_extraction[Proficient with Flink-expected1994] FAILED [ 30%]
test_massive_scenarios.py::test_massive_skills_extraction[I know Kafka-expected1995] FAILED [ 30%]
test_massive_scenarios.py::test_massive_skills_extraction[Expert in Kafka-expected1996] FAILED [ 30%]
test_massive_scenarios.py::test_massive_skills_extraction[Used Kafka at my last job-expected1997] FAILED [ 30%]
test_massive_scenarios.py::test_massive_skills_extraction[Kafka is my main skill-expected1998] FAILED [ 30%]
test_massive_scenarios.py::test_massive_skills_extraction[Proficient with Kafka-expected1999] FAILED [ 30%]
test_massive_scenarios.py::test_massive_skills_extraction[I know Python-expected2000] PASSED [ 30%]
test_massive_scenarios.py::test_massive_skills_extraction[Expert in Python-expected2001] PASSED [ 30%]
test_massive_scenarios.py::test_massive_skills_extraction[Used Python at my last job-expected2002] PASSED [ 30%]
test_massive_scenarios.py::test_massive_skills_extraction[Python is my main skill-expected2003] PASSED [ 30%]
test_massive_scenarios.py::test_massive_skills_extraction[Proficient with Python-expected2004] PASSED [ 30%]
test_massive_scenarios.py::test_massive_skills_extraction[I know Java-expected2005] PASSED [ 30%]
test_massive_scenarios.py::test_massive_skills_extraction[Expert in Java-expected2006] PASSED [ 30%]
test_massive_scenarios.py::test_massive_skills_extraction[Used Java at my last job-expected2007] PASSED [ 30%]
test_massive_scenarios.py::test_massive_skills_extraction[Java is my main skill-expected2008] PASSED [ 30%]
test_massive_scenarios.py::test_massive_skills_extraction[Proficient with Java-expected2009] PASSED [ 30%]
test_massive_scenarios.py::test_massive_skills_extraction[I know C++-expected2010] PASSED [ 30%]
test_massive_scenarios.py::test_massive_skills_extraction[Expert in C++-expected2011] PASSED [ 30%]
test_massive_scenarios.py::test_massive_skills_extraction[Used C++ at my last job-expected2012] PASSED [ 30%]
test_massive_scenarios.py::test_massive_skills_extraction[C++ is my main skill-expected2013] PASSED [ 30%]
test_massive_scenarios.py::test_massive_skills_extraction[Proficient with C++-expected2014] PASSED [ 30%]
test_massive_scenarios.py::test_massive_skills_extraction[I know C#-expected2015] PASSED [ 30%]
test_massive_scenarios.py::test_massive_skills_extraction[Expert in C#-expected2016] PASSED [ 30%]
test_massive_scenarios.py::test_massive_skills_extraction[Used C# at my last job-expected2017] PASSED [ 30%]
test_massive_scenarios.py::test_massive_skills_extraction[C# is my main skill-expected2018] PASSED [ 30%]
test_massive_scenarios.py::test_massive_skills_extraction[Proficient with C#-expected2019] PASSED [ 30%]
test_massive_scenarios.py::test_massive_skills_extraction[I know Go-expected2020] PASSED [ 30%]
test_massive_scenarios.py::test_massive_skills_extraction[Expert in Go-expected2021] PASSED [ 30%]
test_massive_scenarios.py::test_massive_skills_extraction[Used Go at my last job-expected2022] PASSED [ 30%]
test_massive_scenarios.py::test_massive_skills_extraction[Go is my main skill-expected2023] PASSED [ 30%]
test_massive_scenarios.py::test_massive_skills_extraction[Proficient with Go-expected2024] PASSED [ 30%]
test_massive_scenarios.py::test_massive_skills_extraction[I know Rust-expected2025] PASSED [ 30%]
test_massive_scenarios.py::test_massive_skills_extraction[Expert in Rust-expected2026] PASSED [ 30%]
test_massive_scenarios.py::test_massive_skills_extraction[Used Rust at my last job-expected2027] PASSED [ 31%]
test_massive_scenarios.py::test_massive_skills_extraction[Rust is my main skill-expected2028] PASSED [ 31%]
test_massive_scenarios.py::test_massive_skills_extraction[Proficient with Rust-expected2029] PASSED [ 31%]
test_massive_scenarios.py::test_massive_skills_extraction[I know Swift-expected2030] PASSED [ 31%]
test_massive_scenarios.py::test_massive_skills_extraction[Expert in Swift-expected2031] PASSED [ 31%]
test_massive_scenarios.py::test_massive_skills_extraction[Used Swift at my last job-expected2032] PASSED [ 31%]
test_massive_scenarios.py::test_massive_skills_extraction[Swift is my main skill-expected2033] PASSED [ 31%]
test_massive_scenarios.py::test_massive_skills_extraction[Proficient with Swift-expected2034] PASSED [ 31%]
test_massive_scenarios.py::test_massive_skills_extraction[I know Kotlin-expected2035] PASSED [ 31%]
test_massive_scenarios.py::test_massive_skills_extraction[Expert in Kotlin-expected2036] PASSED [ 31%]
test_massive_scenarios.py::test_massive_skills_extraction[Used Kotlin at my last job-expected2037] PASSED [ 31%]
test_massive_scenarios.py::test_massive_skills_extraction[Kotlin is my main skill-expected2038] PASSED [ 31%]
test_massive_scenarios.py::test_massive_skills_extraction[Proficient with Kotlin-expected2039] PASSED [ 31%]
test_massive_scenarios.py::test_massive_skills_extraction[I know TypeScript-expected2040] PASSED [ 31%]
test_massive_scenarios.py::test_massive_skills_extraction[Expert in TypeScript-expected2041] PASSED [ 31%]
test_massive_scenarios.py::test_massive_skills_extraction[Used TypeScript at my last job-expected2042] PASSED [ 31%]
test_massive_scenarios.py::test_massive_skills_extraction[TypeScript is my main skill-expected2043] PASSED [ 31%]
test_massive_scenarios.py::test_massive_skills_extraction[Proficient with TypeScript-expected2044] PASSED [ 31%]
test_massive_scenarios.py::test_massive_skills_extraction[I know JavaScript-expected2045] PASSED [ 31%]
test_massive_scenarios.py::test_massive_skills_extraction[Expert in JavaScript-expected2046] PASSED [ 31%]
test_massive_scenarios.py::test_massive_skills_extraction[Used JavaScript at my last job-expected2047] PASSED [ 31%]
test_massive_scenarios.py::test_massive_skills_extraction[JavaScript is my main skill-expected2048] PASSED [ 31%]
test_massive_scenarios.py::test_massive_skills_extraction[Proficient with JavaScript-expected2049] PASSED [ 31%]
test_massive_scenarios.py::test_massive_skills_extraction[I know React-expected2050] PASSED [ 31%]
test_massive_scenarios.py::test_massive_skills_extraction[Expert in React-expected2051] PASSED [ 31%]
test_massive_scenarios.py::test_massive_skills_extraction[Used React at my last job-expected2052] PASSED [ 31%]
test_massive_scenarios.py::test_massive_skills_extraction[React is my main skill-expected2053] PASSED [ 31%]
test_massive_scenarios.py::test_massive_skills_extraction[Proficient with React-expected2054] PASSED [ 31%]
test_massive_scenarios.py::test_massive_skills_extraction[I know Angular-expected2055] PASSED [ 31%]
test_massive_scenarios.py::test_massive_skills_extraction[Expert in Angular-expected2056] PASSED [ 31%]
test_massive_scenarios.py::test_massive_skills_extraction[Used Angular at my last job-expected2057] PASSED [ 31%]
test_massive_scenarios.py::test_massive_skills_extraction[Angular is my main skill-expected2058] PASSED [ 31%]
test_massive_scenarios.py::test_massive_skills_extraction[Proficient with Angular-expected2059] PASSED [ 31%]
test_massive_scenarios.py::test_massive_skills_extraction[I know Vue-expected2060] FAILED [ 31%]
test_massive_scenarios.py::test_massive_skills_extraction[Expert in Vue-expected2061] FAILED [ 31%]
test_massive_scenarios.py::test_massive_skills_extraction[Used Vue at my last job-expected2062] FAILED [ 31%]
test_massive_scenarios.py::test_massive_skills_extraction[Vue is my main skill-expected2063] FAILED [ 31%]
test_massive_scenarios.py::test_massive_skills_extraction[Proficient with Vue-expected2064] FAILED [ 31%]
test_massive_scenarios.py::test_massive_skills_extraction[I know Node.js-expected2065] PASSED [ 31%]
test_massive_scenarios.py::test_massive_skills_extraction[Expert in Node.js-expected2066] PASSED [ 31%]
test_massive_scenarios.py::test_massive_skills_extraction[Used Node.js at my last job-expected2067] PASSED [ 31%]
test_massive_scenarios.py::test_massive_skills_extraction[Node.js is my main skill-expected2068] PASSED [ 31%]
test_massive_scenarios.py::test_massive_skills_extraction[Proficient with Node.js-expected2069] PASSED [ 31%]
test_massive_scenarios.py::test_massive_skills_extraction[I know Django-expected2070] PASSED [ 31%]
test_massive_scenarios.py::test_massive_skills_extraction[Expert in Django-expected2071] PASSED [ 31%]
test_massive_scenarios.py::test_massive_skills_extraction[Used Django at my last job-expected2072] PASSED [ 31%]
test_massive_scenarios.py::test_massive_skills_extraction[Django is my main skill-expected2073] PASSED [ 31%]
test_massive_scenarios.py::test_massive_skills_extraction[Proficient with Django-expected2074] PASSED [ 31%]
test_massive_scenarios.py::test_massive_skills_extraction[I know Flask-expected2075] PASSED [ 31%]
test_massive_scenarios.py::test_massive_skills_extraction[Expert in Flask-expected2076] PASSED [ 31%]
test_massive_scenarios.py::test_massive_skills_extraction[Used Flask at my last job-expected2077] PASSED [ 31%]
test_massive_scenarios.py::test_massive_skills_extraction[Flask is my main skill-expected2078] PASSED [ 31%]
test_massive_scenarios.py::test_massive_skills_extraction[Proficient with Flask-expected2079] PASSED [ 31%]
test_massive_scenarios.py::test_massive_skills_extraction[I know Spring-expected2080] PASSED [ 31%]
test_massive_scenarios.py::test_massive_skills_extraction[Expert in Spring-expected2081] PASSED [ 31%]
test_massive_scenarios.py::test_massive_skills_extraction[Used Spring at my last job-expected2082] PASSED [ 31%]
test_massive_scenarios.py::test_massive_skills_extraction[Spring is my main skill-expected2083] PASSED [ 31%]
test_massive_scenarios.py::test_massive_skills_extraction[Proficient with Spring-expected2084] PASSED [ 31%]
test_massive_scenarios.py::test_massive_skills_extraction[I know ASP.NET-expected2085] PASSED [ 31%]
test_massive_scenarios.py::test_massive_skills_extraction[Expert in ASP.NET-expected2086] PASSED [ 31%]
test_massive_scenarios.py::test_massive_skills_extraction[Used ASP.NET at my last job-expected2087] PASSED [ 31%]
test_massive_scenarios.py::test_massive_skills_extraction[ASP.NET is my main skill-expected2088] PASSED [ 31%]
test_massive_scenarios.py::test_massive_skills_extraction[Proficient with ASP.NET-expected2089] PASSED [ 31%]
test_massive_scenarios.py::test_massive_skills_extraction[I know GraphQL-expected2090] PASSED [ 31%]
test_massive_scenarios.py::test_massive_skills_extraction[Expert in GraphQL-expected2091] PASSED [ 31%]
test_massive_scenarios.py::test_massive_skills_extraction[Used GraphQL at my last job-expected2092] PASSED [ 31%]
test_massive_scenarios.py::test_massive_skills_extraction[GraphQL is my main skill-expected2093] PASSED [ 32%]
test_massive_scenarios.py::test_massive_skills_extraction[Proficient with GraphQL-expected2094] PASSED [ 32%]
test_massive_scenarios.py::test_massive_skills_extraction[I know PostgreSQL-expected2095] PASSED [ 32%]
test_massive_scenarios.py::test_massive_skills_extraction[Expert in PostgreSQL-expected2096] PASSED [ 32%]
test_massive_scenarios.py::test_massive_skills_extraction[Used PostgreSQL at my last job-expected2097] PASSED [ 32%]
test_massive_scenarios.py::test_massive_skills_extraction[PostgreSQL is my main skill-expected2098] PASSED [ 32%]
test_massive_scenarios.py::test_massive_skills_extraction[Proficient with PostgreSQL-expected2099] PASSED [ 32%]
test_massive_scenarios.py::test_massive_skills_extraction[I know MongoDB-expected2100] PASSED [ 32%]
test_massive_scenarios.py::test_massive_skills_extraction[Expert in MongoDB-expected2101] PASSED [ 32%]
test_massive_scenarios.py::test_massive_skills_extraction[Used MongoDB at my last job-expected2102] PASSED [ 32%]
test_massive_scenarios.py::test_massive_skills_extraction[MongoDB is my main skill-expected2103] PASSED [ 32%]
test_massive_scenarios.py::test_massive_skills_extraction[Proficient with MongoDB-expected2104] PASSED [ 32%]
test_massive_scenarios.py::test_massive_skills_extraction[I know Redis-expected2105] PASSED [ 32%]
test_massive_scenarios.py::test_massive_skills_extraction[Expert in Redis-expected2106] PASSED [ 32%]
test_massive_scenarios.py::test_massive_skills_extraction[Used Redis at my last job-expected2107] PASSED [ 32%]
test_massive_scenarios.py::test_massive_skills_extraction[Redis is my main skill-expected2108] PASSED [ 32%]
test_massive_scenarios.py::test_massive_skills_extraction[Proficient with Redis-expected2109] PASSED [ 32%]
test_massive_scenarios.py::test_massive_skills_extraction[I know Elasticsearch-expected2110] FAILED [ 32%]
test_massive_scenarios.py::test_massive_skills_extraction[Expert in Elasticsearch-expected2111] FAILED [ 32%]
test_massive_scenarios.py::test_massive_skills_extraction[Used Elasticsearch at my last job-expected2112] FAILED [ 32%]
test_massive_scenarios.py::test_massive_skills_extraction[Elasticsearch is my main skill-expected2113] FAILED [ 32%]
test_massive_scenarios.py::test_massive_skills_extraction[Proficient with Elasticsearch-expected2114] FAILED [ 32%]
test_massive_scenarios.py::test_massive_skills_extraction[I know Cassandra-expected2115] PASSED [ 32%]
test_massive_scenarios.py::test_massive_skills_extraction[Expert in Cassandra-expected2116] PASSED [ 32%]
test_massive_scenarios.py::test_massive_skills_extraction[Used Cassandra at my last job-expected2117] PASSED [ 32%]
test_massive_scenarios.py::test_massive_skills_extraction[Cassandra is my main skill-expected2118] PASSED [ 32%]
test_massive_scenarios.py::test_massive_skills_extraction[Proficient with Cassandra-expected2119] PASSED [ 32%]
test_massive_scenarios.py::test_massive_skills_extraction[I know Docker-expected2120] PASSED [ 32%]
test_massive_scenarios.py::test_massive_skills_extraction[Expert in Docker-expected2121] PASSED [ 32%]
test_massive_scenarios.py::test_massive_skills_extraction[Used Docker at my last job-expected2122] PASSED [ 32%]
test_massive_scenarios.py::test_massive_skills_extraction[Docker is my main skill-expected2123] PASSED [ 32%]
test_massive_scenarios.py::test_massive_skills_extraction[Proficient with Docker-expected2124] PASSED [ 32%]
test_massive_scenarios.py::test_massive_skills_extraction[I know Kubernetes-expected2125] PASSED [ 32%]
test_massive_scenarios.py::test_massive_skills_extraction[Expert in Kubernetes-expected2126] PASSED [ 32%]
test_massive_scenarios.py::test_massive_skills_extraction[Used Kubernetes at my last job-expected2127] PASSED [ 32%]
test_massive_scenarios.py::test_massive_skills_extraction[Kubernetes is my main skill-expected2128] PASSED [ 32%]
test_massive_scenarios.py::test_massive_skills_extraction[Proficient with Kubernetes-expected2129] PASSED [ 32%]
test_massive_scenarios.py::test_massive_skills_extraction[I know AWS-expected2130] PASSED [ 32%]
test_massive_scenarios.py::test_massive_skills_extraction[Expert in AWS-expected2131] PASSED [ 32%]
test_massive_scenarios.py::test_massive_skills_extraction[Used AWS at my last job-expected2132] PASSED [ 32%]
test_massive_scenarios.py::test_massive_skills_extraction[AWS is my main skill-expected2133] PASSED [ 32%]
test_massive_scenarios.py::test_massive_skills_extraction[Proficient with AWS-expected2134] PASSED [ 32%]
test_massive_scenarios.py::test_massive_skills_extraction[I know Azure-expected2135] PASSED [ 32%]
test_massive_scenarios.py::test_massive_skills_extraction[Expert in Azure-expected2136] PASSED [ 32%]
test_massive_scenarios.py::test_massive_skills_extraction[Used Azure at my last job-expected2137] PASSED [ 32%]
test_massive_scenarios.py::test_massive_skills_extraction[Azure is my main skill-expected2138] PASSED [ 32%]
test_massive_scenarios.py::test_massive_skills_extraction[Proficient with Azure-expected2139] PASSED [ 32%]
test_massive_scenarios.py::test_massive_skills_extraction[I know GCP-expected2140] FAILED [ 32%]
test_massive_scenarios.py::test_massive_skills_extraction[Expert in GCP-expected2141] FAILED [ 32%]
test_massive_scenarios.py::test_massive_skills_extraction[Used GCP at my last job-expected2142] FAILED [ 32%]
test_massive_scenarios.py::test_massive_skills_extraction[GCP is my main skill-expected2143] FAILED [ 32%]
test_massive_scenarios.py::test_massive_skills_extraction[Proficient with GCP-expected2144] FAILED [ 32%]
test_massive_scenarios.py::test_massive_skills_extraction[I know Terraform-expected2145] PASSED [ 32%]
test_massive_scenarios.py::test_massive_skills_extraction[Expert in Terraform-expected2146] PASSED [ 32%]
test_massive_scenarios.py::test_massive_skills_extraction[Used Terraform at my last job-expected2147] PASSED [ 32%]
test_massive_scenarios.py::test_massive_skills_extraction[Terraform is my main skill-expected2148] PASSED [ 32%]
test_massive_scenarios.py::test_massive_skills_extraction[Proficient with Terraform-expected2149] PASSED [ 32%]
test_massive_scenarios.py::test_massive_skills_extraction[I know Ansible-expected2150] PASSED [ 32%]
test_massive_scenarios.py::test_massive_skills_extraction[Expert in Ansible-expected2151] PASSED [ 32%]
test_massive_scenarios.py::test_massive_skills_extraction[Used Ansible at my last job-expected2152] PASSED [ 32%]
test_massive_scenarios.py::test_massive_skills_extraction[Ansible is my main skill-expected2153] PASSED [ 32%]
test_massive_scenarios.py::test_massive_skills_extraction[Proficient with Ansible-expected2154] PASSED [ 32%]
test_massive_scenarios.py::test_massive_skills_extraction[I know Jenkins-expected2155] PASSED [ 32%]
test_massive_scenarios.py::test_massive_skills_extraction[Expert in Jenkins-expected2156] PASSED [ 32%]
test_massive_scenarios.py::test_massive_skills_extraction[Used Jenkins at my last job-expected2157] PASSED [ 32%]
test_massive_scenarios.py::test_massive_skills_extraction[Jenkins is my main skill-expected2158] PASSED [ 33%]
test_massive_scenarios.py::test_massive_skills_extraction[Proficient with Jenkins-expected2159] PASSED [ 33%]
test_massive_scenarios.py::test_massive_skills_extraction[I know Git-expected2160] PASSED [ 33%]
test_massive_scenarios.py::test_massive_skills_extraction[Expert in Git-expected2161] PASSED [ 33%]
test_massive_scenarios.py::test_massive_skills_extraction[Used Git at my last job-expected2162] PASSED [ 33%]
test_massive_scenarios.py::test_massive_skills_extraction[Git is my main skill-expected2163] PASSED [ 33%]
test_massive_scenarios.py::test_massive_skills_extraction[Proficient with Git-expected2164] PASSED [ 33%]
test_massive_scenarios.py::test_massive_skills_extraction[I know Machine Learning-expected2165] PASSED [ 33%]
test_massive_scenarios.py::test_massive_skills_extraction[Expert in Machine Learning-expected2166] PASSED [ 33%]
test_massive_scenarios.py::test_massive_skills_extraction[Used Machine Learning at my last job-expected2167] PASSED [ 33%]
test_massive_scenarios.py::test_massive_skills_extraction[Machine Learning is my main skill-expected2168] PASSED [ 33%]
test_massive_scenarios.py::test_massive_skills_extraction[Proficient with Machine Learning-expected2169] PASSED [ 33%]
test_massive_scenarios.py::test_massive_skills_extraction[I know Deep Learning-expected2170] PASSED [ 33%]
test_massive_scenarios.py::test_massive_skills_extraction[Expert in Deep Learning-expected2171] PASSED [ 33%]
test_massive_scenarios.py::test_massive_skills_extraction[Used Deep Learning at my last job-expected2172] PASSED [ 33%]
test_massive_scenarios.py::test_massive_skills_extraction[Deep Learning is my main skill-expected2173] PASSED [ 33%]
test_massive_scenarios.py::test_massive_skills_extraction[Proficient with Deep Learning-expected2174] PASSED [ 33%]
test_massive_scenarios.py::test_massive_skills_extraction[I know TensorFlow-expected2175] PASSED [ 33%]
test_massive_scenarios.py::test_massive_skills_extraction[Expert in TensorFlow-expected2176] PASSED [ 33%]
test_massive_scenarios.py::test_massive_skills_extraction[Used TensorFlow at my last job-expected2177] PASSED [ 33%]
test_massive_scenarios.py::test_massive_skills_extraction[TensorFlow is my main skill-expected2178] PASSED [ 33%]
test_massive_scenarios.py::test_massive_skills_extraction[Proficient with TensorFlow-expected2179] PASSED [ 33%]
test_massive_scenarios.py::test_massive_skills_extraction[I know PyTorch-expected2180] PASSED [ 33%]
test_massive_scenarios.py::test_massive_skills_extraction[Expert in PyTorch-expected2181] PASSED [ 33%]
test_massive_scenarios.py::test_massive_skills_extraction[Used PyTorch at my last job-expected2182] PASSED [ 33%]
test_massive_scenarios.py::test_massive_skills_extraction[PyTorch is my main skill-expected2183] PASSED [ 33%]
test_massive_scenarios.py::test_massive_skills_extraction[Proficient with PyTorch-expected2184] PASSED [ 33%]
test_massive_scenarios.py::test_massive_skills_extraction[I know Pandas-expected2185] PASSED [ 33%]
test_massive_scenarios.py::test_massive_skills_extraction[Expert in Pandas-expected2186] PASSED [ 33%]
test_massive_scenarios.py::test_massive_skills_extraction[Used Pandas at my last job-expected2187] PASSED [ 33%]
test_massive_scenarios.py::test_massive_skills_extraction[Pandas is my main skill-expected2188] PASSED [ 33%]
test_massive_scenarios.py::test_massive_skills_extraction[Proficient with Pandas-expected2189] PASSED [ 33%]
test_massive_scenarios.py::test_massive_skills_extraction[I know NumPy-expected2190] PASSED [ 33%]
test_massive_scenarios.py::test_massive_skills_extraction[Expert in NumPy-expected2191] PASSED [ 33%]
test_massive_scenarios.py::test_massive_skills_extraction[Used NumPy at my last job-expected2192] PASSED [ 33%]
test_massive_scenarios.py::test_massive_skills_extraction[NumPy is my main skill-expected2193] PASSED [ 33%]
test_massive_scenarios.py::test_massive_skills_extraction[Proficient with NumPy-expected2194] PASSED [ 33%]
test_massive_scenarios.py::test_massive_skills_extraction[I know Scikit-Learn-expected2195] FAILED [ 33%]
test_massive_scenarios.py::test_massive_skills_extraction[Expert in Scikit-Learn-expected2196] FAILED [ 33%]
test_massive_scenarios.py::test_massive_skills_extraction[Used Scikit-Learn at my last job-expected2197] FAILED [ 33%]
test_massive_scenarios.py::test_massive_skills_extraction[Scikit-Learn is my main skill-expected2198] FAILED [ 33%]
test_massive_scenarios.py::test_massive_skills_extraction[Proficient with Scikit-Learn-expected2199] FAILED [ 33%]
test_massive_scenarios.py::test_massive_skills_extraction[I know Tableau-expected2200] FAILED [ 33%]
test_massive_scenarios.py::test_massive_skills_extraction[Expert in Tableau-expected2201] FAILED [ 33%]
test_massive_scenarios.py::test_massive_skills_extraction[Used Tableau at my last job-expected2202] FAILED [ 33%]
test_massive_scenarios.py::test_massive_skills_extraction[Tableau is my main skill-expected2203] FAILED [ 33%]
test_massive_scenarios.py::test_massive_skills_extraction[Proficient with Tableau-expected2204] FAILED [ 33%]
test_massive_scenarios.py::test_massive_skills_extraction[I know PowerBI-expected2205] FAILED [ 33%]
test_massive_scenarios.py::test_massive_skills_extraction[Expert in PowerBI-expected2206] FAILED [ 33%]
test_massive_scenarios.py::test_massive_skills_extraction[Used PowerBI at my last job-expected2207] FAILED [ 33%]
test_massive_scenarios.py::test_massive_skills_extraction[PowerBI is my main skill-expected2208] FAILED [ 33%]
test_massive_scenarios.py::test_massive_skills_extraction[Proficient with PowerBI-expected2209] FAILED [ 33%]
test_massive_scenarios.py::test_massive_skills_extraction[I know SQL-expected2210] PASSED [ 33%]
test_massive_scenarios.py::test_massive_skills_extraction[Expert in SQL-expected2211] PASSED [ 33%]
test_massive_scenarios.py::test_massive_skills_extraction[Used SQL at my last job-expected2212] PASSED [ 33%]
test_massive_scenarios.py::test_massive_skills_extraction[SQL is my main skill-expected2213] PASSED [ 33%]
test_massive_scenarios.py::test_massive_skills_extraction[Proficient with SQL-expected2214] PASSED [ 33%]
test_massive_scenarios.py::test_massive_skills_extraction[I know NoSQL-expected2215] FAILED [ 33%]
test_massive_scenarios.py::test_massive_skills_extraction[Expert in NoSQL-expected2216] FAILED [ 33%]
test_massive_scenarios.py::test_massive_skills_extraction[Used NoSQL at my last job-expected2217] FAILED [ 33%]
test_massive_scenarios.py::test_massive_skills_extraction[NoSQL is my main skill-expected2218] FAILED [ 33%]
test_massive_scenarios.py::test_massive_skills_extraction[Proficient with NoSQL-expected2219] FAILED [ 33%]
test_massive_scenarios.py::test_massive_skills_extraction[I know Snowflake-expected2220] FAILED [ 33%]
test_massive_scenarios.py::test_massive_skills_extraction[Expert in Snowflake-expected2221] FAILED [ 33%]
test_massive_scenarios.py::test_massive_skills_extraction[Used Snowflake at my last job-expected2222] FAILED [ 33%]
test_massive_scenarios.py::test_massive_skills_extraction[Snowflake is my main skill-expected2223] FAILED [ 34%]
test_massive_scenarios.py::test_massive_skills_extraction[Proficient with Snowflake-expected2224] FAILED [ 34%]
test_massive_scenarios.py::test_massive_skills_extraction[I know BigQuery-expected2225] FAILED [ 34%]
test_massive_scenarios.py::test_massive_skills_extraction[Expert in BigQuery-expected2226] FAILED [ 34%]
test_massive_scenarios.py::test_massive_skills_extraction[Used BigQuery at my last job-expected2227] FAILED [ 34%]
test_massive_scenarios.py::test_massive_skills_extraction[BigQuery is my main skill-expected2228] FAILED [ 34%]
test_massive_scenarios.py::test_massive_skills_extraction[Proficient with BigQuery-expected2229] FAILED [ 34%]
test_massive_scenarios.py::test_massive_skills_extraction[I know Spark-expected2230] FAILED [ 34%]
test_massive_scenarios.py::test_massive_skills_extraction[Expert in Spark-expected2231] FAILED [ 34%]
test_massive_scenarios.py::test_massive_skills_extraction[Used Spark at my last job-expected2232] FAILED [ 34%]
test_massive_scenarios.py::test_massive_skills_extraction[Spark is my main skill-expected2233] FAILED [ 34%]
test_massive_scenarios.py::test_massive_skills_extraction[Proficient with Spark-expected2234] FAILED [ 34%]
test_massive_scenarios.py::test_massive_skills_extraction[I know Hadoop-expected2235] FAILED [ 34%]
test_massive_scenarios.py::test_massive_skills_extraction[Expert in Hadoop-expected2236] FAILED [ 34%]
test_massive_scenarios.py::test_massive_skills_extraction[Used Hadoop at my last job-expected2237] FAILED [ 34%]
test_massive_scenarios.py::test_massive_skills_extraction[Hadoop is my main skill-expected2238] FAILED [ 34%]
test_massive_scenarios.py::test_massive_skills_extraction[Proficient with Hadoop-expected2239] FAILED [ 34%]
test_massive_scenarios.py::test_massive_skills_extraction[I know Flink-expected2240] FAILED [ 34%]
test_massive_scenarios.py::test_massive_skills_extraction[Expert in Flink-expected2241] FAILED [ 34%]
test_massive_scenarios.py::test_massive_skills_extraction[Used Flink at my last job-expected2242] FAILED [ 34%]
test_massive_scenarios.py::test_massive_skills_extraction[Flink is my main skill-expected2243] FAILED [ 34%]
test_massive_scenarios.py::test_massive_skills_extraction[Proficient with Flink-expected2244] FAILED [ 34%]
test_massive_scenarios.py::test_massive_skills_extraction[I know Kafka-expected2245] FAILED [ 34%]
test_massive_scenarios.py::test_massive_skills_extraction[Expert in Kafka-expected2246] FAILED [ 34%]
test_massive_scenarios.py::test_massive_skills_extraction[Used Kafka at my last job-expected2247] FAILED [ 34%]
test_massive_scenarios.py::test_massive_skills_extraction[Kafka is my main skill-expected2248] FAILED [ 34%]
test_massive_scenarios.py::test_massive_skills_extraction[Proficient with Kafka-expected2249] FAILED [ 34%]
test_massive_scenarios.py::test_massive_skills_extraction[I know Python-expected2250] PASSED [ 34%]
test_massive_scenarios.py::test_massive_skills_extraction[Expert in Python-expected2251] PASSED [ 34%]
test_massive_scenarios.py::test_massive_skills_extraction[Used Python at my last job-expected2252] PASSED [ 34%]
test_massive_scenarios.py::test_massive_skills_extraction[Python is my main skill-expected2253] PASSED [ 34%]
test_massive_scenarios.py::test_massive_skills_extraction[Proficient with Python-expected2254] PASSED [ 34%]
test_massive_scenarios.py::test_massive_skills_extraction[I know Java-expected2255] PASSED [ 34%]
test_massive_scenarios.py::test_massive_skills_extraction[Expert in Java-expected2256] PASSED [ 34%]
test_massive_scenarios.py::test_massive_skills_extraction[Used Java at my last job-expected2257] PASSED [ 34%]
test_massive_scenarios.py::test_massive_skills_extraction[Java is my main skill-expected2258] PASSED [ 34%]
test_massive_scenarios.py::test_massive_skills_extraction[Proficient with Java-expected2259] PASSED [ 34%]
test_massive_scenarios.py::test_massive_skills_extraction[I know C++-expected2260] PASSED [ 34%]
test_massive_scenarios.py::test_massive_skills_extraction[Expert in C++-expected2261] PASSED [ 34%]
test_massive_scenarios.py::test_massive_skills_extraction[Used C++ at my last job-expected2262] PASSED [ 34%]
test_massive_scenarios.py::test_massive_skills_extraction[C++ is my main skill-expected2263] PASSED [ 34%]
test_massive_scenarios.py::test_massive_skills_extraction[Proficient with C++-expected2264] PASSED [ 34%]
test_massive_scenarios.py::test_massive_skills_extraction[I know C#-expected2265] PASSED [ 34%]
test_massive_scenarios.py::test_massive_skills_extraction[Expert in C#-expected2266] PASSED [ 34%]
test_massive_scenarios.py::test_massive_skills_extraction[Used C# at my last job-expected2267] PASSED [ 34%]
test_massive_scenarios.py::test_massive_skills_extraction[C# is my main skill-expected2268] PASSED [ 34%]
test_massive_scenarios.py::test_massive_skills_extraction[Proficient with C#-expected2269] PASSED [ 34%]
test_massive_scenarios.py::test_massive_skills_extraction[I know Go-expected2270] PASSED [ 34%]
test_massive_scenarios.py::test_massive_skills_extraction[Expert in Go-expected2271] PASSED [ 34%]
test_massive_scenarios.py::test_massive_skills_extraction[Used Go at my last job-expected2272] PASSED [ 34%]
test_massive_scenarios.py::test_massive_skills_extraction[Go is my main skill-expected2273] PASSED [ 34%]
test_massive_scenarios.py::test_massive_skills_extraction[Proficient with Go-expected2274] PASSED [ 34%]
test_massive_scenarios.py::test_massive_skills_extraction[I know Rust-expected2275] PASSED [ 34%]
test_massive_scenarios.py::test_massive_skills_extraction[Expert in Rust-expected2276] PASSED [ 34%]
test_massive_scenarios.py::test_massive_skills_extraction[Used Rust at my last job-expected2277] PASSED [ 34%]
test_massive_scenarios.py::test_massive_skills_extraction[Rust is my main skill-expected2278] PASSED [ 34%]
test_massive_scenarios.py::test_massive_skills_extraction[Proficient with Rust-expected2279] PASSED [ 34%]
test_massive_scenarios.py::test_massive_skills_extraction[I know Swift-expected2280] PASSED [ 34%]
test_massive_scenarios.py::test_massive_skills_extraction[Expert in Swift-expected2281] PASSED [ 34%]
test_massive_scenarios.py::test_massive_skills_extraction[Used Swift at my last job-expected2282] PASSED [ 34%]
test_massive_scenarios.py::test_massive_skills_extraction[Swift is my main skill-expected2283] PASSED [ 34%]
test_massive_scenarios.py::test_massive_skills_extraction[Proficient with Swift-expected2284] PASSED [ 34%]
test_massive_scenarios.py::test_massive_skills_extraction[I know Kotlin-expected2285] PASSED [ 34%]
test_massive_scenarios.py::test_massive_skills_extraction[Expert in Kotlin-expected2286] PASSED [ 34%]
test_massive_scenarios.py::test_massive_skills_extraction[Used Kotlin at my last job-expected2287] PASSED [ 34%]
test_massive_scenarios.py::test_massive_skills_extraction[Kotlin is my main skill-expected2288] PASSED [ 34%]
test_massive_scenarios.py::test_massive_skills_extraction[Proficient with Kotlin-expected2289] PASSED [ 35%]
test_massive_scenarios.py::test_massive_skills_extraction[I know TypeScript-expected2290] PASSED [ 35%]
test_massive_scenarios.py::test_massive_skills_extraction[Expert in TypeScript-expected2291] PASSED [ 35%]
test_massive_scenarios.py::test_massive_skills_extraction[Used TypeScript at my last job-expected2292] PASSED [ 35%]
test_massive_scenarios.py::test_massive_skills_extraction[TypeScript is my main skill-expected2293] PASSED [ 35%]
test_massive_scenarios.py::test_massive_skills_extraction[Proficient with TypeScript-expected2294] PASSED [ 35%]
test_massive_scenarios.py::test_massive_skills_extraction[I know JavaScript-expected2295] PASSED [ 35%]
test_massive_scenarios.py::test_massive_skills_extraction[Expert in JavaScript-expected2296] PASSED [ 35%]
test_massive_scenarios.py::test_massive_skills_extraction[Used JavaScript at my last job-expected2297] PASSED [ 35%]
test_massive_scenarios.py::test_massive_skills_extraction[JavaScript is my main skill-expected2298] PASSED [ 35%]
test_massive_scenarios.py::test_massive_skills_extraction[Proficient with JavaScript-expected2299] PASSED [ 35%]
test_massive_scenarios.py::test_massive_skills_extraction[I know React-expected2300] PASSED [ 35%]
test_massive_scenarios.py::test_massive_skills_extraction[Expert in React-expected2301] PASSED [ 35%]
test_massive_scenarios.py::test_massive_skills_extraction[Used React at my last job-expected2302] PASSED [ 35%]
test_massive_scenarios.py::test_massive_skills_extraction[React is my main skill-expected2303] PASSED [ 35%]
test_massive_scenarios.py::test_massive_skills_extraction[Proficient with React-expected2304] PASSED [ 35%]
test_massive_scenarios.py::test_massive_skills_extraction[I know Angular-expected2305] PASSED [ 35%]
test_massive_scenarios.py::test_massive_skills_extraction[Expert in Angular-expected2306] PASSED [ 35%]
test_massive_scenarios.py::test_massive_skills_extraction[Used Angular at my last job-expected2307] PASSED [ 35%]
test_massive_scenarios.py::test_massive_skills_extraction[Angular is my main skill-expected2308] PASSED [ 35%]
test_massive_scenarios.py::test_massive_skills_extraction[Proficient with Angular-expected2309] PASSED [ 35%]
test_massive_scenarios.py::test_massive_skills_extraction[I know Vue-expected2310] FAILED [ 35%]
test_massive_scenarios.py::test_massive_skills_extraction[Expert in Vue-expected2311] FAILED [ 35%]
test_massive_scenarios.py::test_massive_skills_extraction[Used Vue at my last job-expected2312] FAILED [ 35%]
test_massive_scenarios.py::test_massive_skills_extraction[Vue is my main skill-expected2313] FAILED [ 35%]
test_massive_scenarios.py::test_massive_skills_extraction[Proficient with Vue-expected2314] FAILED [ 35%]
test_massive_scenarios.py::test_massive_skills_extraction[I know Node.js-expected2315] PASSED [ 35%]
test_massive_scenarios.py::test_massive_skills_extraction[Expert in Node.js-expected2316] PASSED [ 35%]
test_massive_scenarios.py::test_massive_skills_extraction[Used Node.js at my last job-expected2317] PASSED [ 35%]
test_massive_scenarios.py::test_massive_skills_extraction[Node.js is my main skill-expected2318] PASSED [ 35%]
test_massive_scenarios.py::test_massive_skills_extraction[Proficient with Node.js-expected2319] PASSED [ 35%]
test_massive_scenarios.py::test_massive_skills_extraction[I know Django-expected2320] PASSED [ 35%]
test_massive_scenarios.py::test_massive_skills_extraction[Expert in Django-expected2321] PASSED [ 35%]
test_massive_scenarios.py::test_massive_skills_extraction[Used Django at my last job-expected2322] PASSED [ 35%]
test_massive_scenarios.py::test_massive_skills_extraction[Django is my main skill-expected2323] PASSED [ 35%]
test_massive_scenarios.py::test_massive_skills_extraction[Proficient with Django-expected2324] PASSED [ 35%]
test_massive_scenarios.py::test_massive_skills_extraction[I know Flask-expected2325] PASSED [ 35%]
test_massive_scenarios.py::test_massive_skills_extraction[Expert in Flask-expected2326] PASSED [ 35%]
test_massive_scenarios.py::test_massive_skills_extraction[Used Flask at my last job-expected2327] PASSED [ 35%]
test_massive_scenarios.py::test_massive_skills_extraction[Flask is my main skill-expected2328] PASSED [ 35%]
test_massive_scenarios.py::test_massive_skills_extraction[Proficient with Flask-expected2329] PASSED [ 35%]
test_massive_scenarios.py::test_massive_skills_extraction[I know Spring-expected2330] PASSED [ 35%]
test_massive_scenarios.py::test_massive_skills_extraction[Expert in Spring-expected2331] PASSED [ 35%]
test_massive_scenarios.py::test_massive_skills_extraction[Used Spring at my last job-expected2332] PASSED [ 35%]
test_massive_scenarios.py::test_massive_skills_extraction[Spring is my main skill-expected2333] PASSED [ 35%]
test_massive_scenarios.py::test_massive_skills_extraction[Proficient with Spring-expected2334] PASSED [ 35%]
test_massive_scenarios.py::test_massive_skills_extraction[I know ASP.NET-expected2335] PASSED [ 35%]
test_massive_scenarios.py::test_massive_skills_extraction[Expert in ASP.NET-expected2336] PASSED [ 35%]
test_massive_scenarios.py::test_massive_skills_extraction[Used ASP.NET at my last job-expected2337] PASSED [ 35%]
test_massive_scenarios.py::test_massive_skills_extraction[ASP.NET is my main skill-expected2338] PASSED [ 35%]
test_massive_scenarios.py::test_massive_skills_extraction[Proficient with ASP.NET-expected2339] PASSED [ 35%]
test_massive_scenarios.py::test_massive_skills_extraction[I know GraphQL-expected2340] PASSED [ 35%]
test_massive_scenarios.py::test_massive_skills_extraction[Expert in GraphQL-expected2341] PASSED [ 35%]
test_massive_scenarios.py::test_massive_skills_extraction[Used GraphQL at my last job-expected2342] PASSED [ 35%]
test_massive_scenarios.py::test_massive_skills_extraction[GraphQL is my main skill-expected2343] PASSED [ 35%]
test_massive_scenarios.py::test_massive_skills_extraction[Proficient with GraphQL-expected2344] PASSED [ 35%]
test_massive_scenarios.py::test_massive_skills_extraction[I know PostgreSQL-expected2345] PASSED [ 35%]
test_massive_scenarios.py::test_massive_skills_extraction[Expert in PostgreSQL-expected2346] PASSED [ 35%]
test_massive_scenarios.py::test_massive_skills_extraction[Used PostgreSQL at my last job-expected2347] PASSED [ 35%]
test_massive_scenarios.py::test_massive_skills_extraction[PostgreSQL is my main skill-expected2348] PASSED [ 35%]
test_massive_scenarios.py::test_massive_skills_extraction[Proficient with PostgreSQL-expected2349] PASSED [ 35%]
test_massive_scenarios.py::test_massive_skills_extraction[I know MongoDB-expected2350] PASSED [ 35%]
test_massive_scenarios.py::test_massive_skills_extraction[Expert in MongoDB-expected2351] PASSED [ 35%]
test_massive_scenarios.py::test_massive_skills_extraction[Used MongoDB at my last job-expected2352] PASSED [ 35%]
test_massive_scenarios.py::test_massive_skills_extraction[MongoDB is my main skill-expected2353] PASSED [ 35%]
test_massive_scenarios.py::test_massive_skills_extraction[Proficient with MongoDB-expected2354] PASSED [ 36%]
test_massive_scenarios.py::test_massive_skills_extraction[I know Redis-expected2355] PASSED [ 36%]
test_massive_scenarios.py::test_massive_skills_extraction[Expert in Redis-expected2356] PASSED [ 36%]
test_massive_scenarios.py::test_massive_skills_extraction[Used Redis at my last job-expected2357] PASSED [ 36%]
test_massive_scenarios.py::test_massive_skills_extraction[Redis is my main skill-expected2358] PASSED [ 36%]
test_massive_scenarios.py::test_massive_skills_extraction[Proficient with Redis-expected2359] PASSED [ 36%]
test_massive_scenarios.py::test_massive_skills_extraction[I know Elasticsearch-expected2360] FAILED [ 36%]
test_massive_scenarios.py::test_massive_skills_extraction[Expert in Elasticsearch-expected2361] FAILED [ 36%]
test_massive_scenarios.py::test_massive_skills_extraction[Used Elasticsearch at my last job-expected2362] FAILED [ 36%]
test_massive_scenarios.py::test_massive_skills_extraction[Elasticsearch is my main skill-expected2363] FAILED [ 36%]
test_massive_scenarios.py::test_massive_skills_extraction[Proficient with Elasticsearch-expected2364] FAILED [ 36%]
test_massive_scenarios.py::test_massive_skills_extraction[I know Cassandra-expected2365] PASSED [ 36%]
test_massive_scenarios.py::test_massive_skills_extraction[Expert in Cassandra-expected2366] PASSED [ 36%]
test_massive_scenarios.py::test_massive_skills_extraction[Used Cassandra at my last job-expected2367] PASSED [ 36%]
test_massive_scenarios.py::test_massive_skills_extraction[Cassandra is my main skill-expected2368] PASSED [ 36%]
test_massive_scenarios.py::test_massive_skills_extraction[Proficient with Cassandra-expected2369] PASSED [ 36%]
test_massive_scenarios.py::test_massive_skills_extraction[I know Docker-expected2370] PASSED [ 36%]
test_massive_scenarios.py::test_massive_skills_extraction[Expert in Docker-expected2371] PASSED [ 36%]
test_massive_scenarios.py::test_massive_skills_extraction[Used Docker at my last job-expected2372] PASSED [ 36%]
test_massive_scenarios.py::test_massive_skills_extraction[Docker is my main skill-expected2373] PASSED [ 36%]
test_massive_scenarios.py::test_massive_skills_extraction[Proficient with Docker-expected2374] PASSED [ 36%]
test_massive_scenarios.py::test_massive_skills_extraction[I know Kubernetes-expected2375] PASSED [ 36%]
test_massive_scenarios.py::test_massive_skills_extraction[Expert in Kubernetes-expected2376] PASSED [ 36%]
test_massive_scenarios.py::test_massive_skills_extraction[Used Kubernetes at my last job-expected2377] PASSED [ 36%]
test_massive_scenarios.py::test_massive_skills_extraction[Kubernetes is my main skill-expected2378] PASSED [ 36%]
test_massive_scenarios.py::test_massive_skills_extraction[Proficient with Kubernetes-expected2379] PASSED [ 36%]
test_massive_scenarios.py::test_massive_skills_extraction[I know AWS-expected2380] PASSED [ 36%]
test_massive_scenarios.py::test_massive_skills_extraction[Expert in AWS-expected2381] PASSED [ 36%]
test_massive_scenarios.py::test_massive_skills_extraction[Used AWS at my last job-expected2382] PASSED [ 36%]
test_massive_scenarios.py::test_massive_skills_extraction[AWS is my main skill-expected2383] PASSED [ 36%]
test_massive_scenarios.py::test_massive_skills_extraction[Proficient with AWS-expected2384] PASSED [ 36%]
test_massive_scenarios.py::test_massive_skills_extraction[I know Azure-expected2385] PASSED [ 36%]
test_massive_scenarios.py::test_massive_skills_extraction[Expert in Azure-expected2386] PASSED [ 36%]
test_massive_scenarios.py::test_massive_skills_extraction[Used Azure at my last job-expected2387] PASSED [ 36%]
test_massive_scenarios.py::test_massive_skills_extraction[Azure is my main skill-expected2388] PASSED [ 36%]
test_massive_scenarios.py::test_massive_skills_extraction[Proficient with Azure-expected2389] PASSED [ 36%]
test_massive_scenarios.py::test_massive_skills_extraction[I know GCP-expected2390] FAILED [ 36%]
test_massive_scenarios.py::test_massive_skills_extraction[Expert in GCP-expected2391] FAILED [ 36%]
test_massive_scenarios.py::test_massive_skills_extraction[Used GCP at my last job-expected2392] FAILED [ 36%]
test_massive_scenarios.py::test_massive_skills_extraction[GCP is my main skill-expected2393] FAILED [ 36%]
test_massive_scenarios.py::test_massive_skills_extraction[Proficient with GCP-expected2394] FAILED [ 36%]
test_massive_scenarios.py::test_massive_skills_extraction[I know Terraform-expected2395] PASSED [ 36%]
test_massive_scenarios.py::test_massive_skills_extraction[Expert in Terraform-expected2396] PASSED [ 36%]
test_massive_scenarios.py::test_massive_skills_extraction[Used Terraform at my last job-expected2397] PASSED [ 36%]
test_massive_scenarios.py::test_massive_skills_extraction[Terraform is my main skill-expected2398] PASSED [ 36%]
test_massive_scenarios.py::test_massive_skills_extraction[Proficient with Terraform-expected2399] PASSED [ 36%]
test_massive_scenarios.py::test_massive_skills_extraction[I know Ansible-expected2400] PASSED [ 36%]
test_massive_scenarios.py::test_massive_skills_extraction[Expert in Ansible-expected2401] PASSED [ 36%]
test_massive_scenarios.py::test_massive_skills_extraction[Used Ansible at my last job-expected2402] PASSED [ 36%]
test_massive_scenarios.py::test_massive_skills_extraction[Ansible is my main skill-expected2403] PASSED [ 36%]
test_massive_scenarios.py::test_massive_skills_extraction[Proficient with Ansible-expected2404] PASSED [ 36%]
test_massive_scenarios.py::test_massive_skills_extraction[I know Jenkins-expected2405] PASSED [ 36%]
test_massive_scenarios.py::test_massive_skills_extraction[Expert in Jenkins-expected2406] PASSED [ 36%]
test_massive_scenarios.py::test_massive_skills_extraction[Used Jenkins at my last job-expected2407] PASSED [ 36%]
test_massive_scenarios.py::test_massive_skills_extraction[Jenkins is my main skill-expected2408] PASSED [ 36%]
test_massive_scenarios.py::test_massive_skills_extraction[Proficient with Jenkins-expected2409] PASSED [ 36%]
test_massive_scenarios.py::test_massive_skills_extraction[I know Git-expected2410] PASSED [ 36%]
test_massive_scenarios.py::test_massive_skills_extraction[Expert in Git-expected2411] PASSED [ 36%]
test_massive_scenarios.py::test_massive_skills_extraction[Used Git at my last job-expected2412] PASSED [ 36%]
test_massive_scenarios.py::test_massive_skills_extraction[Git is my main skill-expected2413] PASSED [ 36%]
test_massive_scenarios.py::test_massive_skills_extraction[Proficient with Git-expected2414] PASSED [ 36%]
test_massive_scenarios.py::test_massive_skills_extraction[I know Machine Learning-expected2415] PASSED [ 36%]
test_massive_scenarios.py::test_massive_skills_extraction[Expert in Machine Learning-expected2416] PASSED [ 36%]
test_massive_scenarios.py::test_massive_skills_extraction[Used Machine Learning at my last job-expected2417] PASSED [ 36%]
test_massive_scenarios.py::test_massive_skills_extraction[Machine Learning is my main skill-expected2418] PASSED [ 36%]
test_massive_scenarios.py::test_massive_skills_extraction[Proficient with Machine Learning-expected2419] PASSED [ 36%]
test_massive_scenarios.py::test_massive_skills_extraction[I know Deep Learning-expected2420] PASSED [ 37%]
test_massive_scenarios.py::test_massive_skills_extraction[Expert in Deep Learning-expected2421] PASSED [ 37%]
test_massive_scenarios.py::test_massive_skills_extraction[Used Deep Learning at my last job-expected2422] PASSED [ 37%]
test_massive_scenarios.py::test_massive_skills_extraction[Deep Learning is my main skill-expected2423] PASSED [ 37%]
test_massive_scenarios.py::test_massive_skills_extraction[Proficient with Deep Learning-expected2424] PASSED [ 37%]
test_massive_scenarios.py::test_massive_skills_extraction[I know TensorFlow-expected2425] PASSED [ 37%]
test_massive_scenarios.py::test_massive_skills_extraction[Expert in TensorFlow-expected2426] PASSED [ 37%]
test_massive_scenarios.py::test_massive_skills_extraction[Used TensorFlow at my last job-expected2427] PASSED [ 37%]
test_massive_scenarios.py::test_massive_skills_extraction[TensorFlow is my main skill-expected2428] PASSED [ 37%]
test_massive_scenarios.py::test_massive_skills_extraction[Proficient with TensorFlow-expected2429] PASSED [ 37%]
test_massive_scenarios.py::test_massive_skills_extraction[I know PyTorch-expected2430] PASSED [ 37%]
test_massive_scenarios.py::test_massive_skills_extraction[Expert in PyTorch-expected2431] PASSED [ 37%]
test_massive_scenarios.py::test_massive_skills_extraction[Used PyTorch at my last job-expected2432] PASSED [ 37%]
test_massive_scenarios.py::test_massive_skills_extraction[PyTorch is my main skill-expected2433] PASSED [ 37%]
test_massive_scenarios.py::test_massive_skills_extraction[Proficient with PyTorch-expected2434] PASSED [ 37%]
test_massive_scenarios.py::test_massive_skills_extraction[I know Pandas-expected2435] PASSED [ 37%]
test_massive_scenarios.py::test_massive_skills_extraction[Expert in Pandas-expected2436] PASSED [ 37%]
test_massive_scenarios.py::test_massive_skills_extraction[Used Pandas at my last job-expected2437] PASSED [ 37%]
test_massive_scenarios.py::test_massive_skills_extraction[Pandas is my main skill-expected2438] PASSED [ 37%]
test_massive_scenarios.py::test_massive_skills_extraction[Proficient with Pandas-expected2439] PASSED [ 37%]
test_massive_scenarios.py::test_massive_skills_extraction[I know NumPy-expected2440] PASSED [ 37%]
test_massive_scenarios.py::test_massive_skills_extraction[Expert in NumPy-expected2441] PASSED [ 37%]
test_massive_scenarios.py::test_massive_skills_extraction[Used NumPy at my last job-expected2442] PASSED [ 37%]
test_massive_scenarios.py::test_massive_skills_extraction[NumPy is my main skill-expected2443] PASSED [ 37%]
test_massive_scenarios.py::test_massive_skills_extraction[Proficient with NumPy-expected2444] PASSED [ 37%]
test_massive_scenarios.py::test_massive_skills_extraction[I know Scikit-Learn-expected2445] FAILED [ 37%]
test_massive_scenarios.py::test_massive_skills_extraction[Expert in Scikit-Learn-expected2446] FAILED [ 37%]
test_massive_scenarios.py::test_massive_skills_extraction[Used Scikit-Learn at my last job-expected2447] FAILED [ 37%]
test_massive_scenarios.py::test_massive_skills_extraction[Scikit-Learn is my main skill-expected2448] FAILED [ 37%]
test_massive_scenarios.py::test_massive_skills_extraction[Proficient with Scikit-Learn-expected2449] FAILED [ 37%]
test_massive_scenarios.py::test_massive_skills_extraction[I know Tableau-expected2450] FAILED [ 37%]
test_massive_scenarios.py::test_massive_skills_extraction[Expert in Tableau-expected2451] FAILED [ 37%]
test_massive_scenarios.py::test_massive_skills_extraction[Used Tableau at my last job-expected2452] FAILED [ 37%]
test_massive_scenarios.py::test_massive_skills_extraction[Tableau is my main skill-expected2453] FAILED [ 37%]
test_massive_scenarios.py::test_massive_skills_extraction[Proficient with Tableau-expected2454] FAILED [ 37%]
test_massive_scenarios.py::test_massive_skills_extraction[I know PowerBI-expected2455] FAILED [ 37%]
test_massive_scenarios.py::test_massive_skills_extraction[Expert in PowerBI-expected2456] FAILED [ 37%]
test_massive_scenarios.py::test_massive_skills_extraction[Used PowerBI at my last job-expected2457] FAILED [ 37%]
test_massive_scenarios.py::test_massive_skills_extraction[PowerBI is my main skill-expected2458] FAILED [ 37%]
test_massive_scenarios.py::test_massive_skills_extraction[Proficient with PowerBI-expected2459] FAILED [ 37%]
test_massive_scenarios.py::test_massive_skills_extraction[I know SQL-expected2460] PASSED [ 37%]
test_massive_scenarios.py::test_massive_skills_extraction[Expert in SQL-expected2461] PASSED [ 37%]
test_massive_scenarios.py::test_massive_skills_extraction[Used SQL at my last job-expected2462] PASSED [ 37%]
test_massive_scenarios.py::test_massive_skills_extraction[SQL is my main skill-expected2463] PASSED [ 37%]
test_massive_scenarios.py::test_massive_skills_extraction[Proficient with SQL-expected2464] PASSED [ 37%]
test_massive_scenarios.py::test_massive_skills_extraction[I know NoSQL-expected2465] FAILED [ 37%]
test_massive_scenarios.py::test_massive_skills_extraction[Expert in NoSQL-expected2466] FAILED [ 37%]
test_massive_scenarios.py::test_massive_skills_extraction[Used NoSQL at my last job-expected2467] FAILED [ 37%]
test_massive_scenarios.py::test_massive_skills_extraction[NoSQL is my main skill-expected2468] FAILED [ 37%]
test_massive_scenarios.py::test_massive_skills_extraction[Proficient with NoSQL-expected2469] FAILED [ 37%]
test_massive_scenarios.py::test_massive_skills_extraction[I know Snowflake-expected2470] FAILED [ 37%]
test_massive_scenarios.py::test_massive_skills_extraction[Expert in Snowflake-expected2471] FAILED [ 37%]
test_massive_scenarios.py::test_massive_skills_extraction[Used Snowflake at my last job-expected2472] FAILED [ 37%]
test_massive_scenarios.py::test_massive_skills_extraction[Snowflake is my main skill-expected2473] FAILED [ 37%]
test_massive_scenarios.py::test_massive_skills_extraction[Proficient with Snowflake-expected2474] FAILED [ 37%]
test_massive_scenarios.py::test_massive_skills_extraction[I know BigQuery-expected2475] FAILED [ 37%]
test_massive_scenarios.py::test_massive_skills_extraction[Expert in BigQuery-expected2476] FAILED [ 37%]
test_massive_scenarios.py::test_massive_skills_extraction[Used BigQuery at my last job-expected2477] FAILED [ 37%]
test_massive_scenarios.py::test_massive_skills_extraction[BigQuery is my main skill-expected2478] FAILED [ 37%]
test_massive_scenarios.py::test_massive_skills_extraction[Proficient with BigQuery-expected2479] FAILED [ 37%]
test_massive_scenarios.py::test_massive_skills_extraction[I know Spark-expected2480] FAILED [ 37%]
test_massive_scenarios.py::test_massive_skills_extraction[Expert in Spark-expected2481] FAILED [ 37%]
test_massive_scenarios.py::test_massive_skills_extraction[Used Spark at my last job-expected2482] FAILED [ 37%]
test_massive_scenarios.py::test_massive_skills_extraction[Spark is my main skill-expected2483] FAILED [ 37%]
test_massive_scenarios.py::test_massive_skills_extraction[Proficient with Spark-expected2484] FAILED [ 37%]
test_massive_scenarios.py::test_massive_skills_extraction[I know Hadoop-expected2485] FAILED [ 38%]
test_massive_scenarios.py::test_massive_skills_extraction[Expert in Hadoop-expected2486] FAILED [ 38%]
test_massive_scenarios.py::test_massive_skills_extraction[Used Hadoop at my last job-expected2487] FAILED [ 38%]
test_massive_scenarios.py::test_massive_skills_extraction[Hadoop is my main skill-expected2488] FAILED [ 38%]
test_massive_scenarios.py::test_massive_skills_extraction[Proficient with Hadoop-expected2489] FAILED [ 38%]
test_massive_scenarios.py::test_massive_skills_extraction[I know Flink-expected2490] FAILED [ 38%]
test_massive_scenarios.py::test_massive_skills_extraction[Expert in Flink-expected2491] FAILED [ 38%]
test_massive_scenarios.py::test_massive_skills_extraction[Used Flink at my last job-expected2492] FAILED [ 38%]
test_massive_scenarios.py::test_massive_skills_extraction[Flink is my main skill-expected2493] FAILED [ 38%]
test_massive_scenarios.py::test_massive_skills_extraction[Proficient with Flink-expected2494] FAILED [ 38%]
test_massive_scenarios.py::test_massive_skills_extraction[I know Kafka-expected2495] FAILED [ 38%]
test_massive_scenarios.py::test_massive_skills_extraction[Expert in Kafka-expected2496] FAILED [ 38%]
test_massive_scenarios.py::test_massive_skills_extraction[Used Kafka at my last job-expected2497] FAILED [ 38%]
test_massive_scenarios.py::test_massive_skills_extraction[Kafka is my main skill-expected2498] FAILED [ 38%]
test_massive_scenarios.py::test_massive_skills_extraction[Proficient with Kafka-expected2499] FAILED [ 38%]
test_massive_scenarios.py::test_massive_skills_extraction[I know Python-expected2500] PASSED [ 38%]
test_massive_scenarios.py::test_massive_skills_extraction[Expert in Python-expected2501] PASSED [ 38%]
test_massive_scenarios.py::test_massive_skills_extraction[Used Python at my last job-expected2502] PASSED [ 38%]
test_massive_scenarios.py::test_massive_skills_extraction[Python is my main skill-expected2503] PASSED [ 38%]
test_massive_scenarios.py::test_massive_skills_extraction[Proficient with Python-expected2504] PASSED [ 38%]
test_massive_scenarios.py::test_massive_skills_extraction[I know Java-expected2505] PASSED [ 38%]
test_massive_scenarios.py::test_massive_skills_extraction[Expert in Java-expected2506] PASSED [ 38%]
test_massive_scenarios.py::test_massive_skills_extraction[Used Java at my last job-expected2507] PASSED [ 38%]
test_massive_scenarios.py::test_massive_skills_extraction[Java is my main skill-expected2508] PASSED [ 38%]
test_massive_scenarios.py::test_massive_skills_extraction[Proficient with Java-expected2509] PASSED [ 38%]
test_massive_scenarios.py::test_massive_skills_extraction[I know C++-expected2510] PASSED [ 38%]
test_massive_scenarios.py::test_massive_skills_extraction[Expert in C++-expected2511] PASSED [ 38%]
test_massive_scenarios.py::test_massive_skills_extraction[Used C++ at my last job-expected2512] PASSED [ 38%]
test_massive_scenarios.py::test_massive_skills_extraction[C++ is my main skill-expected2513] PASSED [ 38%]
test_massive_scenarios.py::test_massive_skills_extraction[Proficient with C++-expected2514] PASSED [ 38%]
test_massive_scenarios.py::test_massive_skills_extraction[I know C#-expected2515] PASSED [ 38%]
test_massive_scenarios.py::test_massive_skills_extraction[Expert in C#-expected2516] PASSED [ 38%]
test_massive_scenarios.py::test_massive_skills_extraction[Used C# at my last job-expected2517] PASSED [ 38%]
test_massive_scenarios.py::test_massive_skills_extraction[C# is my main skill-expected2518] PASSED [ 38%]
test_massive_scenarios.py::test_massive_skills_extraction[Proficient with C#-expected2519] PASSED [ 38%]
test_massive_scenarios.py::test_massive_skills_extraction[I know Go-expected2520] PASSED [ 38%]
test_massive_scenarios.py::test_massive_skills_extraction[Expert in Go-expected2521] PASSED [ 38%]
test_massive_scenarios.py::test_massive_skills_extraction[Used Go at my last job-expected2522] PASSED [ 38%]
test_massive_scenarios.py::test_massive_skills_extraction[Go is my main skill-expected2523] PASSED [ 38%]
test_massive_scenarios.py::test_massive_skills_extraction[Proficient with Go-expected2524] PASSED [ 38%]
test_massive_scenarios.py::test_massive_skills_extraction[I know Rust-expected2525] PASSED [ 38%]
test_massive_scenarios.py::test_massive_skills_extraction[Expert in Rust-expected2526] PASSED [ 38%]
test_massive_scenarios.py::test_massive_skills_extraction[Used Rust at my last job-expected2527] PASSED [ 38%]
test_massive_scenarios.py::test_massive_skills_extraction[Rust is my main skill-expected2528] PASSED [ 38%]
test_massive_scenarios.py::test_massive_skills_extraction[Proficient with Rust-expected2529] PASSED [ 38%]
test_massive_scenarios.py::test_massive_skills_extraction[I know Swift-expected2530] PASSED [ 38%]
test_massive_scenarios.py::test_massive_skills_extraction[Expert in Swift-expected2531] PASSED [ 38%]
test_massive_scenarios.py::test_massive_skills_extraction[Used Swift at my last job-expected2532] PASSED [ 38%]
test_massive_scenarios.py::test_massive_skills_extraction[Swift is my main skill-expected2533] PASSED [ 38%]
test_massive_scenarios.py::test_massive_skills_extraction[Proficient with Swift-expected2534] PASSED [ 38%]
test_massive_scenarios.py::test_massive_skills_extraction[I know Kotlin-expected2535] PASSED [ 38%]
test_massive_scenarios.py::test_massive_skills_extraction[Expert in Kotlin-expected2536] PASSED [ 38%]
test_massive_scenarios.py::test_massive_skills_extraction[Used Kotlin at my last job-expected2537] PASSED [ 38%]
test_massive_scenarios.py::test_massive_skills_extraction[Kotlin is my main skill-expected2538] PASSED [ 38%]
test_massive_scenarios.py::test_massive_skills_extraction[Proficient with Kotlin-expected2539] PASSED [ 38%]
test_massive_scenarios.py::test_massive_skills_extraction[I know TypeScript-expected2540] PASSED [ 38%]
test_massive_scenarios.py::test_massive_skills_extraction[Expert in TypeScript-expected2541] PASSED [ 38%]
test_massive_scenarios.py::test_massive_skills_extraction[Used TypeScript at my last job-expected2542] PASSED [ 38%]
test_massive_scenarios.py::test_massive_skills_extraction[TypeScript is my main skill-expected2543] PASSED [ 38%]
test_massive_scenarios.py::test_massive_skills_extraction[Proficient with TypeScript-expected2544] PASSED [ 38%]
test_massive_scenarios.py::test_massive_skills_extraction[I know JavaScript-expected2545] PASSED [ 38%]
test_massive_scenarios.py::test_massive_skills_extraction[Expert in JavaScript-expected2546] PASSED [ 38%]
test_massive_scenarios.py::test_massive_skills_extraction[Used JavaScript at my last job-expected2547] PASSED [ 38%]
test_massive_scenarios.py::test_massive_skills_extraction[JavaScript is my main skill-expected2548] PASSED [ 38%]
test_massive_scenarios.py::test_massive_skills_extraction[Proficient with JavaScript-expected2549] PASSED [ 38%]
test_massive_scenarios.py::test_massive_skills_extraction[I know React-expected2550] PASSED [ 39%]
test_massive_scenarios.py::test_massive_skills_extraction[Expert in React-expected2551] PASSED [ 39%]
test_massive_scenarios.py::test_massive_skills_extraction[Used React at my last job-expected2552] PASSED [ 39%]
test_massive_scenarios.py::test_massive_skills_extraction[React is my main skill-expected2553] PASSED [ 39%]
test_massive_scenarios.py::test_massive_skills_extraction[Proficient with React-expected2554] PASSED [ 39%]
test_massive_scenarios.py::test_massive_skills_extraction[I know Angular-expected2555] PASSED [ 39%]
test_massive_scenarios.py::test_massive_skills_extraction[Expert in Angular-expected2556] PASSED [ 39%]
test_massive_scenarios.py::test_massive_skills_extraction[Used Angular at my last job-expected2557] PASSED [ 39%]
test_massive_scenarios.py::test_massive_skills_extraction[Angular is my main skill-expected2558] PASSED [ 39%]
test_massive_scenarios.py::test_massive_skills_extraction[Proficient with Angular-expected2559] PASSED [ 39%]
test_massive_scenarios.py::test_massive_skills_extraction[I know Vue-expected2560] FAILED [ 39%]
test_massive_scenarios.py::test_massive_skills_extraction[Expert in Vue-expected2561] FAILED [ 39%]
test_massive_scenarios.py::test_massive_skills_extraction[Used Vue at my last job-expected2562] FAILED [ 39%]
test_massive_scenarios.py::test_massive_skills_extraction[Vue is my main skill-expected2563] FAILED [ 39%]
test_massive_scenarios.py::test_massive_skills_extraction[Proficient with Vue-expected2564] FAILED [ 39%]
test_massive_scenarios.py::test_massive_skills_extraction[I know Node.js-expected2565] PASSED [ 39%]
test_massive_scenarios.py::test_massive_skills_extraction[Expert in Node.js-expected2566] PASSED [ 39%]
test_massive_scenarios.py::test_massive_skills_extraction[Used Node.js at my last job-expected2567] PASSED [ 39%]
test_massive_scenarios.py::test_massive_skills_extraction[Node.js is my main skill-expected2568] PASSED [ 39%]
test_massive_scenarios.py::test_massive_skills_extraction[Proficient with Node.js-expected2569] PASSED [ 39%]
test_massive_scenarios.py::test_massive_skills_extraction[I know Django-expected2570] PASSED [ 39%]
test_massive_scenarios.py::test_massive_skills_extraction[Expert in Django-expected2571] PASSED [ 39%]
test_massive_scenarios.py::test_massive_skills_extraction[Used Django at my last job-expected2572] PASSED [ 39%]
test_massive_scenarios.py::test_massive_skills_extraction[Django is my main skill-expected2573] PASSED [ 39%]
test_massive_scenarios.py::test_massive_skills_extraction[Proficient with Django-expected2574] PASSED [ 39%]
test_massive_scenarios.py::test_massive_skills_extraction[I know Flask-expected2575] PASSED [ 39%]
test_massive_scenarios.py::test_massive_skills_extraction[Expert in Flask-expected2576] PASSED [ 39%]
test_massive_scenarios.py::test_massive_skills_extraction[Used Flask at my last job-expected2577] PASSED [ 39%]
test_massive_scenarios.py::test_massive_skills_extraction[Flask is my main skill-expected2578] PASSED [ 39%]
test_massive_scenarios.py::test_massive_skills_extraction[Proficient with Flask-expected2579] PASSED [ 39%]
test_massive_scenarios.py::test_massive_skills_extraction[I know Spring-expected2580] PASSED [ 39%]
test_massive_scenarios.py::test_massive_skills_extraction[Expert in Spring-expected2581] PASSED [ 39%]
test_massive_scenarios.py::test_massive_skills_extraction[Used Spring at my last job-expected2582] PASSED [ 39%]
test_massive_scenarios.py::test_massive_skills_extraction[Spring is my main skill-expected2583] PASSED [ 39%]
test_massive_scenarios.py::test_massive_skills_extraction[Proficient with Spring-expected2584] PASSED [ 39%]
test_massive_scenarios.py::test_massive_skills_extraction[I know ASP.NET-expected2585] PASSED [ 39%]
test_massive_scenarios.py::test_massive_skills_extraction[Expert in ASP.NET-expected2586] PASSED [ 39%]
test_massive_scenarios.py::test_massive_skills_extraction[Used ASP.NET at my last job-expected2587] PASSED [ 39%]
test_massive_scenarios.py::test_massive_skills_extraction[ASP.NET is my main skill-expected2588] PASSED [ 39%]
test_massive_scenarios.py::test_massive_skills_extraction[Proficient with ASP.NET-expected2589] PASSED [ 39%]
test_massive_scenarios.py::test_massive_skills_extraction[I know GraphQL-expected2590] PASSED [ 39%]
test_massive_scenarios.py::test_massive_skills_extraction[Expert in GraphQL-expected2591] PASSED [ 39%]
test_massive_scenarios.py::test_massive_skills_extraction[Used GraphQL at my last job-expected2592] PASSED [ 39%]
test_massive_scenarios.py::test_massive_skills_extraction[GraphQL is my main skill-expected2593] PASSED [ 39%]
test_massive_scenarios.py::test_massive_skills_extraction[Proficient with GraphQL-expected2594] PASSED [ 39%]
test_massive_scenarios.py::test_massive_skills_extraction[I know PostgreSQL-expected2595] PASSED [ 39%]
test_massive_scenarios.py::test_massive_skills_extraction[Expert in PostgreSQL-expected2596] PASSED [ 39%]
test_massive_scenarios.py::test_massive_skills_extraction[Used PostgreSQL at my last job-expected2597] PASSED [ 39%]
test_massive_scenarios.py::test_massive_skills_extraction[PostgreSQL is my main skill-expected2598] PASSED [ 39%]
test_massive_scenarios.py::test_massive_skills_extraction[Proficient with PostgreSQL-expected2599] PASSED [ 39%]
test_massive_scenarios.py::test_massive_skills_extraction[I know MongoDB-expected2600] PASSED [ 39%]
test_massive_scenarios.py::test_massive_skills_extraction[Expert in MongoDB-expected2601] PASSED [ 39%]
test_massive_scenarios.py::test_massive_skills_extraction[Used MongoDB at my last job-expected2602] PASSED [ 39%]
test_massive_scenarios.py::test_massive_skills_extraction[MongoDB is my main skill-expected2603] PASSED [ 39%]
test_massive_scenarios.py::test_massive_skills_extraction[Proficient with MongoDB-expected2604] PASSED [ 39%]
test_massive_scenarios.py::test_massive_skills_extraction[I know Redis-expected2605] PASSED [ 39%]
test_massive_scenarios.py::test_massive_skills_extraction[Expert in Redis-expected2606] PASSED [ 39%]
test_massive_scenarios.py::test_massive_skills_extraction[Used Redis at my last job-expected2607] PASSED [ 39%]
test_massive_scenarios.py::test_massive_skills_extraction[Redis is my main skill-expected2608] PASSED [ 39%]
test_massive_scenarios.py::test_massive_skills_extraction[Proficient with Redis-expected2609] PASSED [ 39%]
test_massive_scenarios.py::test_massive_skills_extraction[I know Elasticsearch-expected2610] FAILED [ 39%]
test_massive_scenarios.py::test_massive_skills_extraction[Expert in Elasticsearch-expected2611] FAILED [ 39%]
test_massive_scenarios.py::test_massive_skills_extraction[Used Elasticsearch at my last job-expected2612] FAILED [ 39%]
test_massive_scenarios.py::test_massive_skills_extraction[Elasticsearch is my main skill-expected2613] FAILED [ 39%]
test_massive_scenarios.py::test_massive_skills_extraction[Proficient with Elasticsearch-expected2614] FAILED [ 39%]
test_massive_scenarios.py::test_massive_skills_extraction[I know Cassandra-expected2615] PASSED [ 39%]
test_massive_scenarios.py::test_massive_skills_extraction[Expert in Cassandra-expected2616] PASSED [ 40%]
test_massive_scenarios.py::test_massive_skills_extraction[Used Cassandra at my last job-expected2617] PASSED [ 40%]
test_massive_scenarios.py::test_massive_skills_extraction[Cassandra is my main skill-expected2618] PASSED [ 40%]
test_massive_scenarios.py::test_massive_skills_extraction[Proficient with Cassandra-expected2619] PASSED [ 40%]
test_massive_scenarios.py::test_massive_skills_extraction[I know Docker-expected2620] PASSED [ 40%]
test_massive_scenarios.py::test_massive_skills_extraction[Expert in Docker-expected2621] PASSED [ 40%]
test_massive_scenarios.py::test_massive_skills_extraction[Used Docker at my last job-expected2622] PASSED [ 40%]
test_massive_scenarios.py::test_massive_skills_extraction[Docker is my main skill-expected2623] PASSED [ 40%]
test_massive_scenarios.py::test_massive_skills_extraction[Proficient with Docker-expected2624] PASSED [ 40%]
test_massive_scenarios.py::test_massive_skills_extraction[I know Kubernetes-expected2625] PASSED [ 40%]
test_massive_scenarios.py::test_massive_skills_extraction[Expert in Kubernetes-expected2626] PASSED [ 40%]
test_massive_scenarios.py::test_massive_skills_extraction[Used Kubernetes at my last job-expected2627] PASSED [ 40%]
test_massive_scenarios.py::test_massive_skills_extraction[Kubernetes is my main skill-expected2628] PASSED [ 40%]
test_massive_scenarios.py::test_massive_skills_extraction[Proficient with Kubernetes-expected2629] PASSED [ 40%]
test_massive_scenarios.py::test_massive_skills_extraction[I know AWS-expected2630] PASSED [ 40%]
test_massive_scenarios.py::test_massive_skills_extraction[Expert in AWS-expected2631] PASSED [ 40%]
test_massive_scenarios.py::test_massive_skills_extraction[Used AWS at my last job-expected2632] PASSED [ 40%]
test_massive_scenarios.py::test_massive_skills_extraction[AWS is my main skill-expected2633] PASSED [ 40%]
test_massive_scenarios.py::test_massive_skills_extraction[Proficient with AWS-expected2634] PASSED [ 40%]
test_massive_scenarios.py::test_massive_skills_extraction[I know Azure-expected2635] PASSED [ 40%]
test_massive_scenarios.py::test_massive_skills_extraction[Expert in Azure-expected2636] PASSED [ 40%]
test_massive_scenarios.py::test_massive_skills_extraction[Used Azure at my last job-expected2637] PASSED [ 40%]
test_massive_scenarios.py::test_massive_skills_extraction[Azure is my main skill-expected2638] PASSED [ 40%]
test_massive_scenarios.py::test_massive_skills_extraction[Proficient with Azure-expected2639] PASSED [ 40%]
test_massive_scenarios.py::test_massive_skills_extraction[I know GCP-expected2640] FAILED [ 40%]
test_massive_scenarios.py::test_massive_skills_extraction[Expert in GCP-expected2641] FAILED [ 40%]
test_massive_scenarios.py::test_massive_skills_extraction[Used GCP at my last job-expected2642] FAILED [ 40%]
test_massive_scenarios.py::test_massive_skills_extraction[GCP is my main skill-expected2643] FAILED [ 40%]
test_massive_scenarios.py::test_massive_skills_extraction[Proficient with GCP-expected2644] FAILED [ 40%]
test_massive_scenarios.py::test_massive_skills_extraction[I know Terraform-expected2645] PASSED [ 40%]
test_massive_scenarios.py::test_massive_skills_extraction[Expert in Terraform-expected2646] PASSED [ 40%]
test_massive_scenarios.py::test_massive_skills_extraction[Used Terraform at my last job-expected2647] PASSED [ 40%]
test_massive_scenarios.py::test_massive_skills_extraction[Terraform is my main skill-expected2648] PASSED [ 40%]
test_massive_scenarios.py::test_massive_skills_extraction[Proficient with Terraform-expected2649] PASSED [ 40%]
test_massive_scenarios.py::test_massive_skills_extraction[I know Ansible-expected2650] PASSED [ 40%]
test_massive_scenarios.py::test_massive_skills_extraction[Expert in Ansible-expected2651] PASSED [ 40%]
test_massive_scenarios.py::test_massive_skills_extraction[Used Ansible at my last job-expected2652] PASSED [ 40%]
test_massive_scenarios.py::test_massive_skills_extraction[Ansible is my main skill-expected2653] PASSED [ 40%]
test_massive_scenarios.py::test_massive_skills_extraction[Proficient with Ansible-expected2654] PASSED [ 40%]
test_massive_scenarios.py::test_massive_skills_extraction[I know Jenkins-expected2655] PASSED [ 40%]
test_massive_scenarios.py::test_massive_skills_extraction[Expert in Jenkins-expected2656] PASSED [ 40%]
test_massive_scenarios.py::test_massive_skills_extraction[Used Jenkins at my last job-expected2657] PASSED [ 40%]
test_massive_scenarios.py::test_massive_skills_extraction[Jenkins is my main skill-expected2658] PASSED [ 40%]
test_massive_scenarios.py::test_massive_skills_extraction[Proficient with Jenkins-expected2659] PASSED [ 40%]
test_massive_scenarios.py::test_massive_skills_extraction[I know Git-expected2660] PASSED [ 40%]
test_massive_scenarios.py::test_massive_skills_extraction[Expert in Git-expected2661] PASSED [ 40%]
test_massive_scenarios.py::test_massive_skills_extraction[Used Git at my last job-expected2662] PASSED [ 40%]
test_massive_scenarios.py::test_massive_skills_extraction[Git is my main skill-expected2663] PASSED [ 40%]
test_massive_scenarios.py::test_massive_skills_extraction[Proficient with Git-expected2664] PASSED [ 40%]
test_massive_scenarios.py::test_massive_skills_extraction[I know Machine Learning-expected2665] PASSED [ 40%]
test_massive_scenarios.py::test_massive_skills_extraction[Expert in Machine Learning-expected2666] PASSED [ 40%]
test_massive_scenarios.py::test_massive_skills_extraction[Used Machine Learning at my last job-expected2667] PASSED [ 40%]
test_massive_scenarios.py::test_massive_skills_extraction[Machine Learning is my main skill-expected2668] PASSED [ 40%]
test_massive_scenarios.py::test_massive_skills_extraction[Proficient with Machine Learning-expected2669] PASSED [ 40%]
test_massive_scenarios.py::test_massive_skills_extraction[I know Deep Learning-expected2670] PASSED [ 40%]
test_massive_scenarios.py::test_massive_skills_extraction[Expert in Deep Learning-expected2671] PASSED [ 40%]
test_massive_scenarios.py::test_massive_skills_extraction[Used Deep Learning at my last job-expected2672] PASSED [ 40%]
test_massive_scenarios.py::test_massive_skills_extraction[Deep Learning is my main skill-expected2673] PASSED [ 40%]
test_massive_scenarios.py::test_massive_skills_extraction[Proficient with Deep Learning-expected2674] PASSED [ 40%]
test_massive_scenarios.py::test_massive_skills_extraction[I know TensorFlow-expected2675] PASSED [ 40%]
test_massive_scenarios.py::test_massive_skills_extraction[Expert in TensorFlow-expected2676] PASSED [ 40%]
test_massive_scenarios.py::test_massive_skills_extraction[Used TensorFlow at my last job-expected2677] PASSED [ 40%]
test_massive_scenarios.py::test_massive_skills_extraction[TensorFlow is my main skill-expected2678] PASSED [ 40%]
test_massive_scenarios.py::test_massive_skills_extraction[Proficient with TensorFlow-expected2679] PASSED [ 40%]
test_massive_scenarios.py::test_massive_skills_extraction[I know PyTorch-expected2680] PASSED [ 40%]
test_massive_scenarios.py::test_massive_skills_extraction[Expert in PyTorch-expected2681] PASSED [ 41%]
test_massive_scenarios.py::test_massive_skills_extraction[Used PyTorch at my last job-expected2682] PASSED [ 41%]
test_massive_scenarios.py::test_massive_skills_extraction[PyTorch is my main skill-expected2683] PASSED [ 41%]
test_massive_scenarios.py::test_massive_skills_extraction[Proficient with PyTorch-expected2684] PASSED [ 41%]
test_massive_scenarios.py::test_massive_skills_extraction[I know Pandas-expected2685] PASSED [ 41%]
test_massive_scenarios.py::test_massive_skills_extraction[Expert in Pandas-expected2686] PASSED [ 41%]
test_massive_scenarios.py::test_massive_skills_extraction[Used Pandas at my last job-expected2687] PASSED [ 41%]
test_massive_scenarios.py::test_massive_skills_extraction[Pandas is my main skill-expected2688] PASSED [ 41%]
test_massive_scenarios.py::test_massive_skills_extraction[Proficient with Pandas-expected2689] PASSED [ 41%]
test_massive_scenarios.py::test_massive_skills_extraction[I know NumPy-expected2690] PASSED [ 41%]
test_massive_scenarios.py::test_massive_skills_extraction[Expert in NumPy-expected2691] PASSED [ 41%]
test_massive_scenarios.py::test_massive_skills_extraction[Used NumPy at my last job-expected2692] PASSED [ 41%]
test_massive_scenarios.py::test_massive_skills_extraction[NumPy is my main skill-expected2693] PASSED [ 41%]
test_massive_scenarios.py::test_massive_skills_extraction[Proficient with NumPy-expected2694] PASSED [ 41%]
test_massive_scenarios.py::test_massive_skills_extraction[I know Scikit-Learn-expected2695] FAILED [ 41%]
test_massive_scenarios.py::test_massive_skills_extraction[Expert in Scikit-Learn-expected2696] FAILED [ 41%]
test_massive_scenarios.py::test_massive_skills_extraction[Used Scikit-Learn at my last job-expected2697] FAILED [ 41%]
test_massive_scenarios.py::test_massive_skills_extraction[Scikit-Learn is my main skill-expected2698] FAILED [ 41%]
test_massive_scenarios.py::test_massive_skills_extraction[Proficient with Scikit-Learn-expected2699] FAILED [ 41%]
test_massive_scenarios.py::test_massive_skills_extraction[I know Tableau-expected2700] FAILED [ 41%]
test_massive_scenarios.py::test_massive_skills_extraction[Expert in Tableau-expected2701] FAILED [ 41%]
test_massive_scenarios.py::test_massive_skills_extraction[Used Tableau at my last job-expected2702] FAILED [ 41%]
test_massive_scenarios.py::test_massive_skills_extraction[Tableau is my main skill-expected2703] FAILED [ 41%]
test_massive_scenarios.py::test_massive_skills_extraction[Proficient with Tableau-expected2704] FAILED [ 41%]
test_massive_scenarios.py::test_massive_skills_extraction[I know PowerBI-expected2705] FAILED [ 41%]
test_massive_scenarios.py::test_massive_skills_extraction[Expert in PowerBI-expected2706] FAILED [ 41%]
test_massive_scenarios.py::test_massive_skills_extraction[Used PowerBI at my last job-expected2707] FAILED [ 41%]
test_massive_scenarios.py::test_massive_skills_extraction[PowerBI is my main skill-expected2708] FAILED [ 41%]
test_massive_scenarios.py::test_massive_skills_extraction[Proficient with PowerBI-expected2709] FAILED [ 41%]
test_massive_scenarios.py::test_massive_skills_extraction[I know SQL-expected2710] PASSED [ 41%]
test_massive_scenarios.py::test_massive_skills_extraction[Expert in SQL-expected2711] PASSED [ 41%]
test_massive_scenarios.py::test_massive_skills_extraction[Used SQL at my last job-expected2712] PASSED [ 41%]
test_massive_scenarios.py::test_massive_skills_extraction[SQL is my main skill-expected2713] PASSED [ 41%]
test_massive_scenarios.py::test_massive_skills_extraction[Proficient with SQL-expected2714] PASSED [ 41%]
test_massive_scenarios.py::test_massive_skills_extraction[I know NoSQL-expected2715] FAILED [ 41%]
test_massive_scenarios.py::test_massive_skills_extraction[Expert in NoSQL-expected2716] FAILED [ 41%]
test_massive_scenarios.py::test_massive_skills_extraction[Used NoSQL at my last job-expected2717] FAILED [ 41%]
test_massive_scenarios.py::test_massive_skills_extraction[NoSQL is my main skill-expected2718] FAILED [ 41%]
test_massive_scenarios.py::test_massive_skills_extraction[Proficient with NoSQL-expected2719] FAILED [ 41%]
test_massive_scenarios.py::test_massive_skills_extraction[I know Snowflake-expected2720] FAILED [ 41%]
test_massive_scenarios.py::test_massive_skills_extraction[Expert in Snowflake-expected2721] FAILED [ 41%]
test_massive_scenarios.py::test_massive_skills_extraction[Used Snowflake at my last job-expected2722] FAILED [ 41%]
test_massive_scenarios.py::test_massive_skills_extraction[Snowflake is my main skill-expected2723] FAILED [ 41%]
test_massive_scenarios.py::test_massive_skills_extraction[Proficient with Snowflake-expected2724] FAILED [ 41%]
test_massive_scenarios.py::test_massive_skills_extraction[I know BigQuery-expected2725] FAILED [ 41%]
test_massive_scenarios.py::test_massive_skills_extraction[Expert in BigQuery-expected2726] FAILED [ 41%]
test_massive_scenarios.py::test_massive_skills_extraction[Used BigQuery at my last job-expected2727] FAILED [ 41%]
test_massive_scenarios.py::test_massive_skills_extraction[BigQuery is my main skill-expected2728] FAILED [ 41%]
test_massive_scenarios.py::test_massive_skills_extraction[Proficient with BigQuery-expected2729] FAILED [ 41%]
test_massive_scenarios.py::test_massive_skills_extraction[I know Spark-expected2730] FAILED [ 41%]
test_massive_scenarios.py::test_massive_skills_extraction[Expert in Spark-expected2731] FAILED [ 41%]
test_massive_scenarios.py::test_massive_skills_extraction[Used Spark at my last job-expected2732] FAILED [ 41%]
test_massive_scenarios.py::test_massive_skills_extraction[Spark is my main skill-expected2733] FAILED [ 41%]
test_massive_scenarios.py::test_massive_skills_extraction[Proficient with Spark-expected2734] FAILED [ 41%]
test_massive_scenarios.py::test_massive_skills_extraction[I know Hadoop-expected2735] FAILED [ 41%]
test_massive_scenarios.py::test_massive_skills_extraction[Expert in Hadoop-expected2736] FAILED [ 41%]
test_massive_scenarios.py::test_massive_skills_extraction[Used Hadoop at my last job-expected2737] FAILED [ 41%]
test_massive_scenarios.py::test_massive_skills_extraction[Hadoop is my main skill-expected2738] FAILED [ 41%]
test_massive_scenarios.py::test_massive_skills_extraction[Proficient with Hadoop-expected2739] FAILED [ 41%]
test_massive_scenarios.py::test_massive_skills_extraction[I know Flink-expected2740] FAILED [ 41%]
test_massive_scenarios.py::test_massive_skills_extraction[Expert in Flink-expected2741] FAILED [ 41%]
test_massive_scenarios.py::test_massive_skills_extraction[Used Flink at my last job-expected2742] FAILED [ 41%]
test_massive_scenarios.py::test_massive_skills_extraction[Flink is my main skill-expected2743] FAILED [ 41%]
test_massive_scenarios.py::test_massive_skills_extraction[Proficient with Flink-expected2744] FAILED [ 41%]
test_massive_scenarios.py::test_massive_skills_extraction[I know Kafka-expected2745] FAILED [ 41%]
test_massive_scenarios.py::test_massive_skills_extraction[Expert in Kafka-expected2746] FAILED [ 41%]
test_massive_scenarios.py::test_massive_skills_extraction[Used Kafka at my last job-expected2747] FAILED [ 42%]
test_massive_scenarios.py::test_massive_skills_extraction[Kafka is my main skill-expected2748] FAILED [ 42%]
test_massive_scenarios.py::test_massive_skills_extraction[Proficient with Kafka-expected2749] FAILED [ 42%]
test_massive_scenarios.py::test_massive_skills_extraction[I know Python-expected2750] PASSED [ 42%]
test_massive_scenarios.py::test_massive_skills_extraction[Expert in Python-expected2751] PASSED [ 42%]
test_massive_scenarios.py::test_massive_skills_extraction[Used Python at my last job-expected2752] PASSED [ 42%]
test_massive_scenarios.py::test_massive_skills_extraction[Python is my main skill-expected2753] PASSED [ 42%]
test_massive_scenarios.py::test_massive_skills_extraction[Proficient with Python-expected2754] PASSED [ 42%]
test_massive_scenarios.py::test_massive_skills_extraction[I know Java-expected2755] PASSED [ 42%]
test_massive_scenarios.py::test_massive_skills_extraction[Expert in Java-expected2756] PASSED [ 42%]
test_massive_scenarios.py::test_massive_skills_extraction[Used Java at my last job-expected2757] PASSED [ 42%]
test_massive_scenarios.py::test_massive_skills_extraction[Java is my main skill-expected2758] PASSED [ 42%]
test_massive_scenarios.py::test_massive_skills_extraction[Proficient with Java-expected2759] PASSED [ 42%]
test_massive_scenarios.py::test_massive_skills_extraction[I know C++-expected2760] PASSED [ 42%]
test_massive_scenarios.py::test_massive_skills_extraction[Expert in C++-expected2761] PASSED [ 42%]
test_massive_scenarios.py::test_massive_skills_extraction[Used C++ at my last job-expected2762] PASSED [ 42%]
test_massive_scenarios.py::test_massive_skills_extraction[C++ is my main skill-expected2763] PASSED [ 42%]
test_massive_scenarios.py::test_massive_skills_extraction[Proficient with C++-expected2764] PASSED [ 42%]
test_massive_scenarios.py::test_massive_skills_extraction[I know C#-expected2765] PASSED [ 42%]
test_massive_scenarios.py::test_massive_skills_extraction[Expert in C#-expected2766] PASSED [ 42%]
test_massive_scenarios.py::test_massive_skills_extraction[Used C# at my last job-expected2767] PASSED [ 42%]
test_massive_scenarios.py::test_massive_skills_extraction[C# is my main skill-expected2768] PASSED [ 42%]
test_massive_scenarios.py::test_massive_skills_extraction[Proficient with C#-expected2769] PASSED [ 42%]
test_massive_scenarios.py::test_massive_skills_extraction[I know Go-expected2770] PASSED [ 42%]
test_massive_scenarios.py::test_massive_skills_extraction[Expert in Go-expected2771] PASSED [ 42%]
test_massive_scenarios.py::test_massive_skills_extraction[Used Go at my last job-expected2772] PASSED [ 42%]
test_massive_scenarios.py::test_massive_skills_extraction[Go is my main skill-expected2773] PASSED [ 42%]
test_massive_scenarios.py::test_massive_skills_extraction[Proficient with Go-expected2774] PASSED [ 42%]
test_massive_scenarios.py::test_massive_skills_extraction[I know Rust-expected2775] PASSED [ 42%]
test_massive_scenarios.py::test_massive_skills_extraction[Expert in Rust-expected2776] PASSED [ 42%]
test_massive_scenarios.py::test_massive_skills_extraction[Used Rust at my last job-expected2777] PASSED [ 42%]
test_massive_scenarios.py::test_massive_skills_extraction[Rust is my main skill-expected2778] PASSED [ 42%]
test_massive_scenarios.py::test_massive_skills_extraction[Proficient with Rust-expected2779] PASSED [ 42%]
test_massive_scenarios.py::test_massive_skills_extraction[I know Swift-expected2780] PASSED [ 42%]
test_massive_scenarios.py::test_massive_skills_extraction[Expert in Swift-expected2781] PASSED [ 42%]
test_massive_scenarios.py::test_massive_skills_extraction[Used Swift at my last job-expected2782] PASSED [ 42%]
test_massive_scenarios.py::test_massive_skills_extraction[Swift is my main skill-expected2783] PASSED [ 42%]
test_massive_scenarios.py::test_massive_skills_extraction[Proficient with Swift-expected2784] PASSED [ 42%]
test_massive_scenarios.py::test_massive_skills_extraction[I know Kotlin-expected2785] PASSED [ 42%]
test_massive_scenarios.py::test_massive_skills_extraction[Expert in Kotlin-expected2786] PASSED [ 42%]
test_massive_scenarios.py::test_massive_skills_extraction[Used Kotlin at my last job-expected2787] PASSED [ 42%]
test_massive_scenarios.py::test_massive_skills_extraction[Kotlin is my main skill-expected2788] PASSED [ 42%]
test_massive_scenarios.py::test_massive_skills_extraction[Proficient with Kotlin-expected2789] PASSED [ 42%]
test_massive_scenarios.py::test_massive_skills_extraction[I know TypeScript-expected2790] PASSED [ 42%]
test_massive_scenarios.py::test_massive_skills_extraction[Expert in TypeScript-expected2791] PASSED [ 42%]
test_massive_scenarios.py::test_massive_skills_extraction[Used TypeScript at my last job-expected2792] PASSED [ 42%]
test_massive_scenarios.py::test_massive_skills_extraction[TypeScript is my main skill-expected2793] PASSED [ 42%]
test_massive_scenarios.py::test_massive_skills_extraction[Proficient with TypeScript-expected2794] PASSED [ 42%]
test_massive_scenarios.py::test_massive_skills_extraction[I know JavaScript-expected2795] PASSED [ 42%]
test_massive_scenarios.py::test_massive_skills_extraction[Expert in JavaScript-expected2796] PASSED [ 42%]
test_massive_scenarios.py::test_massive_skills_extraction[Used JavaScript at my last job-expected2797] PASSED [ 42%]
test_massive_scenarios.py::test_massive_skills_extraction[JavaScript is my main skill-expected2798] PASSED [ 42%]
test_massive_scenarios.py::test_massive_skills_extraction[Proficient with JavaScript-expected2799] PASSED [ 42%]
test_massive_scenarios.py::test_massive_skills_extraction[I know React-expected2800] PASSED [ 42%]
test_massive_scenarios.py::test_massive_skills_extraction[Expert in React-expected2801] PASSED [ 42%]
test_massive_scenarios.py::test_massive_skills_extraction[Used React at my last job-expected2802] PASSED [ 42%]
test_massive_scenarios.py::test_massive_skills_extraction[React is my main skill-expected2803] PASSED [ 42%]
test_massive_scenarios.py::test_massive_skills_extraction[Proficient with React-expected2804] PASSED [ 42%]
test_massive_scenarios.py::test_massive_skills_extraction[I know Angular-expected2805] PASSED [ 42%]
test_massive_scenarios.py::test_massive_skills_extraction[Expert in Angular-expected2806] PASSED [ 42%]
test_massive_scenarios.py::test_massive_skills_extraction[Used Angular at my last job-expected2807] PASSED [ 42%]
test_massive_scenarios.py::test_massive_skills_extraction[Angular is my main skill-expected2808] PASSED [ 42%]
test_massive_scenarios.py::test_massive_skills_extraction[Proficient with Angular-expected2809] PASSED [ 42%]
test_massive_scenarios.py::test_massive_skills_extraction[I know Vue-expected2810] FAILED [ 42%]
test_massive_scenarios.py::test_massive_skills_extraction[Expert in Vue-expected2811] FAILED [ 42%]
test_massive_scenarios.py::test_massive_skills_extraction[Used Vue at my last job-expected2812] FAILED [ 43%]
test_massive_scenarios.py::test_massive_skills_extraction[Vue is my main skill-expected2813] FAILED [ 43%]
test_massive_scenarios.py::test_massive_skills_extraction[Proficient with Vue-expected2814] FAILED [ 43%]
test_massive_scenarios.py::test_massive_skills_extraction[I know Node.js-expected2815] PASSED [ 43%]
test_massive_scenarios.py::test_massive_skills_extraction[Expert in Node.js-expected2816] PASSED [ 43%]
test_massive_scenarios.py::test_massive_skills_extraction[Used Node.js at my last job-expected2817] PASSED [ 43%]
test_massive_scenarios.py::test_massive_skills_extraction[Node.js is my main skill-expected2818] PASSED [ 43%]
test_massive_scenarios.py::test_massive_skills_extraction[Proficient with Node.js-expected2819] PASSED [ 43%]
test_massive_scenarios.py::test_massive_skills_extraction[I know Django-expected2820] PASSED [ 43%]
test_massive_scenarios.py::test_massive_skills_extraction[Expert in Django-expected2821] PASSED [ 43%]
test_massive_scenarios.py::test_massive_skills_extraction[Used Django at my last job-expected2822] PASSED [ 43%]
test_massive_scenarios.py::test_massive_skills_extraction[Django is my main skill-expected2823] PASSED [ 43%]
test_massive_scenarios.py::test_massive_skills_extraction[Proficient with Django-expected2824] PASSED [ 43%]
test_massive_scenarios.py::test_massive_skills_extraction[I know Flask-expected2825] PASSED [ 43%]
test_massive_scenarios.py::test_massive_skills_extraction[Expert in Flask-expected2826] PASSED [ 43%]
test_massive_scenarios.py::test_massive_skills_extraction[Used Flask at my last job-expected2827] PASSED [ 43%]
test_massive_scenarios.py::test_massive_skills_extraction[Flask is my main skill-expected2828] PASSED [ 43%]
test_massive_scenarios.py::test_massive_skills_extraction[Proficient with Flask-expected2829] PASSED [ 43%]
test_massive_scenarios.py::test_massive_skills_extraction[I know Spring-expected2830] PASSED [ 43%]
test_massive_scenarios.py::test_massive_skills_extraction[Expert in Spring-expected2831] PASSED [ 43%]
test_massive_scenarios.py::test_massive_skills_extraction[Used Spring at my last job-expected2832] PASSED [ 43%]
test_massive_scenarios.py::test_massive_skills_extraction[Spring is my main skill-expected2833] PASSED [ 43%]
test_massive_scenarios.py::test_massive_skills_extraction[Proficient with Spring-expected2834] PASSED [ 43%]
test_massive_scenarios.py::test_massive_skills_extraction[I know ASP.NET-expected2835] PASSED [ 43%]
test_massive_scenarios.py::test_massive_skills_extraction[Expert in ASP.NET-expected2836] PASSED [ 43%]
test_massive_scenarios.py::test_massive_skills_extraction[Used ASP.NET at my last job-expected2837] PASSED [ 43%]
test_massive_scenarios.py::test_massive_skills_extraction[ASP.NET is my main skill-expected2838] PASSED [ 43%]
test_massive_scenarios.py::test_massive_skills_extraction[Proficient with ASP.NET-expected2839] PASSED [ 43%]
test_massive_scenarios.py::test_massive_skills_extraction[I know GraphQL-expected2840] PASSED [ 43%]
test_massive_scenarios.py::test_massive_skills_extraction[Expert in GraphQL-expected2841] PASSED [ 43%]
test_massive_scenarios.py::test_massive_skills_extraction[Used GraphQL at my last job-expected2842] PASSED [ 43%]
test_massive_scenarios.py::test_massive_skills_extraction[GraphQL is my main skill-expected2843] PASSED [ 43%]
test_massive_scenarios.py::test_massive_skills_extraction[Proficient with GraphQL-expected2844] PASSED [ 43%]
test_massive_scenarios.py::test_massive_skills_extraction[I know PostgreSQL-expected2845] PASSED [ 43%]
test_massive_scenarios.py::test_massive_skills_extraction[Expert in PostgreSQL-expected2846] PASSED [ 43%]
test_massive_scenarios.py::test_massive_skills_extraction[Used PostgreSQL at my last job-expected2847] PASSED [ 43%]
test_massive_scenarios.py::test_massive_skills_extraction[PostgreSQL is my main skill-expected2848] PASSED [ 43%]
test_massive_scenarios.py::test_massive_skills_extraction[Proficient with PostgreSQL-expected2849] PASSED [ 43%]
test_massive_scenarios.py::test_massive_skills_extraction[I know MongoDB-expected2850] PASSED [ 43%]
test_massive_scenarios.py::test_massive_skills_extraction[Expert in MongoDB-expected2851] PASSED [ 43%]
test_massive_scenarios.py::test_massive_skills_extraction[Used MongoDB at my last job-expected2852] PASSED [ 43%]
test_massive_scenarios.py::test_massive_skills_extraction[MongoDB is my main skill-expected2853] PASSED [ 43%]
test_massive_scenarios.py::test_massive_skills_extraction[Proficient with MongoDB-expected2854] PASSED [ 43%]
test_massive_scenarios.py::test_massive_skills_extraction[I know Redis-expected2855] PASSED [ 43%]
test_massive_scenarios.py::test_massive_skills_extraction[Expert in Redis-expected2856] PASSED [ 43%]
test_massive_scenarios.py::test_massive_skills_extraction[Used Redis at my last job-expected2857] PASSED [ 43%]
test_massive_scenarios.py::test_massive_skills_extraction[Redis is my main skill-expected2858] PASSED [ 43%]
test_massive_scenarios.py::test_massive_skills_extraction[Proficient with Redis-expected2859] PASSED [ 43%]
test_massive_scenarios.py::test_massive_skills_extraction[I know Elasticsearch-expected2860] FAILED [ 43%]
test_massive_scenarios.py::test_massive_skills_extraction[Expert in Elasticsearch-expected2861] FAILED [ 43%]
test_massive_scenarios.py::test_massive_skills_extraction[Used Elasticsearch at my last job-expected2862] FAILED [ 43%]
test_massive_scenarios.py::test_massive_skills_extraction[Elasticsearch is my main skill-expected2863] FAILED [ 43%]
test_massive_scenarios.py::test_massive_skills_extraction[Proficient with Elasticsearch-expected2864] FAILED [ 43%]
test_massive_scenarios.py::test_massive_skills_extraction[I know Cassandra-expected2865] PASSED [ 43%]
test_massive_scenarios.py::test_massive_skills_extraction[Expert in Cassandra-expected2866] PASSED [ 43%]
test_massive_scenarios.py::test_massive_skills_extraction[Used Cassandra at my last job-expected2867] PASSED [ 43%]
test_massive_scenarios.py::test_massive_skills_extraction[Cassandra is my main skill-expected2868] PASSED [ 43%]
test_massive_scenarios.py::test_massive_skills_extraction[Proficient with Cassandra-expected2869] PASSED [ 43%]
test_massive_scenarios.py::test_massive_skills_extraction[I know Docker-expected2870] PASSED [ 43%]
test_massive_scenarios.py::test_massive_skills_extraction[Expert in Docker-expected2871] PASSED [ 43%]
test_massive_scenarios.py::test_massive_skills_extraction[Used Docker at my last job-expected2872] PASSED [ 43%]
test_massive_scenarios.py::test_massive_skills_extraction[Docker is my main skill-expected2873] PASSED [ 43%]
test_massive_scenarios.py::test_massive_skills_extraction[Proficient with Docker-expected2874] PASSED [ 43%]
test_massive_scenarios.py::test_massive_skills_extraction[I know Kubernetes-expected2875] PASSED [ 43%]
test_massive_scenarios.py::test_massive_skills_extraction[Expert in Kubernetes-expected2876] PASSED [ 43%]
test_massive_scenarios.py::test_massive_skills_extraction[Used Kubernetes at my last job-expected2877] PASSED [ 43%]
test_massive_scenarios.py::test_massive_skills_extraction[Kubernetes is my main skill-expected2878] PASSED [ 44%]
test_massive_scenarios.py::test_massive_skills_extraction[Proficient with Kubernetes-expected2879] PASSED [ 44%]
test_massive_scenarios.py::test_massive_skills_extraction[I know AWS-expected2880] PASSED [ 44%]
test_massive_scenarios.py::test_massive_skills_extraction[Expert in AWS-expected2881] PASSED [ 44%]
test_massive_scenarios.py::test_massive_skills_extraction[Used AWS at my last job-expected2882] PASSED [ 44%]
test_massive_scenarios.py::test_massive_skills_extraction[AWS is my main skill-expected2883] PASSED [ 44%]
test_massive_scenarios.py::test_massive_skills_extraction[Proficient with AWS-expected2884] PASSED [ 44%]
test_massive_scenarios.py::test_massive_skills_extraction[I know Azure-expected2885] PASSED [ 44%]
test_massive_scenarios.py::test_massive_skills_extraction[Expert in Azure-expected2886] PASSED [ 44%]
test_massive_scenarios.py::test_massive_skills_extraction[Used Azure at my last job-expected2887] PASSED [ 44%]
test_massive_scenarios.py::test_massive_skills_extraction[Azure is my main skill-expected2888] PASSED [ 44%]
test_massive_scenarios.py::test_massive_skills_extraction[Proficient with Azure-expected2889] PASSED [ 44%]
test_massive_scenarios.py::test_massive_skills_extraction[I know GCP-expected2890] FAILED [ 44%]
test_massive_scenarios.py::test_massive_skills_extraction[Expert in GCP-expected2891] FAILED [ 44%]
test_massive_scenarios.py::test_massive_skills_extraction[Used GCP at my last job-expected2892] FAILED [ 44%]
test_massive_scenarios.py::test_massive_skills_extraction[GCP is my main skill-expected2893] FAILED [ 44%]
test_massive_scenarios.py::test_massive_skills_extraction[Proficient with GCP-expected2894] FAILED [ 44%]
test_massive_scenarios.py::test_massive_skills_extraction[I know Terraform-expected2895] PASSED [ 44%]
test_massive_scenarios.py::test_massive_skills_extraction[Expert in Terraform-expected2896] PASSED [ 44%]
test_massive_scenarios.py::test_massive_skills_extraction[Used Terraform at my last job-expected2897] PASSED [ 44%]
test_massive_scenarios.py::test_massive_skills_extraction[Terraform is my main skill-expected2898] PASSED [ 44%]
test_massive_scenarios.py::test_massive_skills_extraction[Proficient with Terraform-expected2899] PASSED [ 44%]
test_massive_scenarios.py::test_massive_skills_extraction[I know Ansible-expected2900] PASSED [ 44%]
test_massive_scenarios.py::test_massive_skills_extraction[Expert in Ansible-expected2901] PASSED [ 44%]
test_massive_scenarios.py::test_massive_skills_extraction[Used Ansible at my last job-expected2902] PASSED [ 44%]
test_massive_scenarios.py::test_massive_skills_extraction[Ansible is my main skill-expected2903] PASSED [ 44%]
test_massive_scenarios.py::test_massive_skills_extraction[Proficient with Ansible-expected2904] PASSED [ 44%]
test_massive_scenarios.py::test_massive_skills_extraction[I know Jenkins-expected2905] PASSED [ 44%]
test_massive_scenarios.py::test_massive_skills_extraction[Expert in Jenkins-expected2906] PASSED [ 44%]
test_massive_scenarios.py::test_massive_skills_extraction[Used Jenkins at my last job-expected2907] PASSED [ 44%]
test_massive_scenarios.py::test_massive_skills_extraction[Jenkins is my main skill-expected2908] PASSED [ 44%]
test_massive_scenarios.py::test_massive_skills_extraction[Proficient with Jenkins-expected2909] PASSED [ 44%]
test_massive_scenarios.py::test_massive_skills_extraction[I know Git-expected2910] PASSED [ 44%]
test_massive_scenarios.py::test_massive_skills_extraction[Expert in Git-expected2911] PASSED [ 44%]
test_massive_scenarios.py::test_massive_skills_extraction[Used Git at my last job-expected2912] PASSED [ 44%]
test_massive_scenarios.py::test_massive_skills_extraction[Git is my main skill-expected2913] PASSED [ 44%]
test_massive_scenarios.py::test_massive_skills_extraction[Proficient with Git-expected2914] PASSED [ 44%]
test_massive_scenarios.py::test_massive_skills_extraction[I know Machine Learning-expected2915] PASSED [ 44%]
test_massive_scenarios.py::test_massive_skills_extraction[Expert in Machine Learning-expected2916] PASSED [ 44%]
test_massive_scenarios.py::test_massive_skills_extraction[Used Machine Learning at my last job-expected2917] PASSED [ 44%]
test_massive_scenarios.py::test_massive_skills_extraction[Machine Learning is my main skill-expected2918] PASSED [ 44%]
test_massive_scenarios.py::test_massive_skills_extraction[Proficient with Machine Learning-expected2919] PASSED [ 44%]
test_massive_scenarios.py::test_massive_skills_extraction[I know Deep Learning-expected2920] PASSED [ 44%]
test_massive_scenarios.py::test_massive_skills_extraction[Expert in Deep Learning-expected2921] PASSED [ 44%]
test_massive_scenarios.py::test_massive_skills_extraction[Used Deep Learning at my last job-expected2922] PASSED [ 44%]
test_massive_scenarios.py::test_massive_skills_extraction[Deep Learning is my main skill-expected2923] PASSED [ 44%]
test_massive_scenarios.py::test_massive_skills_extraction[Proficient with Deep Learning-expected2924] PASSED [ 44%]
test_massive_scenarios.py::test_massive_skills_extraction[I know TensorFlow-expected2925] PASSED [ 44%]
test_massive_scenarios.py::test_massive_skills_extraction[Expert in TensorFlow-expected2926] PASSED [ 44%]
test_massive_scenarios.py::test_massive_skills_extraction[Used TensorFlow at my last job-expected2927] PASSED [ 44%]
test_massive_scenarios.py::test_massive_skills_extraction[TensorFlow is my main skill-expected2928] PASSED [ 44%]
test_massive_scenarios.py::test_massive_skills_extraction[Proficient with TensorFlow-expected2929] PASSED [ 44%]
test_massive_scenarios.py::test_massive_skills_extraction[I know PyTorch-expected2930] PASSED [ 44%]
test_massive_scenarios.py::test_massive_skills_extraction[Expert in PyTorch-expected2931] PASSED [ 44%]
test_massive_scenarios.py::test_massive_skills_extraction[Used PyTorch at my last job-expected2932] PASSED [ 44%]
test_massive_scenarios.py::test_massive_skills_extraction[PyTorch is my main skill-expected2933] PASSED [ 44%]
test_massive_scenarios.py::test_massive_skills_extraction[Proficient with PyTorch-expected2934] PASSED [ 44%]
test_massive_scenarios.py::test_massive_skills_extraction[I know Pandas-expected2935] PASSED [ 44%]
test_massive_scenarios.py::test_massive_skills_extraction[Expert in Pandas-expected2936] PASSED [ 44%]
test_massive_scenarios.py::test_massive_skills_extraction[Used Pandas at my last job-expected2937] PASSED [ 44%]
test_massive_scenarios.py::test_massive_skills_extraction[Pandas is my main skill-expected2938] PASSED [ 44%]
test_massive_scenarios.py::test_massive_skills_extraction[Proficient with Pandas-expected2939] PASSED [ 44%]
test_massive_scenarios.py::test_massive_skills_extraction[I know NumPy-expected2940] PASSED [ 44%]
test_massive_scenarios.py::test_massive_skills_extraction[Expert in NumPy-expected2941] PASSED [ 44%]
test_massive_scenarios.py::test_massive_skills_extraction[Used NumPy at my last job-expected2942] PASSED [ 44%]
test_massive_scenarios.py::test_massive_skills_extraction[NumPy is my main skill-expected2943] PASSED [ 45%]
test_massive_scenarios.py::test_massive_skills_extraction[Proficient with NumPy-expected2944] PASSED [ 45%]
test_massive_scenarios.py::test_massive_skills_extraction[I know Scikit-Learn-expected2945] FAILED [ 45%]
test_massive_scenarios.py::test_massive_skills_extraction[Expert in Scikit-Learn-expected2946] FAILED [ 45%]
test_massive_scenarios.py::test_massive_skills_extraction[Used Scikit-Learn at my last job-expected2947] FAILED [ 45%]
test_massive_scenarios.py::test_massive_skills_extraction[Scikit-Learn is my main skill-expected2948] FAILED [ 45%]
test_massive_scenarios.py::test_massive_skills_extraction[Proficient with Scikit-Learn-expected2949] FAILED [ 45%]
test_massive_scenarios.py::test_massive_skills_extraction[I know Tableau-expected2950] FAILED [ 45%]
test_massive_scenarios.py::test_massive_skills_extraction[Expert in Tableau-expected2951] FAILED [ 45%]
test_massive_scenarios.py::test_massive_skills_extraction[Used Tableau at my last job-expected2952] FAILED [ 45%]
test_massive_scenarios.py::test_massive_skills_extraction[Tableau is my main skill-expected2953] FAILED [ 45%]
test_massive_scenarios.py::test_massive_skills_extraction[Proficient with Tableau-expected2954] FAILED [ 45%]
test_massive_scenarios.py::test_massive_skills_extraction[I know PowerBI-expected2955] FAILED [ 45%]
test_massive_scenarios.py::test_massive_skills_extraction[Expert in PowerBI-expected2956] FAILED [ 45%]
test_massive_scenarios.py::test_massive_skills_extraction[Used PowerBI at my last job-expected2957] FAILED [ 45%]
test_massive_scenarios.py::test_massive_skills_extraction[PowerBI is my main skill-expected2958] FAILED [ 45%]
test_massive_scenarios.py::test_massive_skills_extraction[Proficient with PowerBI-expected2959] FAILED [ 45%]
test_massive_scenarios.py::test_massive_skills_extraction[I know SQL-expected2960] PASSED [ 45%]
test_massive_scenarios.py::test_massive_skills_extraction[Expert in SQL-expected2961] PASSED [ 45%]
test_massive_scenarios.py::test_massive_skills_extraction[Used SQL at my last job-expected2962] PASSED [ 45%]
test_massive_scenarios.py::test_massive_skills_extraction[SQL is my main skill-expected2963] PASSED [ 45%]
test_massive_scenarios.py::test_massive_skills_extraction[Proficient with SQL-expected2964] PASSED [ 45%]
test_massive_scenarios.py::test_massive_skills_extraction[I know NoSQL-expected2965] FAILED [ 45%]
test_massive_scenarios.py::test_massive_skills_extraction[Expert in NoSQL-expected2966] FAILED [ 45%]
test_massive_scenarios.py::test_massive_skills_extraction[Used NoSQL at my last job-expected2967] FAILED [ 45%]
test_massive_scenarios.py::test_massive_skills_extraction[NoSQL is my main skill-expected2968] FAILED [ 45%]
test_massive_scenarios.py::test_massive_skills_extraction[Proficient with NoSQL-expected2969] FAILED [ 45%]
test_massive_scenarios.py::test_massive_skills_extraction[I know Snowflake-expected2970] FAILED [ 45%]
test_massive_scenarios.py::test_massive_skills_extraction[Expert in Snowflake-expected2971] FAILED [ 45%]
test_massive_scenarios.py::test_massive_skills_extraction[Used Snowflake at my last job-expected2972] FAILED [ 45%]
test_massive_scenarios.py::test_massive_skills_extraction[Snowflake is my main skill-expected2973] FAILED [ 45%]
test_massive_scenarios.py::test_massive_skills_extraction[Proficient with Snowflake-expected2974] FAILED [ 45%]
test_massive_scenarios.py::test_massive_skills_extraction[I know BigQuery-expected2975] FAILED [ 45%]
test_massive_scenarios.py::test_massive_skills_extraction[Expert in BigQuery-expected2976] FAILED [ 45%]
test_massive_scenarios.py::test_massive_skills_extraction[Used BigQuery at my last job-expected2977] FAILED [ 45%]
test_massive_scenarios.py::test_massive_skills_extraction[BigQuery is my main skill-expected2978] FAILED [ 45%]
test_massive_scenarios.py::test_massive_skills_extraction[Proficient with BigQuery-expected2979] FAILED [ 45%]
test_massive_scenarios.py::test_massive_skills_extraction[I know Spark-expected2980] FAILED [ 45%]
test_massive_scenarios.py::test_massive_skills_extraction[Expert in Spark-expected2981] FAILED [ 45%]
test_massive_scenarios.py::test_massive_skills_extraction[Used Spark at my last job-expected2982] FAILED [ 45%]
test_massive_scenarios.py::test_massive_skills_extraction[Spark is my main skill-expected2983] FAILED [ 45%]
test_massive_scenarios.py::test_massive_skills_extraction[Proficient with Spark-expected2984] FAILED [ 45%]
test_massive_scenarios.py::test_massive_skills_extraction[I know Hadoop-expected2985] FAILED [ 45%]
test_massive_scenarios.py::test_massive_skills_extraction[Expert in Hadoop-expected2986] FAILED [ 45%]
test_massive_scenarios.py::test_massive_skills_extraction[Used Hadoop at my last job-expected2987] FAILED [ 45%]
test_massive_scenarios.py::test_massive_skills_extraction[Hadoop is my main skill-expected2988] FAILED [ 45%]
test_massive_scenarios.py::test_massive_skills_extraction[Proficient with Hadoop-expected2989] FAILED [ 45%]
test_massive_scenarios.py::test_massive_skills_extraction[I know Flink-expected2990] FAILED [ 45%]
test_massive_scenarios.py::test_massive_skills_extraction[Expert in Flink-expected2991] FAILED [ 45%]
test_massive_scenarios.py::test_massive_skills_extraction[Used Flink at my last job-expected2992] FAILED [ 45%]
test_massive_scenarios.py::test_massive_skills_extraction[Flink is my main skill-expected2993] FAILED [ 45%]
test_massive_scenarios.py::test_massive_skills_extraction[Proficient with Flink-expected2994] FAILED [ 45%]
test_massive_scenarios.py::test_massive_skills_extraction[I know Kafka-expected2995] FAILED [ 45%]
test_massive_scenarios.py::test_massive_skills_extraction[Expert in Kafka-expected2996] FAILED [ 45%]
test_massive_scenarios.py::test_massive_skills_extraction[Used Kafka at my last job-expected2997] FAILED [ 45%]
test_massive_scenarios.py::test_massive_skills_extraction[Kafka is my main skill-expected2998] FAILED [ 45%]
test_massive_scenarios.py::test_massive_skills_extraction[Proficient with Kafka-expected2999] FAILED [ 45%]
test_massive_scenarios.py::test_massive_skills_extraction[I know Python-expected3000] PASSED [ 45%]
test_massive_scenarios.py::test_massive_skills_extraction[Expert in Python-expected3001] PASSED [ 45%]
test_massive_scenarios.py::test_massive_skills_extraction[Used Python at my last job-expected3002] PASSED [ 45%]
test_massive_scenarios.py::test_massive_skills_extraction[Python is my main skill-expected3003] PASSED [ 45%]
test_massive_scenarios.py::test_massive_skills_extraction[Proficient with Python-expected3004] PASSED [ 45%]
test_massive_scenarios.py::test_massive_skills_extraction[I know Java-expected3005] PASSED [ 45%]
test_massive_scenarios.py::test_massive_skills_extraction[Expert in Java-expected3006] PASSED [ 45%]
test_massive_scenarios.py::test_massive_skills_extraction[Used Java at my last job-expected3007] PASSED [ 45%]
test_massive_scenarios.py::test_massive_skills_extraction[Java is my main skill-expected3008] PASSED [ 46%]
test_massive_scenarios.py::test_massive_skills_extraction[Proficient with Java-expected3009] PASSED [ 46%]
test_massive_scenarios.py::test_massive_skills_extraction[I know C++-expected3010] PASSED [ 46%]
test_massive_scenarios.py::test_massive_skills_extraction[Expert in C++-expected3011] PASSED [ 46%]
test_massive_scenarios.py::test_massive_skills_extraction[Used C++ at my last job-expected3012] PASSED [ 46%]
test_massive_scenarios.py::test_massive_skills_extraction[C++ is my main skill-expected3013] PASSED [ 46%]
test_massive_scenarios.py::test_massive_skills_extraction[Proficient with C++-expected3014] PASSED [ 46%]
test_massive_scenarios.py::test_massive_skills_extraction[I know C#-expected3015] PASSED [ 46%]
test_massive_scenarios.py::test_massive_skills_extraction[Expert in C#-expected3016] PASSED [ 46%]
test_massive_scenarios.py::test_massive_skills_extraction[Used C# at my last job-expected3017] PASSED [ 46%]
test_massive_scenarios.py::test_massive_skills_extraction[C# is my main skill-expected3018] PASSED [ 46%]
test_massive_scenarios.py::test_massive_skills_extraction[Proficient with C#-expected3019] PASSED [ 46%]
test_massive_scenarios.py::test_massive_skills_extraction[I know Go-expected3020] PASSED [ 46%]
test_massive_scenarios.py::test_massive_skills_extraction[Expert in Go-expected3021] PASSED [ 46%]
test_massive_scenarios.py::test_massive_skills_extraction[Used Go at my last job-expected3022] PASSED [ 46%]
test_massive_scenarios.py::test_massive_skills_extraction[Go is my main skill-expected3023] PASSED [ 46%]
test_massive_scenarios.py::test_massive_skills_extraction[Proficient with Go-expected3024] PASSED [ 46%]
test_massive_scenarios.py::test_massive_skills_extraction[I know Rust-expected3025] PASSED [ 46%]
test_massive_scenarios.py::test_massive_skills_extraction[Expert in Rust-expected3026] PASSED [ 46%]
test_massive_scenarios.py::test_massive_skills_extraction[Used Rust at my last job-expected3027] PASSED [ 46%]
test_massive_scenarios.py::test_massive_skills_extraction[Rust is my main skill-expected3028] PASSED [ 46%]
test_massive_scenarios.py::test_massive_skills_extraction[Proficient with Rust-expected3029] PASSED [ 46%]
test_massive_scenarios.py::test_massive_skills_extraction[I know Swift-expected3030] PASSED [ 46%]
test_massive_scenarios.py::test_massive_skills_extraction[Expert in Swift-expected3031] PASSED [ 46%]
test_massive_scenarios.py::test_massive_skills_extraction[Used Swift at my last job-expected3032] PASSED [ 46%]
test_massive_scenarios.py::test_massive_skills_extraction[Swift is my main skill-expected3033] PASSED [ 46%]
test_massive_scenarios.py::test_massive_skills_extraction[Proficient with Swift-expected3034] PASSED [ 46%]
test_massive_scenarios.py::test_massive_skills_extraction[I know Kotlin-expected3035] PASSED [ 46%]
test_massive_scenarios.py::test_massive_skills_extraction[Expert in Kotlin-expected3036] PASSED [ 46%]
test_massive_scenarios.py::test_massive_skills_extraction[Used Kotlin at my last job-expected3037] PASSED [ 46%]
test_massive_scenarios.py::test_massive_skills_extraction[Kotlin is my main skill-expected3038] PASSED [ 46%]
test_massive_scenarios.py::test_massive_skills_extraction[Proficient with Kotlin-expected3039] PASSED [ 46%]
test_massive_scenarios.py::test_massive_skills_extraction[I know TypeScript-expected3040] PASSED [ 46%]
test_massive_scenarios.py::test_massive_skills_extraction[Expert in TypeScript-expected3041] PASSED [ 46%]
test_massive_scenarios.py::test_massive_skills_extraction[Used TypeScript at my last job-expected3042] PASSED [ 46%]
test_massive_scenarios.py::test_massive_skills_extraction[TypeScript is my main skill-expected3043] PASSED [ 46%]
test_massive_scenarios.py::test_massive_skills_extraction[Proficient with TypeScript-expected3044] PASSED [ 46%]
test_massive_scenarios.py::test_massive_skills_extraction[I know JavaScript-expected3045] PASSED [ 46%]
test_massive_scenarios.py::test_massive_skills_extraction[Expert in JavaScript-expected3046] PASSED [ 46%]
test_massive_scenarios.py::test_massive_skills_extraction[Used JavaScript at my last job-expected3047] PASSED [ 46%]
test_massive_scenarios.py::test_massive_skills_extraction[JavaScript is my main skill-expected3048] PASSED [ 46%]
test_massive_scenarios.py::test_massive_skills_extraction[Proficient with JavaScript-expected3049] PASSED [ 46%]
test_massive_scenarios.py::test_massive_skills_extraction[I know React-expected3050] PASSED [ 46%]
test_massive_scenarios.py::test_massive_skills_extraction[Expert in React-expected3051] PASSED [ 46%]
test_massive_scenarios.py::test_massive_skills_extraction[Used React at my last job-expected3052] PASSED [ 46%]
test_massive_scenarios.py::test_massive_skills_extraction[React is my main skill-expected3053] PASSED [ 46%]
test_massive_scenarios.py::test_massive_skills_extraction[Proficient with React-expected3054] PASSED [ 46%]
test_massive_scenarios.py::test_massive_skills_extraction[I know Angular-expected3055] PASSED [ 46%]
test_massive_scenarios.py::test_massive_skills_extraction[Expert in Angular-expected3056] PASSED [ 46%]
test_massive_scenarios.py::test_massive_skills_extraction[Used Angular at my last job-expected3057] PASSED [ 46%]
test_massive_scenarios.py::test_massive_skills_extraction[Angular is my main skill-expected3058] PASSED [ 46%]
test_massive_scenarios.py::test_massive_skills_extraction[Proficient with Angular-expected3059] PASSED [ 46%]
test_massive_scenarios.py::test_massive_skills_extraction[I know Vue-expected3060] FAILED [ 46%]
test_massive_scenarios.py::test_massive_skills_extraction[Expert in Vue-expected3061] FAILED [ 46%]
test_massive_scenarios.py::test_massive_skills_extraction[Used Vue at my last job-expected3062] FAILED [ 46%]
test_massive_scenarios.py::test_massive_skills_extraction[Vue is my main skill-expected3063] FAILED [ 46%]
test_massive_scenarios.py::test_massive_skills_extraction[Proficient with Vue-expected3064] FAILED [ 46%]
test_massive_scenarios.py::test_massive_skills_extraction[I know Node.js-expected3065] PASSED [ 46%]
test_massive_scenarios.py::test_massive_skills_extraction[Expert in Node.js-expected3066] PASSED [ 46%]
test_massive_scenarios.py::test_massive_skills_extraction[Used Node.js at my last job-expected3067] PASSED [ 46%]
test_massive_scenarios.py::test_massive_skills_extraction[Node.js is my main skill-expected3068] PASSED [ 46%]
test_massive_scenarios.py::test_massive_skills_extraction[Proficient with Node.js-expected3069] PASSED [ 46%]
test_massive_scenarios.py::test_massive_skills_extraction[I know Django-expected3070] PASSED [ 46%]
test_massive_scenarios.py::test_massive_skills_extraction[Expert in Django-expected3071] PASSED [ 46%]
test_massive_scenarios.py::test_massive_skills_extraction[Used Django at my last job-expected3072] PASSED [ 46%]
test_massive_scenarios.py::test_massive_skills_extraction[Django is my main skill-expected3073] PASSED [ 46%]
test_massive_scenarios.py::test_massive_skills_extraction[Proficient with Django-expected3074] PASSED [ 47%]
test_massive_scenarios.py::test_massive_skills_extraction[I know Flask-expected3075] PASSED [ 47%]
test_massive_scenarios.py::test_massive_skills_extraction[Expert in Flask-expected3076] PASSED [ 47%]
test_massive_scenarios.py::test_massive_skills_extraction[Used Flask at my last job-expected3077] PASSED [ 47%]
test_massive_scenarios.py::test_massive_skills_extraction[Flask is my main skill-expected3078] PASSED [ 47%]
test_massive_scenarios.py::test_massive_skills_extraction[Proficient with Flask-expected3079] PASSED [ 47%]
test_massive_scenarios.py::test_massive_skills_extraction[I know Spring-expected3080] PASSED [ 47%]
test_massive_scenarios.py::test_massive_skills_extraction[Expert in Spring-expected3081] PASSED [ 47%]
test_massive_scenarios.py::test_massive_skills_extraction[Used Spring at my last job-expected3082] PASSED [ 47%]
test_massive_scenarios.py::test_massive_skills_extraction[Spring is my main skill-expected3083] PASSED [ 47%]
test_massive_scenarios.py::test_massive_skills_extraction[Proficient with Spring-expected3084] PASSED [ 47%]
test_massive_scenarios.py::test_massive_skills_extraction[I know ASP.NET-expected3085] PASSED [ 47%]
test_massive_scenarios.py::test_massive_skills_extraction[Expert in ASP.NET-expected3086] PASSED [ 47%]
test_massive_scenarios.py::test_massive_skills_extraction[Used ASP.NET at my last job-expected3087] PASSED [ 47%]
test_massive_scenarios.py::test_massive_skills_extraction[ASP.NET is my main skill-expected3088] PASSED [ 47%]
test_massive_scenarios.py::test_massive_skills_extraction[Proficient with ASP.NET-expected3089] PASSED [ 47%]
test_massive_scenarios.py::test_massive_skills_extraction[I know GraphQL-expected3090] PASSED [ 47%]
test_massive_scenarios.py::test_massive_skills_extraction[Expert in GraphQL-expected3091] PASSED [ 47%]
test_massive_scenarios.py::test_massive_skills_extraction[Used GraphQL at my last job-expected3092] PASSED [ 47%]
test_massive_scenarios.py::test_massive_skills_extraction[GraphQL is my main skill-expected3093] PASSED [ 47%]
test_massive_scenarios.py::test_massive_skills_extraction[Proficient with GraphQL-expected3094] PASSED [ 47%]
test_massive_scenarios.py::test_massive_skills_extraction[I know PostgreSQL-expected3095] PASSED [ 47%]
test_massive_scenarios.py::test_massive_skills_extraction[Expert in PostgreSQL-expected3096] PASSED [ 47%]
test_massive_scenarios.py::test_massive_skills_extraction[Used PostgreSQL at my last job-expected3097] PASSED [ 47%]
test_massive_scenarios.py::test_massive_skills_extraction[PostgreSQL is my main skill-expected3098] PASSED [ 47%]
test_massive_scenarios.py::test_massive_skills_extraction[Proficient with PostgreSQL-expected3099] PASSED [ 47%]
test_massive_scenarios.py::test_massive_skills_extraction[I know MongoDB-expected3100] PASSED [ 47%]
test_massive_scenarios.py::test_massive_skills_extraction[Expert in MongoDB-expected3101] PASSED [ 47%]
test_massive_scenarios.py::test_massive_skills_extraction[Used MongoDB at my last job-expected3102] PASSED [ 47%]
test_massive_scenarios.py::test_massive_skills_extraction[MongoDB is my main skill-expected3103] PASSED [ 47%]
test_massive_scenarios.py::test_massive_skills_extraction[Proficient with MongoDB-expected3104] PASSED [ 47%]
test_massive_scenarios.py::test_massive_skills_extraction[I know Redis-expected3105] PASSED [ 47%]
test_massive_scenarios.py::test_massive_skills_extraction[Expert in Redis-expected3106] PASSED [ 47%]
test_massive_scenarios.py::test_massive_skills_extraction[Used Redis at my last job-expected3107] PASSED [ 47%]
test_massive_scenarios.py::test_massive_skills_extraction[Redis is my main skill-expected3108] PASSED [ 47%]
test_massive_scenarios.py::test_massive_skills_extraction[Proficient with Redis-expected3109] PASSED [ 47%]
test_massive_scenarios.py::test_massive_skills_extraction[I know Elasticsearch-expected3110] FAILED [ 47%]
test_massive_scenarios.py::test_massive_skills_extraction[Expert in Elasticsearch-expected3111] FAILED [ 47%]
test_massive_scenarios.py::test_massive_skills_extraction[Used Elasticsearch at my last job-expected3112] FAILED [ 47%]
test_massive_scenarios.py::test_massive_skills_extraction[Elasticsearch is my main skill-expected3113] FAILED [ 47%]
test_massive_scenarios.py::test_massive_skills_extraction[Proficient with Elasticsearch-expected3114] FAILED [ 47%]
test_massive_scenarios.py::test_massive_skills_extraction[I know Cassandra-expected3115] PASSED [ 47%]
test_massive_scenarios.py::test_massive_skills_extraction[Expert in Cassandra-expected3116] PASSED [ 47%]
test_massive_scenarios.py::test_massive_skills_extraction[Used Cassandra at my last job-expected3117] PASSED [ 47%]
test_massive_scenarios.py::test_massive_skills_extraction[Cassandra is my main skill-expected3118] PASSED [ 47%]
test_massive_scenarios.py::test_massive_skills_extraction[Proficient with Cassandra-expected3119] PASSED [ 47%]
test_massive_scenarios.py::test_massive_skills_extraction[I know Docker-expected3120] PASSED [ 47%]
test_massive_scenarios.py::test_massive_skills_extraction[Expert in Docker-expected3121] PASSED [ 47%]
test_massive_scenarios.py::test_massive_skills_extraction[Used Docker at my last job-expected3122] PASSED [ 47%]
test_massive_scenarios.py::test_massive_skills_extraction[Docker is my main skill-expected3123] PASSED [ 47%]
test_massive_scenarios.py::test_massive_skills_extraction[Proficient with Docker-expected3124] PASSED [ 47%]
test_massive_scenarios.py::test_massive_skills_extraction[I know Kubernetes-expected3125] PASSED [ 47%]
test_massive_scenarios.py::test_massive_skills_extraction[Expert in Kubernetes-expected3126] PASSED [ 47%]
test_massive_scenarios.py::test_massive_skills_extraction[Used Kubernetes at my last job-expected3127] PASSED [ 47%]
test_massive_scenarios.py::test_massive_skills_extraction[Kubernetes is my main skill-expected3128] PASSED [ 47%]
test_massive_scenarios.py::test_massive_skills_extraction[Proficient with Kubernetes-expected3129] PASSED [ 47%]
test_massive_scenarios.py::test_massive_skills_extraction[I know AWS-expected3130] PASSED [ 47%]
test_massive_scenarios.py::test_massive_skills_extraction[Expert in AWS-expected3131] PASSED [ 47%]
test_massive_scenarios.py::test_massive_skills_extraction[Used AWS at my last job-expected3132] PASSED [ 47%]
test_massive_scenarios.py::test_massive_skills_extraction[AWS is my main skill-expected3133] PASSED [ 47%]
test_massive_scenarios.py::test_massive_skills_extraction[Proficient with AWS-expected3134] PASSED [ 47%]
test_massive_scenarios.py::test_massive_skills_extraction[I know Azure-expected3135] PASSED [ 47%]
test_massive_scenarios.py::test_massive_skills_extraction[Expert in Azure-expected3136] PASSED [ 47%]
test_massive_scenarios.py::test_massive_skills_extraction[Used Azure at my last job-expected3137] PASSED [ 47%]
test_massive_scenarios.py::test_massive_skills_extraction[Azure is my main skill-expected3138] PASSED [ 47%]
test_massive_scenarios.py::test_massive_skills_extraction[Proficient with Azure-expected3139] PASSED [ 48%]
test_massive_scenarios.py::test_massive_skills_extraction[I know GCP-expected3140] FAILED [ 48%]
test_massive_scenarios.py::test_massive_skills_extraction[Expert in GCP-expected3141] FAILED [ 48%]
test_massive_scenarios.py::test_massive_skills_extraction[Used GCP at my last job-expected3142] FAILED [ 48%]
test_massive_scenarios.py::test_massive_skills_extraction[GCP is my main skill-expected3143] FAILED [ 48%]
test_massive_scenarios.py::test_massive_skills_extraction[Proficient with GCP-expected3144] FAILED [ 48%]
test_massive_scenarios.py::test_massive_skills_extraction[I know Terraform-expected3145] PASSED [ 48%]
test_massive_scenarios.py::test_massive_skills_extraction[Expert in Terraform-expected3146] PASSED [ 48%]
test_massive_scenarios.py::test_massive_skills_extraction[Used Terraform at my last job-expected3147] PASSED [ 48%]
test_massive_scenarios.py::test_massive_skills_extraction[Terraform is my main skill-expected3148] PASSED [ 48%]
test_massive_scenarios.py::test_massive_skills_extraction[Proficient with Terraform-expected3149] PASSED [ 48%]
test_massive_scenarios.py::test_massive_skills_extraction[I know Ansible-expected3150] PASSED [ 48%]
test_massive_scenarios.py::test_massive_skills_extraction[Expert in Ansible-expected3151] PASSED [ 48%]
test_massive_scenarios.py::test_massive_skills_extraction[Used Ansible at my last job-expected3152] PASSED [ 48%]
test_massive_scenarios.py::test_massive_skills_extraction[Ansible is my main skill-expected3153] PASSED [ 48%]
test_massive_scenarios.py::test_massive_skills_extraction[Proficient with Ansible-expected3154] PASSED [ 48%]
test_massive_scenarios.py::test_massive_skills_extraction[I know Jenkins-expected3155] PASSED [ 48%]
test_massive_scenarios.py::test_massive_skills_extraction[Expert in Jenkins-expected3156] PASSED [ 48%]
test_massive_scenarios.py::test_massive_skills_extraction[Used Jenkins at my last job-expected3157] PASSED [ 48%]
test_massive_scenarios.py::test_massive_skills_extraction[Jenkins is my main skill-expected3158] PASSED [ 48%]
test_massive_scenarios.py::test_massive_skills_extraction[Proficient with Jenkins-expected3159] PASSED [ 48%]
test_massive_scenarios.py::test_massive_skills_extraction[I know Git-expected3160] PASSED [ 48%]
test_massive_scenarios.py::test_massive_skills_extraction[Expert in Git-expected3161] PASSED [ 48%]
test_massive_scenarios.py::test_massive_skills_extraction[Used Git at my last job-expected3162] PASSED [ 48%]
test_massive_scenarios.py::test_massive_skills_extraction[Git is my main skill-expected3163] PASSED [ 48%]
test_massive_scenarios.py::test_massive_skills_extraction[Proficient with Git-expected3164] PASSED [ 48%]
test_massive_scenarios.py::test_massive_skills_extraction[I know Machine Learning-expected3165] PASSED [ 48%]
test_massive_scenarios.py::test_massive_skills_extraction[Expert in Machine Learning-expected3166] PASSED [ 48%]
test_massive_scenarios.py::test_massive_skills_extraction[Used Machine Learning at my last job-expected3167] PASSED [ 48%]
test_massive_scenarios.py::test_massive_skills_extraction[Machine Learning is my main skill-expected3168] PASSED [ 48%]
test_massive_scenarios.py::test_massive_skills_extraction[Proficient with Machine Learning-expected3169] PASSED [ 48%]
test_massive_scenarios.py::test_massive_skills_extraction[I know Deep Learning-expected3170] PASSED [ 48%]
test_massive_scenarios.py::test_massive_skills_extraction[Expert in Deep Learning-expected3171] PASSED [ 48%]
test_massive_scenarios.py::test_massive_skills_extraction[Used Deep Learning at my last job-expected3172] PASSED [ 48%]
test_massive_scenarios.py::test_massive_skills_extraction[Deep Learning is my main skill-expected3173] PASSED [ 48%]
test_massive_scenarios.py::test_massive_skills_extraction[Proficient with Deep Learning-expected3174] PASSED [ 48%]
test_massive_scenarios.py::test_massive_skills_extraction[I know TensorFlow-expected3175] PASSED [ 48%]
test_massive_scenarios.py::test_massive_skills_extraction[Expert in TensorFlow-expected3176] PASSED [ 48%]
test_massive_scenarios.py::test_massive_skills_extraction[Used TensorFlow at my last job-expected3177] PASSED [ 48%]
test_massive_scenarios.py::test_massive_skills_extraction[TensorFlow is my main skill-expected3178] PASSED [ 48%]
test_massive_scenarios.py::test_massive_skills_extraction[Proficient with TensorFlow-expected3179] PASSED [ 48%]
test_massive_scenarios.py::test_massive_skills_extraction[I know PyTorch-expected3180] PASSED [ 48%]
test_massive_scenarios.py::test_massive_skills_extraction[Expert in PyTorch-expected3181] PASSED [ 48%]
test_massive_scenarios.py::test_massive_skills_extraction[Used PyTorch at my last job-expected3182] PASSED [ 48%]
test_massive_scenarios.py::test_massive_skills_extraction[PyTorch is my main skill-expected3183] PASSED [ 48%]
test_massive_scenarios.py::test_massive_skills_extraction[Proficient with PyTorch-expected3184] PASSED [ 48%]
test_massive_scenarios.py::test_massive_skills_extraction[I know Pandas-expected3185] PASSED [ 48%]
test_massive_scenarios.py::test_massive_skills_extraction[Expert in Pandas-expected3186] PASSED [ 48%]
test_massive_scenarios.py::test_massive_skills_extraction[Used Pandas at my last job-expected3187] PASSED [ 48%]
test_massive_scenarios.py::test_massive_skills_extraction[Pandas is my main skill-expected3188] PASSED [ 48%]
test_massive_scenarios.py::test_massive_skills_extraction[Proficient with Pandas-expected3189] PASSED [ 48%]
test_massive_scenarios.py::test_massive_skills_extraction[I know NumPy-expected3190] PASSED [ 48%]
test_massive_scenarios.py::test_massive_skills_extraction[Expert in NumPy-expected3191] PASSED [ 48%]
test_massive_scenarios.py::test_massive_skills_extraction[Used NumPy at my last job-expected3192] PASSED [ 48%]
test_massive_scenarios.py::test_massive_skills_extraction[NumPy is my main skill-expected3193] PASSED [ 48%]
test_massive_scenarios.py::test_massive_skills_extraction[Proficient with NumPy-expected3194] PASSED [ 48%]
test_massive_scenarios.py::test_massive_skills_extraction[I know Scikit-Learn-expected3195] FAILED [ 48%]
test_massive_scenarios.py::test_massive_skills_extraction[Expert in Scikit-Learn-expected3196] FAILED [ 48%]
test_massive_scenarios.py::test_massive_skills_extraction[Used Scikit-Learn at my last job-expected3197] FAILED [ 48%]
test_massive_scenarios.py::test_massive_skills_extraction[Scikit-Learn is my main skill-expected3198] FAILED [ 48%]
test_massive_scenarios.py::test_massive_skills_extraction[Proficient with Scikit-Learn-expected3199] FAILED [ 48%]
test_massive_scenarios.py::test_massive_skills_extraction[I know Tableau-expected3200] FAILED [ 48%]
test_massive_scenarios.py::test_massive_skills_extraction[Expert in Tableau-expected3201] FAILED [ 48%]
test_massive_scenarios.py::test_massive_skills_extraction[Used Tableau at my last job-expected3202] FAILED [ 48%]
test_massive_scenarios.py::test_massive_skills_extraction[Tableau is my main skill-expected3203] FAILED [ 48%]
test_massive_scenarios.py::test_massive_skills_extraction[Proficient with Tableau-expected3204] FAILED [ 48%]
test_massive_scenarios.py::test_massive_skills_extraction[I know PowerBI-expected3205] FAILED [ 49%]
test_massive_scenarios.py::test_massive_skills_extraction[Expert in PowerBI-expected3206] FAILED [ 49%]
test_massive_scenarios.py::test_massive_skills_extraction[Used PowerBI at my last job-expected3207] FAILED [ 49%]
test_massive_scenarios.py::test_massive_skills_extraction[PowerBI is my main skill-expected3208] FAILED [ 49%]
test_massive_scenarios.py::test_massive_skills_extraction[Proficient with PowerBI-expected3209] FAILED [ 49%]
test_massive_scenarios.py::test_massive_skills_extraction[I know SQL-expected3210] PASSED [ 49%]
test_massive_scenarios.py::test_massive_skills_extraction[Expert in SQL-expected3211] PASSED [ 49%]
test_massive_scenarios.py::test_massive_skills_extraction[Used SQL at my last job-expected3212] PASSED [ 49%]
test_massive_scenarios.py::test_massive_skills_extraction[SQL is my main skill-expected3213] PASSED [ 49%]
test_massive_scenarios.py::test_massive_skills_extraction[Proficient with SQL-expected3214] PASSED [ 49%]
test_massive_scenarios.py::test_massive_skills_extraction[I know NoSQL-expected3215] FAILED [ 49%]
test_massive_scenarios.py::test_massive_skills_extraction[Expert in NoSQL-expected3216] FAILED [ 49%]
test_massive_scenarios.py::test_massive_skills_extraction[Used NoSQL at my last job-expected3217] FAILED [ 49%]
test_massive_scenarios.py::test_massive_skills_extraction[NoSQL is my main skill-expected3218] FAILED [ 49%]
test_massive_scenarios.py::test_massive_skills_extraction[Proficient with NoSQL-expected3219] FAILED [ 49%]
test_massive_scenarios.py::test_massive_skills_extraction[I know Snowflake-expected3220] FAILED [ 49%]
test_massive_scenarios.py::test_massive_skills_extraction[Expert in Snowflake-expected3221] FAILED [ 49%]
test_massive_scenarios.py::test_massive_skills_extraction[Used Snowflake at my last job-expected3222] FAILED [ 49%]
test_massive_scenarios.py::test_massive_skills_extraction[Snowflake is my main skill-expected3223] FAILED [ 49%]
test_massive_scenarios.py::test_massive_skills_extraction[Proficient with Snowflake-expected3224] FAILED [ 49%]
test_massive_scenarios.py::test_massive_skills_extraction[I know BigQuery-expected3225] FAILED [ 49%]
test_massive_scenarios.py::test_massive_skills_extraction[Expert in BigQuery-expected3226] FAILED [ 49%]
test_massive_scenarios.py::test_massive_skills_extraction[Used BigQuery at my last job-expected3227] FAILED [ 49%]
test_massive_scenarios.py::test_massive_skills_extraction[BigQuery is my main skill-expected3228] FAILED [ 49%]
test_massive_scenarios.py::test_massive_skills_extraction[Proficient with BigQuery-expected3229] FAILED [ 49%]
test_massive_scenarios.py::test_massive_skills_extraction[I know Spark-expected3230] FAILED [ 49%]
test_massive_scenarios.py::test_massive_skills_extraction[Expert in Spark-expected3231] FAILED [ 49%]
test_massive_scenarios.py::test_massive_skills_extraction[Used Spark at my last job-expected3232] FAILED [ 49%]
test_massive_scenarios.py::test_massive_skills_extraction[Spark is my main skill-expected3233] FAILED [ 49%]
test_massive_scenarios.py::test_massive_skills_extraction[Proficient with Spark-expected3234] FAILED [ 49%]
test_massive_scenarios.py::test_massive_skills_extraction[I know Hadoop-expected3235] FAILED [ 49%]
test_massive_scenarios.py::test_massive_skills_extraction[Expert in Hadoop-expected3236] FAILED [ 49%]
test_massive_scenarios.py::test_massive_skills_extraction[Used Hadoop at my last job-expected3237] FAILED [ 49%]
test_massive_scenarios.py::test_massive_skills_extraction[Hadoop is my main skill-expected3238] FAILED [ 49%]
test_massive_scenarios.py::test_massive_skills_extraction[Proficient with Hadoop-expected3239] FAILED [ 49%]
test_massive_scenarios.py::test_massive_skills_extraction[I know Flink-expected3240] FAILED [ 49%]
test_massive_scenarios.py::test_massive_skills_extraction[Expert in Flink-expected3241] FAILED [ 49%]
test_massive_scenarios.py::test_massive_skills_extraction[Used Flink at my last job-expected3242] FAILED [ 49%]
test_massive_scenarios.py::test_massive_skills_extraction[Flink is my main skill-expected3243] FAILED [ 49%]
test_massive_scenarios.py::test_massive_skills_extraction[Proficient with Flink-expected3244] FAILED [ 49%]
test_massive_scenarios.py::test_massive_skills_extraction[I know Kafka-expected3245] FAILED [ 49%]
test_massive_scenarios.py::test_massive_skills_extraction[Expert in Kafka-expected3246] FAILED [ 49%]
test_massive_scenarios.py::test_massive_skills_extraction[Used Kafka at my last job-expected3247] FAILED [ 49%]
test_massive_scenarios.py::test_massive_skills_extraction[Kafka is my main skill-expected3248] FAILED [ 49%]
test_massive_scenarios.py::test_massive_skills_extraction[Proficient with Kafka-expected3249] FAILED [ 49%]
test_massive_scenarios.py::test_massive_skills_extraction[I know Python-expected3250] PASSED [ 49%]
test_massive_scenarios.py::test_massive_skills_extraction[Expert in Python-expected3251] PASSED [ 49%]
test_massive_scenarios.py::test_massive_skills_extraction[Used Python at my last job-expected3252] PASSED [ 49%]
test_massive_scenarios.py::test_massive_skills_extraction[Python is my main skill-expected3253] PASSED [ 49%]
test_massive_scenarios.py::test_massive_skills_extraction[Proficient with Python-expected3254] PASSED [ 49%]
test_massive_scenarios.py::test_massive_skills_extraction[I know Java-expected3255] PASSED [ 49%]
test_massive_scenarios.py::test_massive_skills_extraction[Expert in Java-expected3256] PASSED [ 49%]
test_massive_scenarios.py::test_massive_skills_extraction[Used Java at my last job-expected3257] PASSED [ 49%]
test_massive_scenarios.py::test_massive_skills_extraction[Java is my main skill-expected3258] PASSED [ 49%]
test_massive_scenarios.py::test_massive_skills_extraction[Proficient with Java-expected3259] PASSED [ 49%]
test_massive_scenarios.py::test_massive_skills_extraction[I know C++-expected3260] PASSED [ 49%]
test_massive_scenarios.py::test_massive_skills_extraction[Expert in C++-expected3261] PASSED [ 49%]
test_massive_scenarios.py::test_massive_skills_extraction[Used C++ at my last job-expected3262] PASSED [ 49%]
test_massive_scenarios.py::test_massive_skills_extraction[C++ is my main skill-expected3263] PASSED [ 49%]
test_massive_scenarios.py::test_massive_skills_extraction[Proficient with C++-expected3264] PASSED [ 49%]
test_massive_scenarios.py::test_massive_skills_extraction[I know C#-expected3265] PASSED [ 49%]
test_massive_scenarios.py::test_massive_skills_extraction[Expert in C#-expected3266] PASSED [ 49%]
test_massive_scenarios.py::test_massive_skills_extraction[Used C# at my last job-expected3267] PASSED [ 49%]
test_massive_scenarios.py::test_massive_skills_extraction[C# is my main skill-expected3268] PASSED [ 49%]
test_massive_scenarios.py::test_massive_skills_extraction[Proficient with C#-expected3269] PASSED [ 49%]
test_massive_scenarios.py::test_massive_skills_extraction[I know Go-expected3270] PASSED [ 50%]
test_massive_scenarios.py::test_massive_skills_extraction[Expert in Go-expected3271] PASSED [ 50%]
test_massive_scenarios.py::test_massive_skills_extraction[Used Go at my last job-expected3272] PASSED [ 50%]
test_massive_scenarios.py::test_massive_skills_extraction[Go is my main skill-expected3273] PASSED [ 50%]
test_massive_scenarios.py::test_massive_skills_extraction[Proficient with Go-expected3274] PASSED [ 50%]
test_massive_scenarios.py::test_massive_skills_extraction[I know Rust-expected3275] PASSED [ 50%]
test_massive_scenarios.py::test_massive_skills_extraction[Expert in Rust-expected3276] PASSED [ 50%]
test_massive_scenarios.py::test_massive_skills_extraction[Used Rust at my last job-expected3277] PASSED [ 50%]
test_massive_scenarios.py::test_massive_skills_extraction[Rust is my main skill-expected3278] PASSED [ 50%]
test_massive_scenarios.py::test_massive_skills_extraction[Proficient with Rust-expected3279] PASSED [ 50%]
test_massive_scenarios.py::test_massive_skills_extraction[I know Swift-expected3280] PASSED [ 50%]
test_massive_scenarios.py::test_massive_skills_extraction[Expert in Swift-expected3281] PASSED [ 50%]
test_massive_scenarios.py::test_massive_skills_extraction[Used Swift at my last job-expected3282] PASSED [ 50%]
test_massive_scenarios.py::test_massive_skills_extraction[Swift is my main skill-expected3283] PASSED [ 50%]
test_massive_scenarios.py::test_massive_skills_extraction[Proficient with Swift-expected3284] PASSED [ 50%]
test_massive_scenarios.py::test_massive_skills_extraction[I know Kotlin-expected3285] PASSED [ 50%]
test_massive_scenarios.py::test_massive_skills_extraction[Expert in Kotlin-expected3286] PASSED [ 50%]
test_massive_scenarios.py::test_massive_skills_extraction[Used Kotlin at my last job-expected3287] PASSED [ 50%]
test_massive_scenarios.py::test_massive_skills_extraction[Kotlin is my main skill-expected3288] PASSED [ 50%]
test_massive_scenarios.py::test_massive_skills_extraction[Proficient with Kotlin-expected3289] PASSED [ 50%]
test_massive_scenarios.py::test_massive_skills_extraction[I know TypeScript-expected3290] PASSED [ 50%]
test_massive_scenarios.py::test_massive_skills_extraction[Expert in TypeScript-expected3291] PASSED [ 50%]
test_massive_scenarios.py::test_massive_skills_extraction[Used TypeScript at my last job-expected3292] PASSED [ 50%]
test_massive_scenarios.py::test_massive_skills_extraction[TypeScript is my main skill-expected3293] PASSED [ 50%]
test_massive_scenarios.py::test_massive_skills_extraction[Proficient with TypeScript-expected3294] PASSED [ 50%]
test_massive_scenarios.py::test_massive_skills_extraction[I know JavaScript-expected3295] PASSED [ 50%]
test_massive_scenarios.py::test_massive_skills_extraction[Expert in JavaScript-expected3296] PASSED [ 50%]
test_massive_scenarios.py::test_massive_skills_extraction[Used JavaScript at my last job-expected3297] PASSED [ 50%]
test_massive_scenarios.py::test_massive_skills_extraction[JavaScript is my main skill-expected3298] PASSED [ 50%]
test_massive_scenarios.py::test_massive_skills_extraction[Proficient with JavaScript-expected3299] PASSED [ 50%]
test_massive_scenarios.py::test_massive_skills_extraction[I know React-expected3300] PASSED [ 50%]
test_massive_scenarios.py::test_massive_skills_extraction[Expert in React-expected3301] PASSED [ 50%]
test_massive_scenarios.py::test_massive_skills_extraction[Used React at my last job-expected3302] PASSED [ 50%]
test_massive_scenarios.py::test_massive_skills_extraction[React is my main skill-expected3303] PASSED [ 50%]
test_massive_scenarios.py::test_massive_skills_extraction[Proficient with React-expected3304] PASSED [ 50%]
test_massive_scenarios.py::test_massive_skills_extraction[I know Angular-expected3305] PASSED [ 50%]
test_massive_scenarios.py::test_massive_skills_extraction[Expert in Angular-expected3306] PASSED [ 50%]
test_massive_scenarios.py::test_massive_skills_extraction[Used Angular at my last job-expected3307] PASSED [ 50%]
test_massive_scenarios.py::test_massive_skills_extraction[Angular is my main skill-expected3308] PASSED [ 50%]
test_massive_scenarios.py::test_massive_skills_extraction[Proficient with Angular-expected3309] PASSED [ 50%]
test_massive_scenarios.py::test_massive_skills_extraction[I know Vue-expected3310] FAILED [ 50%]
test_massive_scenarios.py::test_massive_skills_extraction[Expert in Vue-expected3311] FAILED [ 50%]
test_massive_scenarios.py::test_massive_skills_extraction[Used Vue at my last job-expected3312] FAILED [ 50%]
test_massive_scenarios.py::test_massive_skills_extraction[Vue is my main skill-expected3313] FAILED [ 50%]
test_massive_scenarios.py::test_massive_skills_extraction[Proficient with Vue-expected3314] FAILED [ 50%]
test_massive_scenarios.py::test_massive_skills_extraction[I know Node.js-expected3315] PASSED [ 50%]
test_massive_scenarios.py::test_massive_skills_extraction[Expert in Node.js-expected3316] PASSED [ 50%]
test_massive_scenarios.py::test_massive_skills_extraction[Used Node.js at my last job-expected3317] PASSED [ 50%]
test_massive_scenarios.py::test_massive_skills_extraction[Node.js is my main skill-expected3318] PASSED [ 50%]
test_massive_scenarios.py::test_massive_skills_extraction[Proficient with Node.js-expected3319] PASSED [ 50%]
test_massive_scenarios.py::test_massive_skills_extraction[I know Django-expected3320] PASSED [ 50%]
test_massive_scenarios.py::test_massive_skills_extraction[Expert in Django-expected3321] PASSED [ 50%]
test_massive_scenarios.py::test_massive_skills_extraction[Used Django at my last job-expected3322] PASSED [ 50%]
test_massive_scenarios.py::test_massive_skills_extraction[Django is my main skill-expected3323] PASSED [ 50%]
test_massive_scenarios.py::test_massive_skills_extraction[Proficient with Django-expected3324] PASSED [ 50%]
test_massive_scenarios.py::test_massive_skills_extraction[I know Flask-expected3325] PASSED [ 50%]
test_massive_scenarios.py::test_massive_skills_extraction[Expert in Flask-expected3326] PASSED [ 50%]
test_massive_scenarios.py::test_massive_skills_extraction[Used Flask at my last job-expected3327] PASSED [ 50%]
test_massive_scenarios.py::test_massive_skills_extraction[Flask is my main skill-expected3328] PASSED [ 50%]
test_massive_scenarios.py::test_massive_skills_extraction[Proficient with Flask-expected3329] PASSED [ 50%]
test_massive_scenarios.py::test_massive_skills_extraction[I know Spring-expected3330] PASSED [ 50%]
test_massive_scenarios.py::test_massive_skills_extraction[Expert in Spring-expected3331] PASSED [ 50%]
test_massive_scenarios.py::test_massive_skills_extraction[Used Spring at my last job-expected3332] PASSED [ 50%]
test_massive_scenarios.py::test_massive_skills_extraction[Spring is my main skill-expected3333] PASSED [ 50%]
test_massive_scenarios.py::test_massive_skills_extraction[Proficient with Spring-expected3334] PASSED [ 50%]
test_massive_scenarios.py::test_massive_skills_extraction[I know ASP.NET-expected3335] PASSED [ 51%]
test_massive_scenarios.py::test_massive_skills_extraction[Expert in ASP.NET-expected3336] PASSED [ 51%]
test_massive_scenarios.py::test_massive_skills_extraction[Used ASP.NET at my last job-expected3337] PASSED [ 51%]
test_massive_scenarios.py::test_massive_skills_extraction[ASP.NET is my main skill-expected3338] PASSED [ 51%]
test_massive_scenarios.py::test_massive_skills_extraction[Proficient with ASP.NET-expected3339] PASSED [ 51%]
test_massive_scenarios.py::test_massive_skills_extraction[I know GraphQL-expected3340] PASSED [ 51%]
test_massive_scenarios.py::test_massive_skills_extraction[Expert in GraphQL-expected3341] PASSED [ 51%]
test_massive_scenarios.py::test_massive_skills_extraction[Used GraphQL at my last job-expected3342] PASSED [ 51%]
test_massive_scenarios.py::test_massive_skills_extraction[GraphQL is my main skill-expected3343] PASSED [ 51%]
test_massive_scenarios.py::test_massive_skills_extraction[Proficient with GraphQL-expected3344] PASSED [ 51%]
test_massive_scenarios.py::test_massive_skills_extraction[I know PostgreSQL-expected3345] PASSED [ 51%]
test_massive_scenarios.py::test_massive_skills_extraction[Expert in PostgreSQL-expected3346] PASSED [ 51%]
test_massive_scenarios.py::test_massive_skills_extraction[Used PostgreSQL at my last job-expected3347] PASSED [ 51%]
test_massive_scenarios.py::test_massive_skills_extraction[PostgreSQL is my main skill-expected3348] PASSED [ 51%]
test_massive_scenarios.py::test_massive_skills_extraction[Proficient with PostgreSQL-expected3349] PASSED [ 51%]
test_massive_scenarios.py::test_massive_skills_extraction[I know MongoDB-expected3350] PASSED [ 51%]
test_massive_scenarios.py::test_massive_skills_extraction[Expert in MongoDB-expected3351] PASSED [ 51%]
test_massive_scenarios.py::test_massive_skills_extraction[Used MongoDB at my last job-expected3352] PASSED [ 51%]
test_massive_scenarios.py::test_massive_skills_extraction[MongoDB is my main skill-expected3353] PASSED [ 51%]
test_massive_scenarios.py::test_massive_skills_extraction[Proficient with MongoDB-expected3354] PASSED [ 51%]
test_massive_scenarios.py::test_massive_skills_extraction[I know Redis-expected3355] PASSED [ 51%]
test_massive_scenarios.py::test_massive_skills_extraction[Expert in Redis-expected3356] PASSED [ 51%]
test_massive_scenarios.py::test_massive_skills_extraction[Used Redis at my last job-expected3357] PASSED [ 51%]
test_massive_scenarios.py::test_massive_skills_extraction[Redis is my main skill-expected3358] PASSED [ 51%]
test_massive_scenarios.py::test_massive_skills_extraction[Proficient with Redis-expected3359] PASSED [ 51%]
test_massive_scenarios.py::test_massive_skills_extraction[I know Elasticsearch-expected3360] FAILED [ 51%]
test_massive_scenarios.py::test_massive_skills_extraction[Expert in Elasticsearch-expected3361] FAILED [ 51%]
test_massive_scenarios.py::test_massive_skills_extraction[Used Elasticsearch at my last job-expected3362] FAILED [ 51%]
test_massive_scenarios.py::test_massive_skills_extraction[Elasticsearch is my main skill-expected3363] FAILED [ 51%]
test_massive_scenarios.py::test_massive_skills_extraction[Proficient with Elasticsearch-expected3364] FAILED [ 51%]
test_massive_scenarios.py::test_massive_skills_extraction[I know Cassandra-expected3365] PASSED [ 51%]
test_massive_scenarios.py::test_massive_skills_extraction[Expert in Cassandra-expected3366] PASSED [ 51%]
test_massive_scenarios.py::test_massive_skills_extraction[Used Cassandra at my last job-expected3367] PASSED [ 51%]
test_massive_scenarios.py::test_massive_skills_extraction[Cassandra is my main skill-expected3368] PASSED [ 51%]
test_massive_scenarios.py::test_massive_skills_extraction[Proficient with Cassandra-expected3369] PASSED [ 51%]
test_massive_scenarios.py::test_massive_skills_extraction[I know Docker-expected3370] PASSED [ 51%]
test_massive_scenarios.py::test_massive_skills_extraction[Expert in Docker-expected3371] PASSED [ 51%]
test_massive_scenarios.py::test_massive_skills_extraction[Used Docker at my last job-expected3372] PASSED [ 51%]
test_massive_scenarios.py::test_massive_skills_extraction[Docker is my main skill-expected3373] PASSED [ 51%]
test_massive_scenarios.py::test_massive_skills_extraction[Proficient with Docker-expected3374] PASSED [ 51%]
test_massive_scenarios.py::test_massive_skills_extraction[I know Kubernetes-expected3375] PASSED [ 51%]
test_massive_scenarios.py::test_massive_skills_extraction[Expert in Kubernetes-expected3376] PASSED [ 51%]
test_massive_scenarios.py::test_massive_skills_extraction[Used Kubernetes at my last job-expected3377] PASSED [ 51%]
test_massive_scenarios.py::test_massive_skills_extraction[Kubernetes is my main skill-expected3378] PASSED [ 51%]
test_massive_scenarios.py::test_massive_skills_extraction[Proficient with Kubernetes-expected3379] PASSED [ 51%]
test_massive_scenarios.py::test_massive_skills_extraction[I know AWS-expected3380] PASSED [ 51%]
test_massive_scenarios.py::test_massive_skills_extraction[Expert in AWS-expected3381] PASSED [ 51%]
test_massive_scenarios.py::test_massive_skills_extraction[Used AWS at my last job-expected3382] PASSED [ 51%]
test_massive_scenarios.py::test_massive_skills_extraction[AWS is my main skill-expected3383] PASSED [ 51%]
test_massive_scenarios.py::test_massive_skills_extraction[Proficient with AWS-expected3384] PASSED [ 51%]
test_massive_scenarios.py::test_massive_skills_extraction[I know Azure-expected3385] PASSED [ 51%]
test_massive_scenarios.py::test_massive_skills_extraction[Expert in Azure-expected3386] PASSED [ 51%]
test_massive_scenarios.py::test_massive_skills_extraction[Used Azure at my last job-expected3387] PASSED [ 51%]
test_massive_scenarios.py::test_massive_skills_extraction[Azure is my main skill-expected3388] PASSED [ 51%]
test_massive_scenarios.py::test_massive_skills_extraction[Proficient with Azure-expected3389] PASSED [ 51%]
test_massive_scenarios.py::test_massive_skills_extraction[I know GCP-expected3390] FAILED [ 51%]
test_massive_scenarios.py::test_massive_skills_extraction[Expert in GCP-expected3391] FAILED [ 51%]
test_massive_scenarios.py::test_massive_skills_extraction[Used GCP at my last job-expected3392] FAILED [ 51%]
test_massive_scenarios.py::test_massive_skills_extraction[GCP is my main skill-expected3393] FAILED [ 51%]
test_massive_scenarios.py::test_massive_skills_extraction[Proficient with GCP-expected3394] FAILED [ 51%]
test_massive_scenarios.py::test_massive_skills_extraction[I know Terraform-expected3395] PASSED [ 51%]
test_massive_scenarios.py::test_massive_skills_extraction[Expert in Terraform-expected3396] PASSED [ 51%]
test_massive_scenarios.py::test_massive_skills_extraction[Used Terraform at my last job-expected3397] PASSED [ 51%]
test_massive_scenarios.py::test_massive_skills_extraction[Terraform is my main skill-expected3398] PASSED [ 51%]
test_massive_scenarios.py::test_massive_skills_extraction[Proficient with Terraform-expected3399] PASSED [ 51%]
test_massive_scenarios.py::test_massive_skills_extraction[I know Ansible-expected3400] PASSED [ 51%]
test_massive_scenarios.py::test_massive_skills_extraction[Expert in Ansible-expected3401] PASSED [ 52%]
test_massive_scenarios.py::test_massive_skills_extraction[Used Ansible at my last job-expected3402] PASSED [ 52%]
test_massive_scenarios.py::test_massive_skills_extraction[Ansible is my main skill-expected3403] PASSED [ 52%]
test_massive_scenarios.py::test_massive_skills_extraction[Proficient with Ansible-expected3404] PASSED [ 52%]
test_massive_scenarios.py::test_massive_skills_extraction[I know Jenkins-expected3405] PASSED [ 52%]
test_massive_scenarios.py::test_massive_skills_extraction[Expert in Jenkins-expected3406] PASSED [ 52%]
test_massive_scenarios.py::test_massive_skills_extraction[Used Jenkins at my last job-expected3407] PASSED [ 52%]
test_massive_scenarios.py::test_massive_skills_extraction[Jenkins is my main skill-expected3408] PASSED [ 52%]
test_massive_scenarios.py::test_massive_skills_extraction[Proficient with Jenkins-expected3409] PASSED [ 52%]
test_massive_scenarios.py::test_massive_skills_extraction[I know Git-expected3410] PASSED [ 52%]
test_massive_scenarios.py::test_massive_skills_extraction[Expert in Git-expected3411] PASSED [ 52%]
test_massive_scenarios.py::test_massive_skills_extraction[Used Git at my last job-expected3412] PASSED [ 52%]
test_massive_scenarios.py::test_massive_skills_extraction[Git is my main skill-expected3413] PASSED [ 52%]
test_massive_scenarios.py::test_massive_skills_extraction[Proficient with Git-expected3414] PASSED [ 52%]
test_massive_scenarios.py::test_massive_skills_extraction[I know Machine Learning-expected3415] PASSED [ 52%]
test_massive_scenarios.py::test_massive_skills_extraction[Expert in Machine Learning-expected3416] PASSED [ 52%]
test_massive_scenarios.py::test_massive_skills_extraction[Used Machine Learning at my last job-expected3417] PASSED [ 52%]
test_massive_scenarios.py::test_massive_skills_extraction[Machine Learning is my main skill-expected3418] PASSED [ 52%]
test_massive_scenarios.py::test_massive_skills_extraction[Proficient with Machine Learning-expected3419] PASSED [ 52%]
test_massive_scenarios.py::test_massive_skills_extraction[I know Deep Learning-expected3420] PASSED [ 52%]
test_massive_scenarios.py::test_massive_skills_extraction[Expert in Deep Learning-expected3421] PASSED [ 52%]
test_massive_scenarios.py::test_massive_skills_extraction[Used Deep Learning at my last job-expected3422] PASSED [ 52%]
test_massive_scenarios.py::test_massive_skills_extraction[Deep Learning is my main skill-expected3423] PASSED [ 52%]
test_massive_scenarios.py::test_massive_skills_extraction[Proficient with Deep Learning-expected3424] PASSED [ 52%]
test_massive_scenarios.py::test_massive_skills_extraction[I know TensorFlow-expected3425] PASSED [ 52%]
test_massive_scenarios.py::test_massive_skills_extraction[Expert in TensorFlow-expected3426] PASSED [ 52%]
test_massive_scenarios.py::test_massive_skills_extraction[Used TensorFlow at my last job-expected3427] PASSED [ 52%]
test_massive_scenarios.py::test_massive_skills_extraction[TensorFlow is my main skill-expected3428] PASSED [ 52%]
test_massive_scenarios.py::test_massive_skills_extraction[Proficient with TensorFlow-expected3429] PASSED [ 52%]
test_massive_scenarios.py::test_massive_skills_extraction[I know PyTorch-expected3430] PASSED [ 52%]
test_massive_scenarios.py::test_massive_skills_extraction[Expert in PyTorch-expected3431] PASSED [ 52%]
test_massive_scenarios.py::test_massive_skills_extraction[Used PyTorch at my last job-expected3432] PASSED [ 52%]
test_massive_scenarios.py::test_massive_skills_extraction[PyTorch is my main skill-expected3433] PASSED [ 52%]
test_massive_scenarios.py::test_massive_skills_extraction[Proficient with PyTorch-expected3434] PASSED [ 52%]
test_massive_scenarios.py::test_massive_skills_extraction[I know Pandas-expected3435] PASSED [ 52%]
test_massive_scenarios.py::test_massive_skills_extraction[Expert in Pandas-expected3436] PASSED [ 52%]
test_massive_scenarios.py::test_massive_skills_extraction[Used Pandas at my last job-expected3437] PASSED [ 52%]
test_massive_scenarios.py::test_massive_skills_extraction[Pandas is my main skill-expected3438] PASSED [ 52%]
test_massive_scenarios.py::test_massive_skills_extraction[Proficient with Pandas-expected3439] PASSED [ 52%]
test_massive_scenarios.py::test_massive_skills_extraction[I know NumPy-expected3440] PASSED [ 52%]
test_massive_scenarios.py::test_massive_skills_extraction[Expert in NumPy-expected3441] PASSED [ 52%]
test_massive_scenarios.py::test_massive_skills_extraction[Used NumPy at my last job-expected3442] PASSED [ 52%]
test_massive_scenarios.py::test_massive_skills_extraction[NumPy is my main skill-expected3443] PASSED [ 52%]
test_massive_scenarios.py::test_massive_skills_extraction[Proficient with NumPy-expected3444] PASSED [ 52%]
test_massive_scenarios.py::test_massive_skills_extraction[I know Scikit-Learn-expected3445] FAILED [ 52%]
test_massive_scenarios.py::test_massive_skills_extraction[Expert in Scikit-Learn-expected3446] FAILED [ 52%]
test_massive_scenarios.py::test_massive_skills_extraction[Used Scikit-Learn at my last job-expected3447] FAILED [ 52%]
test_massive_scenarios.py::test_massive_skills_extraction[Scikit-Learn is my main skill-expected3448] FAILED [ 52%]
test_massive_scenarios.py::test_massive_skills_extraction[Proficient with Scikit-Learn-expected3449] FAILED [ 52%]
test_massive_scenarios.py::test_massive_skills_extraction[I know Tableau-expected3450] FAILED [ 52%]
test_massive_scenarios.py::test_massive_skills_extraction[Expert in Tableau-expected3451] FAILED [ 52%]
test_massive_scenarios.py::test_massive_skills_extraction[Used Tableau at my last job-expected3452] FAILED [ 52%]
test_massive_scenarios.py::test_massive_skills_extraction[Tableau is my main skill-expected3453] FAILED [ 52%]
test_massive_scenarios.py::test_massive_skills_extraction[Proficient with Tableau-expected3454] FAILED [ 52%]
test_massive_scenarios.py::test_massive_skills_extraction[I know PowerBI-expected3455] FAILED [ 52%]
test_massive_scenarios.py::test_massive_skills_extraction[Expert in PowerBI-expected3456] FAILED [ 52%]
test_massive_scenarios.py::test_massive_skills_extraction[Used PowerBI at my last job-expected3457] FAILED [ 52%]
test_massive_scenarios.py::test_massive_skills_extraction[PowerBI is my main skill-expected3458] FAILED [ 52%]
test_massive_scenarios.py::test_massive_skills_extraction[Proficient with PowerBI-expected3459] FAILED [ 52%]
test_massive_scenarios.py::test_massive_skills_extraction[I know SQL-expected3460] PASSED [ 52%]
test_massive_scenarios.py::test_massive_skills_extraction[Expert in SQL-expected3461] PASSED [ 52%]
test_massive_scenarios.py::test_massive_skills_extraction[Used SQL at my last job-expected3462] PASSED [ 52%]
test_massive_scenarios.py::test_massive_skills_extraction[SQL is my main skill-expected3463] PASSED [ 52%]
test_massive_scenarios.py::test_massive_skills_extraction[Proficient with SQL-expected3464] PASSED [ 52%]
test_massive_scenarios.py::test_massive_skills_extraction[I know NoSQL-expected3465] FAILED [ 52%]
test_massive_scenarios.py::test_massive_skills_extraction[Expert in NoSQL-expected3466] FAILED [ 53%]
test_massive_scenarios.py::test_massive_skills_extraction[Used NoSQL at my last job-expected3467] FAILED [ 53%]
test_massive_scenarios.py::test_massive_skills_extraction[NoSQL is my main skill-expected3468] FAILED [ 53%]
test_massive_scenarios.py::test_massive_skills_extraction[Proficient with NoSQL-expected3469] FAILED [ 53%]
test_massive_scenarios.py::test_massive_skills_extraction[I know Snowflake-expected3470] FAILED [ 53%]
test_massive_scenarios.py::test_massive_skills_extraction[Expert in Snowflake-expected3471] FAILED [ 53%]
test_massive_scenarios.py::test_massive_skills_extraction[Used Snowflake at my last job-expected3472] FAILED [ 53%]
test_massive_scenarios.py::test_massive_skills_extraction[Snowflake is my main skill-expected3473] FAILED [ 53%]
test_massive_scenarios.py::test_massive_skills_extraction[Proficient with Snowflake-expected3474] FAILED [ 53%]
test_massive_scenarios.py::test_massive_skills_extraction[I know BigQuery-expected3475] FAILED [ 53%]
test_massive_scenarios.py::test_massive_skills_extraction[Expert in BigQuery-expected3476] FAILED [ 53%]
test_massive_scenarios.py::test_massive_skills_extraction[Used BigQuery at my last job-expected3477] FAILED [ 53%]
test_massive_scenarios.py::test_massive_skills_extraction[BigQuery is my main skill-expected3478] FAILED [ 53%]
test_massive_scenarios.py::test_massive_skills_extraction[Proficient with BigQuery-expected3479] FAILED [ 53%]
test_massive_scenarios.py::test_massive_skills_extraction[I know Spark-expected3480] FAILED [ 53%]
test_massive_scenarios.py::test_massive_skills_extraction[Expert in Spark-expected3481] FAILED [ 53%]
test_massive_scenarios.py::test_massive_skills_extraction[Used Spark at my last job-expected3482] FAILED [ 53%]
test_massive_scenarios.py::test_massive_skills_extraction[Spark is my main skill-expected3483] FAILED [ 53%]
test_massive_scenarios.py::test_massive_skills_extraction[Proficient with Spark-expected3484] FAILED [ 53%]
test_massive_scenarios.py::test_massive_skills_extraction[I know Hadoop-expected3485] FAILED [ 53%]
test_massive_scenarios.py::test_massive_skills_extraction[Expert in Hadoop-expected3486] FAILED [ 53%]
test_massive_scenarios.py::test_massive_skills_extraction[Used Hadoop at my last job-expected3487] FAILED [ 53%]
test_massive_scenarios.py::test_massive_skills_extraction[Hadoop is my main skill-expected3488] FAILED [ 53%]
test_massive_scenarios.py::test_massive_skills_extraction[Proficient with Hadoop-expected3489] FAILED [ 53%]
test_massive_scenarios.py::test_massive_skills_extraction[I know Flink-expected3490] FAILED [ 53%]
test_massive_scenarios.py::test_massive_skills_extraction[Expert in Flink-expected3491] FAILED [ 53%]
test_massive_scenarios.py::test_massive_skills_extraction[Used Flink at my last job-expected3492] FAILED [ 53%]
test_massive_scenarios.py::test_massive_skills_extraction[Flink is my main skill-expected3493] FAILED [ 53%]
test_massive_scenarios.py::test_massive_skills_extraction[Proficient with Flink-expected3494] FAILED [ 53%]
test_massive_scenarios.py::test_massive_skills_extraction[I know Kafka-expected3495] FAILED [ 53%]
test_massive_scenarios.py::test_massive_skills_extraction[Expert in Kafka-expected3496] FAILED [ 53%]
test_massive_scenarios.py::test_massive_skills_extraction[Used Kafka at my last job-expected3497] FAILED [ 53%]
test_massive_scenarios.py::test_massive_skills_extraction[Kafka is my main skill-expected3498] FAILED [ 53%]
test_massive_scenarios.py::test_massive_skills_extraction[Proficient with Kafka-expected3499] FAILED [ 53%]
test_massive_scenarios.py::test_massive_skills_extraction[I know Python-expected3500] PASSED [ 53%]
test_massive_scenarios.py::test_massive_skills_extraction[Expert in Python-expected3501] PASSED [ 53%]
test_massive_scenarios.py::test_massive_skills_extraction[Used Python at my last job-expected3502] PASSED [ 53%]
test_massive_scenarios.py::test_massive_skills_extraction[Python is my main skill-expected3503] PASSED [ 53%]
test_massive_scenarios.py::test_massive_skills_extraction[Proficient with Python-expected3504] PASSED [ 53%]
test_massive_scenarios.py::test_massive_skills_extraction[I know Java-expected3505] PASSED [ 53%]
test_massive_scenarios.py::test_massive_skills_extraction[Expert in Java-expected3506] PASSED [ 53%]
test_massive_scenarios.py::test_massive_skills_extraction[Used Java at my last job-expected3507] PASSED [ 53%]
test_massive_scenarios.py::test_massive_skills_extraction[Java is my main skill-expected3508] PASSED [ 53%]
test_massive_scenarios.py::test_massive_skills_extraction[Proficient with Java-expected3509] PASSED [ 53%]
test_massive_scenarios.py::test_massive_skills_extraction[I know C++-expected3510] PASSED [ 53%]
test_massive_scenarios.py::test_massive_skills_extraction[Expert in C++-expected3511] PASSED [ 53%]
test_massive_scenarios.py::test_massive_skills_extraction[Used C++ at my last job-expected3512] PASSED [ 53%]
test_massive_scenarios.py::test_massive_skills_extraction[C++ is my main skill-expected3513] PASSED [ 53%]
test_massive_scenarios.py::test_massive_skills_extraction[Proficient with C++-expected3514] PASSED [ 53%]
test_massive_scenarios.py::test_massive_skills_extraction[I know C#-expected3515] PASSED [ 53%]
test_massive_scenarios.py::test_massive_skills_extraction[Expert in C#-expected3516] PASSED [ 53%]
test_massive_scenarios.py::test_massive_skills_extraction[Used C# at my last job-expected3517] PASSED [ 53%]
test_massive_scenarios.py::test_massive_skills_extraction[C# is my main skill-expected3518] PASSED [ 53%]
test_massive_scenarios.py::test_massive_skills_extraction[Proficient with C#-expected3519] PASSED [ 53%]
test_massive_scenarios.py::test_massive_skills_extraction[I know Go-expected3520] PASSED [ 53%]
test_massive_scenarios.py::test_massive_skills_extraction[Expert in Go-expected3521] PASSED [ 53%]
test_massive_scenarios.py::test_massive_skills_extraction[Used Go at my last job-expected3522] PASSED [ 53%]
test_massive_scenarios.py::test_massive_skills_extraction[Go is my main skill-expected3523] PASSED [ 53%]
test_massive_scenarios.py::test_massive_skills_extraction[Proficient with Go-expected3524] PASSED [ 53%]
test_massive_scenarios.py::test_massive_skills_extraction[I know Rust-expected3525] PASSED [ 53%]
test_massive_scenarios.py::test_massive_skills_extraction[Expert in Rust-expected3526] PASSED [ 53%]
test_massive_scenarios.py::test_massive_skills_extraction[Used Rust at my last job-expected3527] PASSED [ 53%]
test_massive_scenarios.py::test_massive_skills_extraction[Rust is my main skill-expected3528] PASSED [ 53%]
test_massive_scenarios.py::test_massive_skills_extraction[Proficient with Rust-expected3529] PASSED [ 53%]
test_massive_scenarios.py::test_massive_skills_extraction[I know Swift-expected3530] PASSED [ 53%]
test_massive_scenarios.py::test_massive_skills_extraction[Expert in Swift-expected3531] PASSED [ 53%]
test_massive_scenarios.py::test_massive_skills_extraction[Used Swift at my last job-expected3532] PASSED [ 54%]
test_massive_scenarios.py::test_massive_skills_extraction[Swift is my main skill-expected3533] PASSED [ 54%]
test_massive_scenarios.py::test_massive_skills_extraction[Proficient with Swift-expected3534] PASSED [ 54%]
test_massive_scenarios.py::test_massive_skills_extraction[I know Kotlin-expected3535] PASSED [ 54%]
test_massive_scenarios.py::test_massive_skills_extraction[Expert in Kotlin-expected3536] PASSED [ 54%]
test_massive_scenarios.py::test_massive_skills_extraction[Used Kotlin at my last job-expected3537] PASSED [ 54%]
test_massive_scenarios.py::test_massive_skills_extraction[Kotlin is my main skill-expected3538] PASSED [ 54%]
test_massive_scenarios.py::test_massive_skills_extraction[Proficient with Kotlin-expected3539] PASSED [ 54%]
test_massive_scenarios.py::test_massive_skills_extraction[I know TypeScript-expected3540] PASSED [ 54%]
test_massive_scenarios.py::test_massive_skills_extraction[Expert in TypeScript-expected3541] PASSED [ 54%]
test_massive_scenarios.py::test_massive_skills_extraction[Used TypeScript at my last job-expected3542] PASSED [ 54%]
test_massive_scenarios.py::test_massive_skills_extraction[TypeScript is my main skill-expected3543] PASSED [ 54%]
test_massive_scenarios.py::test_massive_skills_extraction[Proficient with TypeScript-expected3544] PASSED [ 54%]
test_massive_scenarios.py::test_massive_skills_extraction[I know JavaScript-expected3545] PASSED [ 54%]
test_massive_scenarios.py::test_massive_skills_extraction[Expert in JavaScript-expected3546] PASSED [ 54%]
test_massive_scenarios.py::test_massive_skills_extraction[Used JavaScript at my last job-expected3547] PASSED [ 54%]
test_massive_scenarios.py::test_massive_skills_extraction[JavaScript is my main skill-expected3548] PASSED [ 54%]
test_massive_scenarios.py::test_massive_skills_extraction[Proficient with JavaScript-expected3549] PASSED [ 54%]
test_massive_scenarios.py::test_massive_skills_extraction[I know React-expected3550] PASSED [ 54%]
test_massive_scenarios.py::test_massive_skills_extraction[Expert in React-expected3551] PASSED [ 54%]
test_massive_scenarios.py::test_massive_skills_extraction[Used React at my last job-expected3552] PASSED [ 54%]
test_massive_scenarios.py::test_massive_skills_extraction[React is my main skill-expected3553] PASSED [ 54%]
test_massive_scenarios.py::test_massive_skills_extraction[Proficient with React-expected3554] PASSED [ 54%]
test_massive_scenarios.py::test_massive_skills_extraction[I know Angular-expected3555] PASSED [ 54%]
test_massive_scenarios.py::test_massive_skills_extraction[Expert in Angular-expected3556] PASSED [ 54%]
test_massive_scenarios.py::test_massive_skills_extraction[Used Angular at my last job-expected3557] PASSED [ 54%]
test_massive_scenarios.py::test_massive_skills_extraction[Angular is my main skill-expected3558] PASSED [ 54%]
test_massive_scenarios.py::test_massive_skills_extraction[Proficient with Angular-expected3559] PASSED [ 54%]
test_massive_scenarios.py::test_massive_skills_extraction[I know Vue-expected3560] FAILED [ 54%]
test_massive_scenarios.py::test_massive_skills_extraction[Expert in Vue-expected3561] FAILED [ 54%]
test_massive_scenarios.py::test_massive_skills_extraction[Used Vue at my last job-expected3562] FAILED [ 54%]
test_massive_scenarios.py::test_massive_skills_extraction[Vue is my main skill-expected3563] FAILED [ 54%]
test_massive_scenarios.py::test_massive_skills_extraction[Proficient with Vue-expected3564] FAILED [ 54%]
test_massive_scenarios.py::test_massive_skills_extraction[I know Node.js-expected3565] PASSED [ 54%]
test_massive_scenarios.py::test_massive_skills_extraction[Expert in Node.js-expected3566] PASSED [ 54%]
test_massive_scenarios.py::test_massive_skills_extraction[Used Node.js at my last job-expected3567] PASSED [ 54%]
test_massive_scenarios.py::test_massive_skills_extraction[Node.js is my main skill-expected3568] PASSED [ 54%]
test_massive_scenarios.py::test_massive_skills_extraction[Proficient with Node.js-expected3569] PASSED [ 54%]
test_massive_scenarios.py::test_massive_skills_extraction[I know Django-expected3570] PASSED [ 54%]
test_massive_scenarios.py::test_massive_skills_extraction[Expert in Django-expected3571] PASSED [ 54%]
test_massive_scenarios.py::test_massive_skills_extraction[Used Django at my last job-expected3572] PASSED [ 54%]
test_massive_scenarios.py::test_massive_skills_extraction[Django is my main skill-expected3573] PASSED [ 54%]
test_massive_scenarios.py::test_massive_skills_extraction[Proficient with Django-expected3574] PASSED [ 54%]
test_massive_scenarios.py::test_massive_skills_extraction[I know Flask-expected3575] PASSED [ 54%]
test_massive_scenarios.py::test_massive_skills_extraction[Expert in Flask-expected3576] PASSED [ 54%]
test_massive_scenarios.py::test_massive_skills_extraction[Used Flask at my last job-expected3577] PASSED [ 54%]
test_massive_scenarios.py::test_massive_skills_extraction[Flask is my main skill-expected3578] PASSED [ 54%]
test_massive_scenarios.py::test_massive_skills_extraction[Proficient with Flask-expected3579] PASSED [ 54%]
test_massive_scenarios.py::test_massive_skills_extraction[I know Spring-expected3580] PASSED [ 54%]
test_massive_scenarios.py::test_massive_skills_extraction[Expert in Spring-expected3581] PASSED [ 54%]
test_massive_scenarios.py::test_massive_skills_extraction[Used Spring at my last job-expected3582] PASSED [ 54%]
test_massive_scenarios.py::test_massive_skills_extraction[Spring is my main skill-expected3583] PASSED [ 54%]
test_massive_scenarios.py::test_massive_skills_extraction[Proficient with Spring-expected3584] PASSED [ 54%]
test_massive_scenarios.py::test_massive_skills_extraction[I know ASP.NET-expected3585] PASSED [ 54%]
test_massive_scenarios.py::test_massive_skills_extraction[Expert in ASP.NET-expected3586] PASSED [ 54%]
test_massive_scenarios.py::test_massive_skills_extraction[Used ASP.NET at my last job-expected3587] PASSED [ 54%]
test_massive_scenarios.py::test_massive_skills_extraction[ASP.NET is my main skill-expected3588] PASSED [ 54%]
test_massive_scenarios.py::test_massive_skills_extraction[Proficient with ASP.NET-expected3589] PASSED [ 54%]
test_massive_scenarios.py::test_massive_skills_extraction[I know GraphQL-expected3590] PASSED [ 54%]
test_massive_scenarios.py::test_massive_skills_extraction[Expert in GraphQL-expected3591] PASSED [ 54%]
test_massive_scenarios.py::test_massive_skills_extraction[Used GraphQL at my last job-expected3592] PASSED [ 54%]
test_massive_scenarios.py::test_massive_skills_extraction[GraphQL is my main skill-expected3593] PASSED [ 54%]
test_massive_scenarios.py::test_massive_skills_extraction[Proficient with GraphQL-expected3594] PASSED [ 54%]
test_massive_scenarios.py::test_massive_skills_extraction[I know PostgreSQL-expected3595] PASSED [ 54%]
test_massive_scenarios.py::test_massive_skills_extraction[Expert in PostgreSQL-expected3596] PASSED [ 54%]
test_massive_scenarios.py::test_massive_skills_extraction[Used PostgreSQL at my last job-expected3597] PASSED [ 55%]
test_massive_scenarios.py::test_massive_skills_extraction[PostgreSQL is my main skill-expected3598] PASSED [ 55%]
test_massive_scenarios.py::test_massive_skills_extraction[Proficient with PostgreSQL-expected3599] PASSED [ 55%]
test_massive_scenarios.py::test_massive_skills_extraction[I know MongoDB-expected3600] PASSED [ 55%]
test_massive_scenarios.py::test_massive_skills_extraction[Expert in MongoDB-expected3601] PASSED [ 55%]
test_massive_scenarios.py::test_massive_skills_extraction[Used MongoDB at my last job-expected3602] PASSED [ 55%]
test_massive_scenarios.py::test_massive_skills_extraction[MongoDB is my main skill-expected3603] PASSED [ 55%]
test_massive_scenarios.py::test_massive_skills_extraction[Proficient with MongoDB-expected3604] PASSED [ 55%]
test_massive_scenarios.py::test_massive_skills_extraction[I know Redis-expected3605] PASSED [ 55%]
test_massive_scenarios.py::test_massive_skills_extraction[Expert in Redis-expected3606] PASSED [ 55%]
test_massive_scenarios.py::test_massive_skills_extraction[Used Redis at my last job-expected3607] PASSED [ 55%]
test_massive_scenarios.py::test_massive_skills_extraction[Redis is my main skill-expected3608] PASSED [ 55%]
test_massive_scenarios.py::test_massive_skills_extraction[Proficient with Redis-expected3609] PASSED [ 55%]
test_massive_scenarios.py::test_massive_skills_extraction[I know Elasticsearch-expected3610] FAILED [ 55%]
test_massive_scenarios.py::test_massive_skills_extraction[Expert in Elasticsearch-expected3611] FAILED [ 55%]
test_massive_scenarios.py::test_massive_skills_extraction[Used Elasticsearch at my last job-expected3612] FAILED [ 55%]
test_massive_scenarios.py::test_massive_skills_extraction[Elasticsearch is my main skill-expected3613] FAILED [ 55%]
test_massive_scenarios.py::test_massive_skills_extraction[Proficient with Elasticsearch-expected3614] FAILED [ 55%]
test_massive_scenarios.py::test_massive_skills_extraction[I know Cassandra-expected3615] PASSED [ 55%]
test_massive_scenarios.py::test_massive_skills_extraction[Expert in Cassandra-expected3616] PASSED [ 55%]
test_massive_scenarios.py::test_massive_skills_extraction[Used Cassandra at my last job-expected3617] PASSED [ 55%]
test_massive_scenarios.py::test_massive_skills_extraction[Cassandra is my main skill-expected3618] PASSED [ 55%]
test_massive_scenarios.py::test_massive_skills_extraction[Proficient with Cassandra-expected3619] PASSED [ 55%]
test_massive_scenarios.py::test_massive_skills_extraction[I know Docker-expected3620] PASSED [ 55%]
test_massive_scenarios.py::test_massive_skills_extraction[Expert in Docker-expected3621] PASSED [ 55%]
test_massive_scenarios.py::test_massive_skills_extraction[Used Docker at my last job-expected3622] PASSED [ 55%]
test_massive_scenarios.py::test_massive_skills_extraction[Docker is my main skill-expected3623] PASSED [ 55%]
test_massive_scenarios.py::test_massive_skills_extraction[Proficient with Docker-expected3624] PASSED [ 55%]
test_massive_scenarios.py::test_massive_skills_extraction[I know Kubernetes-expected3625] PASSED [ 55%]
test_massive_scenarios.py::test_massive_skills_extraction[Expert in Kubernetes-expected3626] PASSED [ 55%]
test_massive_scenarios.py::test_massive_skills_extraction[Used Kubernetes at my last job-expected3627] PASSED [ 55%]
test_massive_scenarios.py::test_massive_skills_extraction[Kubernetes is my main skill-expected3628] PASSED [ 55%]
test_massive_scenarios.py::test_massive_skills_extraction[Proficient with Kubernetes-expected3629] PASSED [ 55%]
test_massive_scenarios.py::test_massive_skills_extraction[I know AWS-expected3630] PASSED [ 55%]
test_massive_scenarios.py::test_massive_skills_extraction[Expert in AWS-expected3631] PASSED [ 55%]
test_massive_scenarios.py::test_massive_skills_extraction[Used AWS at my last job-expected3632] PASSED [ 55%]
test_massive_scenarios.py::test_massive_skills_extraction[AWS is my main skill-expected3633] PASSED [ 55%]
test_massive_scenarios.py::test_massive_skills_extraction[Proficient with AWS-expected3634] PASSED [ 55%]
test_massive_scenarios.py::test_massive_skills_extraction[I know Azure-expected3635] PASSED [ 55%]
test_massive_scenarios.py::test_massive_skills_extraction[Expert in Azure-expected3636] PASSED [ 55%]
test_massive_scenarios.py::test_massive_skills_extraction[Used Azure at my last job-expected3637] PASSED [ 55%]
test_massive_scenarios.py::test_massive_skills_extraction[Azure is my main skill-expected3638] PASSED [ 55%]
test_massive_scenarios.py::test_massive_skills_extraction[Proficient with Azure-expected3639] PASSED [ 55%]
test_massive_scenarios.py::test_massive_skills_extraction[I know GCP-expected3640] FAILED [ 55%]
test_massive_scenarios.py::test_massive_skills_extraction[Expert in GCP-expected3641] FAILED [ 55%]
test_massive_scenarios.py::test_massive_skills_extraction[Used GCP at my last job-expected3642] FAILED [ 55%]
test_massive_scenarios.py::test_massive_skills_extraction[GCP is my main skill-expected3643] FAILED [ 55%]
test_massive_scenarios.py::test_massive_skills_extraction[Proficient with GCP-expected3644] FAILED [ 55%]
test_massive_scenarios.py::test_massive_skills_extraction[I know Terraform-expected3645] PASSED [ 55%]
test_massive_scenarios.py::test_massive_skills_extraction[Expert in Terraform-expected3646] PASSED [ 55%]
test_massive_scenarios.py::test_massive_skills_extraction[Used Terraform at my last job-expected3647] PASSED [ 55%]
test_massive_scenarios.py::test_massive_skills_extraction[Terraform is my main skill-expected3648] PASSED [ 55%]
test_massive_scenarios.py::test_massive_skills_extraction[Proficient with Terraform-expected3649] PASSED [ 55%]
test_massive_scenarios.py::test_massive_skills_extraction[I know Ansible-expected3650] PASSED [ 55%]
test_massive_scenarios.py::test_massive_skills_extraction[Expert in Ansible-expected3651] PASSED [ 55%]
test_massive_scenarios.py::test_massive_skills_extraction[Used Ansible at my last job-expected3652] PASSED [ 55%]
test_massive_scenarios.py::test_massive_skills_extraction[Ansible is my main skill-expected3653] PASSED [ 55%]
test_massive_scenarios.py::test_massive_skills_extraction[Proficient with Ansible-expected3654] PASSED [ 55%]
test_massive_scenarios.py::test_massive_skills_extraction[I know Jenkins-expected3655] PASSED [ 55%]
test_massive_scenarios.py::test_massive_skills_extraction[Expert in Jenkins-expected3656] PASSED [ 55%]
test_massive_scenarios.py::test_massive_skills_extraction[Used Jenkins at my last job-expected3657] PASSED [ 55%]
test_massive_scenarios.py::test_massive_skills_extraction[Jenkins is my main skill-expected3658] PASSED [ 55%]
test_massive_scenarios.py::test_massive_skills_extraction[Proficient with Jenkins-expected3659] PASSED [ 55%]
test_massive_scenarios.py::test_massive_skills_extraction[I know Git-expected3660] PASSED [ 55%]
test_massive_scenarios.py::test_massive_skills_extraction[Expert in Git-expected3661] PASSED [ 55%]
test_massive_scenarios.py::test_massive_skills_extraction[Used Git at my last job-expected3662] PASSED [ 56%]
test_massive_scenarios.py::test_massive_skills_extraction[Git is my main skill-expected3663] PASSED [ 56%]
test_massive_scenarios.py::test_massive_skills_extraction[Proficient with Git-expected3664] PASSED [ 56%]
test_massive_scenarios.py::test_massive_skills_extraction[I know Machine Learning-expected3665] PASSED [ 56%]
test_massive_scenarios.py::test_massive_skills_extraction[Expert in Machine Learning-expected3666] PASSED [ 56%]
test_massive_scenarios.py::test_massive_skills_extraction[Used Machine Learning at my last job-expected3667] PASSED [ 56%]
test_massive_scenarios.py::test_massive_skills_extraction[Machine Learning is my main skill-expected3668] PASSED [ 56%]
test_massive_scenarios.py::test_massive_skills_extraction[Proficient with Machine Learning-expected3669] PASSED [ 56%]
test_massive_scenarios.py::test_massive_skills_extraction[I know Deep Learning-expected3670] PASSED [ 56%]
test_massive_scenarios.py::test_massive_skills_extraction[Expert in Deep Learning-expected3671] PASSED [ 56%]
test_massive_scenarios.py::test_massive_skills_extraction[Used Deep Learning at my last job-expected3672] PASSED [ 56%]
test_massive_scenarios.py::test_massive_skills_extraction[Deep Learning is my main skill-expected3673] PASSED [ 56%]
test_massive_scenarios.py::test_massive_skills_extraction[Proficient with Deep Learning-expected3674] PASSED [ 56%]
test_massive_scenarios.py::test_massive_skills_extraction[I know TensorFlow-expected3675] PASSED [ 56%]
test_massive_scenarios.py::test_massive_skills_extraction[Expert in TensorFlow-expected3676] PASSED [ 56%]
test_massive_scenarios.py::test_massive_skills_extraction[Used TensorFlow at my last job-expected3677] PASSED [ 56%]
test_massive_scenarios.py::test_massive_skills_extraction[TensorFlow is my main skill-expected3678] PASSED [ 56%]
test_massive_scenarios.py::test_massive_skills_extraction[Proficient with TensorFlow-expected3679] PASSED [ 56%]
test_massive_scenarios.py::test_massive_skills_extraction[I know PyTorch-expected3680] PASSED [ 56%]
test_massive_scenarios.py::test_massive_skills_extraction[Expert in PyTorch-expected3681] PASSED [ 56%]
test_massive_scenarios.py::test_massive_skills_extraction[Used PyTorch at my last job-expected3682] PASSED [ 56%]
test_massive_scenarios.py::test_massive_skills_extraction[PyTorch is my main skill-expected3683] PASSED [ 56%]
test_massive_scenarios.py::test_massive_skills_extraction[Proficient with PyTorch-expected3684] PASSED [ 56%]
test_massive_scenarios.py::test_massive_skills_extraction[I know Pandas-expected3685] PASSED [ 56%]
test_massive_scenarios.py::test_massive_skills_extraction[Expert in Pandas-expected3686] PASSED [ 56%]
test_massive_scenarios.py::test_massive_skills_extraction[Used Pandas at my last job-expected3687] PASSED [ 56%]
test_massive_scenarios.py::test_massive_skills_extraction[Pandas is my main skill-expected3688] PASSED [ 56%]
test_massive_scenarios.py::test_massive_skills_extraction[Proficient with Pandas-expected3689] PASSED [ 56%]
test_massive_scenarios.py::test_massive_skills_extraction[I know NumPy-expected3690] PASSED [ 56%]
test_massive_scenarios.py::test_massive_skills_extraction[Expert in NumPy-expected3691] PASSED [ 56%]
test_massive_scenarios.py::test_massive_skills_extraction[Used NumPy at my last job-expected3692] PASSED [ 56%]
test_massive_scenarios.py::test_massive_skills_extraction[NumPy is my main skill-expected3693] PASSED [ 56%]
test_massive_scenarios.py::test_massive_skills_extraction[Proficient with NumPy-expected3694] PASSED [ 56%]
test_massive_scenarios.py::test_massive_skills_extraction[I know Scikit-Learn-expected3695] FAILED [ 56%]
test_massive_scenarios.py::test_massive_skills_extraction[Expert in Scikit-Learn-expected3696] FAILED [ 56%]
test_massive_scenarios.py::test_massive_skills_extraction[Used Scikit-Learn at my last job-expected3697] FAILED [ 56%]
test_massive_scenarios.py::test_massive_skills_extraction[Scikit-Learn is my main skill-expected3698] FAILED [ 56%]
test_massive_scenarios.py::test_massive_skills_extraction[Proficient with Scikit-Learn-expected3699] FAILED [ 56%]
test_massive_scenarios.py::test_massive_skills_extraction[I know Tableau-expected3700] FAILED [ 56%]
test_massive_scenarios.py::test_massive_skills_extraction[Expert in Tableau-expected3701] FAILED [ 56%]
test_massive_scenarios.py::test_massive_skills_extraction[Used Tableau at my last job-expected3702] FAILED [ 56%]
test_massive_scenarios.py::test_massive_skills_extraction[Tableau is my main skill-expected3703] FAILED [ 56%]
test_massive_scenarios.py::test_massive_skills_extraction[Proficient with Tableau-expected3704] FAILED [ 56%]
test_massive_scenarios.py::test_massive_skills_extraction[I know PowerBI-expected3705] FAILED [ 56%]
test_massive_scenarios.py::test_massive_skills_extraction[Expert in PowerBI-expected3706] FAILED [ 56%]
test_massive_scenarios.py::test_massive_skills_extraction[Used PowerBI at my last job-expected3707] FAILED [ 56%]
test_massive_scenarios.py::test_massive_skills_extraction[PowerBI is my main skill-expected3708] FAILED [ 56%]
test_massive_scenarios.py::test_massive_skills_extraction[Proficient with PowerBI-expected3709] FAILED [ 56%]
test_massive_scenarios.py::test_massive_skills_extraction[I know SQL-expected3710] PASSED [ 56%]
test_massive_scenarios.py::test_massive_skills_extraction[Expert in SQL-expected3711] PASSED [ 56%]
test_massive_scenarios.py::test_massive_skills_extraction[Used SQL at my last job-expected3712] PASSED [ 56%]
test_massive_scenarios.py::test_massive_skills_extraction[SQL is my main skill-expected3713] PASSED [ 56%]
test_massive_scenarios.py::test_massive_skills_extraction[Proficient with SQL-expected3714] PASSED [ 56%]
test_massive_scenarios.py::test_massive_skills_extraction[I know NoSQL-expected3715] FAILED [ 56%]
test_massive_scenarios.py::test_massive_skills_extraction[Expert in NoSQL-expected3716] FAILED [ 56%]
test_massive_scenarios.py::test_massive_skills_extraction[Used NoSQL at my last job-expected3717] FAILED [ 56%]
test_massive_scenarios.py::test_massive_skills_extraction[NoSQL is my main skill-expected3718] FAILED [ 56%]
test_massive_scenarios.py::test_massive_skills_extraction[Proficient with NoSQL-expected3719] FAILED [ 56%]
test_massive_scenarios.py::test_massive_skills_extraction[I know Snowflake-expected3720] FAILED [ 56%]
test_massive_scenarios.py::test_massive_skills_extraction[Expert in Snowflake-expected3721] FAILED [ 56%]
test_massive_scenarios.py::test_massive_skills_extraction[Used Snowflake at my last job-expected3722] FAILED [ 56%]
test_massive_scenarios.py::test_massive_skills_extraction[Snowflake is my main skill-expected3723] FAILED [ 56%]
test_massive_scenarios.py::test_massive_skills_extraction[Proficient with Snowflake-expected3724] FAILED [ 56%]
test_massive_scenarios.py::test_massive_skills_extraction[I know BigQuery-expected3725] FAILED [ 56%]
test_massive_scenarios.py::test_massive_skills_extraction[Expert in BigQuery-expected3726] FAILED [ 56%]
test_massive_scenarios.py::test_massive_skills_extraction[Used BigQuery at my last job-expected3727] FAILED [ 56%]
test_massive_scenarios.py::test_massive_skills_extraction[BigQuery is my main skill-expected3728] FAILED [ 57%]
test_massive_scenarios.py::test_massive_skills_extraction[Proficient with BigQuery-expected3729] FAILED [ 57%]
test_massive_scenarios.py::test_massive_skills_extraction[I know Spark-expected3730] FAILED [ 57%]
test_massive_scenarios.py::test_massive_skills_extraction[Expert in Spark-expected3731] FAILED [ 57%]
test_massive_scenarios.py::test_massive_skills_extraction[Used Spark at my last job-expected3732] FAILED [ 57%]
test_massive_scenarios.py::test_massive_skills_extraction[Spark is my main skill-expected3733] FAILED [ 57%]
test_massive_scenarios.py::test_massive_skills_extraction[Proficient with Spark-expected3734] FAILED [ 57%]
test_massive_scenarios.py::test_massive_skills_extraction[I know Hadoop-expected3735] FAILED [ 57%]
test_massive_scenarios.py::test_massive_skills_extraction[Expert in Hadoop-expected3736] FAILED [ 57%]
test_massive_scenarios.py::test_massive_skills_extraction[Used Hadoop at my last job-expected3737] FAILED [ 57%]
test_massive_scenarios.py::test_massive_skills_extraction[Hadoop is my main skill-expected3738] FAILED [ 57%]
test_massive_scenarios.py::test_massive_skills_extraction[Proficient with Hadoop-expected3739] FAILED [ 57%]
test_massive_scenarios.py::test_massive_skills_extraction[I know Flink-expected3740] FAILED [ 57%]
test_massive_scenarios.py::test_massive_skills_extraction[Expert in Flink-expected3741] FAILED [ 57%]
test_massive_scenarios.py::test_massive_skills_extraction[Used Flink at my last job-expected3742] FAILED [ 57%]
test_massive_scenarios.py::test_massive_skills_extraction[Flink is my main skill-expected3743] FAILED [ 57%]
test_massive_scenarios.py::test_massive_skills_extraction[Proficient with Flink-expected3744] FAILED [ 57%]
test_massive_scenarios.py::test_massive_skills_extraction[I know Kafka-expected3745] FAILED [ 57%]
test_massive_scenarios.py::test_massive_skills_extraction[Expert in Kafka-expected3746] FAILED [ 57%]
test_massive_scenarios.py::test_massive_skills_extraction[Used Kafka at my last job-expected3747] FAILED [ 57%]
test_massive_scenarios.py::test_massive_skills_extraction[Kafka is my main skill-expected3748] FAILED [ 57%]
test_massive_scenarios.py::test_massive_skills_extraction[Proficient with Kafka-expected3749] FAILED [ 57%]
test_massive_scenarios.py::test_massive_experience_extraction[Software Engineer at Google-expected_subsets0] FAILED [ 57%]
test_massive_scenarios.py::test_massive_experience_extraction[Senior Developer at Google-expected_subsets1] FAILED [ 57%]
test_massive_scenarios.py::test_massive_experience_extraction[Data Scientist at Google-expected_subsets2] FAILED [ 57%]
test_massive_scenarios.py::test_massive_experience_extraction[DevOps Engineer at Google-expected_subsets3] FAILED [ 57%]
test_massive_scenarios.py::test_massive_experience_extraction[Frontend Developer at Google-expected_subsets4] FAILED [ 57%]
test_massive_scenarios.py::test_massive_experience_extraction[Backend Developer at Google-expected_subsets5] FAILED [ 57%]
test_massive_scenarios.py::test_massive_experience_extraction[Software Engineer at Microsoft-expected_subsets6] FAILED [ 57%]
test_massive_scenarios.py::test_massive_experience_extraction[Senior Developer at Microsoft-expected_subsets7] FAILED [ 57%]
test_massive_scenarios.py::test_massive_experience_extraction[Data Scientist at Microsoft-expected_subsets8] FAILED [ 57%]
test_massive_scenarios.py::test_massive_experience_extraction[DevOps Engineer at Microsoft-expected_subsets9] FAILED [ 57%]
test_massive_scenarios.py::test_massive_experience_extraction[Frontend Developer at Microsoft-expected_subsets10] FAILED [ 57%]
test_massive_scenarios.py::test_massive_experience_extraction[Backend Developer at Microsoft-expected_subsets11] FAILED [ 57%]
test_massive_scenarios.py::test_massive_experience_extraction[Software Engineer at Amazon-expected_subsets12] FAILED [ 57%]
test_massive_scenarios.py::test_massive_experience_extraction[Senior Developer at Amazon-expected_subsets13] FAILED [ 57%]
test_massive_scenarios.py::test_massive_experience_extraction[Data Scientist at Amazon-expected_subsets14] FAILED [ 57%]
test_massive_scenarios.py::test_massive_experience_extraction[DevOps Engineer at Amazon-expected_subsets15] FAILED [ 57%]
test_massive_scenarios.py::test_massive_experience_extraction[Frontend Developer at Amazon-expected_subsets16] FAILED [ 57%]
test_massive_scenarios.py::test_massive_experience_extraction[Backend Developer at Amazon-expected_subsets17] FAILED [ 57%]
test_massive_scenarios.py::test_massive_experience_extraction[Software Engineer at Meta-expected_subsets18] FAILED [ 57%]
test_massive_scenarios.py::test_massive_experience_extraction[Senior Developer at Meta-expected_subsets19] FAILED [ 57%]
test_massive_scenarios.py::test_massive_experience_extraction[Data Scientist at Meta-expected_subsets20] FAILED [ 57%]
test_massive_scenarios.py::test_massive_experience_extraction[DevOps Engineer at Meta-expected_subsets21] FAILED [ 57%]
test_massive_scenarios.py::test_massive_experience_extraction[Frontend Developer at Meta-expected_subsets22] FAILED [ 57%]
test_massive_scenarios.py::test_massive_experience_extraction[Backend Developer at Meta-expected_subsets23] FAILED [ 57%]
test_massive_scenarios.py::test_massive_experience_extraction[Software Engineer at Apple-expected_subsets24] FAILED [ 57%]
test_massive_scenarios.py::test_massive_experience_extraction[Senior Developer at Apple-expected_subsets25] FAILED [ 57%]
test_massive_scenarios.py::test_massive_experience_extraction[Data Scientist at Apple-expected_subsets26] FAILED [ 57%]
test_massive_scenarios.py::test_massive_experience_extraction[DevOps Engineer at Apple-expected_subsets27] FAILED [ 57%]
test_massive_scenarios.py::test_massive_experience_extraction[Frontend Developer at Apple-expected_subsets28] FAILED [ 57%]
test_massive_scenarios.py::test_massive_experience_extraction[Backend Developer at Apple-expected_subsets29] FAILED [ 57%]
test_massive_scenarios.py::test_massive_experience_extraction[Software Engineer at Netflix-expected_subsets30] FAILED [ 57%]
test_massive_scenarios.py::test_massive_experience_extraction[Senior Developer at Netflix-expected_subsets31] FAILED [ 57%]
test_massive_scenarios.py::test_massive_experience_extraction[Data Scientist at Netflix-expected_subsets32] FAILED [ 57%]
test_massive_scenarios.py::test_massive_experience_extraction[DevOps Engineer at Netflix-expected_subsets33] FAILED [ 57%]
test_massive_scenarios.py::test_massive_experience_extraction[Frontend Developer at Netflix-expected_subsets34] FAILED [ 57%]
test_massive_scenarios.py::test_massive_experience_extraction[Backend Developer at Netflix-expected_subsets35] FAILED [ 57%]
test_massive_scenarios.py::test_massive_experience_extraction[Software Engineer at Uber-expected_subsets36] FAILED [ 57%]
test_massive_scenarios.py::test_massive_experience_extraction[Senior Developer at Uber-expected_subsets37] FAILED [ 57%]
test_massive_scenarios.py::test_massive_experience_extraction[Data Scientist at Uber-expected_subsets38] FAILED [ 57%]
test_massive_scenarios.py::test_massive_experience_extraction[DevOps Engineer at Uber-expected_subsets39] FAILED [ 57%]
test_massive_scenarios.py::test_massive_experience_extraction[Frontend Developer at Uber-expected_subsets40] FAILED [ 57%]
test_massive_scenarios.py::test_massive_experience_extraction[Backend Developer at Uber-expected_subsets41] FAILED [ 57%]
test_massive_scenarios.py::test_massive_experience_extraction[Software Engineer at Lyft-expected_subsets42] FAILED [ 57%]
test_massive_scenarios.py::test_massive_experience_extraction[Senior Developer at Lyft-expected_subsets43] FAILED [ 58%]
test_massive_scenarios.py::test_massive_experience_extraction[Data Scientist at Lyft-expected_subsets44] FAILED [ 58%]
test_massive_scenarios.py::test_massive_experience_extraction[DevOps Engineer at Lyft-expected_subsets45] FAILED [ 58%]
test_massive_scenarios.py::test_massive_experience_extraction[Frontend Developer at Lyft-expected_subsets46] FAILED [ 58%]
test_massive_scenarios.py::test_massive_experience_extraction[Backend Developer at Lyft-expected_subsets47] FAILED [ 58%]
test_massive_scenarios.py::test_massive_experience_extraction[Software Engineer at Airbnb-expected_subsets48] FAILED [ 58%]
test_massive_scenarios.py::test_massive_experience_extraction[Senior Developer at Airbnb-expected_subsets49] FAILED [ 58%]
test_massive_scenarios.py::test_massive_experience_extraction[Data Scientist at Airbnb-expected_subsets50] FAILED [ 58%]
test_massive_scenarios.py::test_massive_experience_extraction[DevOps Engineer at Airbnb-expected_subsets51] FAILED [ 58%]
test_massive_scenarios.py::test_massive_experience_extraction[Frontend Developer at Airbnb-expected_subsets52] FAILED [ 58%]
test_massive_scenarios.py::test_massive_experience_extraction[Backend Developer at Airbnb-expected_subsets53] FAILED [ 58%]
test_massive_scenarios.py::test_massive_experience_extraction[Software Engineer at Slack-expected_subsets54] FAILED [ 58%]
test_massive_scenarios.py::test_massive_experience_extraction[Senior Developer at Slack-expected_subsets55] FAILED [ 58%]
test_massive_scenarios.py::test_massive_experience_extraction[Data Scientist at Slack-expected_subsets56] FAILED [ 58%]
test_massive_scenarios.py::test_massive_experience_extraction[DevOps Engineer at Slack-expected_subsets57] FAILED [ 58%]
test_massive_scenarios.py::test_massive_experience_extraction[Frontend Developer at Slack-expected_subsets58] FAILED [ 58%]
test_massive_scenarios.py::test_massive_experience_extraction[Backend Developer at Slack-expected_subsets59] FAILED [ 58%]
test_massive_scenarios.py::test_massive_experience_extraction[Software Engineer at Google-expected_subsets60] FAILED [ 58%]
test_massive_scenarios.py::test_massive_experience_extraction[Senior Developer at Google-expected_subsets61] FAILED [ 58%]
test_massive_scenarios.py::test_massive_experience_extraction[Data Scientist at Google-expected_subsets62] FAILED [ 58%]
test_massive_scenarios.py::test_massive_experience_extraction[DevOps Engineer at Google-expected_subsets63] FAILED [ 58%]
test_massive_scenarios.py::test_massive_experience_extraction[Frontend Developer at Google-expected_subsets64] FAILED [ 58%]
test_massive_scenarios.py::test_massive_experience_extraction[Backend Developer at Google-expected_subsets65] FAILED [ 58%]
test_massive_scenarios.py::test_massive_experience_extraction[Software Engineer at Microsoft-expected_subsets66] FAILED [ 58%]
test_massive_scenarios.py::test_massive_experience_extraction[Senior Developer at Microsoft-expected_subsets67] FAILED [ 58%]
test_massive_scenarios.py::test_massive_experience_extraction[Data Scientist at Microsoft-expected_subsets68] FAILED [ 58%]
test_massive_scenarios.py::test_massive_experience_extraction[DevOps Engineer at Microsoft-expected_subsets69] FAILED [ 58%]
test_massive_scenarios.py::test_massive_experience_extraction[Frontend Developer at Microsoft-expected_subsets70] FAILED [ 58%]
test_massive_scenarios.py::test_massive_experience_extraction[Backend Developer at Microsoft-expected_subsets71] FAILED [ 58%]
test_massive_scenarios.py::test_massive_experience_extraction[Software Engineer at Amazon-expected_subsets72] FAILED [ 58%]
test_massive_scenarios.py::test_massive_experience_extraction[Senior Developer at Amazon-expected_subsets73] FAILED [ 58%]
test_massive_scenarios.py::test_massive_experience_extraction[Data Scientist at Amazon-expected_subsets74] FAILED [ 58%]
test_massive_scenarios.py::test_massive_experience_extraction[DevOps Engineer at Amazon-expected_subsets75] FAILED [ 58%]
test_massive_scenarios.py::test_massive_experience_extraction[Frontend Developer at Amazon-expected_subsets76] FAILED [ 58%]
test_massive_scenarios.py::test_massive_experience_extraction[Backend Developer at Amazon-expected_subsets77] FAILED [ 58%]
test_massive_scenarios.py::test_massive_experience_extraction[Software Engineer at Meta-expected_subsets78] FAILED [ 58%]
test_massive_scenarios.py::test_massive_experience_extraction[Senior Developer at Meta-expected_subsets79] FAILED [ 58%]
test_massive_scenarios.py::test_massive_experience_extraction[Data Scientist at Meta-expected_subsets80] FAILED [ 58%]
test_massive_scenarios.py::test_massive_experience_extraction[DevOps Engineer at Meta-expected_subsets81] FAILED [ 58%]
test_massive_scenarios.py::test_massive_experience_extraction[Frontend Developer at Meta-expected_subsets82] FAILED [ 58%]
test_massive_scenarios.py::test_massive_experience_extraction[Backend Developer at Meta-expected_subsets83] FAILED [ 58%]
test_massive_scenarios.py::test_massive_experience_extraction[Software Engineer at Apple-expected_subsets84] FAILED [ 58%]
test_massive_scenarios.py::test_massive_experience_extraction[Senior Developer at Apple-expected_subsets85] FAILED [ 58%]
test_massive_scenarios.py::test_massive_experience_extraction[Data Scientist at Apple-expected_subsets86] FAILED [ 58%]
test_massive_scenarios.py::test_massive_experience_extraction[DevOps Engineer at Apple-expected_subsets87] FAILED [ 58%]
test_massive_scenarios.py::test_massive_experience_extraction[Frontend Developer at Apple-expected_subsets88] FAILED [ 58%]
test_massive_scenarios.py::test_massive_experience_extraction[Backend Developer at Apple-expected_subsets89] FAILED [ 58%]
test_massive_scenarios.py::test_massive_experience_extraction[Software Engineer at Netflix-expected_subsets90] FAILED [ 58%]
test_massive_scenarios.py::test_massive_experience_extraction[Senior Developer at Netflix-expected_subsets91] FAILED [ 58%]
test_massive_scenarios.py::test_massive_experience_extraction[Data Scientist at Netflix-expected_subsets92] FAILED [ 58%]
test_massive_scenarios.py::test_massive_experience_extraction[DevOps Engineer at Netflix-expected_subsets93] FAILED [ 58%]
test_massive_scenarios.py::test_massive_experience_extraction[Frontend Developer at Netflix-expected_subsets94] FAILED [ 58%]
test_massive_scenarios.py::test_massive_experience_extraction[Backend Developer at Netflix-expected_subsets95] FAILED [ 58%]
test_massive_scenarios.py::test_massive_experience_extraction[Software Engineer at Uber-expected_subsets96] FAILED [ 58%]
test_massive_scenarios.py::test_massive_experience_extraction[Senior Developer at Uber-expected_subsets97] FAILED [ 58%]
test_massive_scenarios.py::test_massive_experience_extraction[Data Scientist at Uber-expected_subsets98] FAILED [ 58%]
test_massive_scenarios.py::test_massive_experience_extraction[DevOps Engineer at Uber-expected_subsets99] FAILED [ 58%]
test_massive_scenarios.py::test_massive_experience_extraction[Frontend Developer at Uber-expected_subsets100] FAILED [ 58%]
test_massive_scenarios.py::test_massive_experience_extraction[Backend Developer at Uber-expected_subsets101] FAILED [ 58%]
test_massive_scenarios.py::test_massive_experience_extraction[Software Engineer at Lyft-expected_subsets102] FAILED [ 58%]
test_massive_scenarios.py::test_massive_experience_extraction[Senior Developer at Lyft-expected_subsets103] FAILED [ 58%]
test_massive_scenarios.py::test_massive_experience_extraction[Data Scientist at Lyft-expected_subsets104] FAILED [ 58%]
test_massive_scenarios.py::test_massive_experience_extraction[DevOps Engineer at Lyft-expected_subsets105] FAILED [ 58%]
test_massive_scenarios.py::test_massive_experience_extraction[Frontend Developer at Lyft-expected_subsets106] FAILED [ 58%]
test_massive_scenarios.py::test_massive_experience_extraction[Backend Developer at Lyft-expected_subsets107] FAILED [ 58%]
test_massive_scenarios.py::test_massive_experience_extraction[Software Engineer at Airbnb-expected_subsets108] FAILED [ 58%]
test_massive_scenarios.py::test_massive_experience_extraction[Senior Developer at Airbnb-expected_subsets109] FAILED [ 59%]
test_massive_scenarios.py::test_massive_experience_extraction[Data Scientist at Airbnb-expected_subsets110] FAILED [ 59%]
test_massive_scenarios.py::test_massive_experience_extraction[DevOps Engineer at Airbnb-expected_subsets111] FAILED [ 59%]
test_massive_scenarios.py::test_massive_experience_extraction[Frontend Developer at Airbnb-expected_subsets112] FAILED [ 59%]
test_massive_scenarios.py::test_massive_experience_extraction[Backend Developer at Airbnb-expected_subsets113] FAILED [ 59%]
test_massive_scenarios.py::test_massive_experience_extraction[Software Engineer at Slack-expected_subsets114] FAILED [ 59%]
test_massive_scenarios.py::test_massive_experience_extraction[Senior Developer at Slack-expected_subsets115] FAILED [ 59%]
test_massive_scenarios.py::test_massive_experience_extraction[Data Scientist at Slack-expected_subsets116] FAILED [ 59%]
test_massive_scenarios.py::test_massive_experience_extraction[DevOps Engineer at Slack-expected_subsets117] FAILED [ 59%]
test_massive_scenarios.py::test_massive_experience_extraction[Frontend Developer at Slack-expected_subsets118] FAILED [ 59%]
test_massive_scenarios.py::test_massive_experience_extraction[Backend Developer at Slack-expected_subsets119] FAILED [ 59%]
test_massive_scenarios.py::test_massive_experience_extraction[Software Engineer at Google-expected_subsets120] FAILED [ 59%]
test_massive_scenarios.py::test_massive_experience_extraction[Senior Developer at Google-expected_subsets121] FAILED [ 59%]
test_massive_scenarios.py::test_massive_experience_extraction[Data Scientist at Google-expected_subsets122] FAILED [ 59%]
test_massive_scenarios.py::test_massive_experience_extraction[DevOps Engineer at Google-expected_subsets123] FAILED [ 59%]
test_massive_scenarios.py::test_massive_experience_extraction[Frontend Developer at Google-expected_subsets124] FAILED [ 59%]
test_massive_scenarios.py::test_massive_experience_extraction[Backend Developer at Google-expected_subsets125] FAILED [ 59%]
test_massive_scenarios.py::test_massive_experience_extraction[Software Engineer at Microsoft-expected_subsets126] FAILED [ 59%]
test_massive_scenarios.py::test_massive_experience_extraction[Senior Developer at Microsoft-expected_subsets127] FAILED [ 59%]
test_massive_scenarios.py::test_massive_experience_extraction[Data Scientist at Microsoft-expected_subsets128] FAILED [ 59%]
test_massive_scenarios.py::test_massive_experience_extraction[DevOps Engineer at Microsoft-expected_subsets129] FAILED [ 59%]
test_massive_scenarios.py::test_massive_experience_extraction[Frontend Developer at Microsoft-expected_subsets130] FAILED [ 59%]
test_massive_scenarios.py::test_massive_experience_extraction[Backend Developer at Microsoft-expected_subsets131] FAILED [ 59%]
test_massive_scenarios.py::test_massive_experience_extraction[Software Engineer at Amazon-expected_subsets132] FAILED [ 59%]
test_massive_scenarios.py::test_massive_experience_extraction[Senior Developer at Amazon-expected_subsets133] FAILED [ 59%]
test_massive_scenarios.py::test_massive_experience_extraction[Data Scientist at Amazon-expected_subsets134] FAILED [ 59%]
test_massive_scenarios.py::test_massive_experience_extraction[DevOps Engineer at Amazon-expected_subsets135] FAILED [ 59%]
test_massive_scenarios.py::test_massive_experience_extraction[Frontend Developer at Amazon-expected_subsets136] FAILED [ 59%]
test_massive_scenarios.py::test_massive_experience_extraction[Backend Developer at Amazon-expected_subsets137] FAILED [ 59%]
test_massive_scenarios.py::test_massive_experience_extraction[Software Engineer at Meta-expected_subsets138] FAILED [ 59%]
test_massive_scenarios.py::test_massive_experience_extraction[Senior Developer at Meta-expected_subsets139] FAILED [ 59%]
test_massive_scenarios.py::test_massive_experience_extraction[Data Scientist at Meta-expected_subsets140] FAILED [ 59%]
test_massive_scenarios.py::test_massive_experience_extraction[DevOps Engineer at Meta-expected_subsets141] FAILED [ 59%]
test_massive_scenarios.py::test_massive_experience_extraction[Frontend Developer at Meta-expected_subsets142] FAILED [ 59%]
test_massive_scenarios.py::test_massive_experience_extraction[Backend Developer at Meta-expected_subsets143] FAILED [ 59%]
test_massive_scenarios.py::test_massive_experience_extraction[Software Engineer at Apple-expected_subsets144] FAILED [ 59%]
test_massive_scenarios.py::test_massive_experience_extraction[Senior Developer at Apple-expected_subsets145] FAILED [ 59%]
test_massive_scenarios.py::test_massive_experience_extraction[Data Scientist at Apple-expected_subsets146] FAILED [ 59%]
test_massive_scenarios.py::test_massive_experience_extraction[DevOps Engineer at Apple-expected_subsets147] FAILED [ 59%]
test_massive_scenarios.py::test_massive_experience_extraction[Frontend Developer at Apple-expected_subsets148] FAILED [ 59%]
test_massive_scenarios.py::test_massive_experience_extraction[Backend Developer at Apple-expected_subsets149] FAILED [ 59%]
test_massive_scenarios.py::test_massive_experience_extraction[Software Engineer at Netflix-expected_subsets150] FAILED [ 59%]
test_massive_scenarios.py::test_massive_experience_extraction[Senior Developer at Netflix-expected_subsets151] FAILED [ 59%]
test_massive_scenarios.py::test_massive_experience_extraction[Data Scientist at Netflix-expected_subsets152] FAILED [ 59%]
test_massive_scenarios.py::test_massive_experience_extraction[DevOps Engineer at Netflix-expected_subsets153] FAILED [ 59%]
test_massive_scenarios.py::test_massive_experience_extraction[Frontend Developer at Netflix-expected_subsets154] FAILED [ 59%]
test_massive_scenarios.py::test_massive_experience_extraction[Backend Developer at Netflix-expected_subsets155] FAILED [ 59%]
test_massive_scenarios.py::test_massive_experience_extraction[Software Engineer at Uber-expected_subsets156] FAILED [ 59%]
test_massive_scenarios.py::test_massive_experience_extraction[Senior Developer at Uber-expected_subsets157] FAILED [ 59%]
test_massive_scenarios.py::test_massive_experience_extraction[Data Scientist at Uber-expected_subsets158] FAILED [ 59%]
test_massive_scenarios.py::test_massive_experience_extraction[DevOps Engineer at Uber-expected_subsets159] FAILED [ 59%]
test_massive_scenarios.py::test_massive_experience_extraction[Frontend Developer at Uber-expected_subsets160] FAILED [ 59%]
test_massive_scenarios.py::test_massive_experience_extraction[Backend Developer at Uber-expected_subsets161] FAILED [ 59%]
test_massive_scenarios.py::test_massive_experience_extraction[Software Engineer at Lyft-expected_subsets162] FAILED [ 59%]
test_massive_scenarios.py::test_massive_experience_extraction[Senior Developer at Lyft-expected_subsets163] FAILED [ 59%]
test_massive_scenarios.py::test_massive_experience_extraction[Data Scientist at Lyft-expected_subsets164] FAILED [ 59%]
test_massive_scenarios.py::test_massive_experience_extraction[DevOps Engineer at Lyft-expected_subsets165] FAILED [ 59%]
test_massive_scenarios.py::test_massive_experience_extraction[Frontend Developer at Lyft-expected_subsets166] FAILED [ 59%]
test_massive_scenarios.py::test_massive_experience_extraction[Backend Developer at Lyft-expected_subsets167] FAILED [ 59%]
test_massive_scenarios.py::test_massive_experience_extraction[Software Engineer at Airbnb-expected_subsets168] FAILED [ 59%]
test_massive_scenarios.py::test_massive_experience_extraction[Senior Developer at Airbnb-expected_subsets169] FAILED [ 59%]
test_massive_scenarios.py::test_massive_experience_extraction[Data Scientist at Airbnb-expected_subsets170] FAILED [ 59%]
test_massive_scenarios.py::test_massive_experience_extraction[DevOps Engineer at Airbnb-expected_subsets171] FAILED [ 59%]
test_massive_scenarios.py::test_massive_experience_extraction[Frontend Developer at Airbnb-expected_subsets172] FAILED [ 59%]
test_massive_scenarios.py::test_massive_experience_extraction[Backend Developer at Airbnb-expected_subsets173] FAILED [ 59%]
test_massive_scenarios.py::test_massive_experience_extraction[Software Engineer at Slack-expected_subsets174] FAILED [ 60%]
test_massive_scenarios.py::test_massive_experience_extraction[Senior Developer at Slack-expected_subsets175] FAILED [ 60%]
test_massive_scenarios.py::test_massive_experience_extraction[Data Scientist at Slack-expected_subsets176] FAILED [ 60%]
test_massive_scenarios.py::test_massive_experience_extraction[DevOps Engineer at Slack-expected_subsets177] FAILED [ 60%]
test_massive_scenarios.py::test_massive_experience_extraction[Frontend Developer at Slack-expected_subsets178] FAILED [ 60%]
test_massive_scenarios.py::test_massive_experience_extraction[Backend Developer at Slack-expected_subsets179] FAILED [ 60%]
test_massive_scenarios.py::test_massive_admin_login[admin-admin123-True0] PASSED [ 60%]
test_massive_scenarios.py::test_massive_admin_login[admin-wrongpass-False0] PASSED [ 60%]
test_massive_scenarios.py::test_massive_admin_login[wronguser-admin123-False0] PASSED [ 60%]
test_massive_scenarios.py::test_massive_admin_login[--False0] PASSED     [ 60%]
test_massive_scenarios.py::test_massive_admin_login[admin--False0] PASSED [ 60%]
test_massive_scenarios.py::test_massive_admin_login[admin-admin123-True1] PASSED [ 60%]
test_massive_scenarios.py::test_massive_admin_login[admin-wrongpass-False1] PASSED [ 60%]
test_massive_scenarios.py::test_massive_admin_login[wronguser-admin123-False1] PASSED [ 60%]
test_massive_scenarios.py::test_massive_admin_login[--False1] PASSED     [ 60%]
test_massive_scenarios.py::test_massive_admin_login[admin--False1] PASSED [ 60%]
test_massive_scenarios.py::test_massive_admin_login[admin-admin123-True2] PASSED [ 60%]
test_massive_scenarios.py::test_massive_admin_login[admin-wrongpass-False2] PASSED [ 60%]
test_massive_scenarios.py::test_massive_admin_login[wronguser-admin123-False2] PASSED [ 60%]
test_massive_scenarios.py::test_massive_admin_login[--False2] PASSED     [ 60%]
test_massive_scenarios.py::test_massive_admin_login[admin--False2] PASSED [ 60%]
test_massive_scenarios.py::test_massive_admin_login[admin-admin123-True3] PASSED [ 60%]
test_massive_scenarios.py::test_massive_admin_login[admin-wrongpass-False3] PASSED [ 60%]
test_massive_scenarios.py::test_massive_admin_login[wronguser-admin123-False3] PASSED [ 60%]
test_massive_scenarios.py::test_massive_admin_login[--False3] PASSED     [ 60%]
test_massive_scenarios.py::test_massive_admin_login[admin--False3] PASSED [ 60%]
test_massive_scenarios.py::test_massive_admin_login[admin-admin123-True4] PASSED [ 60%]
test_massive_scenarios.py::test_massive_admin_login[admin-wrongpass-False4] PASSED [ 60%]
test_massive_scenarios.py::test_massive_admin_login[wronguser-admin123-False4] PASSED [ 60%]
test_massive_scenarios.py::test_massive_admin_login[--False4] PASSED     [ 60%]
test_massive_scenarios.py::test_massive_admin_login[admin--False4] PASSED [ 60%]
test_massive_scenarios.py::test_massive_admin_login[admin-admin123-True5] PASSED [ 60%]
test_massive_scenarios.py::test_massive_admin_login[admin-wrongpass-False5] PASSED [ 60%]
test_massive_scenarios.py::test_massive_admin_login[wronguser-admin123-False5] PASSED [ 60%]
test_massive_scenarios.py::test_massive_admin_login[--False5] PASSED     [ 60%]
test_massive_scenarios.py::test_massive_admin_login[admin--False5] PASSED [ 60%]
test_massive_scenarios.py::test_massive_admin_login[admin-admin123-True6] PASSED [ 60%]
test_massive_scenarios.py::test_massive_admin_login[admin-wrongpass-False6] PASSED [ 60%]
test_massive_scenarios.py::test_massive_admin_login[wronguser-admin123-False6] PASSED [ 60%]
test_massive_scenarios.py::test_massive_admin_login[--False6] PASSED     [ 60%]
test_massive_scenarios.py::test_massive_admin_login[admin--False6] PASSED [ 60%]
test_massive_scenarios.py::test_massive_admin_login[admin-admin123-True7] PASSED [ 60%]
test_massive_scenarios.py::test_massive_admin_login[admin-wrongpass-False7] PASSED [ 60%]
test_massive_scenarios.py::test_massive_admin_login[wronguser-admin123-False7] PASSED [ 60%]
test_massive_scenarios.py::test_massive_admin_login[--False7] PASSED     [ 60%]
test_massive_scenarios.py::test_massive_admin_login[admin--False7] PASSED [ 60%]
test_massive_scenarios.py::test_massive_admin_login[admin-admin123-True8] PASSED [ 60%]
test_massive_scenarios.py::test_massive_admin_login[admin-wrongpass-False8] PASSED [ 60%]
test_massive_scenarios.py::test_massive_admin_login[wronguser-admin123-False8] PASSED [ 60%]
test_massive_scenarios.py::test_massive_admin_login[--False8] PASSED     [ 60%]
test_massive_scenarios.py::test_massive_admin_login[admin--False8] PASSED [ 60%]
test_massive_scenarios.py::test_massive_admin_login[admin-admin123-True9] PASSED [ 60%]
test_massive_scenarios.py::test_massive_admin_login[admin-wrongpass-False9] PASSED [ 60%]
test_massive_scenarios.py::test_massive_admin_login[wronguser-admin123-False9] PASSED [ 60%]
test_massive_scenarios.py::test_massive_admin_login[--False9] PASSED     [ 60%]
test_massive_scenarios.py::test_massive_admin_login[admin--False9] PASSED [ 60%]
test_massive_scenarios.py::test_massive_admin_login[admin-admin123-True10] PASSED [ 60%]
test_massive_scenarios.py::test_massive_admin_login[admin-wrongpass-False10] PASSED [ 60%]
test_massive_scenarios.py::test_massive_admin_login[wronguser-admin123-False10] PASSED [ 60%]
test_massive_scenarios.py::test_massive_admin_login[--False10] PASSED    [ 60%]
test_massive_scenarios.py::test_massive_admin_login[admin--False10] PASSED [ 60%]
test_massive_scenarios.py::test_massive_admin_login[admin-admin123-True11] PASSED [ 60%]
test_massive_scenarios.py::test_massive_admin_login[admin-wrongpass-False11] PASSED [ 60%]
test_massive_scenarios.py::test_massive_admin_login[wronguser-admin123-False11] PASSED [ 60%]
test_massive_scenarios.py::test_massive_admin_login[--False11] PASSED    [ 60%]
test_massive_scenarios.py::test_massive_admin_login[admin--False11] PASSED [ 60%]
test_massive_scenarios.py::test_massive_admin_login[admin-admin123-True12] PASSED [ 61%]
test_massive_scenarios.py::test_massive_admin_login[admin-wrongpass-False12] PASSED [ 61%]
test_massive_scenarios.py::test_massive_admin_login[wronguser-admin123-False12] PASSED [ 61%]
test_massive_scenarios.py::test_massive_admin_login[--False12] PASSED    [ 61%]
test_massive_scenarios.py::test_massive_admin_login[admin--False12] PASSED [ 61%]
test_massive_scenarios.py::test_massive_admin_login[admin-admin123-True13] PASSED [ 61%]
test_massive_scenarios.py::test_massive_admin_login[admin-wrongpass-False13] PASSED [ 61%]
test_massive_scenarios.py::test_massive_admin_login[wronguser-admin123-False13] PASSED [ 61%]
test_massive_scenarios.py::test_massive_admin_login[--False13] PASSED    [ 61%]
test_massive_scenarios.py::test_massive_admin_login[admin--False13] PASSED [ 61%]
test_massive_scenarios.py::test_massive_admin_login[admin-admin123-True14] PASSED [ 61%]
test_massive_scenarios.py::test_massive_admin_login[admin-wrongpass-False14] PASSED [ 61%]
test_massive_scenarios.py::test_massive_admin_login[wronguser-admin123-False14] PASSED [ 61%]
test_massive_scenarios.py::test_massive_admin_login[--False14] PASSED    [ 61%]
test_massive_scenarios.py::test_massive_admin_login[admin--False14] PASSED [ 61%]
test_massive_scenarios.py::test_massive_admin_login[admin-admin123-True15] PASSED [ 61%]
test_massive_scenarios.py::test_massive_admin_login[admin-wrongpass-False15] PASSED [ 61%]
test_massive_scenarios.py::test_massive_admin_login[wronguser-admin123-False15] PASSED [ 61%]
test_massive_scenarios.py::test_massive_admin_login[--False15] PASSED    [ 61%]
test_massive_scenarios.py::test_massive_admin_login[admin--False15] PASSED [ 61%]
test_massive_scenarios.py::test_massive_admin_login[admin-admin123-True16] PASSED [ 61%]
test_massive_scenarios.py::test_massive_admin_login[admin-wrongpass-False16] PASSED [ 61%]
test_massive_scenarios.py::test_massive_admin_login[wronguser-admin123-False16] PASSED [ 61%]
test_massive_scenarios.py::test_massive_admin_login[--False16] PASSED    [ 61%]
test_massive_scenarios.py::test_massive_admin_login[admin--False16] PASSED [ 61%]
test_massive_scenarios.py::test_massive_admin_login[admin-admin123-True17] PASSED [ 61%]
test_massive_scenarios.py::test_massive_admin_login[admin-wrongpass-False17] PASSED [ 61%]
test_massive_scenarios.py::test_massive_admin_login[wronguser-admin123-False17] PASSED [ 61%]
test_massive_scenarios.py::test_massive_admin_login[--False17] PASSED    [ 61%]
test_massive_scenarios.py::test_massive_admin_login[admin--False17] PASSED [ 61%]
test_massive_scenarios.py::test_massive_admin_login[admin-admin123-True18] PASSED [ 61%]
test_massive_scenarios.py::test_massive_admin_login[admin-wrongpass-False18] PASSED [ 61%]
test_massive_scenarios.py::test_massive_admin_login[wronguser-admin123-False18] PASSED [ 61%]
test_massive_scenarios.py::test_massive_admin_login[--False18] PASSED    [ 61%]
test_massive_scenarios.py::test_massive_admin_login[admin--False18] PASSED [ 61%]
test_massive_scenarios.py::test_massive_admin_login[admin-admin123-True19] PASSED [ 61%]
test_massive_scenarios.py::test_massive_admin_login[admin-wrongpass-False19] PASSED [ 61%]
test_massive_scenarios.py::test_massive_admin_login[wronguser-admin123-False19] PASSED [ 61%]
test_massive_scenarios.py::test_massive_admin_login[--False19] PASSED    [ 61%]
test_massive_scenarios.py::test_massive_admin_login[admin--False19] PASSED [ 61%]
test_massive_scenarios.py::test_massive_admin_login[admin-admin123-True20] PASSED [ 61%]
test_massive_scenarios.py::test_massive_admin_login[admin-wrongpass-False20] PASSED [ 61%]
test_massive_scenarios.py::test_massive_admin_login[wronguser-admin123-False20] PASSED [ 61%]
test_massive_scenarios.py::test_massive_admin_login[--False20] PASSED    [ 61%]
test_massive_scenarios.py::test_massive_admin_login[admin--False20] PASSED [ 61%]
test_massive_scenarios.py::test_massive_admin_login[admin-admin123-True21] PASSED [ 61%]
test_massive_scenarios.py::test_massive_admin_login[admin-wrongpass-False21] PASSED [ 61%]
test_massive_scenarios.py::test_massive_admin_login[wronguser-admin123-False21] PASSED [ 61%]
test_massive_scenarios.py::test_massive_admin_login[--False21] PASSED    [ 61%]
test_massive_scenarios.py::test_massive_admin_login[admin--False21] PASSED [ 61%]
test_massive_scenarios.py::test_massive_admin_login[admin-admin123-True22] PASSED [ 61%]
test_massive_scenarios.py::test_massive_admin_login[admin-wrongpass-False22] PASSED [ 61%]
test_massive_scenarios.py::test_massive_admin_login[wronguser-admin123-False22] PASSED [ 61%]
test_massive_scenarios.py::test_massive_admin_login[--False22] PASSED    [ 61%]
test_massive_scenarios.py::test_massive_admin_login[admin--False22] PASSED [ 61%]
test_massive_scenarios.py::test_massive_admin_login[admin-admin123-True23] PASSED [ 61%]
test_massive_scenarios.py::test_massive_admin_login[admin-wrongpass-False23] PASSED [ 61%]
test_massive_scenarios.py::test_massive_admin_login[wronguser-admin123-False23] PASSED [ 61%]
test_massive_scenarios.py::test_massive_admin_login[--False23] PASSED    [ 61%]
test_massive_scenarios.py::test_massive_admin_login[admin--False23] PASSED [ 61%]
test_massive_scenarios.py::test_massive_admin_login[admin-admin123-True24] PASSED [ 61%]
test_massive_scenarios.py::test_massive_admin_login[admin-wrongpass-False24] PASSED [ 61%]
test_massive_scenarios.py::test_massive_admin_login[wronguser-admin123-False24] PASSED [ 61%]
test_massive_scenarios.py::test_massive_admin_login[--False24] PASSED    [ 61%]
test_massive_scenarios.py::test_massive_admin_login[admin--False24] PASSED [ 61%]
test_massive_scenarios.py::test_massive_admin_login[admin-admin123-True25] PASSED [ 62%]
test_massive_scenarios.py::test_massive_admin_login[admin-wrongpass-False25] PASSED [ 62%]
test_massive_scenarios.py::test_massive_admin_login[wronguser-admin123-False25] PASSED [ 62%]
test_massive_scenarios.py::test_massive_admin_login[--False25] PASSED    [ 62%]
test_massive_scenarios.py::test_massive_admin_login[admin--False25] PASSED [ 62%]
test_massive_scenarios.py::test_massive_admin_login[admin-admin123-True26] PASSED [ 62%]
test_massive_scenarios.py::test_massive_admin_login[admin-wrongpass-False26] PASSED [ 62%]
test_massive_scenarios.py::test_massive_admin_login[wronguser-admin123-False26] PASSED [ 62%]
test_massive_scenarios.py::test_massive_admin_login[--False26] PASSED    [ 62%]
test_massive_scenarios.py::test_massive_admin_login[admin--False26] PASSED [ 62%]
test_massive_scenarios.py::test_massive_admin_login[admin-admin123-True27] PASSED [ 62%]
test_massive_scenarios.py::test_massive_admin_login[admin-wrongpass-False27] PASSED [ 62%]
test_massive_scenarios.py::test_massive_admin_login[wronguser-admin123-False27] PASSED [ 62%]
test_massive_scenarios.py::test_massive_admin_login[--False27] PASSED    [ 62%]
test_massive_scenarios.py::test_massive_admin_login[admin--False27] PASSED [ 62%]
test_massive_scenarios.py::test_massive_admin_login[admin-admin123-True28] PASSED [ 62%]
test_massive_scenarios.py::test_massive_admin_login[admin-wrongpass-False28] PASSED [ 62%]
test_massive_scenarios.py::test_massive_admin_login[wronguser-admin123-False28] PASSED [ 62%]
test_massive_scenarios.py::test_massive_admin_login[--False28] PASSED    [ 62%]
test_massive_scenarios.py::test_massive_admin_login[admin--False28] PASSED [ 62%]
test_massive_scenarios.py::test_massive_admin_login[admin-admin123-True29] PASSED [ 62%]
test_massive_scenarios.py::test_massive_admin_login[admin-wrongpass-False29] PASSED [ 62%]
test_massive_scenarios.py::test_massive_admin_login[wronguser-admin123-False29] PASSED [ 62%]
test_massive_scenarios.py::test_massive_admin_login[--False29] PASSED    [ 62%]
test_massive_scenarios.py::test_massive_admin_login[admin--False29] PASSED [ 62%]
test_massive_scenarios.py::test_massive_admin_login[admin-admin123-True30] PASSED [ 62%]
test_massive_scenarios.py::test_massive_admin_login[admin-wrongpass-False30] PASSED [ 62%]
test_massive_scenarios.py::test_massive_admin_login[wronguser-admin123-False30] PASSED [ 62%]
test_massive_scenarios.py::test_massive_admin_login[--False30] PASSED    [ 62%]
test_massive_scenarios.py::test_massive_admin_login[admin--False30] PASSED [ 62%]
test_massive_scenarios.py::test_massive_admin_login[admin-admin123-True31] PASSED [ 62%]
test_massive_scenarios.py::test_massive_admin_login[admin-wrongpass-False31] PASSED [ 62%]
test_massive_scenarios.py::test_massive_admin_login[wronguser-admin123-False31] PASSED [ 62%]
test_massive_scenarios.py::test_massive_admin_login[--False31] PASSED    [ 62%]
test_massive_scenarios.py::test_massive_admin_login[admin--False31] PASSED [ 62%]
test_massive_scenarios.py::test_massive_admin_login[admin-admin123-True32] PASSED [ 62%]
test_massive_scenarios.py::test_massive_admin_login[admin-wrongpass-False32] PASSED [ 62%]
test_massive_scenarios.py::test_massive_admin_login[wronguser-admin123-False32] PASSED [ 62%]
test_massive_scenarios.py::test_massive_admin_login[--False32] PASSED    [ 62%]
test_massive_scenarios.py::test_massive_admin_login[admin--False32] PASSED [ 62%]
test_massive_scenarios.py::test_massive_admin_login[admin-admin123-True33] PASSED [ 62%]
test_massive_scenarios.py::test_massive_admin_login[admin-wrongpass-False33] PASSED [ 62%]
test_massive_scenarios.py::test_massive_admin_login[wronguser-admin123-False33] PASSED [ 62%]
test_massive_scenarios.py::test_massive_admin_login[--False33] PASSED    [ 62%]
test_massive_scenarios.py::test_massive_admin_login[admin--False33] PASSED [ 62%]
test_massive_scenarios.py::test_massive_admin_login[admin-admin123-True34] PASSED [ 62%]
test_massive_scenarios.py::test_massive_admin_login[admin-wrongpass-False34] PASSED [ 62%]
test_massive_scenarios.py::test_massive_admin_login[wronguser-admin123-False34] PASSED [ 62%]
test_massive_scenarios.py::test_massive_admin_login[--False34] PASSED    [ 62%]
test_massive_scenarios.py::test_massive_admin_login[admin--False34] PASSED [ 62%]
test_massive_scenarios.py::test_massive_admin_login[admin-admin123-True35] PASSED [ 62%]
test_massive_scenarios.py::test_massive_admin_login[admin-wrongpass-False35] PASSED [ 62%]
test_massive_scenarios.py::test_massive_admin_login[wronguser-admin123-False35] PASSED [ 62%]
test_massive_scenarios.py::test_massive_admin_login[--False35] PASSED    [ 62%]
test_massive_scenarios.py::test_massive_admin_login[admin--False35] PASSED [ 62%]
test_massive_scenarios.py::test_massive_admin_login[admin-admin123-True36] PASSED [ 62%]
test_massive_scenarios.py::test_massive_admin_login[admin-wrongpass-False36] PASSED [ 62%]
test_massive_scenarios.py::test_massive_admin_login[wronguser-admin123-False36] PASSED [ 62%]
test_massive_scenarios.py::test_massive_admin_login[--False36] PASSED    [ 62%]
test_massive_scenarios.py::test_massive_admin_login[admin--False36] PASSED [ 62%]
test_massive_scenarios.py::test_massive_admin_login[admin-admin123-True37] PASSED [ 62%]
test_massive_scenarios.py::test_massive_admin_login[admin-wrongpass-False37] PASSED [ 62%]
test_massive_scenarios.py::test_massive_admin_login[wronguser-admin123-False37] PASSED [ 62%]
test_massive_scenarios.py::test_massive_admin_login[--False37] PASSED    [ 62%]
test_massive_scenarios.py::test_massive_admin_login[admin--False37] PASSED [ 62%]
test_massive_scenarios.py::test_massive_admin_login[admin-admin123-True38] PASSED [ 63%]
test_massive_scenarios.py::test_massive_admin_login[admin-wrongpass-False38] PASSED [ 63%]
test_massive_scenarios.py::test_massive_admin_login[wronguser-admin123-False38] PASSED [ 63%]
test_massive_scenarios.py::test_massive_admin_login[--False38] PASSED    [ 63%]
test_massive_scenarios.py::test_massive_admin_login[admin--False38] PASSED [ 63%]
test_massive_scenarios.py::test_massive_admin_login[admin-admin123-True39] PASSED [ 63%]
test_massive_scenarios.py::test_massive_admin_login[admin-wrongpass-False39] PASSED [ 63%]
test_massive_scenarios.py::test_massive_admin_login[wronguser-admin123-False39] PASSED [ 63%]
test_massive_scenarios.py::test_massive_admin_login[--False39] PASSED    [ 63%]
test_massive_scenarios.py::test_massive_admin_login[admin--False39] PASSED [ 63%]
test_massive_scenarios.py::test_massive_admin_login[admin-admin123-True40] PASSED [ 63%]
test_massive_scenarios.py::test_massive_admin_login[admin-wrongpass-False40] PASSED [ 63%]
test_massive_scenarios.py::test_massive_admin_login[wronguser-admin123-False40] PASSED [ 63%]
test_massive_scenarios.py::test_massive_admin_login[--False40] PASSED    [ 63%]
test_massive_scenarios.py::test_massive_admin_login[admin--False40] PASSED [ 63%]
test_massive_scenarios.py::test_massive_admin_login[admin-admin123-True41] PASSED [ 63%]
test_massive_scenarios.py::test_massive_admin_login[admin-wrongpass-False41] PASSED [ 63%]
test_massive_scenarios.py::test_massive_admin_login[wronguser-admin123-False41] PASSED [ 63%]
test_massive_scenarios.py::test_massive_admin_login[--False41] PASSED    [ 63%]
test_massive_scenarios.py::test_massive_admin_login[admin--False41] PASSED [ 63%]
test_massive_scenarios.py::test_massive_admin_login[admin-admin123-True42] PASSED [ 63%]
test_massive_scenarios.py::test_massive_admin_login[admin-wrongpass-False42] PASSED [ 63%]
test_massive_scenarios.py::test_massive_admin_login[wronguser-admin123-False42] PASSED [ 63%]
test_massive_scenarios.py::test_massive_admin_login[--False42] PASSED    [ 63%]
test_massive_scenarios.py::test_massive_admin_login[admin--False42] PASSED [ 63%]
test_massive_scenarios.py::test_massive_admin_login[admin-admin123-True43] PASSED [ 63%]
test_massive_scenarios.py::test_massive_admin_login[admin-wrongpass-False43] PASSED [ 63%]
test_massive_scenarios.py::test_massive_admin_login[wronguser-admin123-False43] PASSED [ 63%]
test_massive_scenarios.py::test_massive_admin_login[--False43] PASSED    [ 63%]
test_massive_scenarios.py::test_massive_admin_login[admin--False43] PASSED [ 63%]
test_massive_scenarios.py::test_massive_admin_login[admin-admin123-True44] PASSED [ 63%]
test_massive_scenarios.py::test_massive_admin_login[admin-wrongpass-False44] PASSED [ 63%]
test_massive_scenarios.py::test_massive_admin_login[wronguser-admin123-False44] PASSED [ 63%]
test_massive_scenarios.py::test_massive_admin_login[--False44] PASSED    [ 63%]
test_massive_scenarios.py::test_massive_admin_login[admin--False44] PASSED [ 63%]
test_massive_scenarios.py::test_massive_admin_login[admin-admin123-True45] PASSED [ 63%]
test_massive_scenarios.py::test_massive_admin_login[admin-wrongpass-False45] PASSED [ 63%]
test_massive_scenarios.py::test_massive_admin_login[wronguser-admin123-False45] PASSED [ 63%]
test_massive_scenarios.py::test_massive_admin_login[--False45] PASSED    [ 63%]
test_massive_scenarios.py::test_massive_admin_login[admin--False45] PASSED [ 63%]
test_massive_scenarios.py::test_massive_admin_login[admin-admin123-True46] PASSED [ 63%]
test_massive_scenarios.py::test_massive_admin_login[admin-wrongpass-False46] PASSED [ 63%]
test_massive_scenarios.py::test_massive_admin_login[wronguser-admin123-False46] PASSED [ 63%]
test_massive_scenarios.py::test_massive_admin_login[--False46] PASSED    [ 63%]
test_massive_scenarios.py::test_massive_admin_login[admin--False46] PASSED [ 63%]
test_massive_scenarios.py::test_massive_admin_login[admin-admin123-True47] PASSED [ 63%]
test_massive_scenarios.py::test_massive_admin_login[admin-wrongpass-False47] PASSED [ 63%]
test_massive_scenarios.py::test_massive_admin_login[wronguser-admin123-False47] PASSED [ 63%]
test_massive_scenarios.py::test_massive_admin_login[--False47] PASSED    [ 63%]
test_massive_scenarios.py::test_massive_admin_login[admin--False47] PASSED [ 63%]
test_massive_scenarios.py::test_massive_admin_login[admin-admin123-True48] PASSED [ 63%]
test_massive_scenarios.py::test_massive_admin_login[admin-wrongpass-False48] PASSED [ 63%]
test_massive_scenarios.py::test_massive_admin_login[wronguser-admin123-False48] PASSED [ 63%]
test_massive_scenarios.py::test_massive_admin_login[--False48] PASSED    [ 63%]
test_massive_scenarios.py::test_massive_admin_login[admin--False48] PASSED [ 63%]
test_massive_scenarios.py::test_massive_admin_login[admin-admin123-True49] PASSED [ 63%]
test_massive_scenarios.py::test_massive_admin_login[admin-wrongpass-False49] PASSED [ 63%]
test_massive_scenarios.py::test_massive_admin_login[wronguser-admin123-False49] PASSED [ 63%]
test_massive_scenarios.py::test_massive_admin_login[--False49] PASSED    [ 63%]
test_massive_scenarios.py::test_massive_admin_login[admin--False49] PASSED [ 63%]
test_massive_scenarios.py::test_massive_admin_login[admin-admin123-True50] PASSED [ 63%]
test_massive_scenarios.py::test_massive_admin_login[admin-wrongpass-False50] PASSED [ 63%]
test_massive_scenarios.py::test_massive_admin_login[wronguser-admin123-False50] PASSED [ 63%]
test_massive_scenarios.py::test_massive_admin_login[--False50] PASSED    [ 63%]
test_massive_scenarios.py::test_massive_admin_login[admin--False50] PASSED [ 63%]
test_massive_scenarios.py::test_massive_admin_login[admin-admin123-True51] PASSED [ 63%]
test_massive_scenarios.py::test_massive_admin_login[admin-wrongpass-False51] PASSED [ 64%]
test_massive_scenarios.py::test_massive_admin_login[wronguser-admin123-False51] PASSED [ 64%]
test_massive_scenarios.py::test_massive_admin_login[--False51] PASSED    [ 64%]
test_massive_scenarios.py::test_massive_admin_login[admin--False51] PASSED [ 64%]
test_massive_scenarios.py::test_massive_admin_login[admin-admin123-True52] PASSED [ 64%]
test_massive_scenarios.py::test_massive_admin_login[admin-wrongpass-False52] PASSED [ 64%]
test_massive_scenarios.py::test_massive_admin_login[wronguser-admin123-False52] PASSED [ 64%]
test_massive_scenarios.py::test_massive_admin_login[--False52] PASSED    [ 64%]
test_massive_scenarios.py::test_massive_admin_login[admin--False52] PASSED [ 64%]
test_massive_scenarios.py::test_massive_admin_login[admin-admin123-True53] PASSED [ 64%]
test_massive_scenarios.py::test_massive_admin_login[admin-wrongpass-False53] PASSED [ 64%]
test_massive_scenarios.py::test_massive_admin_login[wronguser-admin123-False53] PASSED [ 64%]
test_massive_scenarios.py::test_massive_admin_login[--False53] PASSED    [ 64%]
test_massive_scenarios.py::test_massive_admin_login[admin--False53] PASSED [ 64%]
test_massive_scenarios.py::test_massive_admin_login[admin-admin123-True54] PASSED [ 64%]
test_massive_scenarios.py::test_massive_admin_login[admin-wrongpass-False54] PASSED [ 64%]
test_massive_scenarios.py::test_massive_admin_login[wronguser-admin123-False54] PASSED [ 64%]
test_massive_scenarios.py::test_massive_admin_login[--False54] PASSED    [ 64%]
test_massive_scenarios.py::test_massive_admin_login[admin--False54] PASSED [ 64%]
test_massive_scenarios.py::test_massive_admin_login[admin-admin123-True55] PASSED [ 64%]
test_massive_scenarios.py::test_massive_admin_login[admin-wrongpass-False55] PASSED [ 64%]
test_massive_scenarios.py::test_massive_admin_login[wronguser-admin123-False55] PASSED [ 64%]
test_massive_scenarios.py::test_massive_admin_login[--False55] PASSED    [ 64%]
test_massive_scenarios.py::test_massive_admin_login[admin--False55] PASSED [ 64%]
test_massive_scenarios.py::test_massive_admin_login[admin-admin123-True56] PASSED [ 64%]
test_massive_scenarios.py::test_massive_admin_login[admin-wrongpass-False56] PASSED [ 64%]
test_massive_scenarios.py::test_massive_admin_login[wronguser-admin123-False56] PASSED [ 64%]
test_massive_scenarios.py::test_massive_admin_login[--False56] PASSED    [ 64%]
test_massive_scenarios.py::test_massive_admin_login[admin--False56] PASSED [ 64%]
test_massive_scenarios.py::test_massive_admin_login[admin-admin123-True57] PASSED [ 64%]
test_massive_scenarios.py::test_massive_admin_login[admin-wrongpass-False57] PASSED [ 64%]
test_massive_scenarios.py::test_massive_admin_login[wronguser-admin123-False57] PASSED [ 64%]
test_massive_scenarios.py::test_massive_admin_login[--False57] PASSED    [ 64%]
test_massive_scenarios.py::test_massive_admin_login[admin--False57] PASSED [ 64%]
test_massive_scenarios.py::test_massive_admin_login[admin-admin123-True58] PASSED [ 64%]
test_massive_scenarios.py::test_massive_admin_login[admin-wrongpass-False58] PASSED [ 64%]
test_massive_scenarios.py::test_massive_admin_login[wronguser-admin123-False58] PASSED [ 64%]
test_massive_scenarios.py::test_massive_admin_login[--False58] PASSED    [ 64%]
test_massive_scenarios.py::test_massive_admin_login[admin--False58] PASSED [ 64%]
test_massive_scenarios.py::test_massive_admin_login[admin-admin123-True59] PASSED [ 64%]
test_massive_scenarios.py::test_massive_admin_login[admin-wrongpass-False59] PASSED [ 64%]
test_massive_scenarios.py::test_massive_admin_login[wronguser-admin123-False59] PASSED [ 64%]
test_massive_scenarios.py::test_massive_admin_login[--False59] PASSED    [ 64%]
test_massive_scenarios.py::test_massive_admin_login[admin--False59] PASSED [ 64%]
test_massive_scenarios.py::test_massive_admin_login[admin-admin123-True60] PASSED [ 64%]
test_massive_scenarios.py::test_massive_admin_login[admin-wrongpass-False60] PASSED [ 64%]
test_massive_scenarios.py::test_massive_admin_login[wronguser-admin123-False60] PASSED [ 64%]
test_massive_scenarios.py::test_massive_admin_login[--False60] PASSED    [ 64%]
test_massive_scenarios.py::test_massive_admin_login[admin--False60] PASSED [ 64%]
test_massive_scenarios.py::test_massive_admin_login[admin-admin123-True61] PASSED [ 64%]
test_massive_scenarios.py::test_massive_admin_login[admin-wrongpass-False61] PASSED [ 64%]
test_massive_scenarios.py::test_massive_admin_login[wronguser-admin123-False61] PASSED [ 64%]
test_massive_scenarios.py::test_massive_admin_login[--False61] PASSED    [ 64%]
test_massive_scenarios.py::test_massive_admin_login[admin--False61] PASSED [ 64%]
test_massive_scenarios.py::test_massive_admin_login[admin-admin123-True62] PASSED [ 64%]
test_massive_scenarios.py::test_massive_admin_login[admin-wrongpass-False62] PASSED [ 64%]
test_massive_scenarios.py::test_massive_admin_login[wronguser-admin123-False62] PASSED [ 64%]
test_massive_scenarios.py::test_massive_admin_login[--False62] PASSED    [ 64%]
test_massive_scenarios.py::test_massive_admin_login[admin--False62] PASSED [ 64%]
test_massive_scenarios.py::test_massive_admin_login[admin-admin123-True63] PASSED [ 64%]
test_massive_scenarios.py::test_massive_admin_login[admin-wrongpass-False63] PASSED [ 64%]
test_massive_scenarios.py::test_massive_admin_login[wronguser-admin123-False63] PASSED [ 64%]
test_massive_scenarios.py::test_massive_admin_login[--False63] PASSED    [ 64%]
test_massive_scenarios.py::test_massive_admin_login[admin--False63] PASSED [ 64%]
test_massive_scenarios.py::test_massive_admin_login[admin-admin123-True64] PASSED [ 64%]
test_massive_scenarios.py::test_massive_admin_login[admin-wrongpass-False64] PASSED [ 65%]
test_massive_scenarios.py::test_massive_admin_login[wronguser-admin123-False64] PASSED [ 65%]
test_massive_scenarios.py::test_massive_admin_login[--False64] PASSED    [ 65%]
test_massive_scenarios.py::test_massive_admin_login[admin--False64] PASSED [ 65%]
test_massive_scenarios.py::test_massive_admin_login[admin-admin123-True65] PASSED [ 65%]
test_massive_scenarios.py::test_massive_admin_login[admin-wrongpass-False65] PASSED [ 65%]
test_massive_scenarios.py::test_massive_admin_login[wronguser-admin123-False65] PASSED [ 65%]
test_massive_scenarios.py::test_massive_admin_login[--False65] PASSED    [ 65%]
test_massive_scenarios.py::test_massive_admin_login[admin--False65] PASSED [ 65%]
test_massive_scenarios.py::test_massive_admin_login[admin-admin123-True66] PASSED [ 65%]
test_massive_scenarios.py::test_massive_admin_login[admin-wrongpass-False66] PASSED [ 65%]
test_massive_scenarios.py::test_massive_admin_login[wronguser-admin123-False66] PASSED [ 65%]
test_massive_scenarios.py::test_massive_admin_login[--False66] PASSED    [ 65%]
test_massive_scenarios.py::test_massive_admin_login[admin--False66] PASSED [ 65%]
test_massive_scenarios.py::test_massive_admin_login[admin-admin123-True67] PASSED [ 65%]
test_massive_scenarios.py::test_massive_admin_login[admin-wrongpass-False67] PASSED [ 65%]
test_massive_scenarios.py::test_massive_admin_login[wronguser-admin123-False67] PASSED [ 65%]
test_massive_scenarios.py::test_massive_admin_login[--False67] PASSED    [ 65%]
test_massive_scenarios.py::test_massive_admin_login[admin--False67] PASSED [ 65%]
test_massive_scenarios.py::test_massive_admin_login[admin-admin123-True68] PASSED [ 65%]
test_massive_scenarios.py::test_massive_admin_login[admin-wrongpass-False68] PASSED [ 65%]
test_massive_scenarios.py::test_massive_admin_login[wronguser-admin123-False68] PASSED [ 65%]
test_massive_scenarios.py::test_massive_admin_login[--False68] PASSED    [ 65%]
test_massive_scenarios.py::test_massive_admin_login[admin--False68] PASSED [ 65%]
test_massive_scenarios.py::test_massive_admin_login[admin-admin123-True69] PASSED [ 65%]
test_massive_scenarios.py::test_massive_admin_login[admin-wrongpass-False69] PASSED [ 65%]
test_massive_scenarios.py::test_massive_admin_login[wronguser-admin123-False69] PASSED [ 65%]
test_massive_scenarios.py::test_massive_admin_login[--False69] PASSED    [ 65%]
test_massive_scenarios.py::test_massive_admin_login[admin--False69] PASSED [ 65%]
test_massive_scenarios.py::test_massive_admin_login[admin-admin123-True70] PASSED [ 65%]
test_massive_scenarios.py::test_massive_admin_login[admin-wrongpass-False70] PASSED [ 65%]
test_massive_scenarios.py::test_massive_admin_login[wronguser-admin123-False70] PASSED [ 65%]
test_massive_scenarios.py::test_massive_admin_login[--False70] PASSED    [ 65%]
test_massive_scenarios.py::test_massive_admin_login[admin--False70] PASSED [ 65%]
test_massive_scenarios.py::test_massive_admin_login[admin-admin123-True71] PASSED [ 65%]
test_massive_scenarios.py::test_massive_admin_login[admin-wrongpass-False71] PASSED [ 65%]
test_massive_scenarios.py::test_massive_admin_login[wronguser-admin123-False71] PASSED [ 65%]
test_massive_scenarios.py::test_massive_admin_login[--False71] PASSED    [ 65%]
test_massive_scenarios.py::test_massive_admin_login[admin--False71] PASSED [ 65%]
test_massive_scenarios.py::test_massive_admin_login[admin-admin123-True72] PASSED [ 65%]
test_massive_scenarios.py::test_massive_admin_login[admin-wrongpass-False72] PASSED [ 65%]
test_massive_scenarios.py::test_massive_admin_login[wronguser-admin123-False72] PASSED [ 65%]
test_massive_scenarios.py::test_massive_admin_login[--False72] PASSED    [ 65%]
test_massive_scenarios.py::test_massive_admin_login[admin--False72] PASSED [ 65%]
test_massive_scenarios.py::test_massive_admin_login[admin-admin123-True73] PASSED [ 65%]
test_massive_scenarios.py::test_massive_admin_login[admin-wrongpass-False73] PASSED [ 65%]
test_massive_scenarios.py::test_massive_admin_login[wronguser-admin123-False73] PASSED [ 65%]
test_massive_scenarios.py::test_massive_admin_login[--False73] PASSED    [ 65%]
test_massive_scenarios.py::test_massive_admin_login[admin--False73] PASSED [ 65%]
test_massive_scenarios.py::test_massive_admin_login[admin-admin123-True74] PASSED [ 65%]
test_massive_scenarios.py::test_massive_admin_login[admin-wrongpass-False74] PASSED [ 65%]
test_massive_scenarios.py::test_massive_admin_login[wronguser-admin123-False74] PASSED [ 65%]
test_massive_scenarios.py::test_massive_admin_login[--False74] PASSED    [ 65%]
test_massive_scenarios.py::test_massive_admin_login[admin--False74] PASSED [ 65%]
test_massive_scenarios.py::test_massive_admin_login[admin-admin123-True75] PASSED [ 65%]
test_massive_scenarios.py::test_massive_admin_login[admin-wrongpass-False75] PASSED [ 65%]
test_massive_scenarios.py::test_massive_admin_login[wronguser-admin123-False75] PASSED [ 65%]
test_massive_scenarios.py::test_massive_admin_login[--False75] PASSED    [ 65%]
test_massive_scenarios.py::test_massive_admin_login[admin--False75] PASSED [ 65%]
test_massive_scenarios.py::test_massive_admin_login[admin-admin123-True76] PASSED [ 65%]
test_massive_scenarios.py::test_massive_admin_login[admin-wrongpass-False76] PASSED [ 65%]
test_massive_scenarios.py::test_massive_admin_login[wronguser-admin123-False76] PASSED [ 65%]
test_massive_scenarios.py::test_massive_admin_login[--False76] PASSED    [ 65%]
test_massive_scenarios.py::test_massive_admin_login[admin--False76] PASSED [ 65%]
test_massive_scenarios.py::test_massive_admin_login[admin-admin123-True77] PASSED [ 65%]
test_massive_scenarios.py::test_massive_admin_login[admin-wrongpass-False77] PASSED [ 65%]
test_massive_scenarios.py::test_massive_admin_login[wronguser-admin123-False77] PASSED [ 66%]
test_massive_scenarios.py::test_massive_admin_login[--False77] PASSED    [ 66%]
test_massive_scenarios.py::test_massive_admin_login[admin--False77] PASSED [ 66%]
test_massive_scenarios.py::test_massive_admin_login[admin-admin123-True78] PASSED [ 66%]
test_massive_scenarios.py::test_massive_admin_login[admin-wrongpass-False78] PASSED [ 66%]
test_massive_scenarios.py::test_massive_admin_login[wronguser-admin123-False78] PASSED [ 66%]
test_massive_scenarios.py::test_massive_admin_login[--False78] PASSED    [ 66%]
test_massive_scenarios.py::test_massive_admin_login[admin--False78] PASSED [ 66%]
test_massive_scenarios.py::test_massive_admin_login[admin-admin123-True79] PASSED [ 66%]
test_massive_scenarios.py::test_massive_admin_login[admin-wrongpass-False79] PASSED [ 66%]
test_massive_scenarios.py::test_massive_admin_login[wronguser-admin123-False79] PASSED [ 66%]
test_massive_scenarios.py::test_massive_admin_login[--False79] PASSED    [ 66%]
test_massive_scenarios.py::test_massive_admin_login[admin--False79] PASSED [ 66%]
test_massive_scenarios.py::test_massive_admin_login[admin-admin123-True80] PASSED [ 66%]
test_massive_scenarios.py::test_massive_admin_login[admin-wrongpass-False80] PASSED [ 66%]
test_massive_scenarios.py::test_massive_admin_login[wronguser-admin123-False80] PASSED [ 66%]
test_massive_scenarios.py::test_massive_admin_login[--False80] PASSED    [ 66%]
test_massive_scenarios.py::test_massive_admin_login[admin--False80] PASSED [ 66%]
test_massive_scenarios.py::test_massive_admin_login[admin-admin123-True81] PASSED [ 66%]
test_massive_scenarios.py::test_massive_admin_login[admin-wrongpass-False81] PASSED [ 66%]
test_massive_scenarios.py::test_massive_admin_login[wronguser-admin123-False81] PASSED [ 66%]
test_massive_scenarios.py::test_massive_admin_login[--False81] PASSED    [ 66%]
test_massive_scenarios.py::test_massive_admin_login[admin--False81] PASSED [ 66%]
test_massive_scenarios.py::test_massive_admin_login[admin-admin123-True82] PASSED [ 66%]
test_massive_scenarios.py::test_massive_admin_login[admin-wrongpass-False82] PASSED [ 66%]
test_massive_scenarios.py::test_massive_admin_login[wronguser-admin123-False82] PASSED [ 66%]
test_massive_scenarios.py::test_massive_admin_login[--False82] PASSED    [ 66%]
test_massive_scenarios.py::test_massive_admin_login[admin--False82] PASSED [ 66%]
test_massive_scenarios.py::test_massive_admin_login[admin-admin123-True83] PASSED [ 66%]
test_massive_scenarios.py::test_massive_admin_login[admin-wrongpass-False83] PASSED [ 66%]
test_massive_scenarios.py::test_massive_admin_login[wronguser-admin123-False83] PASSED [ 66%]
test_massive_scenarios.py::test_massive_admin_login[--False83] PASSED    [ 66%]
test_massive_scenarios.py::test_massive_admin_login[admin--False83] PASSED [ 66%]
test_massive_scenarios.py::test_massive_admin_login[admin-admin123-True84] PASSED [ 66%]
test_massive_scenarios.py::test_massive_admin_login[admin-wrongpass-False84] PASSED [ 66%]
test_massive_scenarios.py::test_massive_admin_login[wronguser-admin123-False84] PASSED [ 66%]
test_massive_scenarios.py::test_massive_admin_login[--False84] PASSED    [ 66%]
test_massive_scenarios.py::test_massive_admin_login[admin--False84] PASSED [ 66%]
test_massive_scenarios.py::test_massive_admin_login[admin-admin123-True85] PASSED [ 66%]
test_massive_scenarios.py::test_massive_admin_login[admin-wrongpass-False85] PASSED [ 66%]
test_massive_scenarios.py::test_massive_admin_login[wronguser-admin123-False85] PASSED [ 66%]
test_massive_scenarios.py::test_massive_admin_login[--False85] PASSED    [ 66%]
test_massive_scenarios.py::test_massive_admin_login[admin--False85] PASSED [ 66%]
test_massive_scenarios.py::test_massive_admin_login[admin-admin123-True86] PASSED [ 66%]
test_massive_scenarios.py::test_massive_admin_login[admin-wrongpass-False86] PASSED [ 66%]
test_massive_scenarios.py::test_massive_admin_login[wronguser-admin123-False86] PASSED [ 66%]
test_massive_scenarios.py::test_massive_admin_login[--False86] PASSED    [ 66%]
test_massive_scenarios.py::test_massive_admin_login[admin--False86] PASSED [ 66%]
test_massive_scenarios.py::test_massive_admin_login[admin-admin123-True87] PASSED [ 66%]
test_massive_scenarios.py::test_massive_admin_login[admin-wrongpass-False87] PASSED [ 66%]
test_massive_scenarios.py::test_massive_admin_login[wronguser-admin123-False87] PASSED [ 66%]
test_massive_scenarios.py::test_massive_admin_login[--False87] PASSED    [ 66%]
test_massive_scenarios.py::test_massive_admin_login[admin--False87] PASSED [ 66%]
test_massive_scenarios.py::test_massive_admin_login[admin-admin123-True88] PASSED [ 66%]
test_massive_scenarios.py::test_massive_admin_login[admin-wrongpass-False88] PASSED [ 66%]
test_massive_scenarios.py::test_massive_admin_login[wronguser-admin123-False88] PASSED [ 66%]
test_massive_scenarios.py::test_massive_admin_login[--False88] PASSED    [ 66%]
test_massive_scenarios.py::test_massive_admin_login[admin--False88] PASSED [ 66%]
test_massive_scenarios.py::test_massive_admin_login[admin-admin123-True89] PASSED [ 66%]
test_massive_scenarios.py::test_massive_admin_login[admin-wrongpass-False89] PASSED [ 66%]
test_massive_scenarios.py::test_massive_admin_login[wronguser-admin123-False89] PASSED [ 66%]
test_massive_scenarios.py::test_massive_admin_login[--False89] PASSED    [ 66%]
test_massive_scenarios.py::test_massive_admin_login[admin--False89] PASSED [ 66%]
test_massive_scenarios.py::test_massive_admin_login[admin-admin123-True90] PASSED [ 66%]
test_massive_scenarios.py::test_massive_admin_login[admin-wrongpass-False90] PASSED [ 66%]
test_massive_scenarios.py::test_massive_admin_login[wronguser-admin123-False90] PASSED [ 67%]
test_massive_scenarios.py::test_massive_admin_login[--False90] PASSED    [ 67%]
test_massive_scenarios.py::test_massive_admin_login[admin--False90] PASSED [ 67%]
test_massive_scenarios.py::test_massive_admin_login[admin-admin123-True91] PASSED [ 67%]
test_massive_scenarios.py::test_massive_admin_login[admin-wrongpass-False91] PASSED [ 67%]
test_massive_scenarios.py::test_massive_admin_login[wronguser-admin123-False91] PASSED [ 67%]
test_massive_scenarios.py::test_massive_admin_login[--False91] PASSED    [ 67%]
test_massive_scenarios.py::test_massive_admin_login[admin--False91] PASSED [ 67%]
test_massive_scenarios.py::test_massive_admin_login[admin-admin123-True92] PASSED [ 67%]
test_massive_scenarios.py::test_massive_admin_login[admin-wrongpass-False92] PASSED [ 67%]
test_massive_scenarios.py::test_massive_admin_login[wronguser-admin123-False92] PASSED [ 67%]
test_massive_scenarios.py::test_massive_admin_login[--False92] PASSED    [ 67%]
test_massive_scenarios.py::test_massive_admin_login[admin--False92] PASSED [ 67%]
test_massive_scenarios.py::test_massive_admin_login[admin-admin123-True93] PASSED [ 67%]
test_massive_scenarios.py::test_massive_admin_login[admin-wrongpass-False93] PASSED [ 67%]
test_massive_scenarios.py::test_massive_admin_login[wronguser-admin123-False93] PASSED [ 67%]
test_massive_scenarios.py::test_massive_admin_login[--False93] PASSED    [ 67%]
test_massive_scenarios.py::test_massive_admin_login[admin--False93] PASSED [ 67%]
test_massive_scenarios.py::test_massive_admin_login[admin-admin123-True94] PASSED [ 67%]
test_massive_scenarios.py::test_massive_admin_login[admin-wrongpass-False94] PASSED [ 67%]
test_massive_scenarios.py::test_massive_admin_login[wronguser-admin123-False94] PASSED [ 67%]
test_massive_scenarios.py::test_massive_admin_login[--False94] PASSED    [ 67%]
test_massive_scenarios.py::test_massive_admin_login[admin--False94] PASSED [ 67%]
test_massive_scenarios.py::test_massive_admin_login[admin-admin123-True95] PASSED [ 67%]
test_massive_scenarios.py::test_massive_admin_login[admin-wrongpass-False95] PASSED [ 67%]
test_massive_scenarios.py::test_massive_admin_login[wronguser-admin123-False95] PASSED [ 67%]
test_massive_scenarios.py::test_massive_admin_login[--False95] PASSED    [ 67%]
test_massive_scenarios.py::test_massive_admin_login[admin--False95] PASSED [ 67%]
test_massive_scenarios.py::test_massive_admin_login[admin-admin123-True96] PASSED [ 67%]
test_massive_scenarios.py::test_massive_admin_login[admin-wrongpass-False96] PASSED [ 67%]
test_massive_scenarios.py::test_massive_admin_login[wronguser-admin123-False96] PASSED [ 67%]
test_massive_scenarios.py::test_massive_admin_login[--False96] PASSED    [ 67%]
test_massive_scenarios.py::test_massive_admin_login[admin--False96] PASSED [ 67%]
test_massive_scenarios.py::test_massive_admin_login[admin-admin123-True97] PASSED [ 67%]
test_massive_scenarios.py::test_massive_admin_login[admin-wrongpass-False97] PASSED [ 67%]
test_massive_scenarios.py::test_massive_admin_login[wronguser-admin123-False97] PASSED [ 67%]
test_massive_scenarios.py::test_massive_admin_login[--False97] PASSED    [ 67%]
test_massive_scenarios.py::test_massive_admin_login[admin--False97] PASSED [ 67%]
test_massive_scenarios.py::test_massive_admin_login[admin-admin123-True98] PASSED [ 67%]
test_massive_scenarios.py::test_massive_admin_login[admin-wrongpass-False98] PASSED [ 67%]
test_massive_scenarios.py::test_massive_admin_login[wronguser-admin123-False98] PASSED [ 67%]
test_massive_scenarios.py::test_massive_admin_login[--False98] PASSED    [ 67%]
test_massive_scenarios.py::test_massive_admin_login[admin--False98] PASSED [ 67%]
test_massive_scenarios.py::test_massive_admin_login[admin-admin123-True99] PASSED [ 67%]
test_massive_scenarios.py::test_massive_admin_login[admin-wrongpass-False99] PASSED [ 67%]
test_massive_scenarios.py::test_massive_admin_login[wronguser-admin123-False99] PASSED [ 67%]
test_massive_scenarios.py::test_massive_admin_login[--False99] PASSED    [ 67%]
test_massive_scenarios.py::test_massive_admin_login[admin--False99] PASSED [ 67%]
test_massive_scenarios.py::test_massive_session_creation[10_0] PASSED    [ 67%]
test_massive_scenarios.py::test_massive_session_creation[20_0] PASSED    [ 67%]
test_massive_scenarios.py::test_massive_session_creation[30_0] PASSED    [ 67%]
test_massive_scenarios.py::test_massive_session_creation[40_0] PASSED    [ 67%]
test_massive_scenarios.py::test_massive_session_creation[50_0] PASSED    [ 67%]
test_massive_scenarios.py::test_massive_session_creation[60_0] PASSED    [ 67%]
test_massive_scenarios.py::test_massive_session_creation[70_0] PASSED    [ 67%]
test_massive_scenarios.py::test_massive_session_creation[80_0] PASSED    [ 67%]
test_massive_scenarios.py::test_massive_session_creation[90_0] PASSED    [ 67%]
test_massive_scenarios.py::test_massive_session_creation[100_0] PASSED   [ 67%]
test_massive_scenarios.py::test_massive_session_creation[110_0] PASSED   [ 67%]
test_massive_scenarios.py::test_massive_session_creation[120_0] PASSED   [ 67%]
test_massive_scenarios.py::test_massive_session_creation[130_0] PASSED   [ 67%]
test_massive_scenarios.py::test_massive_session_creation[10_1] PASSED    [ 67%]
test_massive_scenarios.py::test_massive_session_creation[20_1] PASSED    [ 67%]
test_massive_scenarios.py::test_massive_session_creation[30_1] PASSED    [ 67%]
test_massive_scenarios.py::test_massive_session_creation[40_1] PASSED    [ 67%]
test_massive_scenarios.py::test_massive_session_creation[50_1] PASSED    [ 68%]
test_massive_scenarios.py::test_massive_session_creation[60_1] PASSED    [ 68%]
test_massive_scenarios.py::test_massive_session_creation[70_1] PASSED    [ 68%]
test_massive_scenarios.py::test_massive_session_creation[80_1] PASSED    [ 68%]
test_massive_scenarios.py::test_massive_session_creation[90_1] PASSED    [ 68%]
test_massive_scenarios.py::test_massive_session_creation[100_1] PASSED   [ 68%]
test_massive_scenarios.py::test_massive_session_creation[110_1] PASSED   [ 68%]
test_massive_scenarios.py::test_massive_session_creation[120_1] PASSED   [ 68%]
test_massive_scenarios.py::test_massive_session_creation[130_1] PASSED   [ 68%]
test_massive_scenarios.py::test_massive_session_creation[10_2] PASSED    [ 68%]
test_massive_scenarios.py::test_massive_session_creation[20_2] PASSED    [ 68%]
test_massive_scenarios.py::test_massive_session_creation[30_2] PASSED    [ 68%]
test_massive_scenarios.py::test_massive_session_creation[40_2] PASSED    [ 68%]
test_massive_scenarios.py::test_massive_session_creation[50_2] PASSED    [ 68%]
test_massive_scenarios.py::test_massive_session_creation[60_2] PASSED    [ 68%]
test_massive_scenarios.py::test_massive_session_creation[70_2] PASSED    [ 68%]
test_massive_scenarios.py::test_massive_session_creation[80_2] PASSED    [ 68%]
test_massive_scenarios.py::test_massive_session_creation[90_2] PASSED    [ 68%]
test_massive_scenarios.py::test_massive_session_creation[100_2] PASSED   [ 68%]
test_massive_scenarios.py::test_massive_session_creation[110_2] PASSED   [ 68%]
test_massive_scenarios.py::test_massive_session_creation[120_2] PASSED   [ 68%]
test_massive_scenarios.py::test_massive_session_creation[130_2] PASSED   [ 68%]
test_massive_scenarios.py::test_massive_session_creation[10_3] PASSED    [ 68%]
test_massive_scenarios.py::test_massive_session_creation[20_3] PASSED    [ 68%]
test_massive_scenarios.py::test_massive_session_creation[30_3] PASSED    [ 68%]
test_massive_scenarios.py::test_massive_session_creation[40_3] PASSED    [ 68%]
test_massive_scenarios.py::test_massive_session_creation[50_3] PASSED    [ 68%]
test_massive_scenarios.py::test_massive_session_creation[60_3] PASSED    [ 68%]
test_massive_scenarios.py::test_massive_session_creation[70_3] PASSED    [ 68%]
test_massive_scenarios.py::test_massive_session_creation[80_3] PASSED    [ 68%]
test_massive_scenarios.py::test_massive_session_creation[90_3] PASSED    [ 68%]
test_massive_scenarios.py::test_massive_session_creation[100_3] PASSED   [ 68%]
test_massive_scenarios.py::test_massive_session_creation[110_3] PASSED   [ 68%]
test_massive_scenarios.py::test_massive_session_creation[120_3] PASSED   [ 68%]
test_massive_scenarios.py::test_massive_session_creation[130_3] PASSED   [ 68%]
test_massive_scenarios.py::test_massive_session_creation[10_4] PASSED    [ 68%]
test_massive_scenarios.py::test_massive_session_creation[20_4] PASSED    [ 68%]
test_massive_scenarios.py::test_massive_session_creation[30_4] PASSED    [ 68%]
test_massive_scenarios.py::test_massive_session_creation[40_4] PASSED    [ 68%]
test_massive_scenarios.py::test_massive_session_creation[50_4] PASSED    [ 68%]
test_massive_scenarios.py::test_massive_session_creation[60_4] PASSED    [ 68%]
test_massive_scenarios.py::test_massive_session_creation[70_4] PASSED    [ 68%]
test_massive_scenarios.py::test_massive_session_creation[80_4] PASSED    [ 68%]
test_massive_scenarios.py::test_massive_session_creation[90_4] PASSED    [ 68%]
test_massive_scenarios.py::test_massive_session_creation[100_4] PASSED   [ 68%]
test_massive_scenarios.py::test_massive_session_creation[110_4] PASSED   [ 68%]
test_massive_scenarios.py::test_massive_session_creation[120_4] PASSED   [ 68%]
test_massive_scenarios.py::test_massive_session_creation[130_4] PASSED   [ 68%]
test_massive_scenarios.py::test_massive_session_creation[10_5] PASSED    [ 68%]
test_massive_scenarios.py::test_massive_session_creation[20_5] PASSED    [ 68%]
test_massive_scenarios.py::test_massive_session_creation[30_5] PASSED    [ 68%]
test_massive_scenarios.py::test_massive_session_creation[40_5] PASSED    [ 68%]
test_massive_scenarios.py::test_massive_session_creation[50_5] PASSED    [ 68%]
test_massive_scenarios.py::test_massive_session_creation[60_5] PASSED    [ 68%]
test_massive_scenarios.py::test_massive_session_creation[70_5] PASSED    [ 68%]
test_massive_scenarios.py::test_massive_session_creation[80_5] PASSED    [ 68%]
test_massive_scenarios.py::test_massive_session_creation[90_5] PASSED    [ 68%]
test_massive_scenarios.py::test_massive_session_creation[100_5] PASSED   [ 68%]
test_massive_scenarios.py::test_massive_session_creation[110_5] PASSED   [ 68%]
test_massive_scenarios.py::test_massive_session_creation[120_5] PASSED   [ 68%]
test_massive_scenarios.py::test_massive_session_creation[130_5] PASSED   [ 68%]
test_massive_scenarios.py::test_massive_session_creation[10_6] PASSED    [ 68%]
test_massive_scenarios.py::test_massive_session_creation[20_6] PASSED    [ 68%]
test_massive_scenarios.py::test_massive_session_creation[30_6] PASSED    [ 68%]
test_massive_scenarios.py::test_massive_session_creation[40_6] PASSED    [ 68%]
test_massive_scenarios.py::test_massive_session_creation[50_6] PASSED    [ 68%]
test_massive_scenarios.py::test_massive_session_creation[60_6] PASSED    [ 69%]
test_massive_scenarios.py::test_massive_session_creation[70_6] PASSED    [ 69%]
test_massive_scenarios.py::test_massive_session_creation[80_6] PASSED    [ 69%]
test_massive_scenarios.py::test_massive_session_creation[90_6] PASSED    [ 69%]
test_massive_scenarios.py::test_massive_session_creation[100_6] PASSED   [ 69%]
test_massive_scenarios.py::test_massive_session_creation[110_6] PASSED   [ 69%]
test_massive_scenarios.py::test_massive_session_creation[120_6] PASSED   [ 69%]
test_massive_scenarios.py::test_massive_session_creation[130_6] PASSED   [ 69%]
test_massive_scenarios.py::test_massive_session_creation[10_7] PASSED    [ 69%]
test_massive_scenarios.py::test_massive_session_creation[20_7] PASSED    [ 69%]
test_massive_scenarios.py::test_massive_session_creation[30_7] PASSED    [ 69%]
test_massive_scenarios.py::test_massive_session_creation[40_7] PASSED    [ 69%]
test_massive_scenarios.py::test_massive_session_creation[50_7] PASSED    [ 69%]
test_massive_scenarios.py::test_massive_session_creation[60_7] PASSED    [ 69%]
test_massive_scenarios.py::test_massive_session_creation[70_7] PASSED    [ 69%]
test_massive_scenarios.py::test_massive_session_creation[80_7] PASSED    [ 69%]
test_massive_scenarios.py::test_massive_session_creation[90_7] PASSED    [ 69%]
test_massive_scenarios.py::test_massive_session_creation[100_7] PASSED   [ 69%]
test_massive_scenarios.py::test_massive_session_creation[110_7] PASSED   [ 69%]
test_massive_scenarios.py::test_massive_session_creation[120_7] PASSED   [ 69%]
test_massive_scenarios.py::test_massive_session_creation[130_7] PASSED   [ 69%]
test_massive_scenarios.py::test_massive_session_creation[10_8] PASSED    [ 69%]
test_massive_scenarios.py::test_massive_session_creation[20_8] PASSED    [ 69%]
test_massive_scenarios.py::test_massive_session_creation[30_8] PASSED    [ 69%]
test_massive_scenarios.py::test_massive_session_creation[40_8] PASSED    [ 69%]
test_massive_scenarios.py::test_massive_session_creation[50_8] PASSED    [ 69%]
test_massive_scenarios.py::test_massive_session_creation[60_8] PASSED    [ 69%]
test_massive_scenarios.py::test_massive_session_creation[70_8] PASSED    [ 69%]
test_massive_scenarios.py::test_massive_session_creation[80_8] PASSED    [ 69%]
test_massive_scenarios.py::test_massive_session_creation[90_8] PASSED    [ 69%]
test_massive_scenarios.py::test_massive_session_creation[100_8] PASSED   [ 69%]
test_massive_scenarios.py::test_massive_session_creation[110_8] PASSED   [ 69%]
test_massive_scenarios.py::test_massive_session_creation[120_8] PASSED   [ 69%]
test_massive_scenarios.py::test_massive_session_creation[130_8] PASSED   [ 69%]
test_massive_scenarios.py::test_massive_session_creation[10_9] PASSED    [ 69%]
test_massive_scenarios.py::test_massive_session_creation[20_9] PASSED    [ 69%]
test_massive_scenarios.py::test_massive_session_creation[30_9] PASSED    [ 69%]
test_massive_scenarios.py::test_massive_session_creation[40_9] PASSED    [ 69%]
test_massive_scenarios.py::test_massive_session_creation[50_9] PASSED    [ 69%]
test_massive_scenarios.py::test_massive_session_creation[60_9] PASSED    [ 69%]
test_massive_scenarios.py::test_massive_session_creation[70_9] PASSED    [ 69%]
test_massive_scenarios.py::test_massive_session_creation[80_9] PASSED    [ 69%]
test_massive_scenarios.py::test_massive_session_creation[90_9] PASSED    [ 69%]
test_massive_scenarios.py::test_massive_session_creation[100_9] PASSED   [ 69%]
test_massive_scenarios.py::test_massive_session_creation[110_9] PASSED   [ 69%]
test_massive_scenarios.py::test_massive_session_creation[120_9] PASSED   [ 69%]
test_massive_scenarios.py::test_massive_session_creation[130_9] PASSED   [ 69%]
test_massive_scenarios.py::test_massive_session_creation[10_10] PASSED   [ 69%]
test_massive_scenarios.py::test_massive_session_creation[20_10] PASSED   [ 69%]
test_massive_scenarios.py::test_massive_session_creation[30_10] PASSED   [ 69%]
test_massive_scenarios.py::test_massive_session_creation[40_10] PASSED   [ 69%]
test_massive_scenarios.py::test_massive_session_creation[50_10] PASSED   [ 69%]
test_massive_scenarios.py::test_massive_session_creation[60_10] PASSED   [ 69%]
test_massive_scenarios.py::test_massive_session_creation[70_10] PASSED   [ 69%]
test_massive_scenarios.py::test_massive_session_creation[80_10] PASSED   [ 69%]
test_massive_scenarios.py::test_massive_session_creation[90_10] PASSED   [ 69%]
test_massive_scenarios.py::test_massive_session_creation[100_10] PASSED  [ 69%]
test_massive_scenarios.py::test_massive_session_creation[110_10] PASSED  [ 69%]
test_massive_scenarios.py::test_massive_session_creation[120_10] PASSED  [ 69%]
test_massive_scenarios.py::test_massive_session_creation[130_10] PASSED  [ 69%]
test_massive_scenarios.py::test_massive_session_creation[10_11] PASSED   [ 69%]
test_massive_scenarios.py::test_massive_session_creation[20_11] PASSED   [ 69%]
test_massive_scenarios.py::test_massive_session_creation[30_11] PASSED   [ 69%]
test_massive_scenarios.py::test_massive_session_creation[40_11] PASSED   [ 69%]
test_massive_scenarios.py::test_massive_session_creation[50_11] PASSED   [ 69%]
test_massive_scenarios.py::test_massive_session_creation[60_11] PASSED   [ 70%]
test_massive_scenarios.py::test_massive_session_creation[70_11] PASSED   [ 70%]
test_massive_scenarios.py::test_massive_session_creation[80_11] PASSED   [ 70%]
test_massive_scenarios.py::test_massive_session_creation[90_11] PASSED   [ 70%]
test_massive_scenarios.py::test_massive_session_creation[100_11] PASSED  [ 70%]
test_massive_scenarios.py::test_massive_session_creation[110_11] PASSED  [ 70%]
test_massive_scenarios.py::test_massive_session_creation[120_11] PASSED  [ 70%]
test_massive_scenarios.py::test_massive_session_creation[130_11] PASSED  [ 70%]
test_massive_scenarios.py::test_massive_session_creation[10_12] PASSED   [ 70%]
test_massive_scenarios.py::test_massive_session_creation[20_12] PASSED   [ 70%]
test_massive_scenarios.py::test_massive_session_creation[30_12] PASSED   [ 70%]
test_massive_scenarios.py::test_massive_session_creation[40_12] PASSED   [ 70%]
test_massive_scenarios.py::test_massive_session_creation[50_12] PASSED   [ 70%]
test_massive_scenarios.py::test_massive_session_creation[60_12] PASSED   [ 70%]
test_massive_scenarios.py::test_massive_session_creation[70_12] PASSED   [ 70%]
test_massive_scenarios.py::test_massive_session_creation[80_12] PASSED   [ 70%]
test_massive_scenarios.py::test_massive_session_creation[90_12] PASSED   [ 70%]
test_massive_scenarios.py::test_massive_session_creation[100_12] PASSED  [ 70%]
test_massive_scenarios.py::test_massive_session_creation[110_12] PASSED  [ 70%]
test_massive_scenarios.py::test_massive_session_creation[120_12] PASSED  [ 70%]
test_massive_scenarios.py::test_massive_session_creation[130_12] PASSED  [ 70%]
test_massive_scenarios.py::test_massive_session_creation[10_13] PASSED   [ 70%]
test_massive_scenarios.py::test_massive_session_creation[20_13] PASSED   [ 70%]
test_massive_scenarios.py::test_massive_session_creation[30_13] PASSED   [ 70%]
test_massive_scenarios.py::test_massive_session_creation[40_13] PASSED   [ 70%]
test_massive_scenarios.py::test_massive_session_creation[50_13] PASSED   [ 70%]
test_massive_scenarios.py::test_massive_session_creation[60_13] PASSED   [ 70%]
test_massive_scenarios.py::test_massive_session_creation[70_13] PASSED   [ 70%]
test_massive_scenarios.py::test_massive_session_creation[80_13] PASSED   [ 70%]
test_massive_scenarios.py::test_massive_session_creation[90_13] PASSED   [ 70%]
test_massive_scenarios.py::test_massive_session_creation[100_13] PASSED  [ 70%]
test_massive_scenarios.py::test_massive_session_creation[110_13] PASSED  [ 70%]
test_massive_scenarios.py::test_massive_session_creation[120_13] PASSED  [ 70%]
test_massive_scenarios.py::test_massive_session_creation[130_13] PASSED  [ 70%]
test_massive_scenarios.py::test_massive_session_creation[10_14] PASSED   [ 70%]
test_massive_scenarios.py::test_massive_session_creation[20_14] PASSED   [ 70%]
test_massive_scenarios.py::test_massive_session_creation[30_14] PASSED   [ 70%]
test_massive_scenarios.py::test_massive_session_creation[40_14] PASSED   [ 70%]
test_massive_scenarios.py::test_massive_session_creation[50_14] PASSED   [ 70%]
test_massive_scenarios.py::test_massive_session_creation[60_14] PASSED   [ 70%]
test_massive_scenarios.py::test_massive_session_creation[70_14] PASSED   [ 70%]
test_massive_scenarios.py::test_massive_session_creation[80_14] PASSED   [ 70%]
test_massive_scenarios.py::test_massive_session_creation[90_14] PASSED   [ 70%]
test_massive_scenarios.py::test_massive_session_creation[100_14] PASSED  [ 70%]
test_massive_scenarios.py::test_massive_session_creation[110_14] PASSED  [ 70%]
test_massive_scenarios.py::test_massive_session_creation[120_14] PASSED  [ 70%]
test_massive_scenarios.py::test_massive_session_creation[130_14] PASSED  [ 70%]
test_massive_scenarios.py::test_massive_session_creation[10_15] PASSED   [ 70%]
test_massive_scenarios.py::test_massive_session_creation[20_15] PASSED   [ 70%]
test_massive_scenarios.py::test_massive_session_creation[30_15] PASSED   [ 70%]
test_massive_scenarios.py::test_massive_session_creation[40_15] PASSED   [ 70%]
test_massive_scenarios.py::test_massive_session_creation[50_15] PASSED   [ 70%]
test_massive_scenarios.py::test_massive_session_creation[60_15] PASSED   [ 70%]
test_massive_scenarios.py::test_massive_session_creation[70_15] PASSED   [ 70%]
test_massive_scenarios.py::test_massive_session_creation[80_15] PASSED   [ 70%]
test_massive_scenarios.py::test_massive_session_creation[90_15] PASSED   [ 70%]
test_massive_scenarios.py::test_massive_session_creation[100_15] PASSED  [ 70%]
test_massive_scenarios.py::test_massive_session_creation[110_15] PASSED  [ 70%]
test_massive_scenarios.py::test_massive_session_creation[120_15] PASSED  [ 70%]
test_massive_scenarios.py::test_massive_session_creation[130_15] PASSED  [ 70%]
test_massive_scenarios.py::test_massive_session_creation[10_16] PASSED   [ 70%]
test_massive_scenarios.py::test_massive_session_creation[20_16] PASSED   [ 70%]
test_massive_scenarios.py::test_massive_session_creation[30_16] PASSED   [ 70%]
test_massive_scenarios.py::test_massive_session_creation[40_16] PASSED   [ 70%]
test_massive_scenarios.py::test_massive_session_creation[50_16] PASSED   [ 70%]
test_massive_scenarios.py::test_massive_session_creation[60_16] PASSED   [ 70%]
test_massive_scenarios.py::test_massive_session_creation[70_16] PASSED   [ 71%]
test_massive_scenarios.py::test_massive_session_creation[80_16] PASSED   [ 71%]
test_massive_scenarios.py::test_massive_session_creation[90_16] PASSED   [ 71%]
test_massive_scenarios.py::test_massive_session_creation[100_16] PASSED  [ 71%]
test_massive_scenarios.py::test_massive_session_creation[110_16] PASSED  [ 71%]
test_massive_scenarios.py::test_massive_session_creation[120_16] PASSED  [ 71%]
test_massive_scenarios.py::test_massive_session_creation[130_16] PASSED  [ 71%]
test_massive_scenarios.py::test_massive_session_creation[10_17] PASSED   [ 71%]
test_massive_scenarios.py::test_massive_session_creation[20_17] PASSED   [ 71%]
test_massive_scenarios.py::test_massive_session_creation[30_17] PASSED   [ 71%]
test_massive_scenarios.py::test_massive_session_creation[40_17] PASSED   [ 71%]
test_massive_scenarios.py::test_massive_session_creation[50_17] PASSED   [ 71%]
test_massive_scenarios.py::test_massive_session_creation[60_17] PASSED   [ 71%]
test_massive_scenarios.py::test_massive_session_creation[70_17] PASSED   [ 71%]
test_massive_scenarios.py::test_massive_session_creation[80_17] PASSED   [ 71%]
test_massive_scenarios.py::test_massive_session_creation[90_17] PASSED   [ 71%]
test_massive_scenarios.py::test_massive_session_creation[100_17] PASSED  [ 71%]
test_massive_scenarios.py::test_massive_session_creation[110_17] PASSED  [ 71%]
test_massive_scenarios.py::test_massive_session_creation[120_17] PASSED  [ 71%]
test_massive_scenarios.py::test_massive_session_creation[130_17] PASSED  [ 71%]
test_massive_scenarios.py::test_massive_session_creation[10_18] PASSED   [ 71%]
test_massive_scenarios.py::test_massive_session_creation[20_18] PASSED   [ 71%]
test_massive_scenarios.py::test_massive_session_creation[30_18] PASSED   [ 71%]
test_massive_scenarios.py::test_massive_session_creation[40_18] PASSED   [ 71%]
test_massive_scenarios.py::test_massive_session_creation[50_18] PASSED   [ 71%]
test_massive_scenarios.py::test_massive_session_creation[60_18] PASSED   [ 71%]
test_massive_scenarios.py::test_massive_session_creation[70_18] PASSED   [ 71%]
test_massive_scenarios.py::test_massive_session_creation[80_18] PASSED   [ 71%]
test_massive_scenarios.py::test_massive_session_creation[90_18] PASSED   [ 71%]
test_massive_scenarios.py::test_massive_session_creation[100_18] PASSED  [ 71%]
test_massive_scenarios.py::test_massive_session_creation[110_18] PASSED  [ 71%]
test_massive_scenarios.py::test_massive_session_creation[120_18] PASSED  [ 71%]
test_massive_scenarios.py::test_massive_session_creation[130_18] PASSED  [ 71%]
test_massive_scenarios.py::test_massive_session_creation[10_19] PASSED   [ 71%]
test_massive_scenarios.py::test_massive_session_creation[20_19] PASSED   [ 71%]
test_massive_scenarios.py::test_massive_session_creation[30_19] PASSED   [ 71%]
test_massive_scenarios.py::test_massive_session_creation[40_19] PASSED   [ 71%]
test_massive_scenarios.py::test_massive_session_creation[50_19] PASSED   [ 71%]
test_massive_scenarios.py::test_massive_session_creation[60_19] PASSED   [ 71%]
test_massive_scenarios.py::test_massive_session_creation[70_19] PASSED   [ 71%]
test_massive_scenarios.py::test_massive_session_creation[80_19] PASSED   [ 71%]
test_massive_scenarios.py::test_massive_session_creation[90_19] PASSED   [ 71%]
test_massive_scenarios.py::test_massive_session_creation[100_19] PASSED  [ 71%]
test_massive_scenarios.py::test_massive_session_creation[110_19] PASSED  [ 71%]
test_massive_scenarios.py::test_massive_session_creation[120_19] PASSED  [ 71%]
test_massive_scenarios.py::test_massive_session_creation[130_19] PASSED  [ 71%]
test_massive_scenarios.py::test_massive_session_creation[10_20] PASSED   [ 71%]
test_massive_scenarios.py::test_massive_session_creation[20_20] PASSED   [ 71%]
test_massive_scenarios.py::test_massive_session_creation[30_20] PASSED   [ 71%]
test_massive_scenarios.py::test_massive_session_creation[40_20] PASSED   [ 71%]
test_massive_scenarios.py::test_massive_session_creation[50_20] PASSED   [ 71%]
test_massive_scenarios.py::test_massive_session_creation[60_20] PASSED   [ 71%]
test_massive_scenarios.py::test_massive_session_creation[70_20] PASSED   [ 71%]
test_massive_scenarios.py::test_massive_session_creation[80_20] PASSED   [ 71%]
test_massive_scenarios.py::test_massive_session_creation[90_20] PASSED   [ 71%]
test_massive_scenarios.py::test_massive_session_creation[100_20] PASSED  [ 71%]
test_massive_scenarios.py::test_massive_session_creation[110_20] PASSED  [ 71%]
test_massive_scenarios.py::test_massive_session_creation[120_20] PASSED  [ 71%]
test_massive_scenarios.py::test_massive_session_creation[130_20] PASSED  [ 71%]
test_massive_scenarios.py::test_massive_session_creation[10_21] PASSED   [ 71%]
test_massive_scenarios.py::test_massive_session_creation[20_21] PASSED   [ 71%]
test_massive_scenarios.py::test_massive_session_creation[30_21] PASSED   [ 71%]
test_massive_scenarios.py::test_massive_session_creation[40_21] PASSED   [ 71%]
test_massive_scenarios.py::test_massive_session_creation[50_21] PASSED   [ 71%]
test_massive_scenarios.py::test_massive_session_creation[60_21] PASSED   [ 71%]
test_massive_scenarios.py::test_massive_session_creation[70_21] PASSED   [ 72%]
test_massive_scenarios.py::test_massive_session_creation[80_21] PASSED   [ 72%]
test_massive_scenarios.py::test_massive_session_creation[90_21] PASSED   [ 72%]
test_massive_scenarios.py::test_massive_session_creation[100_21] PASSED  [ 72%]
test_massive_scenarios.py::test_massive_session_creation[110_21] PASSED  [ 72%]
test_massive_scenarios.py::test_massive_session_creation[120_21] PASSED  [ 72%]
test_massive_scenarios.py::test_massive_session_creation[130_21] PASSED  [ 72%]
test_massive_scenarios.py::test_massive_session_creation[10_22] PASSED   [ 72%]
test_massive_scenarios.py::test_massive_session_creation[20_22] PASSED   [ 72%]
test_massive_scenarios.py::test_massive_session_creation[30_22] PASSED   [ 72%]
test_massive_scenarios.py::test_massive_session_creation[40_22] PASSED   [ 72%]
test_massive_scenarios.py::test_massive_session_creation[50_22] PASSED   [ 72%]
test_massive_scenarios.py::test_massive_session_creation[60_22] PASSED   [ 72%]
test_massive_scenarios.py::test_massive_session_creation[70_22] PASSED   [ 72%]
test_massive_scenarios.py::test_massive_session_creation[80_22] PASSED   [ 72%]
test_massive_scenarios.py::test_massive_session_creation[90_22] PASSED   [ 72%]
test_massive_scenarios.py::test_massive_session_creation[100_22] PASSED  [ 72%]
test_massive_scenarios.py::test_massive_session_creation[110_22] PASSED  [ 72%]
test_massive_scenarios.py::test_massive_session_creation[120_22] PASSED  [ 72%]
test_massive_scenarios.py::test_massive_session_creation[130_22] PASSED  [ 72%]
test_massive_scenarios.py::test_massive_session_creation[10_23] PASSED   [ 72%]
test_massive_scenarios.py::test_massive_session_creation[20_23] PASSED   [ 72%]
test_massive_scenarios.py::test_massive_session_creation[30_23] PASSED   [ 72%]
test_massive_scenarios.py::test_massive_session_creation[40_23] PASSED   [ 72%]
test_massive_scenarios.py::test_massive_session_creation[50_23] PASSED   [ 72%]
test_massive_scenarios.py::test_massive_session_creation[60_23] PASSED   [ 72%]
test_massive_scenarios.py::test_massive_session_creation[70_23] PASSED   [ 72%]
test_massive_scenarios.py::test_massive_session_creation[80_23] PASSED   [ 72%]
test_massive_scenarios.py::test_massive_session_creation[90_23] PASSED   [ 72%]
test_massive_scenarios.py::test_massive_session_creation[100_23] PASSED  [ 72%]
test_massive_scenarios.py::test_massive_session_creation[110_23] PASSED  [ 72%]
test_massive_scenarios.py::test_massive_session_creation[120_23] PASSED  [ 72%]
test_massive_scenarios.py::test_massive_session_creation[130_23] PASSED  [ 72%]
test_massive_scenarios.py::test_massive_session_creation[10_24] PASSED   [ 72%]
test_massive_scenarios.py::test_massive_session_creation[20_24] PASSED   [ 72%]
test_massive_scenarios.py::test_massive_session_creation[30_24] PASSED   [ 72%]
test_massive_scenarios.py::test_massive_session_creation[40_24] PASSED   [ 72%]
test_massive_scenarios.py::test_massive_session_creation[50_24] PASSED   [ 72%]
test_massive_scenarios.py::test_massive_session_creation[60_24] PASSED   [ 72%]
test_massive_scenarios.py::test_massive_session_creation[70_24] PASSED   [ 72%]
test_massive_scenarios.py::test_massive_session_creation[80_24] PASSED   [ 72%]
test_massive_scenarios.py::test_massive_session_creation[90_24] PASSED   [ 72%]
test_massive_scenarios.py::test_massive_session_creation[100_24] PASSED  [ 72%]
test_massive_scenarios.py::test_massive_session_creation[110_24] PASSED  [ 72%]
test_massive_scenarios.py::test_massive_session_creation[120_24] PASSED  [ 72%]
test_massive_scenarios.py::test_massive_session_creation[130_24] PASSED  [ 72%]
test_massive_scenarios.py::test_massive_session_creation[10_25] PASSED   [ 72%]
test_massive_scenarios.py::test_massive_session_creation[20_25] PASSED   [ 72%]
test_massive_scenarios.py::test_massive_session_creation[30_25] PASSED   [ 72%]
test_massive_scenarios.py::test_massive_session_creation[40_25] PASSED   [ 72%]
test_massive_scenarios.py::test_massive_session_creation[50_25] PASSED   [ 72%]
test_massive_scenarios.py::test_massive_session_creation[60_25] PASSED   [ 72%]
test_massive_scenarios.py::test_massive_session_creation[70_25] PASSED   [ 72%]
test_massive_scenarios.py::test_massive_session_creation[80_25] PASSED   [ 72%]
test_massive_scenarios.py::test_massive_session_creation[90_25] PASSED   [ 72%]
test_massive_scenarios.py::test_massive_session_creation[100_25] PASSED  [ 72%]
test_massive_scenarios.py::test_massive_session_creation[110_25] PASSED  [ 72%]
test_massive_scenarios.py::test_massive_session_creation[120_25] PASSED  [ 72%]
test_massive_scenarios.py::test_massive_session_creation[130_25] PASSED  [ 72%]
test_massive_scenarios.py::test_massive_session_creation[10_26] PASSED   [ 72%]
test_massive_scenarios.py::test_massive_session_creation[20_26] PASSED   [ 72%]
test_massive_scenarios.py::test_massive_session_creation[30_26] PASSED   [ 72%]
test_massive_scenarios.py::test_massive_session_creation[40_26] PASSED   [ 72%]
test_massive_scenarios.py::test_massive_session_creation[50_26] PASSED   [ 72%]
test_massive_scenarios.py::test_massive_session_creation[60_26] PASSED   [ 72%]
test_massive_scenarios.py::test_massive_session_creation[70_26] PASSED   [ 73%]
test_massive_scenarios.py::test_massive_session_creation[80_26] PASSED   [ 73%]
test_massive_scenarios.py::test_massive_session_creation[90_26] PASSED   [ 73%]
test_massive_scenarios.py::test_massive_session_creation[100_26] PASSED  [ 73%]
test_massive_scenarios.py::test_massive_session_creation[110_26] PASSED  [ 73%]
test_massive_scenarios.py::test_massive_session_creation[120_26] PASSED  [ 73%]
test_massive_scenarios.py::test_massive_session_creation[130_26] PASSED  [ 73%]
test_massive_scenarios.py::test_massive_session_creation[10_27] PASSED   [ 73%]
test_massive_scenarios.py::test_massive_session_creation[20_27] PASSED   [ 73%]
test_massive_scenarios.py::test_massive_session_creation[30_27] PASSED   [ 73%]
test_massive_scenarios.py::test_massive_session_creation[40_27] PASSED   [ 73%]
test_massive_scenarios.py::test_massive_session_creation[50_27] PASSED   [ 73%]
test_massive_scenarios.py::test_massive_session_creation[60_27] PASSED   [ 73%]
test_massive_scenarios.py::test_massive_session_creation[70_27] PASSED   [ 73%]
test_massive_scenarios.py::test_massive_session_creation[80_27] PASSED   [ 73%]
test_massive_scenarios.py::test_massive_session_creation[90_27] PASSED   [ 73%]
test_massive_scenarios.py::test_massive_session_creation[100_27] PASSED  [ 73%]
test_massive_scenarios.py::test_massive_session_creation[110_27] PASSED  [ 73%]
test_massive_scenarios.py::test_massive_session_creation[120_27] PASSED  [ 73%]
test_massive_scenarios.py::test_massive_session_creation[130_27] PASSED  [ 73%]
test_massive_scenarios.py::test_massive_session_creation[10_28] PASSED   [ 73%]
test_massive_scenarios.py::test_massive_session_creation[20_28] PASSED   [ 73%]
test_massive_scenarios.py::test_massive_session_creation[30_28] PASSED   [ 73%]
test_massive_scenarios.py::test_massive_session_creation[40_28] PASSED   [ 73%]
test_massive_scenarios.py::test_massive_session_creation[50_28] PASSED   [ 73%]
test_massive_scenarios.py::test_massive_session_creation[60_28] PASSED   [ 73%]
test_massive_scenarios.py::test_massive_session_creation[70_28] PASSED   [ 73%]
test_massive_scenarios.py::test_massive_session_creation[80_28] PASSED   [ 73%]
test_massive_scenarios.py::test_massive_session_creation[90_28] PASSED   [ 73%]
test_massive_scenarios.py::test_massive_session_creation[100_28] PASSED  [ 73%]
test_massive_scenarios.py::test_massive_session_creation[110_28] PASSED  [ 73%]
test_massive_scenarios.py::test_massive_session_creation[120_28] PASSED  [ 73%]
test_massive_scenarios.py::test_massive_session_creation[130_28] PASSED  [ 73%]
test_massive_scenarios.py::test_massive_session_creation[10_29] PASSED   [ 73%]
test_massive_scenarios.py::test_massive_session_creation[20_29] PASSED   [ 73%]
test_massive_scenarios.py::test_massive_session_creation[30_29] PASSED   [ 73%]
test_massive_scenarios.py::test_massive_session_creation[40_29] PASSED   [ 73%]
test_massive_scenarios.py::test_massive_session_creation[50_29] PASSED   [ 73%]
test_massive_scenarios.py::test_massive_session_creation[60_29] PASSED   [ 73%]
test_massive_scenarios.py::test_massive_session_creation[70_29] PASSED   [ 73%]
test_massive_scenarios.py::test_massive_session_creation[80_29] PASSED   [ 73%]
test_massive_scenarios.py::test_massive_session_creation[90_29] PASSED   [ 73%]
test_massive_scenarios.py::test_massive_session_creation[100_29] PASSED  [ 73%]
test_massive_scenarios.py::test_massive_session_creation[110_29] PASSED  [ 73%]
test_massive_scenarios.py::test_massive_session_creation[120_29] PASSED  [ 73%]
test_massive_scenarios.py::test_massive_session_creation[130_29] PASSED  [ 73%]
test_massive_scenarios.py::test_massive_session_creation[10_30] PASSED   [ 73%]
test_massive_scenarios.py::test_massive_session_creation[20_30] PASSED   [ 73%]
test_massive_scenarios.py::test_massive_session_creation[30_30] PASSED   [ 73%]
test_massive_scenarios.py::test_massive_session_creation[40_30] PASSED   [ 73%]
test_massive_scenarios.py::test_massive_session_creation[50_30] PASSED   [ 73%]
test_massive_scenarios.py::test_massive_session_creation[60_30] PASSED   [ 73%]
test_massive_scenarios.py::test_massive_session_creation[70_30] PASSED   [ 73%]
test_massive_scenarios.py::test_massive_session_creation[80_30] PASSED   [ 73%]
test_massive_scenarios.py::test_massive_session_creation[90_30] PASSED   [ 73%]
test_massive_scenarios.py::test_massive_session_creation[100_30] PASSED  [ 73%]
test_massive_scenarios.py::test_massive_session_creation[110_30] PASSED  [ 73%]
test_massive_scenarios.py::test_massive_session_creation[120_30] PASSED  [ 73%]
test_massive_scenarios.py::test_massive_session_creation[130_30] PASSED  [ 73%]
test_massive_scenarios.py::test_massive_session_creation[10_31] PASSED   [ 73%]
test_massive_scenarios.py::test_massive_session_creation[20_31] PASSED   [ 73%]
test_massive_scenarios.py::test_massive_session_creation[30_31] PASSED   [ 73%]
test_massive_scenarios.py::test_massive_session_creation[40_31] PASSED   [ 73%]
test_massive_scenarios.py::test_massive_session_creation[50_31] PASSED   [ 73%]
test_massive_scenarios.py::test_massive_session_creation[60_31] PASSED   [ 73%]
test_massive_scenarios.py::test_massive_session_creation[70_31] PASSED   [ 73%]
test_massive_scenarios.py::test_massive_session_creation[80_31] PASSED   [ 74%]
test_massive_scenarios.py::test_massive_session_creation[90_31] PASSED   [ 74%]
test_massive_scenarios.py::test_massive_session_creation[100_31] PASSED  [ 74%]
test_massive_scenarios.py::test_massive_session_creation[110_31] PASSED  [ 74%]
test_massive_scenarios.py::test_massive_session_creation[120_31] PASSED  [ 74%]
test_massive_scenarios.py::test_massive_session_creation[130_31] PASSED  [ 74%]
test_massive_scenarios.py::test_massive_session_creation[10_32] PASSED   [ 74%]
test_massive_scenarios.py::test_massive_session_creation[20_32] PASSED   [ 74%]
test_massive_scenarios.py::test_massive_session_creation[30_32] PASSED   [ 74%]
test_massive_scenarios.py::test_massive_session_creation[40_32] PASSED   [ 74%]
test_massive_scenarios.py::test_massive_session_creation[50_32] PASSED   [ 74%]
test_massive_scenarios.py::test_massive_session_creation[60_32] PASSED   [ 74%]
test_massive_scenarios.py::test_massive_session_creation[70_32] PASSED   [ 74%]
test_massive_scenarios.py::test_massive_session_creation[80_32] PASSED   [ 74%]
test_massive_scenarios.py::test_massive_session_creation[90_32] PASSED   [ 74%]
test_massive_scenarios.py::test_massive_session_creation[100_32] PASSED  [ 74%]
test_massive_scenarios.py::test_massive_session_creation[110_32] PASSED  [ 74%]
test_massive_scenarios.py::test_massive_session_creation[120_32] PASSED  [ 74%]
test_massive_scenarios.py::test_massive_session_creation[130_32] PASSED  [ 74%]
test_massive_scenarios.py::test_massive_session_creation[10_33] PASSED   [ 74%]
test_massive_scenarios.py::test_massive_session_creation[20_33] PASSED   [ 74%]
test_massive_scenarios.py::test_massive_session_creation[30_33] PASSED   [ 74%]
test_massive_scenarios.py::test_massive_session_creation[40_33] PASSED   [ 74%]
test_massive_scenarios.py::test_massive_session_creation[50_33] PASSED   [ 74%]
test_massive_scenarios.py::test_massive_session_creation[60_33] PASSED   [ 74%]
test_massive_scenarios.py::test_massive_session_creation[70_33] PASSED   [ 74%]
test_massive_scenarios.py::test_massive_session_creation[80_33] PASSED   [ 74%]
test_massive_scenarios.py::test_massive_session_creation[90_33] PASSED   [ 74%]
test_massive_scenarios.py::test_massive_session_creation[100_33] PASSED  [ 74%]
test_massive_scenarios.py::test_massive_session_creation[110_33] PASSED  [ 74%]
test_massive_scenarios.py::test_massive_session_creation[120_33] PASSED  [ 74%]
test_massive_scenarios.py::test_massive_session_creation[130_33] PASSED  [ 74%]
test_massive_scenarios.py::test_massive_session_creation[10_34] PASSED   [ 74%]
test_massive_scenarios.py::test_massive_session_creation[20_34] PASSED   [ 74%]
test_massive_scenarios.py::test_massive_session_creation[30_34] PASSED   [ 74%]
test_massive_scenarios.py::test_massive_session_creation[40_34] PASSED   [ 74%]
test_massive_scenarios.py::test_massive_session_creation[50_34] PASSED   [ 74%]
test_massive_scenarios.py::test_massive_session_creation[60_34] PASSED   [ 74%]
test_massive_scenarios.py::test_massive_session_creation[70_34] PASSED   [ 74%]
test_massive_scenarios.py::test_massive_session_creation[80_34] PASSED   [ 74%]
test_massive_scenarios.py::test_massive_session_creation[90_34] PASSED   [ 74%]
test_massive_scenarios.py::test_massive_session_creation[100_34] PASSED  [ 74%]
test_massive_scenarios.py::test_massive_session_creation[110_34] PASSED  [ 74%]
test_massive_scenarios.py::test_massive_session_creation[120_34] PASSED  [ 74%]
test_massive_scenarios.py::test_massive_session_creation[130_34] PASSED  [ 74%]
test_massive_scenarios.py::test_massive_session_creation[10_35] PASSED   [ 74%]
test_massive_scenarios.py::test_massive_session_creation[20_35] PASSED   [ 74%]
test_massive_scenarios.py::test_massive_session_creation[30_35] PASSED   [ 74%]
test_massive_scenarios.py::test_massive_session_creation[40_35] PASSED   [ 74%]
test_massive_scenarios.py::test_massive_session_creation[50_35] PASSED   [ 74%]
test_massive_scenarios.py::test_massive_session_creation[60_35] PASSED   [ 74%]
test_massive_scenarios.py::test_massive_session_creation[70_35] PASSED   [ 74%]
test_massive_scenarios.py::test_massive_session_creation[80_35] PASSED   [ 74%]
test_massive_scenarios.py::test_massive_session_creation[90_35] PASSED   [ 74%]
test_massive_scenarios.py::test_massive_session_creation[100_35] PASSED  [ 74%]
test_massive_scenarios.py::test_massive_session_creation[110_35] PASSED  [ 74%]
test_massive_scenarios.py::test_massive_session_creation[120_35] PASSED  [ 74%]
test_massive_scenarios.py::test_massive_session_creation[130_35] PASSED  [ 74%]
test_massive_scenarios.py::test_massive_session_creation[10_36] PASSED   [ 74%]
test_massive_scenarios.py::test_massive_session_creation[20_36] PASSED   [ 74%]
test_massive_scenarios.py::test_massive_session_creation[30_36] PASSED   [ 74%]
test_massive_scenarios.py::test_massive_session_creation[40_36] PASSED   [ 74%]
test_massive_scenarios.py::test_massive_session_creation[50_36] PASSED   [ 74%]
test_massive_scenarios.py::test_massive_session_creation[60_36] PASSED   [ 74%]
test_massive_scenarios.py::test_massive_session_creation[70_36] PASSED   [ 74%]
test_massive_scenarios.py::test_massive_session_creation[80_36] PASSED   [ 75%]
test_massive_scenarios.py::test_massive_session_creation[90_36] PASSED   [ 75%]
test_massive_scenarios.py::test_massive_session_creation[100_36] PASSED  [ 75%]
test_massive_scenarios.py::test_massive_session_creation[110_36] PASSED  [ 75%]
test_massive_scenarios.py::test_massive_session_creation[120_36] PASSED  [ 75%]
test_massive_scenarios.py::test_massive_session_creation[130_36] PASSED  [ 75%]
test_massive_scenarios.py::test_massive_session_creation[10_37] PASSED   [ 75%]
test_massive_scenarios.py::test_massive_session_creation[20_37] PASSED   [ 75%]
test_massive_scenarios.py::test_massive_session_creation[30_37] PASSED   [ 75%]
test_massive_scenarios.py::test_massive_session_creation[40_37] PASSED   [ 75%]
test_massive_scenarios.py::test_massive_session_creation[50_37] PASSED   [ 75%]
test_massive_scenarios.py::test_massive_session_creation[60_37] PASSED   [ 75%]
test_massive_scenarios.py::test_massive_session_creation[70_37] PASSED   [ 75%]
test_massive_scenarios.py::test_massive_session_creation[80_37] PASSED   [ 75%]
test_massive_scenarios.py::test_massive_session_creation[90_37] PASSED   [ 75%]
test_massive_scenarios.py::test_massive_session_creation[100_37] PASSED  [ 75%]
test_massive_scenarios.py::test_massive_session_creation[110_37] PASSED  [ 75%]
test_massive_scenarios.py::test_massive_session_creation[120_37] PASSED  [ 75%]
test_massive_scenarios.py::test_massive_session_creation[130_37] PASSED  [ 75%]
test_massive_scenarios.py::test_massive_session_creation[10_38] PASSED   [ 75%]
test_massive_scenarios.py::test_massive_session_creation[20_38] PASSED   [ 75%]
test_massive_scenarios.py::test_massive_session_creation[30_38] PASSED   [ 75%]
test_massive_scenarios.py::test_massive_session_creation[40_38] PASSED   [ 75%]
test_massive_scenarios.py::test_massive_session_creation[50_38] PASSED   [ 75%]
test_massive_scenarios.py::test_massive_session_creation[60_38] PASSED   [ 75%]
test_massive_scenarios.py::test_massive_session_creation[70_38] PASSED   [ 75%]
test_massive_scenarios.py::test_massive_session_creation[80_38] PASSED   [ 75%]
test_massive_scenarios.py::test_massive_session_creation[90_38] PASSED   [ 75%]
test_massive_scenarios.py::test_massive_session_creation[100_38] PASSED  [ 75%]
test_massive_scenarios.py::test_massive_session_creation[110_38] PASSED  [ 75%]
test_massive_scenarios.py::test_massive_session_creation[120_38] PASSED  [ 75%]
test_massive_scenarios.py::test_massive_session_creation[130_38] PASSED  [ 75%]
test_massive_scenarios.py::test_massive_session_creation[10_39] PASSED   [ 75%]
test_massive_scenarios.py::test_massive_session_creation[20_39] PASSED   [ 75%]
test_massive_scenarios.py::test_massive_session_creation[30_39] PASSED   [ 75%]
test_massive_scenarios.py::test_massive_session_creation[40_39] PASSED   [ 75%]
test_massive_scenarios.py::test_massive_session_creation[50_39] PASSED   [ 75%]
test_massive_scenarios.py::test_massive_session_creation[60_39] PASSED   [ 75%]
test_massive_scenarios.py::test_massive_session_creation[70_39] PASSED   [ 75%]
test_massive_scenarios.py::test_massive_session_creation[80_39] PASSED   [ 75%]
test_massive_scenarios.py::test_massive_session_creation[90_39] PASSED   [ 75%]
test_massive_scenarios.py::test_massive_session_creation[100_39] PASSED  [ 75%]
test_massive_scenarios.py::test_massive_session_creation[110_39] PASSED  [ 75%]
test_massive_scenarios.py::test_massive_session_creation[120_39] PASSED  [ 75%]
test_massive_scenarios.py::test_massive_session_creation[130_39] PASSED  [ 75%]
test_massive_scenarios.py::test_massive_session_creation[10_40] PASSED   [ 75%]
test_massive_scenarios.py::test_massive_session_creation[20_40] PASSED   [ 75%]
test_massive_scenarios.py::test_massive_session_creation[30_40] PASSED   [ 75%]
test_massive_scenarios.py::test_massive_session_creation[40_40] PASSED   [ 75%]
test_massive_scenarios.py::test_massive_session_creation[50_40] PASSED   [ 75%]
test_massive_scenarios.py::test_massive_session_creation[60_40] PASSED   [ 75%]
test_massive_scenarios.py::test_massive_session_creation[70_40] PASSED   [ 75%]
test_massive_scenarios.py::test_massive_session_creation[80_40] PASSED   [ 75%]
test_massive_scenarios.py::test_massive_session_creation[90_40] PASSED   [ 75%]
test_massive_scenarios.py::test_massive_session_creation[100_40] PASSED  [ 75%]
test_massive_scenarios.py::test_massive_session_creation[110_40] PASSED  [ 75%]
test_massive_scenarios.py::test_massive_session_creation[120_40] PASSED  [ 75%]
test_massive_scenarios.py::test_massive_session_creation[130_40] PASSED  [ 75%]
test_massive_scenarios.py::test_massive_session_creation[10_41] PASSED   [ 75%]
test_massive_scenarios.py::test_massive_session_creation[20_41] PASSED   [ 75%]
test_massive_scenarios.py::test_massive_session_creation[30_41] PASSED   [ 75%]
test_massive_scenarios.py::test_massive_session_creation[40_41] PASSED   [ 75%]
test_massive_scenarios.py::test_massive_session_creation[50_41] PASSED   [ 75%]
test_massive_scenarios.py::test_massive_session_creation[60_41] PASSED   [ 75%]
test_massive_scenarios.py::test_massive_session_creation[70_41] PASSED   [ 75%]
test_massive_scenarios.py::test_massive_session_creation[80_41] PASSED   [ 75%]
test_massive_scenarios.py::test_massive_session_creation[90_41] PASSED   [ 76%]
test_massive_scenarios.py::test_massive_session_creation[100_41] PASSED  [ 76%]
test_massive_scenarios.py::test_massive_session_creation[110_41] PASSED  [ 76%]
test_massive_scenarios.py::test_massive_session_creation[120_41] PASSED  [ 76%]
test_massive_scenarios.py::test_massive_session_creation[130_41] PASSED  [ 76%]
test_massive_scenarios.py::test_massive_session_creation[10_42] PASSED   [ 76%]
test_massive_scenarios.py::test_massive_session_creation[20_42] PASSED   [ 76%]
test_massive_scenarios.py::test_massive_session_creation[30_42] PASSED   [ 76%]
test_massive_scenarios.py::test_massive_session_creation[40_42] PASSED   [ 76%]
test_massive_scenarios.py::test_massive_session_creation[50_42] PASSED   [ 76%]
test_massive_scenarios.py::test_massive_session_creation[60_42] PASSED   [ 76%]
test_massive_scenarios.py::test_massive_session_creation[70_42] PASSED   [ 76%]
test_massive_scenarios.py::test_massive_session_creation[80_42] PASSED   [ 76%]
test_massive_scenarios.py::test_massive_session_creation[90_42] PASSED   [ 76%]
test_massive_scenarios.py::test_massive_session_creation[100_42] PASSED  [ 76%]
test_massive_scenarios.py::test_massive_session_creation[110_42] PASSED  [ 76%]
test_massive_scenarios.py::test_massive_session_creation[120_42] PASSED  [ 76%]
test_massive_scenarios.py::test_massive_session_creation[130_42] PASSED  [ 76%]
test_massive_scenarios.py::test_massive_session_creation[10_43] PASSED   [ 76%]
test_massive_scenarios.py::test_massive_session_creation[20_43] PASSED   [ 76%]
test_massive_scenarios.py::test_massive_session_creation[30_43] PASSED   [ 76%]
test_massive_scenarios.py::test_massive_session_creation[40_43] PASSED   [ 76%]
test_massive_scenarios.py::test_massive_session_creation[50_43] PASSED   [ 76%]
test_massive_scenarios.py::test_massive_session_creation[60_43] PASSED   [ 76%]
test_massive_scenarios.py::test_massive_session_creation[70_43] PASSED   [ 76%]
test_massive_scenarios.py::test_massive_session_creation[80_43] PASSED   [ 76%]
test_massive_scenarios.py::test_massive_session_creation[90_43] PASSED   [ 76%]
test_massive_scenarios.py::test_massive_session_creation[100_43] PASSED  [ 76%]
test_massive_scenarios.py::test_massive_session_creation[110_43] PASSED  [ 76%]
test_massive_scenarios.py::test_massive_session_creation[120_43] PASSED  [ 76%]
test_massive_scenarios.py::test_massive_session_creation[130_43] PASSED  [ 76%]
test_massive_scenarios.py::test_massive_session_creation[10_44] PASSED   [ 76%]
test_massive_scenarios.py::test_massive_session_creation[20_44] PASSED   [ 76%]
test_massive_scenarios.py::test_massive_session_creation[30_44] PASSED   [ 76%]
test_massive_scenarios.py::test_massive_session_creation[40_44] PASSED   [ 76%]
test_massive_scenarios.py::test_massive_session_creation[50_44] PASSED   [ 76%]
test_massive_scenarios.py::test_massive_session_creation[60_44] PASSED   [ 76%]
test_massive_scenarios.py::test_massive_session_creation[70_44] PASSED   [ 76%]
test_massive_scenarios.py::test_massive_session_creation[80_44] PASSED   [ 76%]
test_massive_scenarios.py::test_massive_session_creation[90_44] PASSED   [ 76%]
test_massive_scenarios.py::test_massive_session_creation[100_44] PASSED  [ 76%]
test_massive_scenarios.py::test_massive_session_creation[110_44] PASSED  [ 76%]
test_massive_scenarios.py::test_massive_session_creation[120_44] PASSED  [ 76%]
test_massive_scenarios.py::test_massive_session_creation[130_44] PASSED  [ 76%]
test_massive_scenarios.py::test_massive_session_creation[10_45] PASSED   [ 76%]
test_massive_scenarios.py::test_massive_session_creation[20_45] PASSED   [ 76%]
test_massive_scenarios.py::test_massive_session_creation[30_45] PASSED   [ 76%]
test_massive_scenarios.py::test_massive_session_creation[40_45] PASSED   [ 76%]
test_massive_scenarios.py::test_massive_session_creation[50_45] PASSED   [ 76%]
test_massive_scenarios.py::test_massive_session_creation[60_45] PASSED   [ 76%]
test_massive_scenarios.py::test_massive_session_creation[70_45] PASSED   [ 76%]
test_massive_scenarios.py::test_massive_session_creation[80_45] PASSED   [ 76%]
test_massive_scenarios.py::test_massive_session_creation[90_45] PASSED   [ 76%]
test_massive_scenarios.py::test_massive_session_creation[100_45] PASSED  [ 76%]
test_massive_scenarios.py::test_massive_session_creation[110_45] PASSED  [ 76%]
test_massive_scenarios.py::test_massive_session_creation[120_45] PASSED  [ 76%]
test_massive_scenarios.py::test_massive_session_creation[130_45] PASSED  [ 76%]
test_massive_scenarios.py::test_massive_session_creation[10_46] PASSED   [ 76%]
test_massive_scenarios.py::test_massive_session_creation[20_46] PASSED   [ 76%]
test_massive_scenarios.py::test_massive_session_creation[30_46] PASSED   [ 76%]
test_massive_scenarios.py::test_massive_session_creation[40_46] PASSED   [ 76%]
test_massive_scenarios.py::test_massive_session_creation[50_46] PASSED   [ 76%]
test_massive_scenarios.py::test_massive_session_creation[60_46] PASSED   [ 76%]
test_massive_scenarios.py::test_massive_session_creation[70_46] PASSED   [ 76%]
test_massive_scenarios.py::test_massive_session_creation[80_46] PASSED   [ 76%]
test_massive_scenarios.py::test_massive_session_creation[90_46] PASSED   [ 77%]
test_massive_scenarios.py::test_massive_session_creation[100_46] PASSED  [ 77%]
test_massive_scenarios.py::test_massive_session_creation[110_46] PASSED  [ 77%]
test_massive_scenarios.py::test_massive_session_creation[120_46] PASSED  [ 77%]
test_massive_scenarios.py::test_massive_session_creation[130_46] PASSED  [ 77%]
test_massive_scenarios.py::test_massive_session_creation[10_47] PASSED   [ 77%]
test_massive_scenarios.py::test_massive_session_creation[20_47] PASSED   [ 77%]
test_massive_scenarios.py::test_massive_session_creation[30_47] PASSED   [ 77%]
test_massive_scenarios.py::test_massive_session_creation[40_47] PASSED   [ 77%]
test_massive_scenarios.py::test_massive_session_creation[50_47] PASSED   [ 77%]
test_massive_scenarios.py::test_massive_session_creation[60_47] PASSED   [ 77%]
test_massive_scenarios.py::test_massive_session_creation[70_47] PASSED   [ 77%]
test_massive_scenarios.py::test_massive_session_creation[80_47] PASSED   [ 77%]
test_massive_scenarios.py::test_massive_session_creation[90_47] PASSED   [ 77%]
test_massive_scenarios.py::test_massive_session_creation[100_47] PASSED  [ 77%]
test_massive_scenarios.py::test_massive_session_creation[110_47] PASSED  [ 77%]
test_massive_scenarios.py::test_massive_session_creation[120_47] PASSED  [ 77%]
test_massive_scenarios.py::test_massive_session_creation[130_47] PASSED  [ 77%]
test_massive_scenarios.py::test_massive_session_creation[10_48] PASSED   [ 77%]
test_massive_scenarios.py::test_massive_session_creation[20_48] PASSED   [ 77%]
test_massive_scenarios.py::test_massive_session_creation[30_48] PASSED   [ 77%]
test_massive_scenarios.py::test_massive_session_creation[40_48] PASSED   [ 77%]
test_massive_scenarios.py::test_massive_session_creation[50_48] PASSED   [ 77%]
test_massive_scenarios.py::test_massive_session_creation[60_48] PASSED   [ 77%]
test_massive_scenarios.py::test_massive_session_creation[70_48] PASSED   [ 77%]
test_massive_scenarios.py::test_massive_session_creation[80_48] PASSED   [ 77%]
test_massive_scenarios.py::test_massive_session_creation[90_48] PASSED   [ 77%]
test_massive_scenarios.py::test_massive_session_creation[100_48] PASSED  [ 77%]
test_massive_scenarios.py::test_massive_session_creation[110_48] PASSED  [ 77%]
test_massive_scenarios.py::test_massive_session_creation[120_48] PASSED  [ 77%]
test_massive_scenarios.py::test_massive_session_creation[130_48] PASSED  [ 77%]
test_massive_scenarios.py::test_massive_session_creation[10_49] PASSED   [ 77%]
test_massive_scenarios.py::test_massive_session_creation[20_49] PASSED   [ 77%]
test_massive_scenarios.py::test_massive_session_creation[30_49] PASSED   [ 77%]
test_massive_scenarios.py::test_massive_session_creation[40_49] PASSED   [ 77%]
test_massive_scenarios.py::test_massive_session_creation[50_49] PASSED   [ 77%]
test_massive_scenarios.py::test_massive_session_creation[60_49] PASSED   [ 77%]
test_massive_scenarios.py::test_massive_session_creation[70_49] PASSED   [ 77%]
test_massive_scenarios.py::test_massive_session_creation[80_49] PASSED   [ 77%]
test_massive_scenarios.py::test_massive_session_creation[90_49] PASSED   [ 77%]
test_massive_scenarios.py::test_massive_session_creation[100_49] PASSED  [ 77%]
test_massive_scenarios.py::test_massive_session_creation[110_49] PASSED  [ 77%]
test_massive_scenarios.py::test_massive_session_creation[120_49] PASSED  [ 77%]
test_massive_scenarios.py::test_massive_session_creation[130_49] PASSED  [ 77%]
test_massive_scenarios.py::test_massive_session_creation[10_50] PASSED   [ 77%]
test_massive_scenarios.py::test_massive_session_creation[20_50] PASSED   [ 77%]
test_massive_scenarios.py::test_massive_session_creation[30_50] PASSED   [ 77%]
test_massive_scenarios.py::test_massive_session_creation[40_50] PASSED   [ 77%]
test_massive_scenarios.py::test_massive_session_creation[50_50] PASSED   [ 77%]
test_massive_scenarios.py::test_massive_session_creation[60_50] PASSED   [ 77%]
test_massive_scenarios.py::test_massive_session_creation[70_50] PASSED   [ 77%]
test_massive_scenarios.py::test_massive_session_creation[80_50] PASSED   [ 77%]
test_massive_scenarios.py::test_massive_session_creation[90_50] PASSED   [ 77%]
test_massive_scenarios.py::test_massive_session_creation[100_50] PASSED  [ 77%]
test_massive_scenarios.py::test_massive_session_creation[110_50] PASSED  [ 77%]
test_massive_scenarios.py::test_massive_session_creation[120_50] PASSED  [ 77%]
test_massive_scenarios.py::test_massive_session_creation[130_50] PASSED  [ 77%]
test_massive_scenarios.py::test_massive_session_creation[10_51] PASSED   [ 77%]
test_massive_scenarios.py::test_massive_session_creation[20_51] PASSED   [ 77%]
test_massive_scenarios.py::test_massive_session_creation[30_51] PASSED   [ 77%]
test_massive_scenarios.py::test_massive_session_creation[40_51] PASSED   [ 77%]
test_massive_scenarios.py::test_massive_session_creation[50_51] PASSED   [ 77%]
test_massive_scenarios.py::test_massive_session_creation[60_51] PASSED   [ 77%]
test_massive_scenarios.py::test_massive_session_creation[70_51] PASSED   [ 77%]
test_massive_scenarios.py::test_massive_session_creation[80_51] PASSED   [ 77%]
test_massive_scenarios.py::test_massive_session_creation[90_51] PASSED   [ 78%]
test_massive_scenarios.py::test_massive_session_creation[100_51] PASSED  [ 78%]
test_massive_scenarios.py::test_massive_session_creation[110_51] PASSED  [ 78%]
test_massive_scenarios.py::test_massive_session_creation[120_51] PASSED  [ 78%]
test_massive_scenarios.py::test_massive_session_creation[130_51] PASSED  [ 78%]
test_massive_scenarios.py::test_massive_session_creation[10_52] PASSED   [ 78%]
test_massive_scenarios.py::test_massive_session_creation[20_52] PASSED   [ 78%]
test_massive_scenarios.py::test_massive_session_creation[30_52] PASSED   [ 78%]
test_massive_scenarios.py::test_massive_session_creation[40_52] PASSED   [ 78%]
test_massive_scenarios.py::test_massive_session_creation[50_52] PASSED   [ 78%]
test_massive_scenarios.py::test_massive_session_creation[60_52] PASSED   [ 78%]
test_massive_scenarios.py::test_massive_session_creation[70_52] PASSED   [ 78%]
test_massive_scenarios.py::test_massive_session_creation[80_52] PASSED   [ 78%]
test_massive_scenarios.py::test_massive_session_creation[90_52] PASSED   [ 78%]
test_massive_scenarios.py::test_massive_session_creation[100_52] PASSED  [ 78%]
test_massive_scenarios.py::test_massive_session_creation[110_52] PASSED  [ 78%]
test_massive_scenarios.py::test_massive_session_creation[120_52] PASSED  [ 78%]
test_massive_scenarios.py::test_massive_session_creation[130_52] PASSED  [ 78%]
test_massive_scenarios.py::test_massive_session_creation[10_53] PASSED   [ 78%]
test_massive_scenarios.py::test_massive_session_creation[20_53] PASSED   [ 78%]
test_massive_scenarios.py::test_massive_session_creation[30_53] PASSED   [ 78%]
test_massive_scenarios.py::test_massive_session_creation[40_53] PASSED   [ 78%]
test_massive_scenarios.py::test_massive_session_creation[50_53] PASSED   [ 78%]
test_massive_scenarios.py::test_massive_session_creation[60_53] PASSED   [ 78%]
test_massive_scenarios.py::test_massive_session_creation[70_53] PASSED   [ 78%]
test_massive_scenarios.py::test_massive_session_creation[80_53] PASSED   [ 78%]
test_massive_scenarios.py::test_massive_session_creation[90_53] PASSED   [ 78%]
test_massive_scenarios.py::test_massive_session_creation[100_53] PASSED  [ 78%]
test_massive_scenarios.py::test_massive_session_creation[110_53] PASSED  [ 78%]
test_massive_scenarios.py::test_massive_session_creation[120_53] PASSED  [ 78%]
test_massive_scenarios.py::test_massive_session_creation[130_53] PASSED  [ 78%]
test_massive_scenarios.py::test_massive_session_creation[10_54] PASSED   [ 78%]
test_massive_scenarios.py::test_massive_session_creation[20_54] PASSED   [ 78%]
test_massive_scenarios.py::test_massive_session_creation[30_54] PASSED   [ 78%]
test_massive_scenarios.py::test_massive_session_creation[40_54] PASSED   [ 78%]
test_massive_scenarios.py::test_massive_session_creation[50_54] PASSED   [ 78%]
test_massive_scenarios.py::test_massive_session_creation[60_54] PASSED   [ 78%]
test_massive_scenarios.py::test_massive_session_creation[70_54] PASSED   [ 78%]
test_massive_scenarios.py::test_massive_session_creation[80_54] PASSED   [ 78%]
test_massive_scenarios.py::test_massive_session_creation[90_54] PASSED   [ 78%]
test_massive_scenarios.py::test_massive_session_creation[100_54] PASSED  [ 78%]
test_massive_scenarios.py::test_massive_session_creation[110_54] PASSED  [ 78%]
test_massive_scenarios.py::test_massive_session_creation[120_54] PASSED  [ 78%]
test_massive_scenarios.py::test_massive_session_creation[130_54] PASSED  [ 78%]
test_massive_scenarios.py::test_massive_session_creation[10_55] PASSED   [ 78%]
test_massive_scenarios.py::test_massive_session_creation[20_55] PASSED   [ 78%]
test_massive_scenarios.py::test_massive_session_creation[30_55] PASSED   [ 78%]
test_massive_scenarios.py::test_massive_session_creation[40_55] PASSED   [ 78%]
test_massive_scenarios.py::test_massive_session_creation[50_55] PASSED   [ 78%]
test_massive_scenarios.py::test_massive_session_creation[60_55] PASSED   [ 78%]
test_massive_scenarios.py::test_massive_session_creation[70_55] PASSED   [ 78%]
test_massive_scenarios.py::test_massive_session_creation[80_55] PASSED   [ 78%]
test_massive_scenarios.py::test_massive_session_creation[90_55] PASSED   [ 78%]
test_massive_scenarios.py::test_massive_session_creation[100_55] PASSED  [ 78%]
test_massive_scenarios.py::test_massive_session_creation[110_55] PASSED  [ 78%]
test_massive_scenarios.py::test_massive_session_creation[120_55] PASSED  [ 78%]
test_massive_scenarios.py::test_massive_session_creation[130_55] PASSED  [ 78%]
test_massive_scenarios.py::test_massive_session_creation[10_56] PASSED   [ 78%]
test_massive_scenarios.py::test_massive_session_creation[20_56] PASSED   [ 78%]
test_massive_scenarios.py::test_massive_session_creation[30_56] PASSED   [ 78%]
test_massive_scenarios.py::test_massive_session_creation[40_56] PASSED   [ 78%]
test_massive_scenarios.py::test_massive_session_creation[50_56] PASSED   [ 78%]
test_massive_scenarios.py::test_massive_session_creation[60_56] PASSED   [ 78%]
test_massive_scenarios.py::test_massive_session_creation[70_56] PASSED   [ 78%]
test_massive_scenarios.py::test_massive_session_creation[80_56] PASSED   [ 78%]
test_massive_scenarios.py::test_massive_session_creation[90_56] PASSED   [ 78%]
test_massive_scenarios.py::test_massive_session_creation[100_56] PASSED  [ 79%]
test_massive_scenarios.py::test_massive_session_creation[110_56] PASSED  [ 79%]
test_massive_scenarios.py::test_massive_session_creation[120_56] PASSED  [ 79%]
test_massive_scenarios.py::test_massive_session_creation[130_56] PASSED  [ 79%]
test_massive_scenarios.py::test_massive_session_creation[10_57] PASSED   [ 79%]
test_massive_scenarios.py::test_massive_session_creation[20_57] PASSED   [ 79%]
test_massive_scenarios.py::test_massive_session_creation[30_57] PASSED   [ 79%]
test_massive_scenarios.py::test_massive_session_creation[40_57] PASSED   [ 79%]
test_massive_scenarios.py::test_massive_session_creation[50_57] PASSED   [ 79%]
test_massive_scenarios.py::test_massive_session_creation[60_57] PASSED   [ 79%]
test_massive_scenarios.py::test_massive_session_creation[70_57] PASSED   [ 79%]
test_massive_scenarios.py::test_massive_session_creation[80_57] PASSED   [ 79%]
test_massive_scenarios.py::test_massive_session_creation[90_57] PASSED   [ 79%]
test_massive_scenarios.py::test_massive_session_creation[100_57] PASSED  [ 79%]
test_massive_scenarios.py::test_massive_session_creation[110_57] PASSED  [ 79%]
test_massive_scenarios.py::test_massive_session_creation[120_57] PASSED  [ 79%]
test_massive_scenarios.py::test_massive_session_creation[130_57] PASSED  [ 79%]
test_massive_scenarios.py::test_massive_session_creation[10_58] PASSED   [ 79%]
test_massive_scenarios.py::test_massive_session_creation[20_58] PASSED   [ 79%]
test_massive_scenarios.py::test_massive_session_creation[30_58] PASSED   [ 79%]
test_massive_scenarios.py::test_massive_session_creation[40_58] PASSED   [ 79%]
test_massive_scenarios.py::test_massive_session_creation[50_58] PASSED   [ 79%]
test_massive_scenarios.py::test_massive_session_creation[60_58] PASSED   [ 79%]
test_massive_scenarios.py::test_massive_session_creation[70_58] PASSED   [ 79%]
test_massive_scenarios.py::test_massive_session_creation[80_58] PASSED   [ 79%]
test_massive_scenarios.py::test_massive_session_creation[90_58] PASSED   [ 79%]
test_massive_scenarios.py::test_massive_session_creation[100_58] PASSED  [ 79%]
test_massive_scenarios.py::test_massive_session_creation[110_58] PASSED  [ 79%]
test_massive_scenarios.py::test_massive_session_creation[120_58] PASSED  [ 79%]
test_massive_scenarios.py::test_massive_session_creation[130_58] PASSED  [ 79%]
test_massive_scenarios.py::test_massive_session_creation[10_59] PASSED   [ 79%]
test_massive_scenarios.py::test_massive_session_creation[20_59] PASSED   [ 79%]
test_massive_scenarios.py::test_massive_session_creation[30_59] PASSED   [ 79%]
test_massive_scenarios.py::test_massive_session_creation[40_59] PASSED   [ 79%]
test_massive_scenarios.py::test_massive_session_creation[50_59] PASSED   [ 79%]
test_massive_scenarios.py::test_massive_session_creation[60_59] PASSED   [ 79%]
test_massive_scenarios.py::test_massive_session_creation[70_59] PASSED   [ 79%]
test_massive_scenarios.py::test_massive_session_creation[80_59] PASSED   [ 79%]
test_massive_scenarios.py::test_massive_session_creation[90_59] PASSED   [ 79%]
test_massive_scenarios.py::test_massive_session_creation[100_59] PASSED  [ 79%]
test_massive_scenarios.py::test_massive_session_creation[110_59] PASSED  [ 79%]
test_massive_scenarios.py::test_massive_session_creation[120_59] PASSED  [ 79%]
test_massive_scenarios.py::test_massive_session_creation[130_59] PASSED  [ 79%]
test_massive_scenarios.py::test_massive_session_creation[10_60] PASSED   [ 79%]
test_massive_scenarios.py::test_massive_session_creation[20_60] PASSED   [ 79%]
test_massive_scenarios.py::test_massive_session_creation[30_60] PASSED   [ 79%]
test_massive_scenarios.py::test_massive_session_creation[40_60] PASSED   [ 79%]
test_massive_scenarios.py::test_massive_session_creation[50_60] PASSED   [ 79%]
test_massive_scenarios.py::test_massive_session_creation[60_60] PASSED   [ 79%]
test_massive_scenarios.py::test_massive_session_creation[70_60] PASSED   [ 79%]
test_massive_scenarios.py::test_massive_session_creation[80_60] PASSED   [ 79%]
test_massive_scenarios.py::test_massive_session_creation[90_60] PASSED   [ 79%]
test_massive_scenarios.py::test_massive_session_creation[100_60] PASSED  [ 79%]
test_massive_scenarios.py::test_massive_session_creation[110_60] PASSED  [ 79%]
test_massive_scenarios.py::test_massive_session_creation[120_60] PASSED  [ 79%]
test_massive_scenarios.py::test_massive_session_creation[130_60] PASSED  [ 79%]
test_massive_scenarios.py::test_massive_session_creation[10_61] PASSED   [ 79%]
test_massive_scenarios.py::test_massive_session_creation[20_61] PASSED   [ 79%]
test_massive_scenarios.py::test_massive_session_creation[30_61] PASSED   [ 79%]
test_massive_scenarios.py::test_massive_session_creation[40_61] PASSED   [ 79%]
test_massive_scenarios.py::test_massive_session_creation[50_61] PASSED   [ 79%]
test_massive_scenarios.py::test_massive_session_creation[60_61] PASSED   [ 79%]
test_massive_scenarios.py::test_massive_session_creation[70_61] PASSED   [ 79%]
test_massive_scenarios.py::test_massive_session_creation[80_61] PASSED   [ 79%]
test_massive_scenarios.py::test_massive_session_creation[90_61] PASSED   [ 79%]
test_massive_scenarios.py::test_massive_session_creation[100_61] PASSED  [ 80%]
test_massive_scenarios.py::test_massive_session_creation[110_61] PASSED  [ 80%]
test_massive_scenarios.py::test_massive_session_creation[120_61] PASSED  [ 80%]
test_massive_scenarios.py::test_massive_session_creation[130_61] PASSED  [ 80%]
test_massive_scenarios.py::test_massive_session_creation[10_62] PASSED   [ 80%]
test_massive_scenarios.py::test_massive_session_creation[20_62] PASSED   [ 80%]
test_massive_scenarios.py::test_massive_session_creation[30_62] PASSED   [ 80%]
test_massive_scenarios.py::test_massive_session_creation[40_62] PASSED   [ 80%]
test_massive_scenarios.py::test_massive_session_creation[50_62] PASSED   [ 80%]
test_massive_scenarios.py::test_massive_session_creation[60_62] PASSED   [ 80%]
test_massive_scenarios.py::test_massive_session_creation[70_62] PASSED   [ 80%]
test_massive_scenarios.py::test_massive_session_creation[80_62] PASSED   [ 80%]
test_massive_scenarios.py::test_massive_session_creation[90_62] PASSED   [ 80%]
test_massive_scenarios.py::test_massive_session_creation[100_62] PASSED  [ 80%]
test_massive_scenarios.py::test_massive_session_creation[110_62] PASSED  [ 80%]
test_massive_scenarios.py::test_massive_session_creation[120_62] PASSED  [ 80%]
test_massive_scenarios.py::test_massive_session_creation[130_62] PASSED  [ 80%]
test_massive_scenarios.py::test_massive_session_creation[10_63] PASSED   [ 80%]
test_massive_scenarios.py::test_massive_session_creation[20_63] PASSED   [ 80%]
test_massive_scenarios.py::test_massive_session_creation[30_63] PASSED   [ 80%]
test_massive_scenarios.py::test_massive_session_creation[40_63] PASSED   [ 80%]
test_massive_scenarios.py::test_massive_session_creation[50_63] PASSED   [ 80%]
test_massive_scenarios.py::test_massive_session_creation[60_63] PASSED   [ 80%]
test_massive_scenarios.py::test_massive_session_creation[70_63] PASSED   [ 80%]
test_massive_scenarios.py::test_massive_session_creation[80_63] PASSED   [ 80%]
test_massive_scenarios.py::test_massive_session_creation[90_63] PASSED   [ 80%]
test_massive_scenarios.py::test_massive_session_creation[100_63] PASSED  [ 80%]
test_massive_scenarios.py::test_massive_session_creation[110_63] PASSED  [ 80%]
test_massive_scenarios.py::test_massive_session_creation[120_63] PASSED  [ 80%]
test_massive_scenarios.py::test_massive_session_creation[130_63] PASSED  [ 80%]
test_massive_scenarios.py::test_massive_session_creation[10_64] PASSED   [ 80%]
test_massive_scenarios.py::test_massive_session_creation[20_64] PASSED   [ 80%]
test_massive_scenarios.py::test_massive_session_creation[30_64] PASSED   [ 80%]
test_massive_scenarios.py::test_massive_session_creation[40_64] PASSED   [ 80%]
test_massive_scenarios.py::test_massive_session_creation[50_64] PASSED   [ 80%]
test_massive_scenarios.py::test_massive_session_creation[60_64] PASSED   [ 80%]
test_massive_scenarios.py::test_massive_session_creation[70_64] PASSED   [ 80%]
test_massive_scenarios.py::test_massive_session_creation[80_64] PASSED   [ 80%]
test_massive_scenarios.py::test_massive_session_creation[90_64] PASSED   [ 80%]
test_massive_scenarios.py::test_massive_session_creation[100_64] PASSED  [ 80%]
test_massive_scenarios.py::test_massive_session_creation[110_64] PASSED  [ 80%]
test_massive_scenarios.py::test_massive_session_creation[120_64] PASSED  [ 80%]
test_massive_scenarios.py::test_massive_session_creation[130_64] PASSED  [ 80%]
test_massive_scenarios.py::test_massive_session_creation[10_65] PASSED   [ 80%]
test_massive_scenarios.py::test_massive_session_creation[20_65] PASSED   [ 80%]
test_massive_scenarios.py::test_massive_session_creation[30_65] PASSED   [ 80%]
test_massive_scenarios.py::test_massive_session_creation[40_65] PASSED   [ 80%]
test_massive_scenarios.py::test_massive_session_creation[50_65] PASSED   [ 80%]
test_massive_scenarios.py::test_massive_session_creation[60_65] PASSED   [ 80%]
test_massive_scenarios.py::test_massive_session_creation[70_65] PASSED   [ 80%]
test_massive_scenarios.py::test_massive_session_creation[80_65] PASSED   [ 80%]
test_massive_scenarios.py::test_massive_session_creation[90_65] PASSED   [ 80%]
test_massive_scenarios.py::test_massive_session_creation[100_65] PASSED  [ 80%]
test_massive_scenarios.py::test_massive_session_creation[110_65] PASSED  [ 80%]
test_massive_scenarios.py::test_massive_session_creation[120_65] PASSED  [ 80%]
test_massive_scenarios.py::test_massive_session_creation[130_65] PASSED  [ 80%]
test_massive_scenarios.py::test_massive_session_creation[10_66] PASSED   [ 80%]
test_massive_scenarios.py::test_massive_session_creation[20_66] PASSED   [ 80%]
test_massive_scenarios.py::test_massive_session_creation[30_66] PASSED   [ 80%]
test_massive_scenarios.py::test_massive_session_creation[40_66] PASSED   [ 80%]
test_massive_scenarios.py::test_massive_session_creation[50_66] PASSED   [ 80%]
test_massive_scenarios.py::test_massive_session_creation[60_66] PASSED   [ 80%]
test_massive_scenarios.py::test_massive_session_creation[70_66] PASSED   [ 80%]
test_massive_scenarios.py::test_massive_session_creation[80_66] PASSED   [ 80%]
test_massive_scenarios.py::test_massive_session_creation[90_66] PASSED   [ 80%]
test_massive_scenarios.py::test_massive_session_creation[100_66] PASSED  [ 80%]
test_massive_scenarios.py::test_massive_session_creation[110_66] PASSED  [ 81%]
test_massive_scenarios.py::test_massive_session_creation[120_66] PASSED  [ 81%]
test_massive_scenarios.py::test_massive_session_creation[130_66] PASSED  [ 81%]
test_massive_scenarios.py::test_massive_session_creation[10_67] PASSED   [ 81%]
test_massive_scenarios.py::test_massive_session_creation[20_67] PASSED   [ 81%]
test_massive_scenarios.py::test_massive_session_creation[30_67] PASSED   [ 81%]
test_massive_scenarios.py::test_massive_session_creation[40_67] PASSED   [ 81%]
test_massive_scenarios.py::test_massive_session_creation[50_67] PASSED   [ 81%]
test_massive_scenarios.py::test_massive_session_creation[60_67] PASSED   [ 81%]
test_massive_scenarios.py::test_massive_session_creation[70_67] PASSED   [ 81%]
test_massive_scenarios.py::test_massive_session_creation[80_67] PASSED   [ 81%]
test_massive_scenarios.py::test_massive_session_creation[90_67] PASSED   [ 81%]
test_massive_scenarios.py::test_massive_session_creation[100_67] PASSED  [ 81%]
test_massive_scenarios.py::test_massive_session_creation[110_67] PASSED  [ 81%]
test_massive_scenarios.py::test_massive_session_creation[120_67] PASSED  [ 81%]
test_massive_scenarios.py::test_massive_session_creation[130_67] PASSED  [ 81%]
test_massive_scenarios.py::test_massive_session_creation[10_68] PASSED   [ 81%]
test_massive_scenarios.py::test_massive_session_creation[20_68] PASSED   [ 81%]
test_massive_scenarios.py::test_massive_session_creation[30_68] PASSED   [ 81%]
test_massive_scenarios.py::test_massive_session_creation[40_68] PASSED   [ 81%]
test_massive_scenarios.py::test_massive_session_creation[50_68] PASSED   [ 81%]
test_massive_scenarios.py::test_massive_session_creation[60_68] PASSED   [ 81%]
test_massive_scenarios.py::test_massive_session_creation[70_68] PASSED   [ 81%]
test_massive_scenarios.py::test_massive_session_creation[80_68] PASSED   [ 81%]
test_massive_scenarios.py::test_massive_session_creation[90_68] PASSED   [ 81%]
test_massive_scenarios.py::test_massive_session_creation[100_68] PASSED  [ 81%]
test_massive_scenarios.py::test_massive_session_creation[110_68] PASSED  [ 81%]
test_massive_scenarios.py::test_massive_session_creation[120_68] PASSED  [ 81%]
test_massive_scenarios.py::test_massive_session_creation[130_68] PASSED  [ 81%]
test_massive_scenarios.py::test_massive_session_creation[10_69] PASSED   [ 81%]
test_massive_scenarios.py::test_massive_session_creation[20_69] PASSED   [ 81%]
test_massive_scenarios.py::test_massive_session_creation[30_69] PASSED   [ 81%]
test_massive_scenarios.py::test_massive_session_creation[40_69] PASSED   [ 81%]
test_massive_scenarios.py::test_massive_session_creation[50_69] PASSED   [ 81%]
test_massive_scenarios.py::test_massive_session_creation[60_69] PASSED   [ 81%]
test_massive_scenarios.py::test_massive_session_creation[70_69] PASSED   [ 81%]
test_massive_scenarios.py::test_massive_session_creation[80_69] PASSED   [ 81%]
test_massive_scenarios.py::test_massive_session_creation[90_69] PASSED   [ 81%]
test_massive_scenarios.py::test_massive_session_creation[100_69] PASSED  [ 81%]
test_massive_scenarios.py::test_massive_session_creation[110_69] PASSED  [ 81%]
test_massive_scenarios.py::test_massive_session_creation[120_69] PASSED  [ 81%]
test_massive_scenarios.py::test_massive_session_creation[130_69] PASSED  [ 81%]
test_massive_scenarios.py::test_massive_session_creation[10_70] PASSED   [ 81%]
test_massive_scenarios.py::test_massive_session_creation[20_70] PASSED   [ 81%]
test_massive_scenarios.py::test_massive_session_creation[30_70] PASSED   [ 81%]
test_massive_scenarios.py::test_massive_session_creation[40_70] PASSED   [ 81%]
test_massive_scenarios.py::test_massive_session_creation[50_70] PASSED   [ 81%]
test_massive_scenarios.py::test_massive_session_creation[60_70] PASSED   [ 81%]
test_massive_scenarios.py::test_massive_session_creation[70_70] PASSED   [ 81%]
test_massive_scenarios.py::test_massive_session_creation[80_70] PASSED   [ 81%]
test_massive_scenarios.py::test_massive_session_creation[90_70] PASSED   [ 81%]
test_massive_scenarios.py::test_massive_session_creation[100_70] PASSED  [ 81%]
test_massive_scenarios.py::test_massive_session_creation[110_70] PASSED  [ 81%]
test_massive_scenarios.py::test_massive_session_creation[120_70] PASSED  [ 81%]
test_massive_scenarios.py::test_massive_session_creation[130_70] PASSED  [ 81%]
test_massive_scenarios.py::test_massive_session_creation[10_71] PASSED   [ 81%]
test_massive_scenarios.py::test_massive_session_creation[20_71] PASSED   [ 81%]
test_massive_scenarios.py::test_massive_session_creation[30_71] PASSED   [ 81%]
test_massive_scenarios.py::test_massive_session_creation[40_71] PASSED   [ 81%]
test_massive_scenarios.py::test_massive_session_creation[50_71] PASSED   [ 81%]
test_massive_scenarios.py::test_massive_session_creation[60_71] PASSED   [ 81%]
test_massive_scenarios.py::test_massive_session_creation[70_71] PASSED   [ 81%]
test_massive_scenarios.py::test_massive_session_creation[80_71] PASSED   [ 81%]
test_massive_scenarios.py::test_massive_session_creation[90_71] PASSED   [ 81%]
test_massive_scenarios.py::test_massive_session_creation[100_71] PASSED  [ 81%]
test_massive_scenarios.py::test_massive_session_creation[110_71] PASSED  [ 82%]
test_massive_scenarios.py::test_massive_session_creation[120_71] PASSED  [ 82%]
test_massive_scenarios.py::test_massive_session_creation[130_71] PASSED  [ 82%]
test_massive_scenarios.py::test_massive_session_creation[10_72] PASSED   [ 82%]
test_massive_scenarios.py::test_massive_session_creation[20_72] PASSED   [ 82%]
test_massive_scenarios.py::test_massive_session_creation[30_72] PASSED   [ 82%]
test_massive_scenarios.py::test_massive_session_creation[40_72] PASSED   [ 82%]
test_massive_scenarios.py::test_massive_session_creation[50_72] PASSED   [ 82%]
test_massive_scenarios.py::test_massive_session_creation[60_72] PASSED   [ 82%]
test_massive_scenarios.py::test_massive_session_creation[70_72] PASSED   [ 82%]
test_massive_scenarios.py::test_massive_session_creation[80_72] PASSED   [ 82%]
test_massive_scenarios.py::test_massive_session_creation[90_72] PASSED   [ 82%]
test_massive_scenarios.py::test_massive_session_creation[100_72] PASSED  [ 82%]
test_massive_scenarios.py::test_massive_session_creation[110_72] PASSED  [ 82%]
test_massive_scenarios.py::test_massive_session_creation[120_72] PASSED  [ 82%]
test_massive_scenarios.py::test_massive_session_creation[130_72] PASSED  [ 82%]
test_massive_scenarios.py::test_massive_session_creation[10_73] PASSED   [ 82%]
test_massive_scenarios.py::test_massive_session_creation[20_73] PASSED   [ 82%]
test_massive_scenarios.py::test_massive_session_creation[30_73] PASSED   [ 82%]
test_massive_scenarios.py::test_massive_session_creation[40_73] PASSED   [ 82%]
test_massive_scenarios.py::test_massive_session_creation[50_73] PASSED   [ 82%]
test_massive_scenarios.py::test_massive_session_creation[60_73] PASSED   [ 82%]
test_massive_scenarios.py::test_massive_session_creation[70_73] PASSED   [ 82%]
test_massive_scenarios.py::test_massive_session_creation[80_73] PASSED   [ 82%]
test_massive_scenarios.py::test_massive_session_creation[90_73] PASSED   [ 82%]
test_massive_scenarios.py::test_massive_session_creation[100_73] PASSED  [ 82%]
test_massive_scenarios.py::test_massive_session_creation[110_73] PASSED  [ 82%]
test_massive_scenarios.py::test_massive_session_creation[120_73] PASSED  [ 82%]
test_massive_scenarios.py::test_massive_session_creation[130_73] PASSED  [ 82%]
test_massive_scenarios.py::test_massive_session_creation[10_74] PASSED   [ 82%]
test_massive_scenarios.py::test_massive_session_creation[20_74] PASSED   [ 82%]
test_massive_scenarios.py::test_massive_session_creation[30_74] PASSED   [ 82%]
test_massive_scenarios.py::test_massive_session_creation[40_74] PASSED   [ 82%]
test_massive_scenarios.py::test_massive_session_creation[50_74] PASSED   [ 82%]
test_massive_scenarios.py::test_massive_session_creation[60_74] PASSED   [ 82%]
test_massive_scenarios.py::test_massive_session_creation[70_74] PASSED   [ 82%]
test_massive_scenarios.py::test_massive_session_creation[80_74] PASSED   [ 82%]
test_massive_scenarios.py::test_massive_session_creation[90_74] PASSED   [ 82%]
test_massive_scenarios.py::test_massive_session_creation[100_74] PASSED  [ 82%]
test_massive_scenarios.py::test_massive_session_creation[110_74] PASSED  [ 82%]
test_massive_scenarios.py::test_massive_session_creation[120_74] PASSED  [ 82%]
test_massive_scenarios.py::test_massive_session_creation[130_74] PASSED  [ 82%]
test_massive_scenarios.py::test_massive_session_creation[10_75] PASSED   [ 82%]
test_massive_scenarios.py::test_massive_session_creation[20_75] PASSED   [ 82%]
test_massive_scenarios.py::test_massive_session_creation[30_75] PASSED   [ 82%]
test_massive_scenarios.py::test_massive_session_creation[40_75] PASSED   [ 82%]
test_massive_scenarios.py::test_massive_session_creation[50_75] PASSED   [ 82%]
test_massive_scenarios.py::test_massive_session_creation[60_75] PASSED   [ 82%]
test_massive_scenarios.py::test_massive_session_creation[70_75] PASSED   [ 82%]
test_massive_scenarios.py::test_massive_session_creation[80_75] PASSED   [ 82%]
test_massive_scenarios.py::test_massive_session_creation[90_75] PASSED   [ 82%]
test_massive_scenarios.py::test_massive_session_creation[100_75] PASSED  [ 82%]
test_massive_scenarios.py::test_massive_session_creation[110_75] PASSED  [ 82%]
test_massive_scenarios.py::test_massive_session_creation[120_75] PASSED  [ 82%]
test_massive_scenarios.py::test_massive_session_creation[130_75] PASSED  [ 82%]
test_massive_scenarios.py::test_massive_session_creation[10_76] PASSED   [ 82%]
test_massive_scenarios.py::test_massive_session_creation[20_76] PASSED   [ 82%]
test_massive_scenarios.py::test_massive_session_creation[30_76] PASSED   [ 82%]
test_massive_scenarios.py::test_massive_session_creation[40_76] PASSED   [ 82%]
test_massive_scenarios.py::test_massive_session_creation[50_76] PASSED   [ 82%]
test_massive_scenarios.py::test_massive_session_creation[60_76] PASSED   [ 82%]
test_massive_scenarios.py::test_massive_session_creation[70_76] PASSED   [ 82%]
test_massive_scenarios.py::test_massive_session_creation[80_76] PASSED   [ 82%]
test_massive_scenarios.py::test_massive_session_creation[90_76] PASSED   [ 82%]
test_massive_scenarios.py::test_massive_session_creation[100_76] PASSED  [ 82%]
test_massive_scenarios.py::test_massive_session_creation[110_76] PASSED  [ 82%]
test_massive_scenarios.py::test_massive_session_creation[120_76] PASSED  [ 83%]
test_massive_scenarios.py::test_massive_session_creation[130_76] PASSED  [ 83%]
test_massive_scenarios.py::test_massive_session_creation[10_77] PASSED   [ 83%]
test_massive_scenarios.py::test_massive_session_creation[20_77] PASSED   [ 83%]
test_massive_scenarios.py::test_massive_session_creation[30_77] PASSED   [ 83%]
test_massive_scenarios.py::test_massive_session_creation[40_77] PASSED   [ 83%]
test_massive_scenarios.py::test_massive_session_creation[50_77] PASSED   [ 83%]
test_massive_scenarios.py::test_massive_session_creation[60_77] PASSED   [ 83%]
test_massive_scenarios.py::test_massive_session_creation[70_77] PASSED   [ 83%]
test_massive_scenarios.py::test_massive_session_creation[80_77] PASSED   [ 83%]
test_massive_scenarios.py::test_massive_session_creation[90_77] PASSED   [ 83%]
test_massive_scenarios.py::test_massive_session_creation[100_77] PASSED  [ 83%]
test_massive_scenarios.py::test_massive_session_creation[110_77] PASSED  [ 83%]
test_massive_scenarios.py::test_massive_session_creation[120_77] PASSED  [ 83%]
test_massive_scenarios.py::test_massive_session_creation[130_77] PASSED  [ 83%]
test_massive_scenarios.py::test_massive_session_creation[10_78] PASSED   [ 83%]
test_massive_scenarios.py::test_massive_session_creation[20_78] PASSED   [ 83%]
test_massive_scenarios.py::test_massive_session_creation[30_78] PASSED   [ 83%]
test_massive_scenarios.py::test_massive_session_creation[40_78] PASSED   [ 83%]
test_massive_scenarios.py::test_massive_session_creation[50_78] PASSED   [ 83%]
test_massive_scenarios.py::test_massive_session_creation[60_78] PASSED   [ 83%]
test_massive_scenarios.py::test_massive_session_creation[70_78] PASSED   [ 83%]
test_massive_scenarios.py::test_massive_session_creation[80_78] PASSED   [ 83%]
test_massive_scenarios.py::test_massive_session_creation[90_78] PASSED   [ 83%]
test_massive_scenarios.py::test_massive_session_creation[100_78] PASSED  [ 83%]
test_massive_scenarios.py::test_massive_session_creation[110_78] PASSED  [ 83%]
test_massive_scenarios.py::test_massive_session_creation[120_78] PASSED  [ 83%]
test_massive_scenarios.py::test_massive_session_creation[130_78] PASSED  [ 83%]
test_massive_scenarios.py::test_massive_session_creation[10_79] PASSED   [ 83%]
test_massive_scenarios.py::test_massive_session_creation[20_79] PASSED   [ 83%]
test_massive_scenarios.py::test_massive_session_creation[30_79] PASSED   [ 83%]
test_massive_scenarios.py::test_massive_session_creation[40_79] PASSED   [ 83%]
test_massive_scenarios.py::test_massive_session_creation[50_79] PASSED   [ 83%]
test_massive_scenarios.py::test_massive_session_creation[60_79] PASSED   [ 83%]
test_massive_scenarios.py::test_massive_session_creation[70_79] PASSED   [ 83%]
test_massive_scenarios.py::test_massive_session_creation[80_79] PASSED   [ 83%]
test_massive_scenarios.py::test_massive_session_creation[90_79] PASSED   [ 83%]
test_massive_scenarios.py::test_massive_session_creation[100_79] PASSED  [ 83%]
test_massive_scenarios.py::test_massive_session_creation[110_79] PASSED  [ 83%]
test_massive_scenarios.py::test_massive_session_creation[120_79] PASSED  [ 83%]
test_massive_scenarios.py::test_massive_session_creation[130_79] PASSED  [ 83%]
test_massive_scenarios.py::test_massive_session_creation[10_80] PASSED   [ 83%]
test_massive_scenarios.py::test_massive_session_creation[20_80] PASSED   [ 83%]
test_massive_scenarios.py::test_massive_session_creation[30_80] PASSED   [ 83%]
test_massive_scenarios.py::test_massive_session_creation[40_80] PASSED   [ 83%]
test_massive_scenarios.py::test_massive_session_creation[50_80] PASSED   [ 83%]
test_massive_scenarios.py::test_massive_session_creation[60_80] PASSED   [ 83%]
test_massive_scenarios.py::test_massive_session_creation[70_80] PASSED   [ 83%]
test_massive_scenarios.py::test_massive_session_creation[80_80] PASSED   [ 83%]
test_massive_scenarios.py::test_massive_session_creation[90_80] PASSED   [ 83%]
test_massive_scenarios.py::test_massive_session_creation[100_80] PASSED  [ 83%]
test_massive_scenarios.py::test_massive_session_creation[110_80] PASSED  [ 83%]
test_massive_scenarios.py::test_massive_session_creation[120_80] PASSED  [ 83%]
test_massive_scenarios.py::test_massive_session_creation[130_80] PASSED  [ 83%]
test_massive_scenarios.py::test_massive_session_creation[10_81] PASSED   [ 83%]
test_massive_scenarios.py::test_massive_session_creation[20_81] PASSED   [ 83%]
test_massive_scenarios.py::test_massive_session_creation[30_81] PASSED   [ 83%]
test_massive_scenarios.py::test_massive_session_creation[40_81] PASSED   [ 83%]
test_massive_scenarios.py::test_massive_session_creation[50_81] PASSED   [ 83%]
test_massive_scenarios.py::test_massive_session_creation[60_81] PASSED   [ 83%]
test_massive_scenarios.py::test_massive_session_creation[70_81] PASSED   [ 83%]
test_massive_scenarios.py::test_massive_session_creation[80_81] PASSED   [ 83%]
test_massive_scenarios.py::test_massive_session_creation[90_81] PASSED   [ 83%]
test_massive_scenarios.py::test_massive_session_creation[100_81] PASSED  [ 83%]
test_massive_scenarios.py::test_massive_session_creation[110_81] PASSED  [ 83%]
test_massive_scenarios.py::test_massive_session_creation[120_81] PASSED  [ 84%]
test_massive_scenarios.py::test_massive_session_creation[130_81] PASSED  [ 84%]
test_massive_scenarios.py::test_massive_session_creation[10_82] PASSED   [ 84%]
test_massive_scenarios.py::test_massive_session_creation[20_82] PASSED   [ 84%]
test_massive_scenarios.py::test_massive_session_creation[30_82] PASSED   [ 84%]
test_massive_scenarios.py::test_massive_session_creation[40_82] PASSED   [ 84%]
test_massive_scenarios.py::test_massive_session_creation[50_82] PASSED   [ 84%]
test_massive_scenarios.py::test_massive_session_creation[60_82] PASSED   [ 84%]
test_massive_scenarios.py::test_massive_session_creation[70_82] PASSED   [ 84%]
test_massive_scenarios.py::test_massive_session_creation[80_82] PASSED   [ 84%]
test_massive_scenarios.py::test_massive_session_creation[90_82] PASSED   [ 84%]
test_massive_scenarios.py::test_massive_session_creation[100_82] PASSED  [ 84%]
test_massive_scenarios.py::test_massive_session_creation[110_82] PASSED  [ 84%]
test_massive_scenarios.py::test_massive_session_creation[120_82] PASSED  [ 84%]
test_massive_scenarios.py::test_massive_session_creation[130_82] PASSED  [ 84%]
test_massive_scenarios.py::test_massive_session_creation[10_83] PASSED   [ 84%]
test_massive_scenarios.py::test_massive_session_creation[20_83] PASSED   [ 84%]
test_massive_scenarios.py::test_massive_session_creation[30_83] PASSED   [ 84%]
test_massive_scenarios.py::test_massive_session_creation[40_83] PASSED   [ 84%]
test_massive_scenarios.py::test_massive_session_creation[50_83] PASSED   [ 84%]
test_massive_scenarios.py::test_massive_session_creation[60_83] PASSED   [ 84%]
test_massive_scenarios.py::test_massive_session_creation[70_83] PASSED   [ 84%]
test_massive_scenarios.py::test_massive_session_creation[80_83] PASSED   [ 84%]
test_massive_scenarios.py::test_massive_session_creation[90_83] PASSED   [ 84%]
test_massive_scenarios.py::test_massive_session_creation[100_83] PASSED  [ 84%]
test_massive_scenarios.py::test_massive_session_creation[110_83] PASSED  [ 84%]
test_massive_scenarios.py::test_massive_session_creation[120_83] PASSED  [ 84%]
test_massive_scenarios.py::test_massive_session_creation[130_83] PASSED  [ 84%]
test_massive_scenarios.py::test_massive_session_creation[10_84] PASSED   [ 84%]
test_massive_scenarios.py::test_massive_session_creation[20_84] PASSED   [ 84%]
test_massive_scenarios.py::test_massive_session_creation[30_84] PASSED   [ 84%]
test_massive_scenarios.py::test_massive_session_creation[40_84] PASSED   [ 84%]
test_massive_scenarios.py::test_massive_session_creation[50_84] PASSED   [ 84%]
test_massive_scenarios.py::test_massive_session_creation[60_84] PASSED   [ 84%]
test_massive_scenarios.py::test_massive_session_creation[70_84] PASSED   [ 84%]
test_massive_scenarios.py::test_massive_session_creation[80_84] PASSED   [ 84%]
test_massive_scenarios.py::test_massive_session_creation[90_84] PASSED   [ 84%]
test_massive_scenarios.py::test_massive_session_creation[100_84] PASSED  [ 84%]
test_massive_scenarios.py::test_massive_session_creation[110_84] PASSED  [ 84%]
test_massive_scenarios.py::test_massive_session_creation[120_84] PASSED  [ 84%]
test_massive_scenarios.py::test_massive_session_creation[130_84] PASSED  [ 84%]
test_massive_scenarios.py::test_massive_session_creation[10_85] PASSED   [ 84%]
test_massive_scenarios.py::test_massive_session_creation[20_85] PASSED   [ 84%]
test_massive_scenarios.py::test_massive_session_creation[30_85] PASSED   [ 84%]
test_massive_scenarios.py::test_massive_session_creation[40_85] PASSED   [ 84%]
test_massive_scenarios.py::test_massive_session_creation[50_85] PASSED   [ 84%]
test_massive_scenarios.py::test_massive_session_creation[60_85] PASSED   [ 84%]
test_massive_scenarios.py::test_massive_session_creation[70_85] PASSED   [ 84%]
test_massive_scenarios.py::test_massive_session_creation[80_85] PASSED   [ 84%]
test_massive_scenarios.py::test_massive_session_creation[90_85] PASSED   [ 84%]
test_massive_scenarios.py::test_massive_session_creation[100_85] PASSED  [ 84%]
test_massive_scenarios.py::test_massive_session_creation[110_85] PASSED  [ 84%]
test_massive_scenarios.py::test_massive_session_creation[120_85] PASSED  [ 84%]
test_massive_scenarios.py::test_massive_session_creation[130_85] PASSED  [ 84%]
test_massive_scenarios.py::test_massive_session_creation[10_86] PASSED   [ 84%]
test_massive_scenarios.py::test_massive_session_creation[20_86] PASSED   [ 84%]
test_massive_scenarios.py::test_massive_session_creation[30_86] PASSED   [ 84%]
test_massive_scenarios.py::test_massive_session_creation[40_86] PASSED   [ 84%]
test_massive_scenarios.py::test_massive_session_creation[50_86] PASSED   [ 84%]
test_massive_scenarios.py::test_massive_session_creation[60_86] PASSED   [ 84%]
test_massive_scenarios.py::test_massive_session_creation[70_86] PASSED   [ 84%]
test_massive_scenarios.py::test_massive_session_creation[80_86] PASSED   [ 84%]
test_massive_scenarios.py::test_massive_session_creation[90_86] PASSED   [ 84%]
test_massive_scenarios.py::test_massive_session_creation[100_86] PASSED  [ 84%]
test_massive_scenarios.py::test_massive_session_creation[110_86] PASSED  [ 84%]
test_massive_scenarios.py::test_massive_session_creation[120_86] PASSED  [ 85%]
test_massive_scenarios.py::test_massive_session_creation[130_86] PASSED  [ 85%]
test_massive_scenarios.py::test_massive_session_creation[10_87] PASSED   [ 85%]
test_massive_scenarios.py::test_massive_session_creation[20_87] PASSED   [ 85%]
test_massive_scenarios.py::test_massive_session_creation[30_87] PASSED   [ 85%]
test_massive_scenarios.py::test_massive_session_creation[40_87] PASSED   [ 85%]
test_massive_scenarios.py::test_massive_session_creation[50_87] PASSED   [ 85%]
test_massive_scenarios.py::test_massive_session_creation[60_87] PASSED   [ 85%]
test_massive_scenarios.py::test_massive_session_creation[70_87] PASSED   [ 85%]
test_massive_scenarios.py::test_massive_session_creation[80_87] PASSED   [ 85%]
test_massive_scenarios.py::test_massive_session_creation[90_87] PASSED   [ 85%]
test_massive_scenarios.py::test_massive_session_creation[100_87] PASSED  [ 85%]
test_massive_scenarios.py::test_massive_session_creation[110_87] PASSED  [ 85%]
test_massive_scenarios.py::test_massive_session_creation[120_87] PASSED  [ 85%]
test_massive_scenarios.py::test_massive_session_creation[130_87] PASSED  [ 85%]
test_massive_scenarios.py::test_massive_session_creation[10_88] PASSED   [ 85%]
test_massive_scenarios.py::test_massive_session_creation[20_88] PASSED   [ 85%]
test_massive_scenarios.py::test_massive_session_creation[30_88] PASSED   [ 85%]
test_massive_scenarios.py::test_massive_session_creation[40_88] PASSED   [ 85%]
test_massive_scenarios.py::test_massive_session_creation[50_88] PASSED   [ 85%]
test_massive_scenarios.py::test_massive_session_creation[60_88] PASSED   [ 85%]
test_massive_scenarios.py::test_massive_session_creation[70_88] PASSED   [ 85%]
test_massive_scenarios.py::test_massive_session_creation[80_88] PASSED   [ 85%]
test_massive_scenarios.py::test_massive_session_creation[90_88] PASSED   [ 85%]
test_massive_scenarios.py::test_massive_session_creation[100_88] PASSED  [ 85%]
test_massive_scenarios.py::test_massive_session_creation[110_88] PASSED  [ 85%]
test_massive_scenarios.py::test_massive_session_creation[120_88] PASSED  [ 85%]
test_massive_scenarios.py::test_massive_session_creation[130_88] PASSED  [ 85%]
test_massive_scenarios.py::test_massive_session_creation[10_89] PASSED   [ 85%]
test_massive_scenarios.py::test_massive_session_creation[20_89] PASSED   [ 85%]
test_massive_scenarios.py::test_massive_session_creation[30_89] PASSED   [ 85%]
test_massive_scenarios.py::test_massive_session_creation[40_89] PASSED   [ 85%]
test_massive_scenarios.py::test_massive_session_creation[50_89] PASSED   [ 85%]
test_massive_scenarios.py::test_massive_session_creation[60_89] PASSED   [ 85%]
test_massive_scenarios.py::test_massive_session_creation[70_89] PASSED   [ 85%]
test_massive_scenarios.py::test_massive_session_creation[80_89] PASSED   [ 85%]
test_massive_scenarios.py::test_massive_session_creation[90_89] PASSED   [ 85%]
test_massive_scenarios.py::test_massive_session_creation[100_89] PASSED  [ 85%]
test_massive_scenarios.py::test_massive_session_creation[110_89] PASSED  [ 85%]
test_massive_scenarios.py::test_massive_session_creation[120_89] PASSED  [ 85%]
test_massive_scenarios.py::test_massive_session_creation[130_89] PASSED  [ 85%]
test_massive_scenarios.py::test_massive_session_creation[10_90] PASSED   [ 85%]
test_massive_scenarios.py::test_massive_session_creation[20_90] PASSED   [ 85%]
test_massive_scenarios.py::test_massive_session_creation[30_90] PASSED   [ 85%]
test_massive_scenarios.py::test_massive_session_creation[40_90] PASSED   [ 85%]
test_massive_scenarios.py::test_massive_session_creation[50_90] PASSED   [ 85%]
test_massive_scenarios.py::test_massive_session_creation[60_90] PASSED   [ 85%]
test_massive_scenarios.py::test_massive_session_creation[70_90] PASSED   [ 85%]
test_massive_scenarios.py::test_massive_session_creation[80_90] PASSED   [ 85%]
test_massive_scenarios.py::test_massive_session_creation[90_90] PASSED   [ 85%]
test_massive_scenarios.py::test_massive_session_creation[100_90] PASSED  [ 85%]
test_massive_scenarios.py::test_massive_session_creation[110_90] PASSED  [ 85%]
test_massive_scenarios.py::test_massive_session_creation[120_90] PASSED  [ 85%]
test_massive_scenarios.py::test_massive_session_creation[130_90] PASSED  [ 85%]
test_massive_scenarios.py::test_massive_session_creation[10_91] PASSED   [ 85%]
test_massive_scenarios.py::test_massive_session_creation[20_91] PASSED   [ 85%]
test_massive_scenarios.py::test_massive_session_creation[30_91] PASSED   [ 85%]
test_massive_scenarios.py::test_massive_session_creation[40_91] PASSED   [ 85%]
test_massive_scenarios.py::test_massive_session_creation[50_91] PASSED   [ 85%]
test_massive_scenarios.py::test_massive_session_creation[60_91] PASSED   [ 85%]
test_massive_scenarios.py::test_massive_session_creation[70_91] PASSED   [ 85%]
test_massive_scenarios.py::test_massive_session_creation[80_91] PASSED   [ 85%]
test_massive_scenarios.py::test_massive_session_creation[90_91] PASSED   [ 85%]
test_massive_scenarios.py::test_massive_session_creation[100_91] PASSED  [ 85%]
test_massive_scenarios.py::test_massive_session_creation[110_91] PASSED  [ 85%]
test_massive_scenarios.py::test_massive_session_creation[120_91] PASSED  [ 85%]
test_massive_scenarios.py::test_massive_session_creation[130_91] PASSED  [ 86%]
test_massive_scenarios.py::test_massive_session_creation[10_92] PASSED   [ 86%]
test_massive_scenarios.py::test_massive_session_creation[20_92] PASSED   [ 86%]
test_massive_scenarios.py::test_massive_session_creation[30_92] PASSED   [ 86%]
test_massive_scenarios.py::test_massive_session_creation[40_92] PASSED   [ 86%]
test_massive_scenarios.py::test_massive_session_creation[50_92] PASSED   [ 86%]
test_massive_scenarios.py::test_massive_session_creation[60_92] PASSED   [ 86%]
test_massive_scenarios.py::test_massive_session_creation[70_92] PASSED   [ 86%]
test_massive_scenarios.py::test_massive_session_creation[80_92] PASSED   [ 86%]
test_massive_scenarios.py::test_massive_session_creation[90_92] PASSED   [ 86%]
test_massive_scenarios.py::test_massive_session_creation[100_92] PASSED  [ 86%]
test_massive_scenarios.py::test_massive_session_creation[110_92] PASSED  [ 86%]
test_massive_scenarios.py::test_massive_session_creation[120_92] PASSED  [ 86%]
test_massive_scenarios.py::test_massive_session_creation[130_92] PASSED  [ 86%]
test_massive_scenarios.py::test_massive_session_creation[10_93] PASSED   [ 86%]
test_massive_scenarios.py::test_massive_session_creation[20_93] PASSED   [ 86%]
test_massive_scenarios.py::test_massive_session_creation[30_93] PASSED   [ 86%]
test_massive_scenarios.py::test_massive_session_creation[40_93] PASSED   [ 86%]
test_massive_scenarios.py::test_massive_session_creation[50_93] PASSED   [ 86%]
test_massive_scenarios.py::test_massive_session_creation[60_93] PASSED   [ 86%]
test_massive_scenarios.py::test_massive_session_creation[70_93] PASSED   [ 86%]
test_massive_scenarios.py::test_massive_session_creation[80_93] PASSED   [ 86%]
test_massive_scenarios.py::test_massive_session_creation[90_93] PASSED   [ 86%]
test_massive_scenarios.py::test_massive_session_creation[100_93] PASSED  [ 86%]
test_massive_scenarios.py::test_massive_session_creation[110_93] PASSED  [ 86%]
test_massive_scenarios.py::test_massive_session_creation[120_93] PASSED  [ 86%]
test_massive_scenarios.py::test_massive_session_creation[130_93] PASSED  [ 86%]
test_massive_scenarios.py::test_massive_session_creation[10_94] PASSED   [ 86%]
test_massive_scenarios.py::test_massive_session_creation[20_94] PASSED   [ 86%]
test_massive_scenarios.py::test_massive_session_creation[30_94] PASSED   [ 86%]
test_massive_scenarios.py::test_massive_session_creation[40_94] PASSED   [ 86%]
test_massive_scenarios.py::test_massive_session_creation[50_94] PASSED   [ 86%]
test_massive_scenarios.py::test_massive_session_creation[60_94] PASSED   [ 86%]
test_massive_scenarios.py::test_massive_session_creation[70_94] PASSED   [ 86%]
test_massive_scenarios.py::test_massive_session_creation[80_94] PASSED   [ 86%]
test_massive_scenarios.py::test_massive_session_creation[90_94] PASSED   [ 86%]
test_massive_scenarios.py::test_massive_session_creation[100_94] PASSED  [ 86%]
test_massive_scenarios.py::test_massive_session_creation[110_94] PASSED  [ 86%]
test_massive_scenarios.py::test_massive_session_creation[120_94] PASSED  [ 86%]
test_massive_scenarios.py::test_massive_session_creation[130_94] PASSED  [ 86%]
test_massive_scenarios.py::test_massive_session_creation[10_95] PASSED   [ 86%]
test_massive_scenarios.py::test_massive_session_creation[20_95] PASSED   [ 86%]
test_massive_scenarios.py::test_massive_session_creation[30_95] PASSED   [ 86%]
test_massive_scenarios.py::test_massive_session_creation[40_95] PASSED   [ 86%]
test_massive_scenarios.py::test_massive_session_creation[50_95] PASSED   [ 86%]
test_massive_scenarios.py::test_massive_session_creation[60_95] PASSED   [ 86%]
test_massive_scenarios.py::test_massive_session_creation[70_95] PASSED   [ 86%]
test_massive_scenarios.py::test_massive_session_creation[80_95] PASSED   [ 86%]
test_massive_scenarios.py::test_massive_session_creation[90_95] PASSED   [ 86%]
test_massive_scenarios.py::test_massive_session_creation[100_95] PASSED  [ 86%]
test_massive_scenarios.py::test_massive_session_creation[110_95] PASSED  [ 86%]
test_massive_scenarios.py::test_massive_session_creation[120_95] PASSED  [ 86%]
test_massive_scenarios.py::test_massive_session_creation[130_95] PASSED  [ 86%]
test_massive_scenarios.py::test_massive_session_creation[10_96] PASSED   [ 86%]
test_massive_scenarios.py::test_massive_session_creation[20_96] PASSED   [ 86%]
test_massive_scenarios.py::test_massive_session_creation[30_96] PASSED   [ 86%]
test_massive_scenarios.py::test_massive_session_creation[40_96] PASSED   [ 86%]
test_massive_scenarios.py::test_massive_session_creation[50_96] PASSED   [ 86%]
test_massive_scenarios.py::test_massive_session_creation[60_96] PASSED   [ 86%]
test_massive_scenarios.py::test_massive_session_creation[70_96] PASSED   [ 86%]
test_massive_scenarios.py::test_massive_session_creation[80_96] PASSED   [ 86%]
test_massive_scenarios.py::test_massive_session_creation[90_96] PASSED   [ 86%]
test_massive_scenarios.py::test_massive_session_creation[100_96] PASSED  [ 86%]
test_massive_scenarios.py::test_massive_session_creation[110_96] PASSED  [ 86%]
test_massive_scenarios.py::test_massive_session_creation[120_96] PASSED  [ 86%]
test_massive_scenarios.py::test_massive_session_creation[130_96] PASSED  [ 87%]
test_massive_scenarios.py::test_massive_session_creation[10_97] PASSED   [ 87%]
test_massive_scenarios.py::test_massive_session_creation[20_97] PASSED   [ 87%]
test_massive_scenarios.py::test_massive_session_creation[30_97] PASSED   [ 87%]
test_massive_scenarios.py::test_massive_session_creation[40_97] PASSED   [ 87%]
test_massive_scenarios.py::test_massive_session_creation[50_97] PASSED   [ 87%]
test_massive_scenarios.py::test_massive_session_creation[60_97] PASSED   [ 87%]
test_massive_scenarios.py::test_massive_session_creation[70_97] PASSED   [ 87%]
test_massive_scenarios.py::test_massive_session_creation[80_97] PASSED   [ 87%]
test_massive_scenarios.py::test_massive_session_creation[90_97] PASSED   [ 87%]
test_massive_scenarios.py::test_massive_session_creation[100_97] PASSED  [ 87%]
test_massive_scenarios.py::test_massive_session_creation[110_97] PASSED  [ 87%]
test_massive_scenarios.py::test_massive_session_creation[120_97] PASSED  [ 87%]
test_massive_scenarios.py::test_massive_session_creation[130_97] PASSED  [ 87%]
test_massive_scenarios.py::test_massive_session_creation[10_98] PASSED   [ 87%]
test_massive_scenarios.py::test_massive_session_creation[20_98] PASSED   [ 87%]
test_massive_scenarios.py::test_massive_session_creation[30_98] PASSED   [ 87%]
test_massive_scenarios.py::test_massive_session_creation[40_98] PASSED   [ 87%]
test_massive_scenarios.py::test_massive_session_creation[50_98] PASSED   [ 87%]
test_massive_scenarios.py::test_massive_session_creation[60_98] PASSED   [ 87%]
test_massive_scenarios.py::test_massive_session_creation[70_98] PASSED   [ 87%]
test_massive_scenarios.py::test_massive_session_creation[80_98] PASSED   [ 87%]
test_massive_scenarios.py::test_massive_session_creation[90_98] PASSED   [ 87%]
test_massive_scenarios.py::test_massive_session_creation[100_98] PASSED  [ 87%]
test_massive_scenarios.py::test_massive_session_creation[110_98] PASSED  [ 87%]
test_massive_scenarios.py::test_massive_session_creation[120_98] PASSED  [ 87%]
test_massive_scenarios.py::test_massive_session_creation[130_98] PASSED  [ 87%]
test_massive_scenarios.py::test_massive_session_creation[10_99] PASSED   [ 87%]
test_massive_scenarios.py::test_massive_session_creation[20_99] PASSED   [ 87%]
test_massive_scenarios.py::test_massive_session_creation[30_99] PASSED   [ 87%]
test_massive_scenarios.py::test_massive_session_creation[40_99] PASSED   [ 87%]
test_massive_scenarios.py::test_massive_session_creation[50_99] PASSED   [ 87%]
test_massive_scenarios.py::test_massive_session_creation[60_99] PASSED   [ 87%]
test_massive_scenarios.py::test_massive_session_creation[70_99] PASSED   [ 87%]
test_massive_scenarios.py::test_massive_session_creation[80_99] PASSED   [ 87%]
test_massive_scenarios.py::test_massive_session_creation[90_99] PASSED   [ 87%]
test_massive_scenarios.py::test_massive_session_creation[100_99] PASSED  [ 87%]
test_massive_scenarios.py::test_massive_session_creation[110_99] PASSED  [ 87%]
test_massive_scenarios.py::test_massive_session_creation[120_99] PASSED  [ 87%]
test_massive_scenarios.py::test_massive_session_creation[130_99] PASSED  [ 87%]
test_massive_scenarios.py::test_invalid_session_get[0] PASSED            [ 87%]
test_massive_scenarios.py::test_invalid_session_get[1] PASSED            [ 87%]
test_massive_scenarios.py::test_invalid_session_get[2] PASSED            [ 87%]
test_massive_scenarios.py::test_invalid_session_get[3] PASSED            [ 87%]
test_massive_scenarios.py::test_invalid_session_get[4] PASSED            [ 87%]
test_massive_scenarios.py::test_invalid_session_get[5] PASSED            [ 87%]
test_massive_scenarios.py::test_invalid_session_get[6] PASSED            [ 87%]
test_massive_scenarios.py::test_invalid_session_get[7] PASSED            [ 87%]
test_massive_scenarios.py::test_invalid_session_get[8] PASSED            [ 87%]
test_massive_scenarios.py::test_invalid_session_get[9] PASSED            [ 87%]
test_massive_scenarios.py::test_invalid_session_get[10] PASSED           [ 87%]
test_massive_scenarios.py::test_invalid_session_get[11] PASSED           [ 87%]
test_massive_scenarios.py::test_invalid_session_get[12] PASSED           [ 87%]
test_massive_scenarios.py::test_invalid_session_get[13] PASSED           [ 87%]
test_massive_scenarios.py::test_invalid_session_get[14] PASSED           [ 87%]
test_massive_scenarios.py::test_invalid_session_get[15] PASSED           [ 87%]
test_massive_scenarios.py::test_invalid_session_get[16] PASSED           [ 87%]
test_massive_scenarios.py::test_invalid_session_get[17] PASSED           [ 87%]
test_massive_scenarios.py::test_invalid_session_get[18] PASSED           [ 87%]
test_massive_scenarios.py::test_invalid_session_get[19] PASSED           [ 87%]
test_massive_scenarios.py::test_invalid_session_get[20] PASSED           [ 87%]
test_massive_scenarios.py::test_invalid_session_get[21] PASSED           [ 87%]
test_massive_scenarios.py::test_invalid_session_get[22] PASSED           [ 87%]
test_massive_scenarios.py::test_invalid_session_get[23] PASSED           [ 87%]
test_massive_scenarios.py::test_invalid_session_get[24] PASSED           [ 87%]
test_massive_scenarios.py::test_invalid_session_get[25] PASSED           [ 87%]
test_massive_scenarios.py::test_invalid_session_get[26] PASSED           [ 88%]
test_massive_scenarios.py::test_invalid_session_get[27] PASSED           [ 88%]
test_massive_scenarios.py::test_invalid_session_get[28] PASSED           [ 88%]
test_massive_scenarios.py::test_invalid_session_get[29] PASSED           [ 88%]
test_massive_scenarios.py::test_invalid_session_get[30] PASSED           [ 88%]
test_massive_scenarios.py::test_invalid_session_get[31] PASSED           [ 88%]
test_massive_scenarios.py::test_invalid_session_get[32] PASSED           [ 88%]
test_massive_scenarios.py::test_invalid_session_get[33] PASSED           [ 88%]
test_massive_scenarios.py::test_invalid_session_get[34] PASSED           [ 88%]
test_massive_scenarios.py::test_invalid_session_get[35] PASSED           [ 88%]
test_massive_scenarios.py::test_invalid_session_get[36] PASSED           [ 88%]
test_massive_scenarios.py::test_invalid_session_get[37] PASSED           [ 88%]
test_massive_scenarios.py::test_invalid_session_get[38] PASSED           [ 88%]
test_massive_scenarios.py::test_invalid_session_get[39] PASSED           [ 88%]
test_massive_scenarios.py::test_invalid_session_get[40] PASSED           [ 88%]
test_massive_scenarios.py::test_invalid_session_get[41] PASSED           [ 88%]
test_massive_scenarios.py::test_invalid_session_get[42] PASSED           [ 88%]
test_massive_scenarios.py::test_invalid_session_get[43] PASSED           [ 88%]
test_massive_scenarios.py::test_invalid_session_get[44] PASSED           [ 88%]
test_massive_scenarios.py::test_invalid_session_get[45] PASSED           [ 88%]
test_massive_scenarios.py::test_invalid_session_get[46] PASSED           [ 88%]
test_massive_scenarios.py::test_invalid_session_get[47] PASSED           [ 88%]
test_massive_scenarios.py::test_invalid_session_get[48] PASSED           [ 88%]
test_massive_scenarios.py::test_invalid_session_get[49] PASSED           [ 88%]
test_massive_scenarios.py::test_invalid_session_get[50] PASSED           [ 88%]
test_massive_scenarios.py::test_invalid_session_get[51] PASSED           [ 88%]
test_massive_scenarios.py::test_invalid_session_get[52] PASSED           [ 88%]
test_massive_scenarios.py::test_invalid_session_get[53] PASSED           [ 88%]
test_massive_scenarios.py::test_invalid_session_get[54] PASSED           [ 88%]
test_massive_scenarios.py::test_invalid_session_get[55] PASSED           [ 88%]
test_massive_scenarios.py::test_invalid_session_get[56] PASSED           [ 88%]
test_massive_scenarios.py::test_invalid_session_get[57] PASSED           [ 88%]
test_massive_scenarios.py::test_invalid_session_get[58] PASSED           [ 88%]
test_massive_scenarios.py::test_invalid_session_get[59] PASSED           [ 88%]
test_massive_scenarios.py::test_invalid_session_get[60] PASSED           [ 88%]
test_massive_scenarios.py::test_invalid_session_get[61] PASSED           [ 88%]
test_massive_scenarios.py::test_invalid_session_get[62] PASSED           [ 88%]
test_massive_scenarios.py::test_invalid_session_get[63] PASSED           [ 88%]
test_massive_scenarios.py::test_invalid_session_get[64] PASSED           [ 88%]
test_massive_scenarios.py::test_invalid_session_get[65] PASSED           [ 88%]
test_massive_scenarios.py::test_invalid_session_get[66] PASSED           [ 88%]
test_massive_scenarios.py::test_invalid_session_get[67] PASSED           [ 88%]
test_massive_scenarios.py::test_invalid_session_get[68] PASSED           [ 88%]
test_massive_scenarios.py::test_invalid_session_get[69] PASSED           [ 88%]
test_massive_scenarios.py::test_invalid_session_get[70] PASSED           [ 88%]
test_massive_scenarios.py::test_invalid_session_get[71] PASSED           [ 88%]
test_massive_scenarios.py::test_invalid_session_get[72] PASSED           [ 88%]
test_massive_scenarios.py::test_invalid_session_get[73] PASSED           [ 88%]
test_massive_scenarios.py::test_invalid_session_get[74] PASSED           [ 88%]
test_massive_scenarios.py::test_invalid_session_get[75] PASSED           [ 88%]
test_massive_scenarios.py::test_invalid_session_get[76] PASSED           [ 88%]
test_massive_scenarios.py::test_invalid_session_get[77] PASSED           [ 88%]
test_massive_scenarios.py::test_invalid_session_get[78] PASSED           [ 88%]
test_massive_scenarios.py::test_invalid_session_get[79] PASSED           [ 88%]
test_massive_scenarios.py::test_invalid_session_get[80] PASSED           [ 88%]
test_massive_scenarios.py::test_invalid_session_get[81] PASSED           [ 88%]
test_massive_scenarios.py::test_invalid_session_get[82] PASSED           [ 88%]
test_massive_scenarios.py::test_invalid_session_get[83] PASSED           [ 88%]
test_massive_scenarios.py::test_invalid_session_get[84] PASSED           [ 88%]
test_massive_scenarios.py::test_invalid_session_get[85] PASSED           [ 88%]
test_massive_scenarios.py::test_invalid_session_get[86] PASSED           [ 88%]
test_massive_scenarios.py::test_invalid_session_get[87] PASSED           [ 88%]
test_massive_scenarios.py::test_invalid_session_get[88] PASSED           [ 88%]
test_massive_scenarios.py::test_invalid_session_get[89] PASSED           [ 88%]
test_massive_scenarios.py::test_invalid_session_get[90] PASSED           [ 88%]
test_massive_scenarios.py::test_invalid_session_get[91] PASSED           [ 89%]
test_massive_scenarios.py::test_invalid_session_get[92] PASSED           [ 89%]
test_massive_scenarios.py::test_invalid_session_get[93] PASSED           [ 89%]
test_massive_scenarios.py::test_invalid_session_get[94] PASSED           [ 89%]
test_massive_scenarios.py::test_invalid_session_get[95] PASSED           [ 89%]
test_massive_scenarios.py::test_invalid_session_get[96] PASSED           [ 89%]
test_massive_scenarios.py::test_invalid_session_get[97] PASSED           [ 89%]
test_massive_scenarios.py::test_invalid_session_get[98] PASSED           [ 89%]
test_massive_scenarios.py::test_invalid_session_get[99] PASSED           [ 89%]
test_massive_scenarios.py::test_invalid_session_get[100] PASSED          [ 89%]
test_massive_scenarios.py::test_invalid_session_get[101] PASSED          [ 89%]
test_massive_scenarios.py::test_invalid_session_get[102] PASSED          [ 89%]
test_massive_scenarios.py::test_invalid_session_get[103] PASSED          [ 89%]
test_massive_scenarios.py::test_invalid_session_get[104] PASSED          [ 89%]
test_massive_scenarios.py::test_invalid_session_get[105] PASSED          [ 89%]
test_massive_scenarios.py::test_invalid_session_get[106] PASSED          [ 89%]
test_massive_scenarios.py::test_invalid_session_get[107] PASSED          [ 89%]
test_massive_scenarios.py::test_invalid_session_get[108] PASSED          [ 89%]
test_massive_scenarios.py::test_invalid_session_get[109] PASSED          [ 89%]
test_massive_scenarios.py::test_invalid_session_get[110] PASSED          [ 89%]
test_massive_scenarios.py::test_invalid_session_get[111] PASSED          [ 89%]
test_massive_scenarios.py::test_invalid_session_get[112] PASSED          [ 89%]
test_massive_scenarios.py::test_invalid_session_get[113] PASSED          [ 89%]
test_massive_scenarios.py::test_invalid_session_get[114] PASSED          [ 89%]
test_massive_scenarios.py::test_invalid_session_get[115] PASSED          [ 89%]
test_massive_scenarios.py::test_invalid_session_get[116] PASSED          [ 89%]
test_massive_scenarios.py::test_invalid_session_get[117] PASSED          [ 89%]
test_massive_scenarios.py::test_invalid_session_get[118] PASSED          [ 89%]
test_massive_scenarios.py::test_invalid_session_get[119] PASSED          [ 89%]
test_massive_scenarios.py::test_invalid_session_get[120] PASSED          [ 89%]
test_massive_scenarios.py::test_invalid_session_get[121] PASSED          [ 89%]
test_massive_scenarios.py::test_invalid_session_get[122] PASSED          [ 89%]
test_massive_scenarios.py::test_invalid_session_get[123] PASSED          [ 89%]
test_massive_scenarios.py::test_invalid_session_get[124] PASSED          [ 89%]
test_massive_scenarios.py::test_invalid_session_get[125] PASSED          [ 89%]
test_massive_scenarios.py::test_invalid_session_get[126] PASSED          [ 89%]
test_massive_scenarios.py::test_invalid_session_get[127] PASSED          [ 89%]
test_massive_scenarios.py::test_invalid_session_get[128] PASSED          [ 89%]
test_massive_scenarios.py::test_invalid_session_get[129] PASSED          [ 89%]
test_massive_scenarios.py::test_invalid_session_get[130] PASSED          [ 89%]
test_massive_scenarios.py::test_invalid_session_get[131] PASSED          [ 89%]
test_massive_scenarios.py::test_invalid_session_get[132] PASSED          [ 89%]
test_massive_scenarios.py::test_invalid_session_get[133] PASSED          [ 89%]
test_massive_scenarios.py::test_invalid_session_get[134] PASSED          [ 89%]
test_massive_scenarios.py::test_invalid_session_get[135] PASSED          [ 89%]
test_massive_scenarios.py::test_invalid_session_get[136] PASSED          [ 89%]
test_massive_scenarios.py::test_invalid_session_get[137] PASSED          [ 89%]
test_massive_scenarios.py::test_invalid_session_get[138] PASSED          [ 89%]
test_massive_scenarios.py::test_invalid_session_get[139] PASSED          [ 89%]
test_massive_scenarios.py::test_invalid_session_get[140] PASSED          [ 89%]
test_massive_scenarios.py::test_invalid_session_get[141] PASSED          [ 89%]
test_massive_scenarios.py::test_invalid_session_get[142] PASSED          [ 89%]
test_massive_scenarios.py::test_invalid_session_get[143] PASSED          [ 89%]
test_massive_scenarios.py::test_invalid_session_get[144] PASSED          [ 89%]
test_massive_scenarios.py::test_invalid_session_get[145] PASSED          [ 89%]
test_massive_scenarios.py::test_invalid_session_get[146] PASSED          [ 89%]
test_massive_scenarios.py::test_invalid_session_get[147] PASSED          [ 89%]
test_massive_scenarios.py::test_invalid_session_get[148] PASSED          [ 89%]
test_massive_scenarios.py::test_invalid_session_get[149] PASSED          [ 89%]
test_massive_scenarios.py::test_invalid_session_get[150] PASSED          [ 89%]
test_massive_scenarios.py::test_invalid_session_get[151] PASSED          [ 89%]
test_massive_scenarios.py::test_invalid_session_get[152] PASSED          [ 89%]
test_massive_scenarios.py::test_invalid_session_get[153] PASSED          [ 89%]
test_massive_scenarios.py::test_invalid_session_get[154] PASSED          [ 89%]
test_massive_scenarios.py::test_invalid_session_get[155] PASSED          [ 89%]
test_massive_scenarios.py::test_invalid_session_get[156] PASSED          [ 90%]
test_massive_scenarios.py::test_invalid_session_get[157] PASSED          [ 90%]
test_massive_scenarios.py::test_invalid_session_get[158] PASSED          [ 90%]
test_massive_scenarios.py::test_invalid_session_get[159] PASSED          [ 90%]
test_massive_scenarios.py::test_invalid_session_get[160] PASSED          [ 90%]
test_massive_scenarios.py::test_invalid_session_get[161] PASSED          [ 90%]
test_massive_scenarios.py::test_invalid_session_get[162] PASSED          [ 90%]
test_massive_scenarios.py::test_invalid_session_get[163] PASSED          [ 90%]
test_massive_scenarios.py::test_invalid_session_get[164] PASSED          [ 90%]
test_massive_scenarios.py::test_invalid_session_get[165] PASSED          [ 90%]
test_massive_scenarios.py::test_invalid_session_get[166] PASSED          [ 90%]
test_massive_scenarios.py::test_invalid_session_get[167] PASSED          [ 90%]
test_massive_scenarios.py::test_invalid_session_get[168] PASSED          [ 90%]
test_massive_scenarios.py::test_invalid_session_get[169] PASSED          [ 90%]
test_massive_scenarios.py::test_invalid_session_get[170] PASSED          [ 90%]
test_massive_scenarios.py::test_invalid_session_get[171] PASSED          [ 90%]
test_massive_scenarios.py::test_invalid_session_get[172] PASSED          [ 90%]
test_massive_scenarios.py::test_invalid_session_get[173] PASSED          [ 90%]
test_massive_scenarios.py::test_invalid_session_get[174] PASSED          [ 90%]
test_massive_scenarios.py::test_invalid_session_get[175] PASSED          [ 90%]
test_massive_scenarios.py::test_invalid_session_get[176] PASSED          [ 90%]
test_massive_scenarios.py::test_invalid_session_get[177] PASSED          [ 90%]
test_massive_scenarios.py::test_invalid_session_get[178] PASSED          [ 90%]
test_massive_scenarios.py::test_invalid_session_get[179] PASSED          [ 90%]
test_massive_scenarios.py::test_invalid_session_get[180] PASSED          [ 90%]
test_massive_scenarios.py::test_invalid_session_get[181] PASSED          [ 90%]
test_massive_scenarios.py::test_invalid_session_get[182] PASSED          [ 90%]
test_massive_scenarios.py::test_invalid_session_get[183] PASSED          [ 90%]
test_massive_scenarios.py::test_invalid_session_get[184] PASSED          [ 90%]
test_massive_scenarios.py::test_invalid_session_get[185] PASSED          [ 90%]
test_massive_scenarios.py::test_invalid_session_get[186] PASSED          [ 90%]
test_massive_scenarios.py::test_invalid_session_get[187] PASSED          [ 90%]
test_massive_scenarios.py::test_invalid_session_get[188] PASSED          [ 90%]
test_massive_scenarios.py::test_invalid_session_get[189] PASSED          [ 90%]
test_massive_scenarios.py::test_invalid_session_get[190] PASSED          [ 90%]
test_massive_scenarios.py::test_invalid_session_get[191] PASSED          [ 90%]
test_massive_scenarios.py::test_invalid_session_get[192] PASSED          [ 90%]
test_massive_scenarios.py::test_invalid_session_get[193] PASSED          [ 90%]
test_massive_scenarios.py::test_invalid_session_get[194] PASSED          [ 90%]
test_massive_scenarios.py::test_invalid_session_get[195] PASSED          [ 90%]
test_massive_scenarios.py::test_invalid_session_get[196] PASSED          [ 90%]
test_massive_scenarios.py::test_invalid_session_get[197] PASSED          [ 90%]
test_massive_scenarios.py::test_invalid_session_get[198] PASSED          [ 90%]
test_massive_scenarios.py::test_invalid_session_get[199] PASSED          [ 90%]
test_massive_scenarios.py::test_invalid_session_get[200] PASSED          [ 90%]
test_massive_scenarios.py::test_invalid_session_get[201] PASSED          [ 90%]
test_massive_scenarios.py::test_invalid_session_get[202] PASSED          [ 90%]
test_massive_scenarios.py::test_invalid_session_get[203] PASSED          [ 90%]
test_massive_scenarios.py::test_invalid_session_get[204] PASSED          [ 90%]
test_massive_scenarios.py::test_invalid_session_get[205] PASSED          [ 90%]
test_massive_scenarios.py::test_invalid_session_get[206] PASSED          [ 90%]
test_massive_scenarios.py::test_invalid_session_get[207] PASSED          [ 90%]
test_massive_scenarios.py::test_invalid_session_get[208] PASSED          [ 90%]
test_massive_scenarios.py::test_invalid_session_get[209] PASSED          [ 90%]
test_massive_scenarios.py::test_invalid_session_get[210] PASSED          [ 90%]
test_massive_scenarios.py::test_invalid_session_get[211] PASSED          [ 90%]
test_massive_scenarios.py::test_invalid_session_get[212] PASSED          [ 90%]
test_massive_scenarios.py::test_invalid_session_get[213] PASSED          [ 90%]
test_massive_scenarios.py::test_invalid_session_get[214] PASSED          [ 90%]
test_massive_scenarios.py::test_invalid_session_get[215] PASSED          [ 90%]
test_massive_scenarios.py::test_invalid_session_get[216] PASSED          [ 90%]
test_massive_scenarios.py::test_invalid_session_get[217] PASSED          [ 90%]
test_massive_scenarios.py::test_invalid_session_get[218] PASSED          [ 90%]
test_massive_scenarios.py::test_invalid_session_get[219] PASSED          [ 90%]
test_massive_scenarios.py::test_invalid_session_get[220] PASSED          [ 90%]
test_massive_scenarios.py::test_invalid_session_get[221] PASSED          [ 90%]
test_massive_scenarios.py::test_invalid_session_get[222] PASSED          [ 91%]
test_massive_scenarios.py::test_invalid_session_get[223] PASSED          [ 91%]
test_massive_scenarios.py::test_invalid_session_get[224] PASSED          [ 91%]
test_massive_scenarios.py::test_invalid_session_get[225] PASSED          [ 91%]
test_massive_scenarios.py::test_invalid_session_get[226] PASSED          [ 91%]
test_massive_scenarios.py::test_invalid_session_get[227] PASSED          [ 91%]
test_massive_scenarios.py::test_invalid_session_get[228] PASSED          [ 91%]
test_massive_scenarios.py::test_invalid_session_get[229] PASSED          [ 91%]
test_massive_scenarios.py::test_invalid_session_get[230] PASSED          [ 91%]
test_massive_scenarios.py::test_invalid_session_get[231] PASSED          [ 91%]
test_massive_scenarios.py::test_invalid_session_get[232] PASSED          [ 91%]
test_massive_scenarios.py::test_invalid_session_get[233] PASSED          [ 91%]
test_massive_scenarios.py::test_invalid_session_get[234] PASSED          [ 91%]
test_massive_scenarios.py::test_invalid_session_get[235] PASSED          [ 91%]
test_massive_scenarios.py::test_invalid_session_get[236] PASSED          [ 91%]
test_massive_scenarios.py::test_invalid_session_get[237] PASSED          [ 91%]
test_massive_scenarios.py::test_invalid_session_get[238] PASSED          [ 91%]
test_massive_scenarios.py::test_invalid_session_get[239] PASSED          [ 91%]
test_massive_scenarios.py::test_invalid_session_get[240] PASSED          [ 91%]
test_massive_scenarios.py::test_invalid_session_get[241] PASSED          [ 91%]
test_massive_scenarios.py::test_invalid_session_get[242] PASSED          [ 91%]
test_massive_scenarios.py::test_invalid_session_get[243] PASSED          [ 91%]
test_massive_scenarios.py::test_invalid_session_get[244] PASSED          [ 91%]
test_massive_scenarios.py::test_invalid_session_get[245] PASSED          [ 91%]
test_massive_scenarios.py::test_invalid_session_get[246] PASSED          [ 91%]
test_massive_scenarios.py::test_invalid_session_get[247] PASSED          [ 91%]
test_massive_scenarios.py::test_invalid_session_get[248] PASSED          [ 91%]
test_massive_scenarios.py::test_invalid_session_get[249] PASSED          [ 91%]
test_massive_scenarios.py::test_invalid_session_get[250] PASSED          [ 91%]
test_massive_scenarios.py::test_invalid_session_get[251] PASSED          [ 91%]
test_massive_scenarios.py::test_invalid_session_get[252] PASSED          [ 91%]
test_massive_scenarios.py::test_invalid_session_get[253] PASSED          [ 91%]
test_massive_scenarios.py::test_invalid_session_get[254] PASSED          [ 91%]
test_massive_scenarios.py::test_invalid_session_get[255] PASSED          [ 91%]
test_massive_scenarios.py::test_invalid_session_get[256] PASSED          [ 91%]
test_massive_scenarios.py::test_invalid_session_get[257] PASSED          [ 91%]
test_massive_scenarios.py::test_invalid_session_get[258] PASSED          [ 91%]
test_massive_scenarios.py::test_invalid_session_get[259] PASSED          [ 91%]
test_massive_scenarios.py::test_invalid_session_get[260] PASSED          [ 91%]
test_massive_scenarios.py::test_invalid_session_get[261] PASSED          [ 91%]
test_massive_scenarios.py::test_invalid_session_get[262] PASSED          [ 91%]
test_massive_scenarios.py::test_invalid_session_get[263] PASSED          [ 91%]
test_massive_scenarios.py::test_invalid_session_get[264] PASSED          [ 91%]
test_massive_scenarios.py::test_invalid_session_get[265] PASSED          [ 91%]
test_massive_scenarios.py::test_invalid_session_get[266] PASSED          [ 91%]
test_massive_scenarios.py::test_invalid_session_get[267] PASSED          [ 91%]
test_massive_scenarios.py::test_invalid_session_get[268] PASSED          [ 91%]
test_massive_scenarios.py::test_invalid_session_get[269] PASSED          [ 91%]
test_massive_scenarios.py::test_invalid_session_get[270] PASSED          [ 91%]
test_massive_scenarios.py::test_invalid_session_get[271] PASSED          [ 91%]
test_massive_scenarios.py::test_invalid_session_get[272] PASSED          [ 91%]
test_massive_scenarios.py::test_invalid_session_get[273] PASSED          [ 91%]
test_massive_scenarios.py::test_invalid_session_get[274] PASSED          [ 91%]
test_massive_scenarios.py::test_invalid_session_get[275] PASSED          [ 91%]
test_massive_scenarios.py::test_invalid_session_get[276] PASSED          [ 91%]
test_massive_scenarios.py::test_invalid_session_get[277] PASSED          [ 91%]
test_massive_scenarios.py::test_invalid_session_get[278] PASSED          [ 91%]
test_massive_scenarios.py::test_invalid_session_get[279] PASSED          [ 91%]
test_massive_scenarios.py::test_invalid_session_get[280] PASSED          [ 91%]
test_massive_scenarios.py::test_invalid_session_get[281] PASSED          [ 91%]
test_massive_scenarios.py::test_invalid_session_get[282] PASSED          [ 91%]
test_massive_scenarios.py::test_invalid_session_get[283] PASSED          [ 91%]
test_massive_scenarios.py::test_invalid_session_get[284] PASSED          [ 91%]
test_massive_scenarios.py::test_invalid_session_get[285] PASSED          [ 91%]
test_massive_scenarios.py::test_invalid_session_get[286] PASSED          [ 91%]
test_massive_scenarios.py::test_invalid_session_get[287] PASSED          [ 92%]
test_massive_scenarios.py::test_invalid_session_get[288] PASSED          [ 92%]
test_massive_scenarios.py::test_invalid_session_get[289] PASSED          [ 92%]
test_massive_scenarios.py::test_invalid_session_get[290] PASSED          [ 92%]
test_massive_scenarios.py::test_invalid_session_get[291] PASSED          [ 92%]
test_massive_scenarios.py::test_invalid_session_get[292] PASSED          [ 92%]
test_massive_scenarios.py::test_invalid_session_get[293] PASSED          [ 92%]
test_massive_scenarios.py::test_invalid_session_get[294] PASSED          [ 92%]
test_massive_scenarios.py::test_invalid_session_get[295] PASSED          [ 92%]
test_massive_scenarios.py::test_invalid_session_get[296] PASSED          [ 92%]
test_massive_scenarios.py::test_invalid_session_get[297] PASSED          [ 92%]
test_massive_scenarios.py::test_invalid_session_get[298] PASSED          [ 92%]
test_massive_scenarios.py::test_invalid_session_get[299] PASSED          [ 92%]
test_massive_scenarios.py::test_invalid_session_get[300] PASSED          [ 92%]
test_massive_scenarios.py::test_invalid_session_get[301] PASSED          [ 92%]
test_massive_scenarios.py::test_invalid_session_get[302] PASSED          [ 92%]
test_massive_scenarios.py::test_invalid_session_get[303] PASSED          [ 92%]
test_massive_scenarios.py::test_invalid_session_get[304] PASSED          [ 92%]
test_massive_scenarios.py::test_invalid_session_get[305] PASSED          [ 92%]
test_massive_scenarios.py::test_invalid_session_get[306] PASSED          [ 92%]
test_massive_scenarios.py::test_invalid_session_get[307] PASSED          [ 92%]
test_massive_scenarios.py::test_invalid_session_get[308] PASSED          [ 92%]
test_massive_scenarios.py::test_invalid_session_get[309] PASSED          [ 92%]
test_massive_scenarios.py::test_invalid_session_get[310] PASSED          [ 92%]
test_massive_scenarios.py::test_invalid_session_get[311] PASSED          [ 92%]
test_massive_scenarios.py::test_invalid_session_get[312] PASSED          [ 92%]
test_massive_scenarios.py::test_invalid_session_get[313] PASSED          [ 92%]
test_massive_scenarios.py::test_invalid_session_get[314] PASSED          [ 92%]
test_massive_scenarios.py::test_invalid_session_get[315] PASSED          [ 92%]
test_massive_scenarios.py::test_invalid_session_get[316] PASSED          [ 92%]
test_massive_scenarios.py::test_invalid_session_get[317] PASSED          [ 92%]
test_massive_scenarios.py::test_invalid_session_get[318] PASSED          [ 92%]
test_massive_scenarios.py::test_invalid_session_get[319] PASSED          [ 92%]
test_massive_scenarios.py::test_invalid_session_get[320] PASSED          [ 92%]
test_massive_scenarios.py::test_invalid_session_get[321] PASSED          [ 92%]
test_massive_scenarios.py::test_invalid_session_get[322] PASSED          [ 92%]
test_massive_scenarios.py::test_invalid_session_get[323] PASSED          [ 92%]
test_massive_scenarios.py::test_invalid_session_get[324] PASSED          [ 92%]
test_massive_scenarios.py::test_invalid_session_get[325] PASSED          [ 92%]
test_massive_scenarios.py::test_invalid_session_get[326] PASSED          [ 92%]
test_massive_scenarios.py::test_invalid_session_get[327] PASSED          [ 92%]
test_massive_scenarios.py::test_invalid_session_get[328] PASSED          [ 92%]
test_massive_scenarios.py::test_invalid_session_get[329] PASSED          [ 92%]
test_massive_scenarios.py::test_invalid_session_get[330] PASSED          [ 92%]
test_massive_scenarios.py::test_invalid_session_get[331] PASSED          [ 92%]
test_massive_scenarios.py::test_invalid_session_get[332] PASSED          [ 92%]
test_massive_scenarios.py::test_invalid_session_get[333] PASSED          [ 92%]
test_massive_scenarios.py::test_invalid_session_get[334] PASSED          [ 92%]
test_massive_scenarios.py::test_invalid_session_get[335] PASSED          [ 92%]
test_massive_scenarios.py::test_invalid_session_get[336] PASSED          [ 92%]
test_massive_scenarios.py::test_invalid_session_get[337] PASSED          [ 92%]
test_massive_scenarios.py::test_invalid_session_get[338] PASSED          [ 92%]
test_massive_scenarios.py::test_invalid_session_get[339] PASSED          [ 92%]
test_massive_scenarios.py::test_invalid_session_get[340] PASSED          [ 92%]
test_massive_scenarios.py::test_invalid_session_get[341] PASSED          [ 92%]
test_massive_scenarios.py::test_invalid_session_get[342] PASSED          [ 92%]
test_massive_scenarios.py::test_invalid_session_get[343] PASSED          [ 92%]
test_massive_scenarios.py::test_invalid_session_get[344] PASSED          [ 92%]
test_massive_scenarios.py::test_invalid_session_get[345] PASSED          [ 92%]
test_massive_scenarios.py::test_invalid_session_get[346] PASSED          [ 92%]
test_massive_scenarios.py::test_invalid_session_get[347] PASSED          [ 92%]
test_massive_scenarios.py::test_invalid_session_get[348] PASSED          [ 92%]
test_massive_scenarios.py::test_invalid_session_get[349] PASSED          [ 92%]
test_massive_scenarios.py::test_invalid_session_get[350] PASSED          [ 92%]
test_massive_scenarios.py::test_invalid_session_get[351] PASSED          [ 92%]
test_massive_scenarios.py::test_invalid_session_get[352] PASSED          [ 92%]
test_massive_scenarios.py::test_invalid_session_get[353] PASSED          [ 93%]
test_massive_scenarios.py::test_invalid_session_get[354] PASSED          [ 93%]
test_massive_scenarios.py::test_invalid_session_get[355] PASSED          [ 93%]
test_massive_scenarios.py::test_invalid_session_get[356] PASSED          [ 93%]
test_massive_scenarios.py::test_invalid_session_get[357] PASSED          [ 93%]
test_massive_scenarios.py::test_invalid_session_get[358] PASSED          [ 93%]
test_massive_scenarios.py::test_invalid_session_get[359] PASSED          [ 93%]
test_massive_scenarios.py::test_invalid_session_get[360] PASSED          [ 93%]
test_massive_scenarios.py::test_invalid_session_get[361] PASSED          [ 93%]
test_massive_scenarios.py::test_invalid_session_get[362] PASSED          [ 93%]
test_massive_scenarios.py::test_invalid_session_get[363] PASSED          [ 93%]
test_massive_scenarios.py::test_invalid_session_get[364] PASSED          [ 93%]
test_massive_scenarios.py::test_invalid_session_get[365] PASSED          [ 93%]
test_massive_scenarios.py::test_invalid_session_get[366] PASSED          [ 93%]
test_massive_scenarios.py::test_invalid_session_get[367] PASSED          [ 93%]
test_massive_scenarios.py::test_invalid_session_get[368] PASSED          [ 93%]
test_massive_scenarios.py::test_invalid_session_get[369] PASSED          [ 93%]
test_massive_scenarios.py::test_invalid_session_get[370] PASSED          [ 93%]
test_massive_scenarios.py::test_invalid_session_get[371] PASSED          [ 93%]
test_massive_scenarios.py::test_invalid_session_get[372] PASSED          [ 93%]
test_massive_scenarios.py::test_invalid_session_get[373] PASSED          [ 93%]
test_massive_scenarios.py::test_invalid_session_get[374] PASSED          [ 93%]
test_massive_scenarios.py::test_invalid_session_get[375] PASSED          [ 93%]
test_massive_scenarios.py::test_invalid_session_get[376] PASSED          [ 93%]
test_massive_scenarios.py::test_invalid_session_get[377] PASSED          [ 93%]
test_massive_scenarios.py::test_invalid_session_get[378] PASSED          [ 93%]
test_massive_scenarios.py::test_invalid_session_get[379] PASSED          [ 93%]
test_massive_scenarios.py::test_invalid_session_get[380] PASSED          [ 93%]
test_massive_scenarios.py::test_invalid_session_get[381] PASSED          [ 93%]
test_massive_scenarios.py::test_invalid_session_get[382] PASSED          [ 93%]
test_massive_scenarios.py::test_invalid_session_get[383] PASSED          [ 93%]
test_massive_scenarios.py::test_invalid_session_get[384] PASSED          [ 93%]
test_massive_scenarios.py::test_invalid_session_get[385] PASSED          [ 93%]
test_massive_scenarios.py::test_invalid_session_get[386] PASSED          [ 93%]
test_massive_scenarios.py::test_invalid_session_get[387] PASSED          [ 93%]
test_massive_scenarios.py::test_invalid_session_get[388] PASSED          [ 93%]
test_massive_scenarios.py::test_invalid_session_get[389] PASSED          [ 93%]
test_massive_scenarios.py::test_invalid_session_get[390] PASSED          [ 93%]
test_massive_scenarios.py::test_invalid_session_get[391] PASSED          [ 93%]
test_massive_scenarios.py::test_invalid_session_get[392] PASSED          [ 93%]
test_massive_scenarios.py::test_invalid_session_get[393] PASSED          [ 93%]
test_massive_scenarios.py::test_invalid_session_get[394] PASSED          [ 93%]
test_massive_scenarios.py::test_invalid_session_get[395] PASSED          [ 93%]
test_massive_scenarios.py::test_invalid_session_get[396] PASSED          [ 93%]
test_massive_scenarios.py::test_invalid_session_get[397] PASSED          [ 93%]
test_massive_scenarios.py::test_invalid_session_get[398] PASSED          [ 93%]
test_massive_scenarios.py::test_invalid_session_get[399] PASSED          [ 93%]
test_massive_scenarios.py::test_invalid_session_get[400] PASSED          [ 93%]
test_massive_scenarios.py::test_invalid_session_get[401] PASSED          [ 93%]
test_massive_scenarios.py::test_invalid_session_get[402] PASSED          [ 93%]
test_massive_scenarios.py::test_invalid_session_get[403] PASSED          [ 93%]
test_massive_scenarios.py::test_invalid_session_get[404] PASSED          [ 93%]
test_massive_scenarios.py::test_invalid_session_get[405] PASSED          [ 93%]
test_massive_scenarios.py::test_invalid_session_get[406] PASSED          [ 93%]
test_massive_scenarios.py::test_invalid_session_get[407] PASSED          [ 93%]
test_massive_scenarios.py::test_invalid_session_get[408] PASSED          [ 93%]
test_massive_scenarios.py::test_invalid_session_get[409] PASSED          [ 93%]
test_massive_scenarios.py::test_invalid_session_get[410] PASSED          [ 93%]
test_massive_scenarios.py::test_invalid_session_get[411] PASSED          [ 93%]
test_massive_scenarios.py::test_invalid_session_get[412] PASSED          [ 93%]
test_massive_scenarios.py::test_invalid_session_get[413] PASSED          [ 93%]
test_massive_scenarios.py::test_invalid_session_get[414] PASSED          [ 93%]
test_massive_scenarios.py::test_invalid_session_get[415] PASSED          [ 93%]
test_massive_scenarios.py::test_invalid_session_get[416] PASSED          [ 93%]
test_massive_scenarios.py::test_invalid_session_get[417] PASSED          [ 93%]
test_massive_scenarios.py::test_invalid_session_get[418] PASSED          [ 94%]
test_massive_scenarios.py::test_invalid_session_get[419] PASSED          [ 94%]
test_massive_scenarios.py::test_invalid_session_get[420] PASSED          [ 94%]
test_massive_scenarios.py::test_invalid_session_get[421] PASSED          [ 94%]
test_massive_scenarios.py::test_invalid_session_get[422] PASSED          [ 94%]
test_massive_scenarios.py::test_invalid_session_get[423] PASSED          [ 94%]
test_massive_scenarios.py::test_invalid_session_get[424] PASSED          [ 94%]
test_massive_scenarios.py::test_invalid_session_get[425] PASSED          [ 94%]
test_massive_scenarios.py::test_invalid_session_get[426] PASSED          [ 94%]
test_massive_scenarios.py::test_invalid_session_get[427] PASSED          [ 94%]
test_massive_scenarios.py::test_invalid_session_get[428] PASSED          [ 94%]
test_massive_scenarios.py::test_invalid_session_get[429] PASSED          [ 94%]
test_massive_scenarios.py::test_invalid_session_get[430] PASSED          [ 94%]
test_massive_scenarios.py::test_invalid_session_get[431] PASSED          [ 94%]
test_massive_scenarios.py::test_invalid_session_get[432] PASSED          [ 94%]
test_massive_scenarios.py::test_invalid_session_get[433] PASSED          [ 94%]
test_massive_scenarios.py::test_invalid_session_get[434] PASSED          [ 94%]
test_massive_scenarios.py::test_invalid_session_get[435] PASSED          [ 94%]
test_massive_scenarios.py::test_invalid_session_get[436] PASSED          [ 94%]
test_massive_scenarios.py::test_invalid_session_get[437] PASSED          [ 94%]
test_massive_scenarios.py::test_invalid_session_get[438] PASSED          [ 94%]
test_massive_scenarios.py::test_invalid_session_get[439] PASSED          [ 94%]
test_massive_scenarios.py::test_invalid_session_get[440] PASSED          [ 94%]
test_massive_scenarios.py::test_invalid_session_get[441] PASSED          [ 94%]
test_massive_scenarios.py::test_invalid_session_get[442] PASSED          [ 94%]
test_massive_scenarios.py::test_invalid_session_get[443] PASSED          [ 94%]
test_massive_scenarios.py::test_invalid_session_get[444] PASSED          [ 94%]
test_massive_scenarios.py::test_invalid_session_get[445] PASSED          [ 94%]
test_massive_scenarios.py::test_invalid_session_get[446] PASSED          [ 94%]
test_massive_scenarios.py::test_invalid_session_get[447] PASSED          [ 94%]
test_massive_scenarios.py::test_invalid_session_get[448] PASSED          [ 94%]
test_massive_scenarios.py::test_invalid_session_get[449] PASSED          [ 94%]
test_massive_scenarios.py::test_invalid_session_get[450] PASSED          [ 94%]
test_massive_scenarios.py::test_invalid_session_get[451] PASSED          [ 94%]
test_massive_scenarios.py::test_invalid_session_get[452] PASSED          [ 94%]
test_massive_scenarios.py::test_invalid_session_get[453] PASSED          [ 94%]
test_massive_scenarios.py::test_invalid_session_get[454] PASSED          [ 94%]
test_massive_scenarios.py::test_invalid_session_get[455] PASSED          [ 94%]
test_massive_scenarios.py::test_invalid_session_get[456] PASSED          [ 94%]
test_massive_scenarios.py::test_invalid_session_get[457] PASSED          [ 94%]
test_massive_scenarios.py::test_invalid_session_get[458] PASSED          [ 94%]
test_massive_scenarios.py::test_invalid_session_get[459] PASSED          [ 94%]
test_massive_scenarios.py::test_invalid_session_get[460] PASSED          [ 94%]
test_massive_scenarios.py::test_invalid_session_get[461] PASSED          [ 94%]
test_massive_scenarios.py::test_invalid_session_get[462] PASSED          [ 94%]
test_massive_scenarios.py::test_invalid_session_get[463] PASSED          [ 94%]
test_massive_scenarios.py::test_invalid_session_get[464] PASSED          [ 94%]
test_massive_scenarios.py::test_invalid_session_get[465] PASSED          [ 94%]
test_massive_scenarios.py::test_invalid_session_get[466] PASSED          [ 94%]
test_massive_scenarios.py::test_invalid_session_get[467] PASSED          [ 94%]
test_massive_scenarios.py::test_invalid_session_get[468] PASSED          [ 94%]
test_massive_scenarios.py::test_invalid_session_get[469] PASSED          [ 94%]
test_massive_scenarios.py::test_invalid_session_get[470] PASSED          [ 94%]
test_massive_scenarios.py::test_invalid_session_get[471] PASSED          [ 94%]
test_massive_scenarios.py::test_invalid_session_get[472] PASSED          [ 94%]
test_massive_scenarios.py::test_invalid_session_get[473] PASSED          [ 94%]
test_massive_scenarios.py::test_invalid_session_get[474] PASSED          [ 94%]
test_massive_scenarios.py::test_invalid_session_get[475] PASSED          [ 94%]
test_massive_scenarios.py::test_invalid_session_get[476] PASSED          [ 94%]
test_massive_scenarios.py::test_invalid_session_get[477] PASSED          [ 94%]
test_massive_scenarios.py::test_invalid_session_get[478] PASSED          [ 94%]
test_massive_scenarios.py::test_invalid_session_get[479] PASSED          [ 94%]
test_massive_scenarios.py::test_invalid_session_get[480] PASSED          [ 94%]
test_massive_scenarios.py::test_invalid_session_get[481] PASSED          [ 94%]
test_massive_scenarios.py::test_invalid_session_get[482] PASSED          [ 94%]
test_massive_scenarios.py::test_invalid_session_get[483] PASSED          [ 95%]
test_massive_scenarios.py::test_invalid_session_get[484] PASSED          [ 95%]
test_massive_scenarios.py::test_invalid_session_get[485] PASSED          [ 95%]
test_massive_scenarios.py::test_invalid_session_get[486] PASSED          [ 95%]
test_massive_scenarios.py::test_invalid_session_get[487] PASSED          [ 95%]
test_massive_scenarios.py::test_invalid_session_get[488] PASSED          [ 95%]
test_massive_scenarios.py::test_invalid_session_get[489] PASSED          [ 95%]
test_massive_scenarios.py::test_invalid_session_get[490] PASSED          [ 95%]
test_massive_scenarios.py::test_invalid_session_get[491] PASSED          [ 95%]
test_massive_scenarios.py::test_invalid_session_get[492] PASSED          [ 95%]
test_massive_scenarios.py::test_invalid_session_get[493] PASSED          [ 95%]
test_massive_scenarios.py::test_invalid_session_get[494] PASSED          [ 95%]
test_massive_scenarios.py::test_invalid_session_get[495] PASSED          [ 95%]
test_massive_scenarios.py::test_invalid_session_get[496] PASSED          [ 95%]
test_massive_scenarios.py::test_invalid_session_get[497] PASSED          [ 95%]
test_massive_scenarios.py::test_invalid_session_get[498] PASSED          [ 95%]
test_massive_scenarios.py::test_invalid_session_get[499] PASSED          [ 95%]
test_massive_scenarios.py::test_massive_save_answer[0_0] PASSED          [ 95%]
test_massive_scenarios.py::test_massive_save_answer[5_0] PASSED          [ 95%]
test_massive_scenarios.py::test_massive_save_answer[10_0] PASSED         [ 95%]
test_massive_scenarios.py::test_massive_save_answer[15_0] PASSED         [ 95%]
test_massive_scenarios.py::test_massive_save_answer[20_0] PASSED         [ 95%]
test_massive_scenarios.py::test_massive_save_answer[25_0] PASSED         [ 95%]
test_massive_scenarios.py::test_massive_save_answer[30_0] PASSED         [ 95%]
test_massive_scenarios.py::test_massive_save_answer[35_0] PASSED         [ 95%]
test_massive_scenarios.py::test_massive_save_answer[40_0] PASSED         [ 95%]
test_massive_scenarios.py::test_massive_save_answer[45_0] PASSED         [ 95%]
test_massive_scenarios.py::test_massive_save_answer[50_0] PASSED         [ 95%]
test_massive_scenarios.py::test_massive_save_answer[55_0] PASSED         [ 95%]
test_massive_scenarios.py::test_massive_save_answer[60_0] PASSED         [ 95%]
test_massive_scenarios.py::test_massive_save_answer[65_0] PASSED         [ 95%]
test_massive_scenarios.py::test_massive_save_answer[70_0] PASSED         [ 95%]
test_massive_scenarios.py::test_massive_save_answer[75_0] PASSED         [ 95%]
test_massive_scenarios.py::test_massive_save_answer[80_0] PASSED         [ 95%]
test_massive_scenarios.py::test_massive_save_answer[85_0] PASSED         [ 95%]
test_massive_scenarios.py::test_massive_save_answer[90_0] PASSED         [ 95%]
test_massive_scenarios.py::test_massive_save_answer[95_0] PASSED         [ 95%]
test_massive_scenarios.py::test_massive_save_answer[100_0] PASSED        [ 95%]
test_massive_scenarios.py::test_massive_save_answer[0_1] PASSED          [ 95%]
test_massive_scenarios.py::test_massive_save_answer[5_1] PASSED          [ 95%]
test_massive_scenarios.py::test_massive_save_answer[10_1] PASSED         [ 95%]
test_massive_scenarios.py::test_massive_save_answer[15_1] PASSED         [ 95%]
test_massive_scenarios.py::test_massive_save_answer[20_1] PASSED         [ 95%]
test_massive_scenarios.py::test_massive_save_answer[25_1] PASSED         [ 95%]
test_massive_scenarios.py::test_massive_save_answer[30_1] PASSED         [ 95%]
test_massive_scenarios.py::test_massive_save_answer[35_1] PASSED         [ 95%]
test_massive_scenarios.py::test_massive_save_answer[40_1] PASSED         [ 95%]
test_massive_scenarios.py::test_massive_save_answer[45_1] PASSED         [ 95%]
test_massive_scenarios.py::test_massive_save_answer[50_1] PASSED         [ 95%]
